46.146.210.91 - - [20/Dec/2022:08:34:36 +0500] "GET /ords/api.HTP_ASPVK_DATA?nPVK_ID=0&vST_DT=20.12.2022%2008:24:31&vEND_DT=20.12.2022%2008:34:31 HTTP/1.1" 503 12947
46.146.210.91 - - [20/Dec/2022:08:35:05 +0500] "GET /ords/api.HTP_ASPVK_DATA?nPVK_ID=0&vST_DT=20.12.2022%2008:25:01&vEND_DT=20.12.2022%2008:35:01 HTTP/1.1" 503 12947
194.226.162.30 - - [20/Dec/2022:08:35:08 +0500] "GET /ords/f?p=101:1:6002046056955:::::&tz=5:00 HTTP/1.1" 503 12947
178.46.184.35 - - [20/Dec/2022:08:35:11 +0500] "GET / HTTP/1.1" 302 -
178.46.184.35 - - [20/Dec/2022:08:35:14 +0500] "GET /ords/f?p=101:210 HTTP/1.1" 503 12947
46.146.210.91 - - [20/Dec/2022:08:35:35 +0500] "GET /ords/api.HTP_ASPVK_DATA?nPVK_ID=0&vST_DT=20.12.2022%2008:25:31&vEND_DT=20.12.2022%2008:35:31 HTTP/1.1" 503 12947
178.47.142.68 - - [20/Dec/2022:08:35:38 +0500] "GET /ords/f?p=101:1:22450310096597:::::&tz=5:00 HTTP/1.1" 503 12947
178.46.184.35 - - [20/Dec/2022:08:35:42 +0500] "GET /ords/f?p=101:210:0:&tz=3:00 HTTP/1.1" 503 12947
195.222.149.195 - - [20/Dec/2022:08:35:47 +0500] "GET /ords/api.HTP_ASPVK_DATA?nPVK_ID=0&vST_DT=20.12.2022%2006:27:31&vEND_DT=20.12.2022%2006:37:31 HTTP/1.1" 503 12947
46.146.210.91 - - [20/Dec/2022:08:36:05 +0500] "GET /ords/api.HTP_ASPVK_DATA?nPVK_ID=0&vST_DT=20.12.2022%2008:26:01&vEND_DT=20.12.2022%2008:36:01 HTTP/1.1" 503 12947
46.146.210.91 - - [20/Dec/2022:08:36:37 +0500] "GET /ords/api.HTP_ASPVK_DATA?nPVK_ID=0&vST_DT=20.12.2022%2008:26:31&vEND_DT=20.12.2022%2008:36:31 HTTP/1.1" 503 12947
46.146.210.91 - - [20/Dec/2022:08:37:05 +0500] "GET /ords/api.HTP_ASPVK_DATA?nPVK_ID=0&vST_DT=20.12.2022%2008:27:01&vEND_DT=20.12.2022%2008:37:01 HTTP/1.1" 503 12947
178.216.65.66 - - [20/Dec/2022:08:37:12 +0500] "GET /ords/f?p=137:38:10787237831551::NO::: HTTP/1.1" 503 12947
195.222.149.195 - - [20/Dec/2022:08:37:19 +0500] "GET /ords/api.HTP_ASPVK_DATA?nPVK_ID=0&vST_DT=20.12.2022%2006:29:02&vEND_DT=20.12.2022%2006:39:02 HTTP/1.1" 503 12947
46.146.210.91 - - [20/Dec/2022:08:37:36 +0500] "GET /ords/api.HTP_ASPVK_DATA?nPVK_ID=0&vST_DT=20.12.2022%2008:27:31&vEND_DT=20.12.2022%2008:37:31 HTTP/1.1" 503 12947
195.222.149.195 - - [20/Dec/2022:08:37:48 +0500] "GET /ords/api.HTP_ASPVK_DATA?nPVK_ID=0&vST_DT=20.12.2022%2006:30:32&vEND_DT=20.12.2022%2006:40:32 HTTP/1.1" 503 12947
81.4.234.170 - - [20/Dec/2022:08:38:01 +0500] "GET / HTTP/1.1" 302 -
194.226.162.30 - - [20/Dec/2022:08:38:02 +0500] "GET /ords/f?p=101:1:6002046056955:::::&tz=5:00 HTTP/1.1" 503 12947
46.146.210.91 - - [20/Dec/2022:08:38:05 +0500] "GET /ords/api.HTP_ASPVK_DATA?nPVK_ID=0&vST_DT=20.12.2022%2008:28:01&vEND_DT=20.12.2022%2008:38:01 HTTP/1.1" 503 12947
81.4.234.170 - - [20/Dec/2022:08:38:05 +0500] "GET /ords/f?p=101:210 HTTP/1.1" 503 12947
195.222.149.195 - - [20/Dec/2022:08:38:17 +0500] "GET /ords/api.HTP_ASPVK_DATA?nPVK_ID=0&vST_DT=20.12.2022%2006:31:02&vEND_DT=20.12.2022%2006:41:02 HTTP/1.1" 503 12947
89.250.216.22 - - [20/Dec/2022:08:38:21 +0500] "GET / HTTP/1.1" 302 -
89.250.216.22 - - [20/Dec/2022:08:38:25 +0500] "GET /ords/f?p=101:210 HTTP/1.1" 503 12947
46.146.210.91 - - [20/Dec/2022:08:38:35 +0500] "GET /ords/api.HTP_ASPVK_DATA?nPVK_ID=0&vST_DT=20.12.2022%2008:28:31&vEND_DT=20.12.2022%2008:38:31 HTTP/1.1" 503 12947
195.222.149.195 - - [20/Dec/2022:08:38:49 +0500] "GET /ords/api.HTP_ASPVK_DATA?nPVK_ID=0&vST_DT=20.12.2022%2006:31:32&vEND_DT=20.12.2022%2006:41:32 HTTP/1.1" 503 12947
46.146.210.91 - - [20/Dec/2022:08:39:05 +0500] "GET /ords/api.HTP_ASPVK_DATA?nPVK_ID=0&vST_DT=20.12.2022%2008:29:01&vEND_DT=20.12.2022%2008:39:01 HTTP/1.1" 503 12947
195.222.149.195 - - [20/Dec/2022:08:39:20 +0500] "GET /ords/api.HTP_ASPVK_DATA?nPVK_ID=0&vST_DT=20.12.2022%2006:32:02&vEND_DT=20.12.2022%2006:42:02 HTTP/1.1" 503 12947
46.146.210.91 - - [20/Dec/2022:08:39:35 +0500] "GET /ords/api.HTP_ASPVK_DATA?nPVK_ID=0&vST_DT=20.12.2022%2008:29:31&vEND_DT=20.12.2022%2008:39:31 HTTP/1.1" 503 12947
195.222.149.195 - - [20/Dec/2022:08:39:49 +0500] "GET /ords/api.HTP_ASPVK_DATA?nPVK_ID=0&vST_DT=20.12.2022%2006:32:32&vEND_DT=20.12.2022%2006:42:32 HTTP/1.1" 503 12947
46.146.210.91 - - [20/Dec/2022:08:40:05 +0500] "GET /ords/api.HTP_ASPVK_DATA?nPVK_ID=0&vST_DT=20.12.2022%2008:30:01&vEND_DT=20.12.2022%2008:40:01 HTTP/1.1" 503 12947
46.146.210.91 - - [20/Dec/2022:08:40:36 +0500] "GET /ords/api.HTP_ASPVK_DATA?nPVK_ID=0&vST_DT=20.12.2022%2008:30:31&vEND_DT=20.12.2022%2008:40:31 HTTP/1.1" 503 12947
195.222.149.195 - - [20/Dec/2022:08:40:48 +0500] "GET /ords/api.HTP_ASPVK_DATA?nPVK_ID=0&vST_DT=20.12.2022%2006:33:02&vEND_DT=20.12.2022%2006:43:02 HTTP/1.1" 503 12947
46.146.210.91 - - [20/Dec/2022:08:41:06 +0500] "GET /ords/api.HTP_ASPVK_DATA?nPVK_ID=0&vST_DT=20.12.2022%2008:31:01&vEND_DT=20.12.2022%2008:41:01 HTTP/1.1" 503 12947
195.222.149.195 - - [20/Dec/2022:08:41:18 +0500] "GET /ords/api.HTP_ASPVK_DATA?nPVK_ID=0&vST_DT=20.12.2022%2006:34:02&vEND_DT=20.12.2022%2006:44:02 HTTP/1.1" 503 12947
46.146.210.91 - - [20/Dec/2022:08:41:37 +0500] "GET /ords/api.HTP_ASPVK_DATA?nPVK_ID=0&vST_DT=20.12.2022%2008:31:31&vEND_DT=20.12.2022%2008:41:31 HTTP/1.1" 503 12947
195.222.149.195 - - [20/Dec/2022:08:41:49 +0500] "GET /ords/api.HTP_ASPVK_DATA?nPVK_ID=0&vST_DT=20.12.2022%2006:34:32&vEND_DT=20.12.2022%2006:44:32 HTTP/1.1" 503 12947
81.4.234.225 - - [20/Dec/2022:08:42:04 +0500] "GET /ords/f?p=101:210:0:::::&tz=5:00 HTTP/1.1" 503 12947
46.146.210.91 - - [20/Dec/2022:08:42:17 +0500] "GET /ords/api.HTP_ASPVK_DATA?nPVK_ID=0&vST_DT=20.12.2022%2008:32:01&vEND_DT=20.12.2022%2008:42:01 HTTP/1.1" 503 12947
195.222.149.195 - - [20/Dec/2022:08:42:31 +0500] "GET /ords/api.HTP_ASPVK_DATA?nPVK_ID=0&vST_DT=20.12.2022%2006:35:02&vEND_DT=20.12.2022%2006:45:02 HTTP/1.1" 503 12947
194.226.162.30 - - [20/Dec/2022:08:42:42 +0500] "GET /ords/f?p=101:1:6002046056955:::::&tz=5:00 HTTP/1.1" 503 12947
46.146.210.91 - - [20/Dec/2022:08:42:45 +0500] "GET /ords/api.HTP_ASPVK_DATA?nPVK_ID=0&vST_DT=20.12.2022%2008:32:41&vEND_DT=20.12.2022%2008:42:41 HTTP/1.1" 503 12947
195.222.149.195 - - [20/Dec/2022:08:42:58 +0500] "GET /ords/api.HTP_ASPVK_DATA?nPVK_ID=0&vST_DT=20.12.2022%2006:35:42&vEND_DT=20.12.2022%2006:45:42 HTTP/1.1" 503 12947
81.4.234.225 - - [20/Dec/2022:08:43:11 +0500] "GET /ords/f?p=101:210:0:::::&tz=5:00 HTTP/1.1" 503 12947
46.146.210.91 - - [20/Dec/2022:08:43:16 +0500] "GET /ords/api.HTP_ASPVK_DATA?nPVK_ID=0&vST_DT=20.12.2022%2008:33:11&vEND_DT=20.12.2022%2008:43:11 HTTP/1.1" 503 12947
85.140.12.222 - - [20/Dec/2022:08:43:20 +0500] "GET / HTTP/1.1" 302 -
85.140.12.222 - - [20/Dec/2022:08:43:38 +0500] "GET /ords/f?p=101:210 HTTP/1.1" 503 12947
85.140.12.222 - - [20/Dec/2022:08:43:38 +0500] "GET /favicon.ico HTTP/1.1" 200 21630
195.222.149.195 - - [20/Dec/2022:08:43:41 +0500] "GET /ords/api.HTP_ASPVK_DATA?nPVK_ID=0&vST_DT=20.12.2022%2006:36:12&vEND_DT=20.12.2022%2006:46:12 HTTP/1.1" 503 12947
46.146.210.91 - - [20/Dec/2022:08:43:47 +0500] "GET /ords/api.HTP_ASPVK_DATA?nPVK_ID=0&vST_DT=20.12.2022%2008:33:41&vEND_DT=20.12.2022%2008:43:41 HTTP/1.1" 503 12947
85.140.12.222 - - [20/Dec/2022:08:43:50 +0500] "GET /ords/f?p=101:210 HTTP/1.1" 503 12947
195.222.149.195 - - [20/Dec/2022:08:44:38 +0500] "GET /ords/api.HTP_ASPVK_DATA?nPVK_ID=0&vST_DT=20.12.2022%2006:36:52&vEND_DT=20.12.2022%2006:46:52 HTTP/1.1" 503 12947
188.17.152.148 - - [20/Dec/2022:08:44:49 +0500] "GET /ords/f?p=101:210:0:&tz=3:00 HTTP/1.1" 503 12947
81.4.234.170 - - [20/Dec/2022:08:44:55 +0500] "GET / HTTP/1.1" 302 -
195.222.149.195 - - [20/Dec/2022:08:45:08 +0500] "GET /ords/api.HTP_ASPVK_DATA?nPVK_ID=0&vST_DT=20.12.2022%2006:37:52&vEND_DT=20.12.2022%2006:47:52 HTTP/1.1" 503 12947
85.140.12.222 - - [20/Dec/2022:08:45:09 +0500] "GET /ords/f?p=101:210 HTTP/1.1" 503 12947
46.146.210.91 - - [20/Dec/2022:08:45:15 +0500] "GET /ords/api.HTP_ASPVK_DATA?nPVK_ID=0&vST_DT=20.12.2022%2008:34:11&vEND_DT=20.12.2022%2008:44:11 HTTP/1.1" 503 12947
81.4.234.170 - - [20/Dec/2022:08:45:19 +0500] "GET /ords/f?p=101:210:0:::::&tz=5:00 HTTP/1.1" 503 12947
195.222.149.195 - - [20/Dec/2022:08:45:38 +0500] "GET /ords/api.HTP_ASPVK_DATA?nPVK_ID=0&vST_DT=20.12.2022%2006:38:22&vEND_DT=20.12.2022%2006:48:22 HTTP/1.1" 503 12947
188.17.152.148 - - [20/Dec/2022:08:45:44 +0500] "GET /ords/f?p=101:210:0:&tz=3:00 HTTP/1.1" 503 12947
46.146.210.91 - - [20/Dec/2022:08:45:47 +0500] "GET /ords/api.HTP_ASPVK_DATA?nPVK_ID=0&vST_DT=20.12.2022%2008:35:41&vEND_DT=20.12.2022%2008:45:41 HTTP/1.1" 503 12947
81.4.234.170 - - [20/Dec/2022:08:45:58 +0500] "GET /ords/f?p=101:210 HTTP/1.1" 503 12947
195.222.149.195 - - [20/Dec/2022:08:46:10 +0500] "GET /ords/api.HTP_ASPVK_DATA?nPVK_ID=0&vST_DT=20.12.2022%2006:38:52&vEND_DT=20.12.2022%2006:48:52 HTTP/1.1" 503 12947
46.146.210.91 - - [20/Dec/2022:08:46:18 +0500] "GET /ords/api.HTP_ASPVK_DATA?nPVK_ID=0&vST_DT=20.12.2022%2008:36:11&vEND_DT=20.12.2022%2008:46:11 HTTP/1.1" 503 12947
194.226.162.30 - - [20/Dec/2022:08:46:25 +0500] "GET /ords/f?p=101:1:6002046056955:::::&tz=5:00 HTTP/1.1" 503 12947
31.162.58.3 - - [20/Dec/2022:08:46:36 +0500] "GET /ords/f?p=101:210:0:&tz=5:00 HTTP/1.1" 503 12947
195.222.149.195 - - [20/Dec/2022:08:46:39 +0500] "GET /ords/api.HTP_ASPVK_DATA?nPVK_ID=0&vST_DT=20.12.2022%2006:39:22&vEND_DT=20.12.2022%2006:49:22 HTTP/1.1" 503 12947
194.226.162.30 - - [20/Dec/2022:08:46:42 +0500] "GET /ords/f?p=101:210:0:&tz=5:00 HTTP/1.1" 503 12947
194.226.162.30 - - [20/Dec/2022:08:46:42 +0500] "GET /favicon.ico HTTP/1.1" 200 21630
46.146.210.91 - - [20/Dec/2022:08:46:45 +0500] "GET /ords/api.HTP_ASPVK_DATA?nPVK_ID=0&vST_DT=20.12.2022%2008:36:41&vEND_DT=20.12.2022%2008:46:41 HTTP/1.1" 503 12947
85.140.14.165 - - [20/Dec/2022:08:46:48 +0500] "GET /ords/f?p=101:210:0:&tz=3:00 HTTP/1.1" 503 12947
85.140.14.165 - - [20/Dec/2022:08:47:02 +0500] "GET /ords/f?p=101:210:0:&tz=3:00 HTTP/1.1" 503 12947
194.226.162.30 - - [20/Dec/2022:08:47:08 +0500] "GET /ords/f?p=101:210:0:&tz=5:00 HTTP/1.1" 503 12947
195.222.149.195 - - [20/Dec/2022:08:47:11 +0500] "GET /ords/api.HTP_ASPVK_DATA?nPVK_ID=0&vST_DT=20.12.2022%2006:39:52&vEND_DT=20.12.2022%2006:49:52 HTTP/1.1" 503 12947
46.146.210.91 - - [20/Dec/2022:08:47:17 +0500] "GET /ords/api.HTP_ASPVK_DATA?nPVK_ID=0&vST_DT=20.12.2022%2008:37:11&vEND_DT=20.12.2022%2008:47:11 HTTP/1.1" 503 12947
195.222.149.195 - - [20/Dec/2022:08:47:39 +0500] "GET /ords/api.HTP_ASPVK_DATA?nPVK_ID=0&vST_DT=20.12.2022%2006:40:22&vEND_DT=20.12.2022%2006:50:22 HTTP/1.1" 503 12947
194.226.162.30 - - [20/Dec/2022:08:47:45 +0500] "GET /ords/f?p=101:1:6002046056955:::::&tz=5:00 HTTP/1.1" 503 12947
46.146.210.91 - - [20/Dec/2022:08:47:58 +0500] "GET /ords/api.HTP_ASPVK_DATA?nPVK_ID=0&vST_DT=20.12.2022%2008:37:41&vEND_DT=20.12.2022%2008:47:41 HTTP/1.1" 503 12947
46.146.210.91 - - [20/Dec/2022:08:48:26 +0500] "GET /ords/api.HTP_ASPVK_DATA?nPVK_ID=0&vST_DT=20.12.2022%2008:38:21&vEND_DT=20.12.2022%2008:48:21 HTTP/1.1" 503 12947
46.146.210.91 - - [20/Dec/2022:08:48:55 +0500] "GET /ords/api.HTP_ASPVK_DATA?nPVK_ID=0&vST_DT=20.12.2022%2008:38:51&vEND_DT=20.12.2022%2008:48:51 HTTP/1.1" 503 12947
194.226.162.30 - - [20/Dec/2022:08:48:58 +0500] "GET /ords/f?p=101:1:6002046056955:::::&tz=5:00 HTTP/1.1" 503 12947
91.218.103.75 - - [20/Dec/2022:08:48:58 +0500] "GET /ords/f?p=101:210:0:::::&tz=5:00 HTTP/1.1" 503 12947
85.140.12.222 - - [20/Dec/2022:08:49:01 +0500] "GET /ords/f?p=101:210 HTTP/1.1" 503 12947
81.4.234.170 - - [20/Dec/2022:08:49:04 +0500] "GET / HTTP/1.1" 302 -
195.222.149.195 - - [20/Dec/2022:08:49:08 +0500] "GET /ords/api.HTP_ASPVK_DATA?nPVK_ID=0&vST_DT=20.12.2022%2006:40:52&vEND_DT=20.12.2022%2006:50:52 HTTP/1.1" 503 12947
81.4.234.170 - - [20/Dec/2022:08:49:09 +0500] "GET /ords/f?p=101:210 HTTP/1.1" 503 12947
194.226.162.30 - - [20/Dec/2022:08:49:21 +0500] "GET /ords/f?p=101:1:6002046056955:::::&tz=5:00 HTTP/1.1" 503 12947
195.222.149.195 - - [20/Dec/2022:08:49:38 +0500] "GET /ords/api.HTP_ASPVK_DATA?nPVK_ID=0&vST_DT=20.12.2022%2006:42:22&vEND_DT=20.12.2022%2006:52:22 HTTP/1.1" 503 12947
195.222.149.195 - - [20/Dec/2022:08:50:08 +0500] "GET /ords/api.HTP_ASPVK_DATA?nPVK_ID=0&vST_DT=20.12.2022%2006:42:52&vEND_DT=20.12.2022%2006:52:52 HTTP/1.1" 503 12947
46.146.210.91 - - [20/Dec/2022:08:50:27 +0500] "GET /ords/api.HTP_ASPVK_DATA?nPVK_ID=0&vST_DT=20.12.2022%2008:39:21&vEND_DT=20.12.2022%2008:49:21 HTTP/1.1" 503 12947
195.222.149.195 - - [20/Dec/2022:08:50:40 +0500] "GET /ords/api.HTP_ASPVK_DATA?nPVK_ID=0&vST_DT=20.12.2022%2006:43:22&vEND_DT=20.12.2022%2006:53:22 HTTP/1.1" 503 12947
46.146.210.91 - - [20/Dec/2022:08:50:55 +0500] "GET /ords/api.HTP_ASPVK_DATA?nPVK_ID=0&vST_DT=20.12.2022%2008:40:51&vEND_DT=20.12.2022%2008:50:51 HTTP/1.1" 503 12947
195.222.149.195 - - [20/Dec/2022:08:51:10 +0500] "GET /ords/api.HTP_ASPVK_DATA?nPVK_ID=0&vST_DT=20.12.2022%2006:43:52&vEND_DT=20.12.2022%2006:53:52 HTTP/1.1" 503 12947
46.146.210.91 - - [20/Dec/2022:08:51:27 +0500] "GET /ords/api.HTP_ASPVK_DATA?nPVK_ID=0&vST_DT=20.12.2022%2008:41:22&vEND_DT=20.12.2022%2008:51:22 HTTP/1.1" 503 12947
81.4.234.225 - - [20/Dec/2022:08:51:37 +0500] "GET /ords/f?p=101:210:0:::::&tz=5:00 HTTP/1.1" 503 12947
195.222.149.195 - - [20/Dec/2022:08:51:40 +0500] "GET /ords/api.HTP_ASPVK_DATA?nPVK_ID=0&vST_DT=20.12.2022%2006:44:22&vEND_DT=20.12.2022%2006:54:22 HTTP/1.1" 503 12947
195.222.149.195 - - [20/Dec/2022:08:52:11 +0500] "GET /ords/api.HTP_ASPVK_DATA?nPVK_ID=0&vST_DT=20.12.2022%2006:44:52&vEND_DT=20.12.2022%2006:54:52 HTTP/1.1" 503 12947
195.222.149.195 - - [20/Dec/2022:08:52:38 +0500] "GET /ords/api.HTP_ASPVK_DATA?nPVK_ID=0&vST_DT=20.12.2022%2006:45:22&vEND_DT=20.12.2022%2006:55:22 HTTP/1.1" 503 12947
46.146.210.91 - - [20/Dec/2022:08:52:56 +0500] "GET /ords/api.HTP_ASPVK_DATA?nPVK_ID=0&vST_DT=20.12.2022%2008:41:52&vEND_DT=20.12.2022%2008:51:52 HTTP/1.1" 503 12947
195.222.149.195 - - [20/Dec/2022:08:53:11 +0500] "GET /ords/api.HTP_ASPVK_DATA?nPVK_ID=0&vST_DT=20.12.2022%2006:45:52&vEND_DT=20.12.2022%2006:55:52 HTTP/1.1" 503 12947
195.222.149.195 - - [20/Dec/2022:08:53:52 +0500] "GET /ords/api.HTP_ASPVK_DATA?nPVK_ID=0&vST_DT=20.12.2022%2006:46:22&vEND_DT=20.12.2022%2006:56:22 HTTP/1.1" 503 12947
192.241.195.15 - - [20/Dec/2022:08:53:58 +0500] "GET / HTTP/1.1" 302 -
192.241.210.31 - - [20/Dec/2022:08:54:12 +0500] "GET / HTTP/1.1" 302 -
195.222.149.195 - - [20/Dec/2022:08:54:20 +0500] "GET /ords/api.HTP_ASPVK_DATA?nPVK_ID=0&vST_DT=20.12.2022%2006:47:02&vEND_DT=20.12.2022%2006:57:02 HTTP/1.1" 503 12947
46.146.210.91 - - [20/Dec/2022:08:54:26 +0500] "GET /ords/api.HTP_ASPVK_DATA?nPVK_ID=0&vST_DT=20.12.2022%2008:43:22&vEND_DT=20.12.2022%2008:53:22 HTTP/1.1" 503 12947
195.222.149.195 - - [20/Dec/2022:08:54:51 +0500] "GET /ords/api.HTP_ASPVK_DATA?nPVK_ID=0&vST_DT=20.12.2022%2006:47:33&vEND_DT=20.12.2022%2006:57:33 HTTP/1.1" 503 12947
46.146.210.91 - - [20/Dec/2022:08:54:57 +0500] "GET /ords/api.HTP_ASPVK_DATA?nPVK_ID=0&vST_DT=20.12.2022%2008:44:52&vEND_DT=20.12.2022%2008:54:52 HTTP/1.1" 503 12947
212.33.243.160 - - [20/Dec/2022:08:55:04 +0500] "GET /ords/f?p=101:210:0:::::&tz=5:00 HTTP/1.1" 503 12947
194.226.162.30 - - [20/Dec/2022:08:55:09 +0500] "GET /ords/f?p=101:1:6002046056955:::::&tz=5:00 HTTP/1.1" 503 12947
194.226.162.30 - - [20/Dec/2022:08:55:32 +0500] "GET /ords/f?p=101:210:0:&tz=5:00 HTTP/1.1" 503 12947
46.146.210.91 - - [20/Dec/2022:08:55:40 +0500] "GET /ords/api.HTP_ASPVK_DATA?nPVK_ID=0&vST_DT=20.12.2022%2008:45:22&vEND_DT=20.12.2022%2008:55:22 HTTP/1.1" 503 12947
195.222.149.195 - - [20/Dec/2022:08:55:49 +0500] "GET /ords/api.HTP_ASPVK_DATA?nPVK_ID=0&vST_DT=20.12.2022%2006:48:03&vEND_DT=20.12.2022%2006:58:03 HTTP/1.1" 503 12947
46.146.210.91 - - [20/Dec/2022:08:56:06 +0500] "GET /ords/api.HTP_ASPVK_DATA?nPVK_ID=0&vST_DT=20.12.2022%2008:46:02&vEND_DT=20.12.2022%2008:56:02 HTTP/1.1" 503 12947
194.226.162.30 - - [20/Dec/2022:08:56:09 +0500] "GET /ords/f?p=101:1:6002046056955:::::&tz=5:00 HTTP/1.1" 503 12947
195.222.149.195 - - [20/Dec/2022:08:56:19 +0500] "GET /ords/api.HTP_ASPVK_DATA?nPVK_ID=0&vST_DT=20.12.2022%2006:49:03&vEND_DT=20.12.2022%2006:59:03 HTTP/1.1" 503 12947
85.140.14.165 - - [20/Dec/2022:08:56:28 +0500] "GET /ords/f?p=101:210:0:&tz=3:00 HTTP/1.1" 503 12947
46.146.210.91 - - [20/Dec/2022:08:56:37 +0500] "GET /ords/api.HTP_ASPVK_DATA?nPVK_ID=0&vST_DT=20.12.2022%2008:46:32&vEND_DT=20.12.2022%2008:56:32 HTTP/1.1" 503 12947
194.226.162.30 - - [20/Dec/2022:08:56:41 +0500] "GET /ords/f?p=101:1:6002046056955:::::&tz=5:00 HTTP/1.1" 503 12947
46.146.210.91 - - [20/Dec/2022:08:57:07 +0500] "GET /ords/api.HTP_ASPVK_DATA?nPVK_ID=0&vST_DT=20.12.2022%2008:47:02&vEND_DT=20.12.2022%2008:57:02 HTTP/1.1" 503 12947
85.140.14.165 - - [20/Dec/2022:08:57:34 +0500] "GET /ords/f?p=101:210:0:&tz=3:00 HTTP/1.1" 503 12947
46.146.210.91 - - [20/Dec/2022:08:57:39 +0500] "GET /ords/api.HTP_ASPVK_DATA?nPVK_ID=0&vST_DT=20.12.2022%2008:47:32&vEND_DT=20.12.2022%2008:57:32 HTTP/1.1" 503 12947
195.222.149.195 - - [20/Dec/2022:08:57:49 +0500] "GET /ords/api.HTP_ASPVK_DATA?nPVK_ID=0&vST_DT=20.12.2022%2006:49:33&vEND_DT=20.12.2022%2006:59:33 HTTP/1.1" 503 12947
194.226.162.30 - - [20/Dec/2022:08:58:20 +0500] "GET /ords/f?p=101:1:6002046056955:::::&tz=5:00 HTTP/1.1" 503 12947
195.222.149.195 - - [20/Dec/2022:08:58:25 +0500] "GET /ords/api.HTP_ASPVK_DATA?nPVK_ID=0&vST_DT=20.12.2022%2006:51:03&vEND_DT=20.12.2022%2007:01:03 HTTP/1.1" 503 12947
46.146.210.91 - - [20/Dec/2022:08:58:36 +0500] "GET /ords/api.HTP_ASPVK_DATA?nPVK_ID=0&vST_DT=20.12.2022%2008:48:02&vEND_DT=20.12.2022%2008:58:02 HTTP/1.1" 503 12947
195.222.149.195 - - [20/Dec/2022:08:58:51 +0500] "GET /ords/api.HTP_ASPVK_DATA?nPVK_ID=0&vST_DT=20.12.2022%2006:51:33&vEND_DT=20.12.2022%2007:01:33 HTTP/1.1" 503 12947
46.146.210.91 - - [20/Dec/2022:08:59:12 +0500] "GET /ords/api.HTP_ASPVK_DATA?nPVK_ID=0&vST_DT=20.12.2022%2008:49:02&vEND_DT=20.12.2022%2008:59:02 HTTP/1.1" 503 12947
194.226.162.30 - - [20/Dec/2022:08:59:20 +0500] "GET /ords/f?p=101:1:6002046056955:::::&tz=5:00 HTTP/1.1" 503 12947
195.222.149.195 - - [20/Dec/2022:08:59:20 +0500] "GET /ords/api.HTP_ASPVK_DATA?nPVK_ID=0&vST_DT=20.12.2022%2006:52:03&vEND_DT=20.12.2022%2007:02:03 HTTP/1.1" 503 12947
46.146.220.195 - - [20/Dec/2022:08:59:22 +0500] "GET / HTTP/1.1" 302 -
46.146.220.195 - - [20/Dec/2022:08:59:27 +0500] "GET /ords/f?p=101:210 HTTP/1.1" 503 12947
46.146.220.195 - - [20/Dec/2022:08:59:27 +0500] "GET /favicon.ico HTTP/1.1" 200 21630
46.146.210.91 - - [20/Dec/2022:08:59:36 +0500] "GET /ords/api.HTP_ASPVK_DATA?nPVK_ID=0&vST_DT=20.12.2022%2008:49:32&vEND_DT=20.12.2022%2008:59:32 HTTP/1.1" 503 12947
81.4.234.170 - - [20/Dec/2022:08:59:46 +0500] "GET / HTTP/1.1" 302 -
195.222.149.195 - - [20/Dec/2022:08:59:50 +0500] "GET /ords/api.HTP_ASPVK_DATA?nPVK_ID=0&vST_DT=20.12.2022%2006:52:33&vEND_DT=20.12.2022%2007:02:33 HTTP/1.1" 503 12947
81.4.234.170 - - [20/Dec/2022:08:59:50 +0500] "GET /ords/f?p=101:210 HTTP/1.1" 503 12947
46.146.210.91 - - [20/Dec/2022:09:00:07 +0500] "GET /ords/api.HTP_ASPVK_DATA?nPVK_ID=0&vST_DT=20.12.2022%2008:50:02&vEND_DT=20.12.2022%2009:00:02 HTTP/1.1" 503 12947
194.226.162.30 - - [20/Dec/2022:09:00:07 +0500] "GET /ords/f?p=101:210:0:&tz=5:00 HTTP/1.1" 503 12947
195.222.149.195 - - [20/Dec/2022:09:00:19 +0500] "GET /ords/api.HTP_ASPVK_DATA?nPVK_ID=0&vST_DT=20.12.2022%2006:53:03&vEND_DT=20.12.2022%2007:03:03 HTTP/1.1" 503 12947
194.226.162.30 - - [20/Dec/2022:09:00:23 +0500] "GET /ords/f?p=101:1:6002046056955:::::&tz=5:00 HTTP/1.1" 503 12947
81.4.234.170 - - [20/Dec/2022:09:01:00 +0500] "GET / HTTP/1.1" 302 -
81.4.234.170 - - [20/Dec/2022:09:01:03 +0500] "GET /ords/f?p=101:210 HTTP/1.1" 503 12947
46.146.210.91 - - [20/Dec/2022:09:01:06 +0500] "GET /ords/api.HTP_ASPVK_DATA?nPVK_ID=0&vST_DT=20.12.2022%2008:50:32&vEND_DT=20.12.2022%2009:00:32 HTTP/1.1" 503 12947
91.218.103.75 - - [20/Dec/2022:09:01:07 +0500] "GET / HTTP/1.1" 302 -
91.218.103.75 - - [20/Dec/2022:09:01:12 +0500] "GET /ords/f?p=101:210 HTTP/1.1" 503 12947
195.222.149.195 - - [20/Dec/2022:09:01:49 +0500] "GET /ords/api.HTP_ASPVK_DATA?nPVK_ID=0&vST_DT=20.12.2022%2006:53:33&vEND_DT=20.12.2022%2007:03:33 HTTP/1.1" 503 12947
46.146.210.91 - - [20/Dec/2022:09:02:06 +0500] "GET /ords/api.HTP_ASPVK_DATA?nPVK_ID=0&vST_DT=20.12.2022%2008:51:32&vEND_DT=20.12.2022%2009:01:32 HTTP/1.1" 503 12947
195.222.149.195 - - [20/Dec/2022:09:02:21 +0500] "GET /ords/api.HTP_ASPVK_DATA?nPVK_ID=0&vST_DT=20.12.2022%2006:55:03&vEND_DT=20.12.2022%2007:05:03 HTTP/1.1" 503 12947
81.4.234.225 - - [20/Dec/2022:09:02:25 +0500] "GET /ords/f?p=101:210:0:::::&tz=5:00 HTTP/1.1" 503 12947
46.146.210.91 - - [20/Dec/2022:09:02:40 +0500] "GET /ords/api.HTP_ASPVK_DATA?nPVK_ID=0&vST_DT=20.12.2022%2008:52:32&vEND_DT=20.12.2022%2009:02:32 HTTP/1.1" 503 12947
195.222.149.195 - - [20/Dec/2022:09:02:51 +0500] "GET /ords/api.HTP_ASPVK_DATA?nPVK_ID=0&vST_DT=20.12.2022%2006:55:33&vEND_DT=20.12.2022%2007:05:33 HTTP/1.1" 503 12947
194.226.162.30 - - [20/Dec/2022:09:02:51 +0500] "GET /ords/f?p=101:1:6002046056955:::::&tz=5:00 HTTP/1.1" 503 12947
46.146.210.91 - - [20/Dec/2022:09:03:06 +0500] "GET /ords/api.HTP_ASPVK_DATA?nPVK_ID=0&vST_DT=20.12.2022%2008:53:02&vEND_DT=20.12.2022%2009:03:02 HTTP/1.1" 503 12947
195.222.149.195 - - [20/Dec/2022:09:03:20 +0500] "GET /ords/api.HTP_ASPVK_DATA?nPVK_ID=0&vST_DT=20.12.2022%2006:56:03&vEND_DT=20.12.2022%2007:06:03 HTTP/1.1" 503 12947
46.146.210.91 - - [20/Dec/2022:09:03:39 +0500] "GET /ords/api.HTP_ASPVK_DATA?nPVK_ID=0&vST_DT=20.12.2022%2008:53:32&vEND_DT=20.12.2022%2009:03:32 HTTP/1.1" 503 12947
195.222.149.195 - - [20/Dec/2022:09:03:50 +0500] "GET /ords/api.HTP_ASPVK_DATA?nPVK_ID=0&vST_DT=20.12.2022%2006:56:33&vEND_DT=20.12.2022%2007:06:33 HTTP/1.1" 503 12947
46.146.210.91 - - [20/Dec/2022:09:04:06 +0500] "GET /ords/api.HTP_ASPVK_DATA?nPVK_ID=0&vST_DT=20.12.2022%2008:54:02&vEND_DT=20.12.2022%2009:04:02 HTTP/1.1" 503 12947
178.46.184.35 - - [20/Dec/2022:09:04:11 +0500] "GET / HTTP/1.1" 302 -
178.46.184.35 - - [20/Dec/2022:09:04:14 +0500] "GET /ords/f?p=101:210 HTTP/1.1" 503 12947
195.222.149.195 - - [20/Dec/2022:09:04:20 +0500] "GET /ords/api.HTP_ASPVK_DATA?nPVK_ID=0&vST_DT=20.12.2022%2006:57:03&vEND_DT=20.12.2022%2007:07:03 HTTP/1.1" 503 12947
91.218.103.75 - - [20/Dec/2022:09:04:29 +0500] "GET / HTTP/1.1" 302 -
91.218.103.75 - - [20/Dec/2022:09:04:39 +0500] "GET /ords/f?p=101:210 HTTP/1.1" 503 12947
81.4.234.225 - - [20/Dec/2022:09:04:48 +0500] "GET /ords/f?p=101:210:0:::::&tz=5:00 HTTP/1.1" 503 12947
195.222.149.195 - - [20/Dec/2022:09:04:49 +0500] "GET /ords/api.HTP_ASPVK_DATA?nPVK_ID=0&vST_DT=20.12.2022%2006:57:33&vEND_DT=20.12.2022%2007:07:33 HTTP/1.1" 503 12947
46.146.210.91 - - [20/Dec/2022:09:04:52 +0500] "GET /ords/api.HTP_ASPVK_DATA?nPVK_ID=0&vST_DT=20.12.2022%2008:54:32&vEND_DT=20.12.2022%2009:04:32 HTTP/1.1" 503 12947
46.146.220.195 - - [20/Dec/2022:09:05:08 +0500] "GET / HTTP/1.1" 302 -
46.146.220.195 - - [20/Dec/2022:09:05:08 +0500] "GET / HTTP/1.1" 302 -
46.146.220.195 - - [20/Dec/2022:09:05:11 +0500] "GET /ords/f?p=101:210 HTTP/1.1" 503 12947
46.146.220.195 - - [20/Dec/2022:09:05:11 +0500] "GET /ords/f?p=101:210 HTTP/1.1" 503 12947
194.226.162.30 - - [20/Dec/2022:09:05:19 +0500] "GET /ords/f?p=101:210:0:&tz=5:00 HTTP/1.1" 503 12947
195.222.149.195 - - [20/Dec/2022:09:05:19 +0500] "GET /ords/api.HTP_ASPVK_DATA?nPVK_ID=0&vST_DT=20.12.2022%2006:58:03&vEND_DT=20.12.2022%2007:08:03 HTTP/1.1" 503 12947
46.146.210.91 - - [20/Dec/2022:09:05:22 +0500] "GET /ords/api.HTP_ASPVK_DATA?nPVK_ID=0&vST_DT=20.12.2022%2008:55:12&vEND_DT=20.12.2022%2009:05:12 HTTP/1.1" 503 12947
81.4.234.225 - - [20/Dec/2022:09:05:45 +0500] "GET /ords/f?p=101:210:0:::::&tz=5:00 HTTP/1.1" 503 12947
194.226.162.30 - - [20/Dec/2022:09:06:20 +0500] "GET /ords/f?p=101:1:6002046056955:::::&tz=5:00 HTTP/1.1" 503 12947
46.146.210.91 - - [20/Dec/2022:09:06:46 +0500] "GET /ords/api.HTP_ASPVK_DATA?nPVK_ID=0&vST_DT=20.12.2022%2008:55:42&vEND_DT=20.12.2022%2009:05:42 HTTP/1.1" 503 12947
195.222.149.195 - - [20/Dec/2022:09:06:49 +0500] "GET /ords/api.HTP_ASPVK_DATA?nPVK_ID=0&vST_DT=20.12.2022%2006:58:33&vEND_DT=20.12.2022%2007:08:33 HTTP/1.1" 503 12947
46.146.210.91 - - [20/Dec/2022:09:07:17 +0500] "GET /ords/api.HTP_ASPVK_DATA?nPVK_ID=0&vST_DT=20.12.2022%2008:57:12&vEND_DT=20.12.2022%2009:07:12 HTTP/1.1" 503 12947
195.222.149.195 - - [20/Dec/2022:09:07:31 +0500] "GET /ords/api.HTP_ASPVK_DATA?nPVK_ID=0&vST_DT=20.12.2022%2007:00:03&vEND_DT=20.12.2022%2007:10:03 HTTP/1.1" 503 12947
194.226.162.30 - - [20/Dec/2022:09:07:31 +0500] "GET /ords/f?p=101:1:6002046056955:::::&tz=5:00 HTTP/1.1" 503 12947
195.222.149.195 - - [20/Dec/2022:09:08:01 +0500] "GET /ords/api.HTP_ASPVK_DATA?nPVK_ID=0&vST_DT=20.12.2022%2007:00:43&vEND_DT=20.12.2022%2007:10:43 HTTP/1.1" 503 12947
194.226.162.30 - - [20/Dec/2022:09:08:20 +0500] "GET /ords/f?p=101:1:6002046056955:::::&tz=5:00 HTTP/1.1" 503 12947
195.222.149.195 - - [20/Dec/2022:09:08:31 +0500] "GET /ords/api.HTP_ASPVK_DATA?nPVK_ID=0&vST_DT=20.12.2022%2007:01:13&vEND_DT=20.12.2022%2007:11:13 HTTP/1.1" 503 12947
46.146.210.91 - - [20/Dec/2022:09:08:46 +0500] "GET /ords/api.HTP_ASPVK_DATA?nPVK_ID=0&vST_DT=20.12.2022%2008:57:43&vEND_DT=20.12.2022%2009:07:43 HTTP/1.1" 503 12947
194.226.162.30 - - [20/Dec/2022:09:09:02 +0500] "GET /ords/f?p=101:1:6002046056955:::::&tz=5:00 HTTP/1.1" 503 12947
195.222.149.195 - - [20/Dec/2022:09:09:13 +0500] "GET /ords/api.HTP_ASPVK_DATA?nPVK_ID=0&vST_DT=20.12.2022%2007:01:43&vEND_DT=20.12.2022%2007:11:43 HTTP/1.1" 503 12947
46.146.210.91 - - [20/Dec/2022:09:09:17 +0500] "GET /ords/api.HTP_ASPVK_DATA?nPVK_ID=0&vST_DT=20.12.2022%2008:59:13&vEND_DT=20.12.2022%2009:09:13 HTTP/1.1" 503 12947
195.222.149.195 - - [20/Dec/2022:09:09:40 +0500] "GET /ords/api.HTP_ASPVK_DATA?nPVK_ID=0&vST_DT=20.12.2022%2007:02:23&vEND_DT=20.12.2022%2007:12:23 HTTP/1.1" 503 12947
46.146.210.91 - - [20/Dec/2022:09:09:48 +0500] "GET /ords/api.HTP_ASPVK_DATA?nPVK_ID=0&vST_DT=20.12.2022%2008:59:43&vEND_DT=20.12.2022%2009:09:43 HTTP/1.1" 503 12947
194.226.162.30 - - [20/Dec/2022:09:09:55 +0500] "GET /ords/f?p=101:1:6002046056955:::::&tz=5:00 HTTP/1.1" 503 12947
194.226.162.30 - - [20/Dec/2022:09:10:05 +0500] "GET /ords/f?p=101:210:0:&tz=5:00 HTTP/1.1" 503 12947
194.226.162.30 - - [20/Dec/2022:09:10:05 +0500] "GET /favicon.ico HTTP/1.1" 200 21630
194.226.162.30 - - [20/Dec/2022:09:10:14 +0500] "GET /ords/f?p=101:1:6002046056955:::::&tz=5:00 HTTP/1.1" 503 12947
46.146.210.91 - - [20/Dec/2022:09:10:17 +0500] "GET /ords/api.HTP_ASPVK_DATA?nPVK_ID=0&vST_DT=20.12.2022%2009:00:13&vEND_DT=20.12.2022%2009:10:13 HTTP/1.1" 503 12947
46.146.210.91 - - [20/Dec/2022:09:10:47 +0500] "GET /ords/api.HTP_ASPVK_DATA?nPVK_ID=0&vST_DT=20.12.2022%2009:00:43&vEND_DT=20.12.2022%2009:10:43 HTTP/1.1" 503 12947
195.222.149.195 - - [20/Dec/2022:09:11:11 +0500] "GET /ords/api.HTP_ASPVK_DATA?nPVK_ID=0&vST_DT=20.12.2022%2007:02:53&vEND_DT=20.12.2022%2007:12:53 HTTP/1.1" 503 12947
195.222.149.195 - - [20/Dec/2022:09:11:39 +0500] "GET /ords/api.HTP_ASPVK_DATA?nPVK_ID=0&vST_DT=20.12.2022%2007:04:23&vEND_DT=20.12.2022%2007:14:23 HTTP/1.1" 503 12947
194.226.162.30 - - [20/Dec/2022:09:11:42 +0500] "GET /ords/f?p=101:1:6002046056955:::::&tz=5:00 HTTP/1.1" 503 12947
46.146.210.91 - - [20/Dec/2022:09:11:45 +0500] "GET /ords/api.HTP_ASPVK_DATA?nPVK_ID=0&vST_DT=20.12.2022%2009:01:13&vEND_DT=20.12.2022%2009:11:13 HTTP/1.1" 503 12947
194.226.162.30 - - [20/Dec/2022:09:12:07 +0500] "GET /ords/f?p=101:1:6002046056955:::::&tz=5:00 HTTP/1.1" 503 12947
195.222.149.195 - - [20/Dec/2022:09:12:10 +0500] "GET /ords/api.HTP_ASPVK_DATA?nPVK_ID=0&vST_DT=20.12.2022%2007:04:53&vEND_DT=20.12.2022%2007:14:53 HTTP/1.1" 503 12947
46.146.210.91 - - [20/Dec/2022:09:12:30 +0500] "GET /ords/api.HTP_ASPVK_DATA?nPVK_ID=0&vST_DT=20.12.2022%2009:02:13&vEND_DT=20.12.2022%2009:12:13 HTTP/1.1" 503 12947
195.222.149.195 - - [20/Dec/2022:09:12:40 +0500] "GET /ords/api.HTP_ASPVK_DATA?nPVK_ID=0&vST_DT=20.12.2022%2007:05:23&vEND_DT=20.12.2022%2007:15:23 HTTP/1.1" 503 12947
194.226.162.30 - - [20/Dec/2022:09:13:06 +0500] "GET /ords/f?p=101:1:6002046056955:::::&tz=5:00 HTTP/1.1" 503 12947
195.222.149.195 - - [20/Dec/2022:09:13:09 +0500] "GET /ords/api.HTP_ASPVK_DATA?nPVK_ID=0&vST_DT=20.12.2022%2007:05:53&vEND_DT=20.12.2022%2007:15:53 HTTP/1.1" 503 12947
46.146.210.91 - - [20/Dec/2022:09:13:09 +0500] "GET /ords/api.HTP_ASPVK_DATA?nPVK_ID=0&vST_DT=20.12.2022%2009:02:53&vEND_DT=20.12.2022%2009:12:53 HTTP/1.1" 503 12947
178.46.184.35 - - [20/Dec/2022:09:13:39 +0500] "GET / HTTP/1.1" 302 -
195.222.149.195 - - [20/Dec/2022:09:13:41 +0500] "GET /ords/api.HTP_ASPVK_DATA?nPVK_ID=0&vST_DT=20.12.2022%2007:06:24&vEND_DT=20.12.2022%2007:16:24 HTTP/1.1" 503 12947
46.146.210.91 - - [20/Dec/2022:09:13:44 +0500] "GET /ords/api.HTP_ASPVK_DATA?nPVK_ID=0&vST_DT=20.12.2022%2009:03:33&vEND_DT=20.12.2022%2009:13:33 HTTP/1.1" 503 12947
178.46.184.35 - - [20/Dec/2022:09:13:44 +0500] "GET /ords/f?p=101:210 HTTP/1.1" 503 12947
81.4.234.225 - - [20/Dec/2022:09:13:52 +0500] "GET /ords/f?p=101:210:0:::::&tz=5:00 HTTP/1.1" 503 12947
46.146.210.91 - - [20/Dec/2022:09:13:52 +0500] "GET /ords/api.HTP_ASPVK_DATA?nPVK_ID=0&vST_DT=19.12.2022%2009:13:18&vEND_DT=20.12.2022%2009:13:18 HTTP/1.1" 503 12947
194.226.162.30 - - [20/Dec/2022:09:14:04 +0500] "GET /ords/f?p=101:1:6002046056955:::::&tz=5:00 HTTP/1.1" 503 12947
81.4.234.225 - - [20/Dec/2022:09:14:10 +0500] "GET /ords/f?p=101:210:0:::::&tz=5:00 HTTP/1.1" 503 12947
195.222.149.195 - - [20/Dec/2022:09:14:10 +0500] "GET /ords/api.HTP_ASPVK_DATA?nPVK_ID=0&vST_DT=20.12.2022%2007:06:54&vEND_DT=20.12.2022%2007:16:54 HTTP/1.1" 503 12947
46.146.210.91 - - [20/Dec/2022:09:14:17 +0500] "GET /ords/api.HTP_ASPVK_DATA?nPVK_ID=0&vST_DT=20.12.2022%2009:04:13&vEND_DT=20.12.2022%2009:14:13 HTTP/1.1" 503 12947
195.222.149.195 - - [20/Dec/2022:09:14:39 +0500] "GET /ords/api.HTP_ASPVK_DATA?nPVK_ID=0&vST_DT=20.12.2022%2007:07:24&vEND_DT=20.12.2022%2007:17:24 HTTP/1.1" 503 12947
81.4.234.225 - - [20/Dec/2022:09:14:46 +0500] "GET /ords/f?p=101:210:0:::::&tz=5:00 HTTP/1.1" 503 12947
194.226.162.30 - - [20/Dec/2022:09:14:50 +0500] "GET /ords/f?p=101:210:0:&tz=5:00 HTTP/1.1" 503 12947
195.222.149.195 - - [20/Dec/2022:09:15:12 +0500] "GET /ords/api.HTP_ASPVK_DATA?nPVK_ID=0&vST_DT=20.12.2022%2007:07:54&vEND_DT=20.12.2022%2007:17:54 HTTP/1.1" 503 12947
195.222.149.195 - - [20/Dec/2022:09:15:42 +0500] "GET /ords/api.HTP_ASPVK_DATA?nPVK_ID=0&vST_DT=20.12.2022%2007:08:24&vEND_DT=20.12.2022%2007:18:24 HTTP/1.1" 503 12947
46.146.210.91 - - [20/Dec/2022:09:15:46 +0500] "GET /ords/api.HTP_ASPVK_DATA?nPVK_ID=0&vST_DT=20.12.2022%2009:03:33&vEND_DT=20.12.2022%2009:13:33 HTTP/1.1" 503 12947
46.146.210.91 - - [20/Dec/2022:09:15:47 +0500] "GET /ords/api.HTP_ASPVK_DATA?nPVK_ID=0&vST_DT=20.12.2022%2009:04:43&vEND_DT=20.12.2022%2009:14:43 HTTP/1.1" 503 12947
46.146.210.91 - - [20/Dec/2022:09:16:20 +0500] "GET /ords/api.HTP_ASPVK_DATA?nPVK_ID=0&vST_DT=20.12.2022%2009:06:13&vEND_DT=20.12.2022%2009:16:13 HTTP/1.1" 503 12947
195.222.149.195 - - [20/Dec/2022:09:16:23 +0500] "GET /ords/api.HTP_ASPVK_DATA?nPVK_ID=0&vST_DT=20.12.2022%2007:08:54&vEND_DT=20.12.2022%2007:18:54 HTTP/1.1" 503 12947
188.17.152.127 - - [20/Dec/2022:09:16:34 +0500] "GET /ords/f?p=101:210:0:&tz=5:00 HTTP/1.1" 503 12947
188.17.152.127 - - [20/Dec/2022:09:16:34 +0500] "GET /favicon.ico HTTP/1.1" 200 21630
46.146.210.91 - - [20/Dec/2022:09:17:17 +0500] "GET /ords/api.HTP_ASPVK_DATA?nPVK_ID=0&vST_DT=20.12.2022%2009:06:43&vEND_DT=20.12.2022%2009:16:43 HTTP/1.1" 503 12947
212.33.243.160 - - [20/Dec/2022:09:17:20 +0500] "GET /ords/f?p=101:210:0:::::&tz=5:00 HTTP/1.1" 503 12947
193.169.110.189 - - [20/Dec/2022:09:17:29 +0500] "GET /ords/f?p=147:1:9092771205714:::: HTTP/1.1" 503 12947
194.226.162.30 - - [20/Dec/2022:09:17:37 +0500] "GET /ords/f?p=101:1:6002046056955:::::&tz=5:00 HTTP/1.1" 503 12947
46.146.210.91 - - [20/Dec/2022:09:17:48 +0500] "GET /ords/api.HTP_ASPVK_DATA?nPVK_ID=0&vST_DT=20.12.2022%2009:07:43&vEND_DT=20.12.2022%2009:17:43 HTTP/1.1" 503 12947
195.222.149.195 - - [20/Dec/2022:09:17:50 +0500] "GET /ords/api.HTP_ASPVK_DATA?nPVK_ID=0&vST_DT=20.12.2022%2007:09:34&vEND_DT=20.12.2022%2007:19:34 HTTP/1.1" 503 12947
194.226.162.30 - - [20/Dec/2022:09:17:58 +0500] "GET /ords/f?p=101:210:0:&tz=5:00 HTTP/1.1" 503 12947
91.218.103.75 - - [20/Dec/2022:09:18:02 +0500] "GET / HTTP/1.1" 302 -
91.218.103.75 - - [20/Dec/2022:09:18:05 +0500] "GET /ords/f?p=101:210 HTTP/1.1" 503 12947
195.222.149.195 - - [20/Dec/2022:09:18:22 +0500] "GET /ords/api.HTP_ASPVK_DATA?nPVK_ID=0&vST_DT=20.12.2022%2007:11:04&vEND_DT=20.12.2022%2007:21:04 HTTP/1.1" 503 12947
89.250.216.22 - - [20/Dec/2022:09:18:26 +0500] "GET / HTTP/1.1" 302 -
194.226.162.30 - - [20/Dec/2022:09:18:36 +0500] "GET /ords/f?p=101:1:6002046056955:::::&tz=5:00 HTTP/1.1" 503 12947
46.146.210.91 - - [20/Dec/2022:09:18:47 +0500] "GET /ords/api.HTP_ASPVK_DATA?nPVK_ID=0&vST_DT=20.12.2022%2009:08:13&vEND_DT=20.12.2022%2009:18:13 HTTP/1.1" 503 12947
188.17.152.127 - - [20/Dec/2022:09:18:47 +0500] "GET /ords/f?p=101:210:0:&tz=5:00 HTTP/1.1" 503 12947
195.222.149.195 - - [20/Dec/2022:09:18:50 +0500] "GET /ords/api.HTP_ASPVK_DATA?nPVK_ID=0&vST_DT=20.12.2022%2007:11:34&vEND_DT=20.12.2022%2007:21:34 HTTP/1.1" 503 12947
89.250.216.22 - - [20/Dec/2022:09:18:58 +0500] "GET /ords/f?p=101:210 HTTP/1.1" 503 12947
91.218.103.75 - - [20/Dec/2022:09:19:13 +0500] "GET /ords/f?p=101:210:0:::::&tz=5:00 HTTP/1.1" 503 12947
194.226.162.30 - - [20/Dec/2022:09:19:16 +0500] "GET /ords/f?p=101:210:0:&tz=5:00 HTTP/1.1" 503 12947
188.17.152.127 - - [20/Dec/2022:09:19:16 +0500] "GET /ords/f?p=101:210:0:&tz=5:00 HTTP/1.1" 503 12947
194.226.162.30 - - [20/Dec/2022:09:19:22 +0500] "GET /ords/f?p=101:210:0:&tz=5:00 HTTP/1.1" 503 12947
195.222.149.195 - - [20/Dec/2022:09:19:34 +0500] "GET /ords/api.HTP_ASPVK_DATA?nPVK_ID=0&vST_DT=20.12.2022%2007:12:04&vEND_DT=20.12.2022%2007:22:04 HTTP/1.1" 503 12947
91.218.103.75 - - [20/Dec/2022:09:19:40 +0500] "GET /ords/f?p=101:210:0:::::&tz=5:00 HTTP/1.1" 503 12947
194.226.162.30 - - [20/Dec/2022:09:19:54 +0500] "GET /ords/f?p=101:1:6002046056955:::::&tz=5:00 HTTP/1.1" 503 12947
195.222.149.195 - - [20/Dec/2022:09:20:01 +0500] "GET /ords/api.HTP_ASPVK_DATA?nPVK_ID=0&vST_DT=20.12.2022%2007:12:44&vEND_DT=20.12.2022%2007:22:44 HTTP/1.1" 503 12947
46.146.210.91 - - [20/Dec/2022:09:20:17 +0500] "GET /ords/api.HTP_ASPVK_DATA?nPVK_ID=0&vST_DT=20.12.2022%2009:09:13&vEND_DT=20.12.2022%2009:19:13 HTTP/1.1" 503 12947
194.226.162.30 - - [20/Dec/2022:09:20:17 +0500] "GET / HTTP/1.1" 302 -
212.33.243.160 - - [20/Dec/2022:09:20:19 +0500] "GET /ords/f?p=101:210:0:::::&tz=5:00 HTTP/1.1" 503 12947
195.222.149.195 - - [20/Dec/2022:09:20:30 +0500] "GET /ords/api.HTP_ASPVK_DATA?nPVK_ID=0&vST_DT=20.12.2022%2007:13:14&vEND_DT=20.12.2022%2007:23:14 HTTP/1.1" 503 12947
81.4.234.170 - - [20/Dec/2022:09:20:30 +0500] "GET / HTTP/1.1" 302 -
81.4.234.170 - - [20/Dec/2022:09:20:33 +0500] "GET /ords/f?p=101:210 HTTP/1.1" 503 12947
46.146.210.91 - - [20/Dec/2022:09:20:48 +0500] "GET /ords/api.HTP_ASPVK_DATA?nPVK_ID=0&vST_DT=20.12.2022%2009:10:43&vEND_DT=20.12.2022%2009:20:43 HTTP/1.1" 503 12947
194.226.162.30 - - [20/Dec/2022:09:20:55 +0500] "GET /ords/f?p=101:210 HTTP/1.1" 503 12947
195.222.149.195 - - [20/Dec/2022:09:21:00 +0500] "GET /ords/api.HTP_ASPVK_DATA?nPVK_ID=0&vST_DT=20.12.2022%2007:13:44&vEND_DT=20.12.2022%2007:23:44 HTTP/1.1" 503 12947
194.226.162.30 - - [20/Dec/2022:09:21:06 +0500] "GET /ords/f?p=101:210 HTTP/1.1" 503 12947
173.214.175.178 - - [20/Dec/2022:09:21:06 +0500] "CONNECT cloudflare.com:443 HTTP/1.1" 400 -
194.226.162.30 - - [20/Dec/2022:09:21:10 +0500] "GET /ords/f?p=101:1:6002046056955:::::&tz=5:00 HTTP/1.1" 503 12947
46.146.210.91 - - [20/Dec/2022:09:21:18 +0500] "GET /ords/api.HTP_ASPVK_DATA?nPVK_ID=0&vST_DT=20.12.2022%2009:11:13&vEND_DT=20.12.2022%2009:21:13 HTTP/1.1" 503 12947
194.226.162.30 - - [20/Dec/2022:09:21:21 +0500] "GET /ords/f?p=101:210 HTTP/1.1" 503 12947
178.161.254.155 - - [20/Dec/2022:09:21:32 +0500] "GET /ords/r/r/files/static/v74Y/favicon.ico HTTP/1.1" 404 13132
194.226.162.30 - - [20/Dec/2022:09:21:35 +0500] "GET /ords/f?p=101:210 HTTP/1.1" 503 12947
46.146.210.91 - - [20/Dec/2022:09:21:47 +0500] "GET /ords/api.HTP_ASPVK_DATA?nPVK_ID=0&vST_DT=20.12.2022%2009:11:43&vEND_DT=20.12.2022%2009:21:43 HTTP/1.1" 503 12947
178.161.254.155 - - [20/Dec/2022:09:21:50 +0500] "GET /ords/f?p=147:1:16696102563895:::: HTTP/1.1" 503 12947
178.161.254.155 - - [20/Dec/2022:09:21:50 +0500] "GET /favicon.ico HTTP/1.1" 200 21630
195.222.149.195 - - [20/Dec/2022:09:21:58 +0500] "GET /ords/api.HTP_ASPVK_DATA?nPVK_ID=0&vST_DT=20.12.2022%2007:14:14&vEND_DT=20.12.2022%2007:24:14 HTTP/1.1" 503 12947
178.161.254.155 - - [20/Dec/2022:09:22:14 +0500] "GET /ords/f?p=147:1:16696102563895:::: HTTP/1.1" 503 12947
46.146.210.91 - - [20/Dec/2022:09:22:17 +0500] "GET /ords/api.HTP_ASPVK_DATA?nPVK_ID=0&vST_DT=20.12.2022%2009:12:13&vEND_DT=20.12.2022%2009:22:13 HTTP/1.1" 503 12947
195.222.149.195 - - [20/Dec/2022:09:22:30 +0500] "GET /ords/api.HTP_ASPVK_DATA?nPVK_ID=0&vST_DT=20.12.2022%2007:15:14&vEND_DT=20.12.2022%2007:25:14 HTTP/1.1" 503 12947
81.4.234.170 - - [20/Dec/2022:09:23:00 +0500] "GET / HTTP/1.1" 302 -
81.4.234.170 - - [20/Dec/2022:09:23:10 +0500] "GET /ords/f?p=101:210 HTTP/1.1" 503 12947
46.146.210.91 - - [20/Dec/2022:09:23:18 +0500] "GET /ords/api.HTP_ASPVK_DATA?nPVK_ID=0&vST_DT=20.12.2022%2009:12:43&vEND_DT=20.12.2022%2009:22:43 HTTP/1.1" 503 12947
46.146.210.91 - - [20/Dec/2022:09:23:49 +0500] "GET /ords/api.HTP_ASPVK_DATA?nPVK_ID=0&vST_DT=20.12.2022%2009:13:43&vEND_DT=20.12.2022%2009:23:43 HTTP/1.1" 503 12947
85.140.12.222 - - [20/Dec/2022:09:24:01 +0500] "GET /ords/f?p=101:210 HTTP/1.1" 503 12947
195.222.149.195 - - [20/Dec/2022:09:24:01 +0500] "GET /ords/api.HTP_ASPVK_DATA?nPVK_ID=0&vST_DT=20.12.2022%2007:15:44&vEND_DT=20.12.2022%2007:25:44 HTTP/1.1" 503 12947
195.222.149.195 - - [20/Dec/2022:09:24:03 +0500] "GET /ords/api.HTP_ASPVK_DATA?nPVK_ID=0&vST_DT=19.12.2022%2007:26:46&vEND_DT=20.12.2022%2007:26:46 HTTP/1.1" 503 12947
85.140.12.222 - - [20/Dec/2022:09:24:24 +0500] "GET / HTTP/1.1" 302 -
85.140.12.222 - - [20/Dec/2022:09:24:27 +0500] "GET /ords/f?p=101:210 HTTP/1.1" 503 12947
195.222.149.195 - - [20/Dec/2022:09:24:35 +0500] "GET /ords/api.HTP_ASPVK_DATA?nPVK_ID=0&vST_DT=20.12.2022%2007:17:14&vEND_DT=20.12.2022%2007:27:14 HTTP/1.1" 503 12947
46.146.220.195 - - [20/Dec/2022:09:25:01 +0500] "GET /ords/f?p=137:2:17377877384142::NO:::&success_msg=xODt7fvlIOjn7OXt5e37Lg%7E%7E%2FkrOwBaLb-nZDXAaALv9iIxrLPCRSIByIx8GfEZF4eFOzsZSHNWEGO_F_Cudv5kn-p3fUrlOeEe1XeeV-pbRLIg HTTP/1.1" 503 12947
46.146.210.91 - - [20/Dec/2022:09:25:17 +0500] "GET /ords/api.HTP_ASPVK_DATA?nPVK_ID=0&vST_DT=20.12.2022%2009:14:13&vEND_DT=20.12.2022%2009:24:13 HTTP/1.1" 503 12947
85.140.12.222 - - [20/Dec/2022:09:25:31 +0500] "GET / HTTP/1.1" 302 -
85.140.12.222 - - [20/Dec/2022:09:25:35 +0500] "GET /ords/f?p=101:210 HTTP/1.1" 503 12947
46.146.220.195 - - [20/Dec/2022:09:25:38 +0500] "GET /ords/f?p=101:210:0:&tz=5:00 HTTP/1.1" 503 12947
81.4.234.225 - - [20/Dec/2022:09:25:46 +0500] "GET /ords/f?p=101:210:0:::::&tz=5:00 HTTP/1.1" 503 12947
46.146.210.91 - - [20/Dec/2022:09:25:49 +0500] "GET /ords/api.HTP_ASPVK_DATA?nPVK_ID=0&vST_DT=20.12.2022%2009:15:44&vEND_DT=20.12.2022%2009:25:44 HTTP/1.1" 503 12947
85.140.12.222 - - [20/Dec/2022:09:25:52 +0500] "GET /ords/f?p=101:210 HTTP/1.1" 503 12947
46.146.220.195 - - [20/Dec/2022:09:25:58 +0500] "GET /ords/f?p=137:38:17377877384142::NO::: HTTP/1.1" 503 12947
195.222.149.195 - - [20/Dec/2022:09:26:01 +0500] "GET /ords/api.HTP_ASPVK_DATA?nPVK_ID=0&vST_DT=20.12.2022%2007:17:44&vEND_DT=20.12.2022%2007:27:44 HTTP/1.1" 503 12947
85.140.12.222 - - [20/Dec/2022:09:26:07 +0500] "GET /ords/f?p=101:210 HTTP/1.1" 503 12947
46.146.210.91 - - [20/Dec/2022:09:26:18 +0500] "GET /ords/api.HTP_ASPVK_DATA?nPVK_ID=0&vST_DT=20.12.2022%2009:16:14&vEND_DT=20.12.2022%2009:26:14 HTTP/1.1" 503 12947
195.222.149.195 - - [20/Dec/2022:09:26:31 +0500] "GET /ords/api.HTP_ASPVK_DATA?nPVK_ID=0&vST_DT=20.12.2022%2007:19:14&vEND_DT=20.12.2022%2007:29:14 HTTP/1.1" 503 12947
194.226.162.30 - - [20/Dec/2022:09:26:47 +0500] "GET /ords/f?p=101:1:6002046056955:::::&tz=5:00 HTTP/1.1" 503 12947
46.146.210.91 - - [20/Dec/2022:09:26:50 +0500] "GET /ords/api.HTP_ASPVK_DATA?nPVK_ID=0&vST_DT=20.12.2022%2009:16:44&vEND_DT=20.12.2022%2009:26:44 HTTP/1.1" 503 12947
178.46.184.35 - - [20/Dec/2022:09:26:56 +0500] "GET / HTTP/1.1" 302 -
81.4.234.170 - - [20/Dec/2022:09:26:59 +0500] "GET / HTTP/1.1" 302 -
195.222.149.195 - - [20/Dec/2022:09:27:13 +0500] "GET /ords/api.HTP_ASPVK_DATA?nPVK_ID=0&vST_DT=20.12.2022%2007:19:44&vEND_DT=20.12.2022%2007:29:44 HTTP/1.1" 503 12947
46.146.210.91 - - [20/Dec/2022:09:27:19 +0500] "GET /ords/api.HTP_ASPVK_DATA?nPVK_ID=0&vST_DT=20.12.2022%2009:17:14&vEND_DT=20.12.2022%2009:27:14 HTTP/1.1" 503 12947
178.161.254.155 - - [20/Dec/2022:09:27:37 +0500] "GET / HTTP/1.1" 302 -
195.222.149.195 - - [20/Dec/2022:09:27:41 +0500] "GET /ords/api.HTP_ASPVK_DATA?nPVK_ID=0&vST_DT=20.12.2022%2007:20:24&vEND_DT=20.12.2022%2007:30:24 HTTP/1.1" 503 12947
178.161.254.155 - - [20/Dec/2022:09:27:41 +0500] "GET /ords/f?p=101:210 HTTP/1.1" 503 12947
46.146.210.91 - - [20/Dec/2022:09:27:49 +0500] "GET /ords/api.HTP_ASPVK_DATA?nPVK_ID=0&vST_DT=20.12.2022%2009:17:44&vEND_DT=20.12.2022%2009:27:44 HTTP/1.1" 503 12947
178.161.254.155 - - [20/Dec/2022:09:27:55 +0500] "GET /ords/f?p=101:210 HTTP/1.1" 503 12947
178.46.184.35 - - [20/Dec/2022:09:27:59 +0500] "GET /ords/f?p=101:210 HTTP/1.1" 503 12947
81.4.234.170 - - [20/Dec/2022:09:28:03 +0500] "GET /ords/f?p=101:210 HTTP/1.1" 503 12947
85.140.12.222 - - [20/Dec/2022:09:28:04 +0500] "GET / HTTP/1.1" 302 -
85.140.12.222 - - [20/Dec/2022:09:28:09 +0500] "GET /ords/f?p=101:210 HTTP/1.1" 503 12947
46.146.210.91 - - [20/Dec/2022:09:28:19 +0500] "GET /ords/api.HTP_ASPVK_DATA?nPVK_ID=0&vST_DT=20.12.2022%2009:18:14&vEND_DT=20.12.2022%2009:28:14 HTTP/1.1" 503 12947
195.222.149.195 - - [20/Dec/2022:09:28:22 +0500] "GET /ords/api.HTP_ASPVK_DATA?nPVK_ID=0&vST_DT=20.12.2022%2007:20:54&vEND_DT=20.12.2022%2007:30:54 HTTP/1.1" 503 12947
85.140.12.222 - - [20/Dec/2022:09:28:22 +0500] "GET /ords/f?p=101:210 HTTP/1.1" 503 12947
188.17.152.148 - - [20/Dec/2022:09:28:30 +0500] "GET /ords/f?p=101:210:0:&tz=3:00 HTTP/1.1" 503 12947
5.140.77.159 - - [20/Dec/2022:09:28:47 +0500] "GET /ords/f?p=101:210:0:::::&tz=5:00 HTTP/1.1" 503 12947
195.222.149.195 - - [20/Dec/2022:09:28:50 +0500] "GET /ords/api.HTP_ASPVK_DATA?nPVK_ID=0&vST_DT=20.12.2022%2007:21:34&vEND_DT=20.12.2022%2007:31:34 HTTP/1.1" 503 12947
81.4.234.170 - - [20/Dec/2022:09:29:07 +0500] "GET / HTTP/1.1" 302 -
81.4.234.170 - - [20/Dec/2022:09:29:12 +0500] "GET /ords/f?p=101:210 HTTP/1.1" 503 12947
46.146.210.91 - - [20/Dec/2022:09:29:17 +0500] "GET /ords/api.HTP_ASPVK_DATA?nPVK_ID=0&vST_DT=20.12.2022%2009:18:44&vEND_DT=20.12.2022%2009:28:44 HTTP/1.1" 503 12947
46.146.210.91 - - [20/Dec/2022:09:29:49 +0500] "GET /ords/api.HTP_ASPVK_DATA?nPVK_ID=0&vST_DT=20.12.2022%2009:19:44&vEND_DT=20.12.2022%2009:29:44 HTTP/1.1" 503 12947
46.146.210.91 - - [20/Dec/2022:09:30:18 +0500] "GET /ords/api.HTP_ASPVK_DATA?nPVK_ID=0&vST_DT=20.12.2022%2009:20:14&vEND_DT=20.12.2022%2009:30:14 HTTP/1.1" 503 12947
195.222.149.195 - - [20/Dec/2022:09:30:20 +0500] "GET /ords/api.HTP_ASPVK_DATA?nPVK_ID=0&vST_DT=20.12.2022%2007:22:04&vEND_DT=20.12.2022%2007:32:04 HTTP/1.1" 503 12947
194.226.162.30 - - [20/Dec/2022:09:30:24 +0500] "GET /ords/f?p=101:1:11815898345856:::::&tz=5:00 HTTP/1.1" 503 12947
81.177.200.238 - - [20/Dec/2022:09:30:46 +0500] "GET / HTTP/1.1" 302 -
81.177.200.238 - - [20/Dec/2022:09:30:47 +0500] "GET / HTTP/1.1" 302 -
195.222.149.195 - - [20/Dec/2022:09:30:51 +0500] "GET /ords/api.HTP_ASPVK_DATA?nPVK_ID=0&vST_DT=20.12.2022%2007:23:34&vEND_DT=20.12.2022%2007:33:34 HTTP/1.1" 503 12947
194.226.162.30 - - [20/Dec/2022:09:31:02 +0500] "GET /ords/f?p=101:210:0:&tz=5:00 HTTP/1.1" 503 12947
46.146.210.91 - - [20/Dec/2022:09:31:17 +0500] "GET /ords/api.HTP_ASPVK_DATA?nPVK_ID=0&vST_DT=20.12.2022%2009:20:44&vEND_DT=20.12.2022%2009:30:44 HTTP/1.1" 503 12947
85.140.12.222 - - [20/Dec/2022:09:31:25 +0500] "GET / HTTP/1.1" 302 -
81.4.234.225 - - [20/Dec/2022:09:31:29 +0500] "GET /ords/f?p=101:210:0:::::&tz=5:00 HTTP/1.1" 503 12947
192.241.207.136 - - [20/Dec/2022:09:31:42 +0500] "GET / HTTP/1.1" 302 -
194.226.162.30 - - [20/Dec/2022:09:31:43 +0500] "GET /ords/f?p=101:210:0:&tz=5:00 HTTP/1.1" 503 12947
46.146.210.91 - - [20/Dec/2022:09:31:49 +0500] "GET /ords/api.HTP_ASPVK_DATA?nPVK_ID=0&vST_DT=20.12.2022%2009:21:44&vEND_DT=20.12.2022%2009:31:44 HTTP/1.1" 503 12947
194.226.162.30 - - [20/Dec/2022:09:32:10 +0500] "GET /ords/f?p=101:210 HTTP/1.1" 503 12947
46.146.210.91 - - [20/Dec/2022:09:32:18 +0500] "GET /ords/api.HTP_ASPVK_DATA?nPVK_ID=0&vST_DT=20.12.2022%2009:22:14&vEND_DT=20.12.2022%2009:32:14 HTTP/1.1" 503 12947
195.222.149.195 - - [20/Dec/2022:09:32:23 +0500] "GET /ords/api.HTP_ASPVK_DATA?nPVK_ID=0&vST_DT=20.12.2022%2007:24:04&vEND_DT=20.12.2022%2007:34:04 HTTP/1.1" 503 12947
85.140.12.222 - - [20/Dec/2022:09:32:28 +0500] "GET /ords/f?p=101:210 HTTP/1.1" 503 12947
194.226.162.30 - - [20/Dec/2022:09:32:37 +0500] "GET /ords/f?p=101:1:6002046056955:::::&tz=5:00 HTTP/1.1" 503 12947
46.146.210.91 - - [20/Dec/2022:09:32:48 +0500] "GET /ords/api.HTP_ASPVK_DATA?nPVK_ID=0&vST_DT=20.12.2022%2009:22:44&vEND_DT=20.12.2022%2009:32:44 HTTP/1.1" 503 12947
195.222.149.195 - - [20/Dec/2022:09:32:52 +0500] "GET /ords/api.HTP_ASPVK_DATA?nPVK_ID=0&vST_DT=20.12.2022%2007:25:35&vEND_DT=20.12.2022%2007:35:35 HTTP/1.1" 503 12947
81.4.234.225 - - [20/Dec/2022:09:32:58 +0500] "GET /ords/f?p=101:210:0:::::&tz=5:00 HTTP/1.1" 503 12947
195.222.149.195 - - [20/Dec/2022:09:33:21 +0500] "GET /ords/api.HTP_ASPVK_DATA?nPVK_ID=0&vST_DT=20.12.2022%2007:26:05&vEND_DT=20.12.2022%2007:36:05 HTTP/1.1" 503 12947
194.226.162.30 - - [20/Dec/2022:09:33:28 +0500] "GET /ords/f?p=101:210:0:&tz=5:00 HTTP/1.1" 503 12947
195.222.149.195 - - [20/Dec/2022:09:33:51 +0500] "GET /ords/api.HTP_ASPVK_DATA?nPVK_ID=0&vST_DT=20.12.2022%2007:26:35&vEND_DT=20.12.2022%2007:36:35 HTTP/1.1" 503 12947
46.146.210.91 - - [20/Dec/2022:09:34:18 +0500] "GET /ords/api.HTP_ASPVK_DATA?nPVK_ID=0&vST_DT=20.12.2022%2009:23:14&vEND_DT=20.12.2022%2009:33:14 HTTP/1.1" 503 12947
119.201.12.203 - - [20/Dec/2022:09:34:20 +0500] "POST /tmUnblock.cgi HTTP/1.1" 404 1020
195.222.149.195 - - [20/Dec/2022:09:34:21 +0500] "GET /ords/api.HTP_ASPVK_DATA?nPVK_ID=0&vST_DT=20.12.2022%2007:27:05&vEND_DT=20.12.2022%2007:37:05 HTTP/1.1" 503 12947
81.4.234.170 - - [20/Dec/2022:09:34:23 +0500] "GET / HTTP/1.1" 302 -
81.4.234.170 - - [20/Dec/2022:09:34:28 +0500] "GET /ords/f?p=101:210 HTTP/1.1" 503 12947
46.146.210.91 - - [20/Dec/2022:09:34:50 +0500] "GET /ords/api.HTP_ASPVK_DATA?nPVK_ID=0&vST_DT=20.12.2022%2009:24:44&vEND_DT=20.12.2022%2009:34:44 HTTP/1.1" 503 12947
66.249.77.29 - - [20/Dec/2022:09:35:00 +0500] "GET / HTTP/1.1" 302 -
194.226.162.30 - - [20/Dec/2022:09:35:03 +0500] "GET /ords/f?p=101:1:6002046056955:::::&tz=5:00 HTTP/1.1" 503 12947
66.249.77.29 - - [20/Dec/2022:09:35:16 +0500] "GET /ords/f?p=101:210 HTTP/1.1" 503 12947
46.146.210.91 - - [20/Dec/2022:09:35:19 +0500] "GET /ords/api.HTP_ASPVK_DATA?nPVK_ID=0&vST_DT=20.12.2022%2009:25:14&vEND_DT=20.12.2022%2009:35:14 HTTP/1.1" 503 12947
66.249.77.31 - - [20/Dec/2022:09:35:28 +0500] "GET / HTTP/1.1" 302 -
66.249.77.31 - - [20/Dec/2022:09:35:30 +0500] "GET / HTTP/1.1" 302 -
66.249.77.29 - - [20/Dec/2022:09:35:36 +0500] "GET /ords/f?p=101:210 HTTP/1.1" 503 12947
66.249.77.29 - - [20/Dec/2022:09:35:40 +0500] "GET /ords/f?p=101:210 HTTP/1.1" 503 12947
66.249.77.29 - - [20/Dec/2022:09:35:41 +0500] "GET /favicon.ico HTTP/1.1" 200 21630
46.146.210.91 - - [20/Dec/2022:09:35:51 +0500] "GET /ords/api.HTP_ASPVK_DATA?nPVK_ID=0&vST_DT=20.12.2022%2009:25:44&vEND_DT=20.12.2022%2009:35:44 HTTP/1.1" 503 12947
195.222.149.195 - - [20/Dec/2022:09:35:53 +0500] "GET /ords/api.HTP_ASPVK_DATA?nPVK_ID=0&vST_DT=20.12.2022%2007:27:35&vEND_DT=20.12.2022%2007:37:35 HTTP/1.1" 503 12947
81.4.234.170 - - [20/Dec/2022:09:36:16 +0500] "GET / HTTP/1.1" 302 -
46.146.210.91 - - [20/Dec/2022:09:36:18 +0500] "GET /ords/api.HTP_ASPVK_DATA?nPVK_ID=0&vST_DT=20.12.2022%2009:26:14&vEND_DT=20.12.2022%2009:36:14 HTTP/1.1" 503 12947
81.4.234.170 - - [20/Dec/2022:09:36:31 +0500] "GET /ords/f?p=101:210 HTTP/1.1" 503 12947
51.159.64.143 - - [20/Dec/2022:09:36:46 +0500] "POST /boaform/admin/formLogin HTTP/1.1" 404 1040
46.146.210.91 - - [20/Dec/2022:09:36:48 +0500] "GET /ords/api.HTP_ASPVK_DATA?nPVK_ID=0&vST_DT=20.12.2022%2009:26:44&vEND_DT=20.12.2022%2009:36:44 HTTP/1.1" 503 12947
66.249.77.29 - - [20/Dec/2022:09:36:54 +0500] "GET /ords/r/r/files/static/v74Y/Z_TECHNO_FAV.ico HTTP/1.1" 404 13132
66.249.77.31 - - [20/Dec/2022:09:36:55 +0500] "GET /favicon.ico HTTP/1.1" 200 21630
46.146.210.91 - - [20/Dec/2022:09:37:20 +0500] "GET /ords/api.HTP_ASPVK_DATA?nPVK_ID=0&vST_DT=20.12.2022%2009:27:14&vEND_DT=20.12.2022%2009:37:14 HTTP/1.1" 503 12947
195.222.149.195 - - [20/Dec/2022:09:37:21 +0500] "GET /ords/api.HTP_ASPVK_DATA?nPVK_ID=0&vST_DT=20.12.2022%2007:29:05&vEND_DT=20.12.2022%2007:39:05 HTTP/1.1" 503 12947
46.146.222.133 - - [20/Dec/2022:09:37:35 +0500] "GET /ords/f?p=101:210:0:&tz=5:00 HTTP/1.1" 503 12947
212.33.229.110 - - [20/Dec/2022:09:37:39 +0500] "GET / HTTP/1.1" 302 -
212.33.229.110 - - [20/Dec/2022:09:37:42 +0500] "GET /ords/f?p=101:210 HTTP/1.1" 503 12947
188.17.152.148 - - [20/Dec/2022:09:38:11 +0500] "GET /ords/f?p=101:210:0:&tz=3:00 HTTP/1.1" 503 12947
195.222.149.195 - - [20/Dec/2022:09:38:21 +0500] "GET /ords/api.HTP_ASPVK_DATA?nPVK_ID=0&vST_DT=20.12.2022%2007:30:35&vEND_DT=20.12.2022%2007:40:35 HTTP/1.1" 503 12947
81.4.234.170 - - [20/Dec/2022:09:38:32 +0500] "GET / HTTP/1.1" 302 -
194.226.162.30 - - [20/Dec/2022:09:38:35 +0500] "GET /ords/f?p=101:1:6002046056955:::::&tz=5:00 HTTP/1.1" 503 12947
188.17.152.148 - - [20/Dec/2022:09:38:38 +0500] "GET /ords/f?p=101:210:0:&tz=3:00 HTTP/1.1" 503 12947
81.4.234.170 - - [20/Dec/2022:09:38:41 +0500] "GET /ords/f?p=101:210 HTTP/1.1" 503 12947
188.17.152.148 - - [20/Dec/2022:09:38:45 +0500] "GET /ords/f?p=101:210:0:&tz=3:00 HTTP/1.1" 503 12947
46.146.210.91 - - [20/Dec/2022:09:38:50 +0500] "GET /ords/api.HTP_ASPVK_DATA?nPVK_ID=0&vST_DT=20.12.2022%2009:27:44&vEND_DT=20.12.2022%2009:37:44 HTTP/1.1" 503 12947
