195.222.149.195 - - [17/Dec/2022:00:00:06 +0500] "GET /ords/api.HTP_ASPVK_DATA?nPVK_ID=0&vST_DT=16.12.2022%2021:52:46&vEND_DT=16.12.2022%2022:02:46 HTTP/1.1" 200 81843
46.146.210.91 - - [17/Dec/2022:00:00:10 +0500] "GET /ords/api.HTP_ASPVK_DATA?nPVK_ID=0&vST_DT=16.12.2022%2023:50:08&vEND_DT=17.12.2022%2000:00:08 HTTP/1.1" 200 40120
195.222.149.195 - - [17/Dec/2022:00:00:12 +0500] "GET /ords/api.HTP_ASPVK_DATA?nPVK_ID=0&vST_DT=16.12.2022%2021:52:56&vEND_DT=16.12.2022%2022:02:56 HTTP/1.1" 200 83381
46.146.210.91 - - [17/Dec/2022:00:00:20 +0500] "GET /ords/api.HTP_ASPVK_DATA?nPVK_ID=0&vST_DT=16.12.2022%2023:50:18&vEND_DT=17.12.2022%2000:00:18 HTTP/1.1" 200 40120
195.222.149.195 - - [17/Dec/2022:00:00:22 +0500] "GET /ords/api.HTP_ASPVK_DATA?nPVK_ID=0&vST_DT=16.12.2022%2021:53:06&vEND_DT=16.12.2022%2022:03:06 HTTP/1.1" 200 81429
46.146.210.91 - - [17/Dec/2022:00:00:29 +0500] "GET /ords/api.HTP_ASPVK_DATA?nPVK_ID=0&vST_DT=16.12.2022%2023:50:28&vEND_DT=17.12.2022%2000:00:28 HTTP/1.1" 200 42835
195.222.149.195 - - [17/Dec/2022:00:00:32 +0500] "GET /ords/api.HTP_ASPVK_DATA?nPVK_ID=0&vST_DT=16.12.2022%2021:53:16&vEND_DT=16.12.2022%2022:03:16 HTTP/1.1" 200 76204
46.146.210.91 - - [17/Dec/2022:00:00:40 +0500] "GET /ords/api.HTP_ASPVK_DATA?nPVK_ID=0&vST_DT=16.12.2022%2023:50:38&vEND_DT=17.12.2022%2000:00:38 HTTP/1.1" 200 47036
195.222.149.195 - - [17/Dec/2022:00:00:42 +0500] "GET /ords/api.HTP_ASPVK_DATA?nPVK_ID=0&vST_DT=16.12.2022%2021:53:26&vEND_DT=16.12.2022%2022:03:26 HTTP/1.1" 200 77735
31.162.4.241 - - [17/Dec/2022:00:00:44 +0500] "POST /ords/wwv_flow.accept HTTP/1.1" 302 5
46.146.210.91 - - [17/Dec/2022:00:00:50 +0500] "GET /ords/api.HTP_ASPVK_DATA?nPVK_ID=0&vST_DT=16.12.2022%2023:50:48&vEND_DT=17.12.2022%2000:00:48 HTTP/1.1" 200 47036
195.222.149.195 - - [17/Dec/2022:00:00:52 +0500] "GET /ords/api.HTP_ASPVK_DATA?nPVK_ID=0&vST_DT=16.12.2022%2021:53:36&vEND_DT=16.12.2022%2022:03:36 HTTP/1.1" 200 77735
46.146.210.91 - - [17/Dec/2022:00:01:00 +0500] "GET /ords/api.HTP_ASPVK_DATA?nPVK_ID=0&vST_DT=16.12.2022%2023:50:58&vEND_DT=17.12.2022%2000:00:58 HTTP/1.1" 200 47036
195.222.149.195 - - [17/Dec/2022:00:01:04 +0500] "GET /ords/api.HTP_ASPVK_DATA?nPVK_ID=0&vST_DT=16.12.2022%2021:53:46&vEND_DT=16.12.2022%2022:03:46 HTTP/1.1" 200 77733
46.146.210.91 - - [17/Dec/2022:00:01:11 +0500] "GET /ords/api.HTP_ASPVK_DATA?nPVK_ID=0&vST_DT=16.12.2022%2023:51:09&vEND_DT=17.12.2022%2000:01:09 HTTP/1.1" 200 43982
195.222.149.195 - - [17/Dec/2022:00:01:13 +0500] "GET /ords/api.HTP_ASPVK_DATA?nPVK_ID=0&vST_DT=16.12.2022%2021:53:56&vEND_DT=16.12.2022%2022:03:56 HTTP/1.1" 200 79251
46.146.210.91 - - [17/Dec/2022:00:01:20 +0500] "GET /ords/api.HTP_ASPVK_DATA?nPVK_ID=0&vST_DT=16.12.2022%2023:51:19&vEND_DT=17.12.2022%2000:01:19 HTTP/1.1" 200 43982
195.222.149.195 - - [17/Dec/2022:00:01:22 +0500] "GET /ords/api.HTP_ASPVK_DATA?nPVK_ID=0&vST_DT=16.12.2022%2021:54:06&vEND_DT=16.12.2022%2022:04:06 HTTP/1.1" 200 77736
31.162.4.241 - - [17/Dec/2022:00:01:28 +0500] "GET /ords/f?p=137:2:4584770905877::NO:::&success_msg=xODt7fvlIOjn7OXt5e37Lg%7E%7E%2FbTp6fw5c6ccYJnAhXuCTGttta751kuUdjMR9ENz8ZDJ-jUnr0tGpE-LUz9xHyzFzmT23nng-zgenU2EbvqULnQ HTTP/1.1" 200 107797
31.162.4.241 - - [17/Dec/2022:00:01:29 +0500] "POST /ords/wwv_flow.ajax HTTP/1.1" 200 1575
46.146.210.91 - - [17/Dec/2022:00:01:30 +0500] "GET /ords/api.HTP_ASPVK_DATA?nPVK_ID=0&vST_DT=16.12.2022%2023:51:29&vEND_DT=17.12.2022%2000:01:29 HTTP/1.1" 200 43982
195.222.149.195 - - [17/Dec/2022:00:01:32 +0500] "GET /ords/api.HTP_ASPVK_DATA?nPVK_ID=0&vST_DT=16.12.2022%2021:54:16&vEND_DT=16.12.2022%2022:04:16 HTTP/1.1" 200 77736
31.162.4.241 - - [17/Dec/2022:00:01:37 +0500] "GET /ords/f?p=137:4:4584770905877::NO::P4_ID:116033 HTTP/1.1" 200 290260
46.146.210.91 - - [17/Dec/2022:00:01:40 +0500] "GET /ords/api.HTP_ASPVK_DATA?nPVK_ID=0&vST_DT=16.12.2022%2023:51:39&vEND_DT=17.12.2022%2000:01:39 HTTP/1.1" 200 42469
195.222.149.195 - - [17/Dec/2022:00:01:42 +0500] "GET /ords/api.HTP_ASPVK_DATA?nPVK_ID=0&vST_DT=16.12.2022%2021:54:26&vEND_DT=16.12.2022%2022:04:26 HTTP/1.1" 200 77308
46.146.210.91 - - [17/Dec/2022:00:01:49 +0500] "GET /ords/api.HTP_ASPVK_DATA?nPVK_ID=0&vST_DT=16.12.2022%2023:51:49&vEND_DT=17.12.2022%2000:01:49 HTTP/1.1" 200 39177
195.222.149.195 - - [17/Dec/2022:00:01:52 +0500] "GET /ords/api.HTP_ASPVK_DATA?nPVK_ID=0&vST_DT=16.12.2022%2021:54:36&vEND_DT=16.12.2022%2022:04:36 HTTP/1.1" 200 80258
46.146.210.91 - - [17/Dec/2022:00:02:00 +0500] "GET /ords/api.HTP_ASPVK_DATA?nPVK_ID=0&vST_DT=16.12.2022%2023:51:59&vEND_DT=17.12.2022%2000:01:59 HTTP/1.1" 200 37663
195.222.149.195 - - [17/Dec/2022:00:02:02 +0500] "GET /ords/api.HTP_ASPVK_DATA?nPVK_ID=0&vST_DT=16.12.2022%2021:54:46&vEND_DT=16.12.2022%2022:04:46 HTTP/1.1" 200 81774
46.146.210.91 - - [17/Dec/2022:00:02:09 +0500] "GET /ords/api.HTP_ASPVK_DATA?nPVK_ID=0&vST_DT=16.12.2022%2023:52:09&vEND_DT=17.12.2022%2000:02:09 HTTP/1.1" 200 36148
195.222.149.195 - - [17/Dec/2022:00:02:12 +0500] "GET /ords/api.HTP_ASPVK_DATA?nPVK_ID=0&vST_DT=16.12.2022%2021:54:56&vEND_DT=16.12.2022%2022:04:56 HTTP/1.1" 200 81774
46.146.210.91 - - [17/Dec/2022:00:02:19 +0500] "GET /ords/api.HTP_ASPVK_DATA?nPVK_ID=0&vST_DT=16.12.2022%2023:52:19&vEND_DT=17.12.2022%2000:02:19 HTTP/1.1" 200 36148
195.222.149.195 - - [17/Dec/2022:00:02:22 +0500] "GET /ords/api.HTP_ASPVK_DATA?nPVK_ID=0&vST_DT=16.12.2022%2021:55:06&vEND_DT=16.12.2022%2022:05:06 HTTP/1.1" 200 81774
46.146.210.91 - - [17/Dec/2022:00:02:29 +0500] "GET /ords/api.HTP_ASPVK_DATA?nPVK_ID=0&vST_DT=16.12.2022%2023:52:29&vEND_DT=17.12.2022%2000:02:29 HTTP/1.1" 200 36148
195.222.149.195 - - [17/Dec/2022:00:02:32 +0500] "GET /ords/api.HTP_ASPVK_DATA?nPVK_ID=0&vST_DT=16.12.2022%2021:55:16&vEND_DT=16.12.2022%2022:05:16 HTTP/1.1" 200 83295
46.146.210.91 - - [17/Dec/2022:00:02:39 +0500] "GET /ords/api.HTP_ASPVK_DATA?nPVK_ID=0&vST_DT=16.12.2022%2023:52:39&vEND_DT=17.12.2022%2000:02:39 HTTP/1.1" 200 36148
195.222.149.195 - - [17/Dec/2022:00:02:42 +0500] "GET /ords/api.HTP_ASPVK_DATA?nPVK_ID=0&vST_DT=16.12.2022%2021:55:26&vEND_DT=16.12.2022%2022:05:26 HTTP/1.1" 200 77784
46.146.210.91 - - [17/Dec/2022:00:02:50 +0500] "GET /ords/api.HTP_ASPVK_DATA?nPVK_ID=0&vST_DT=16.12.2022%2023:52:49&vEND_DT=17.12.2022%2000:02:49 HTTP/1.1" 200 36148
195.222.149.195 - - [17/Dec/2022:00:02:52 +0500] "GET /ords/api.HTP_ASPVK_DATA?nPVK_ID=0&vST_DT=16.12.2022%2021:55:36&vEND_DT=16.12.2022%2022:05:36 HTTP/1.1" 200 76270
46.146.210.91 - - [17/Dec/2022:00:03:00 +0500] "GET /ords/api.HTP_ASPVK_DATA?nPVK_ID=0&vST_DT=16.12.2022%2023:52:59&vEND_DT=17.12.2022%2000:02:59 HTTP/1.1" 200 34617
195.222.149.195 - - [17/Dec/2022:00:03:02 +0500] "GET /ords/api.HTP_ASPVK_DATA?nPVK_ID=0&vST_DT=16.12.2022%2021:55:46&vEND_DT=16.12.2022%2022:05:46 HTTP/1.1" 200 76270
46.146.210.91 - - [17/Dec/2022:00:03:10 +0500] "GET /ords/api.HTP_ASPVK_DATA?nPVK_ID=0&vST_DT=16.12.2022%2023:53:09&vEND_DT=17.12.2022%2000:03:09 HTTP/1.1" 200 39179
31.162.4.241 - - [17/Dec/2022:00:03:10 +0500] "POST /ords/wwv_flow.ajax HTTP/1.1" 200 39
31.162.4.241 - - [17/Dec/2022:00:03:12 +0500] "POST /ords/wwv_flow.accept HTTP/1.1" 302 5
195.222.149.195 - - [17/Dec/2022:00:03:12 +0500] "GET /ords/api.HTP_ASPVK_DATA?nPVK_ID=0&vST_DT=16.12.2022%2021:55:56&vEND_DT=16.12.2022%2022:05:56 HTTP/1.1" 200 76282
31.162.4.241 - - [17/Dec/2022:00:03:19 +0500] "GET /ords/f?p=137:4:4584770905877::NO::: HTTP/1.1" 200 656777
46.146.210.91 - - [17/Dec/2022:00:03:19 +0500] "GET /ords/api.HTP_ASPVK_DATA?nPVK_ID=0&vST_DT=16.12.2022%2023:53:19&vEND_DT=17.12.2022%2000:03:19 HTTP/1.1" 200 39179
195.222.149.195 - - [17/Dec/2022:00:03:22 +0500] "GET /ords/api.HTP_ASPVK_DATA?nPVK_ID=0&vST_DT=16.12.2022%2021:56:06&vEND_DT=16.12.2022%2022:06:06 HTTP/1.1" 200 74764
46.146.210.91 - - [17/Dec/2022:00:03:29 +0500] "GET /ords/api.HTP_ASPVK_DATA?nPVK_ID=0&vST_DT=16.12.2022%2023:53:29&vEND_DT=17.12.2022%2000:03:29 HTTP/1.1" 200 34955
195.222.149.195 - - [17/Dec/2022:00:03:32 +0500] "GET /ords/api.HTP_ASPVK_DATA?nPVK_ID=0&vST_DT=16.12.2022%2021:56:16&vEND_DT=16.12.2022%2022:06:16 HTTP/1.1" 200 74754
46.146.210.91 - - [17/Dec/2022:00:03:40 +0500] "GET /ords/api.HTP_ASPVK_DATA?nPVK_ID=0&vST_DT=16.12.2022%2023:53:39&vEND_DT=17.12.2022%2000:03:39 HTTP/1.1" 200 34955
195.222.149.195 - - [17/Dec/2022:00:03:42 +0500] "GET /ords/api.HTP_ASPVK_DATA?nPVK_ID=0&vST_DT=16.12.2022%2021:56:26&vEND_DT=16.12.2022%2022:06:26 HTTP/1.1" 200 76269
46.146.210.91 - - [17/Dec/2022:00:03:49 +0500] "GET /ords/api.HTP_ASPVK_DATA?nPVK_ID=0&vST_DT=16.12.2022%2023:53:49&vEND_DT=17.12.2022%2000:03:49 HTTP/1.1" 200 32258
195.222.149.195 - - [17/Dec/2022:00:03:52 +0500] "GET /ords/api.HTP_ASPVK_DATA?nPVK_ID=0&vST_DT=16.12.2022%2021:56:36&vEND_DT=16.12.2022%2022:06:36 HTTP/1.1" 200 76269
46.146.210.91 - - [17/Dec/2022:00:03:59 +0500] "GET /ords/api.HTP_ASPVK_DATA?nPVK_ID=0&vST_DT=16.12.2022%2023:53:59&vEND_DT=17.12.2022%2000:03:59 HTTP/1.1" 200 32258
195.222.149.195 - - [17/Dec/2022:00:04:02 +0500] "GET /ords/api.HTP_ASPVK_DATA?nPVK_ID=0&vST_DT=16.12.2022%2021:56:46&vEND_DT=16.12.2022%2022:06:46 HTTP/1.1" 200 74753
31.162.4.241 - - [17/Dec/2022:00:04:03 +0500] "GET /ords/f?p=137:2:4584770905877::NO::: HTTP/1.1" 200 107907
31.162.4.241 - - [17/Dec/2022:00:04:04 +0500] "POST /ords/wwv_flow.ajax HTTP/1.1" 200 1575
46.146.210.91 - - [17/Dec/2022:00:04:09 +0500] "GET /ords/api.HTP_ASPVK_DATA?nPVK_ID=0&vST_DT=16.12.2022%2023:54:09&vEND_DT=17.12.2022%2000:04:09 HTTP/1.1" 200 32258
195.222.149.195 - - [17/Dec/2022:00:04:12 +0500] "GET /ords/api.HTP_ASPVK_DATA?nPVK_ID=0&vST_DT=16.12.2022%2021:56:56&vEND_DT=16.12.2022%2022:06:56 HTTP/1.1" 200 74753
46.146.210.91 - - [17/Dec/2022:00:04:19 +0500] "GET /ords/api.HTP_ASPVK_DATA?nPVK_ID=0&vST_DT=16.12.2022%2023:54:19&vEND_DT=17.12.2022%2000:04:19 HTTP/1.1" 200 30740
195.222.149.195 - - [17/Dec/2022:00:04:22 +0500] "GET /ords/api.HTP_ASPVK_DATA?nPVK_ID=0&vST_DT=16.12.2022%2021:57:06&vEND_DT=16.12.2022%2022:07:06 HTTP/1.1" 200 80852
46.146.210.91 - - [17/Dec/2022:00:04:29 +0500] "GET /ords/api.HTP_ASPVK_DATA?nPVK_ID=0&vST_DT=16.12.2022%2023:54:29&vEND_DT=17.12.2022%2000:04:29 HTTP/1.1" 200 29226
195.222.149.195 - - [17/Dec/2022:00:04:32 +0500] "GET /ords/api.HTP_ASPVK_DATA?nPVK_ID=0&vST_DT=16.12.2022%2021:57:16&vEND_DT=16.12.2022%2022:07:16 HTTP/1.1" 200 79324
46.146.210.91 - - [17/Dec/2022:00:04:39 +0500] "GET /ords/api.HTP_ASPVK_DATA?nPVK_ID=0&vST_DT=16.12.2022%2023:54:39&vEND_DT=17.12.2022%2000:04:39 HTTP/1.1" 200 27710
31.162.4.241 - - [17/Dec/2022:00:04:40 +0500] "POST /ords/wwv_flow.accept HTTP/1.1" 302 5
195.222.149.195 - - [17/Dec/2022:00:04:42 +0500] "GET /ords/api.HTP_ASPVK_DATA?nPVK_ID=0&vST_DT=16.12.2022%2021:57:26&vEND_DT=16.12.2022%2022:07:26 HTTP/1.1" 200 75099
46.146.210.91 - - [17/Dec/2022:00:04:49 +0500] "GET /ords/api.HTP_ASPVK_DATA?nPVK_ID=0&vST_DT=16.12.2022%2023:54:49&vEND_DT=17.12.2022%2000:04:49 HTTP/1.1" 200 27710
195.222.149.195 - - [17/Dec/2022:00:04:52 +0500] "GET /ords/api.HTP_ASPVK_DATA?nPVK_ID=0&vST_DT=16.12.2022%2021:57:36&vEND_DT=16.12.2022%2022:07:36 HTTP/1.1" 200 75104
46.146.210.91 - - [17/Dec/2022:00:04:59 +0500] "GET /ords/api.HTP_ASPVK_DATA?nPVK_ID=0&vST_DT=16.12.2022%2023:54:59&vEND_DT=17.12.2022%2000:04:59 HTTP/1.1" 200 26175
195.222.149.195 - - [17/Dec/2022:00:05:02 +0500] "GET /ords/api.HTP_ASPVK_DATA?nPVK_ID=0&vST_DT=16.12.2022%2021:57:46&vEND_DT=16.12.2022%2022:07:46 HTTP/1.1" 200 76621
46.146.210.91 - - [17/Dec/2022:00:05:09 +0500] "GET /ords/api.HTP_ASPVK_DATA?nPVK_ID=0&vST_DT=16.12.2022%2023:55:09&vEND_DT=17.12.2022%2000:05:09 HTTP/1.1" 200 24661
195.222.149.195 - - [17/Dec/2022:00:05:12 +0500] "GET /ords/api.HTP_ASPVK_DATA?nPVK_ID=0&vST_DT=16.12.2022%2021:57:56&vEND_DT=16.12.2022%2022:07:56 HTTP/1.1" 200 79663
31.162.4.241 - - [17/Dec/2022:00:05:19 +0500] "GET /ords/f?p=137:2:4584770905877::NO:::&success_msg=xODt7fvlIOjn7OXt5e37Lg%7E%7E%2FbTp6fw5c6ccYJnAhXuCTGttta751kuUdjMR9ENz8ZDJ-jUnr0tGpE-LUz9xHyzFzmT23nng-zgenU2EbvqULnQ HTTP/1.1" 200 108069
46.146.210.91 - - [17/Dec/2022:00:05:19 +0500] "GET /ords/api.HTP_ASPVK_DATA?nPVK_ID=0&vST_DT=16.12.2022%2023:55:19&vEND_DT=17.12.2022%2000:05:19 HTTP/1.1" 200 24661
31.162.4.241 - - [17/Dec/2022:00:05:20 +0500] "POST /ords/wwv_flow.ajax HTTP/1.1" 200 1575
195.222.149.195 - - [17/Dec/2022:00:05:22 +0500] "GET /ords/api.HTP_ASPVK_DATA?nPVK_ID=0&vST_DT=16.12.2022%2021:58:06&vEND_DT=16.12.2022%2022:08:06 HTTP/1.1" 200 79663
46.146.210.91 - - [17/Dec/2022:00:05:29 +0500] "GET /ords/api.HTP_ASPVK_DATA?nPVK_ID=0&vST_DT=16.12.2022%2023:55:29&vEND_DT=17.12.2022%2000:05:29 HTTP/1.1" 200 24661
195.222.149.195 - - [17/Dec/2022:00:05:32 +0500] "GET /ords/api.HTP_ASPVK_DATA?nPVK_ID=0&vST_DT=16.12.2022%2021:58:16&vEND_DT=16.12.2022%2022:08:16 HTTP/1.1" 200 80907
46.146.210.91 - - [17/Dec/2022:00:05:39 +0500] "GET /ords/api.HTP_ASPVK_DATA?nPVK_ID=0&vST_DT=16.12.2022%2023:55:39&vEND_DT=17.12.2022%2000:05:39 HTTP/1.1" 200 23126
195.222.149.195 - - [17/Dec/2022:00:05:42 +0500] "GET /ords/api.HTP_ASPVK_DATA?nPVK_ID=0&vST_DT=16.12.2022%2021:58:26&vEND_DT=16.12.2022%2022:08:26 HTTP/1.1" 200 79393
46.146.210.91 - - [17/Dec/2022:00:05:49 +0500] "GET /ords/api.HTP_ASPVK_DATA?nPVK_ID=0&vST_DT=16.12.2022%2023:55:49&vEND_DT=17.12.2022%2000:05:49 HTTP/1.1" 200 23126
195.222.149.195 - - [17/Dec/2022:00:05:52 +0500] "GET /ords/api.HTP_ASPVK_DATA?nPVK_ID=0&vST_DT=16.12.2022%2021:58:36&vEND_DT=16.12.2022%2022:08:36 HTTP/1.1" 200 76361
46.146.210.91 - - [17/Dec/2022:00:05:59 +0500] "GET /ords/api.HTP_ASPVK_DATA?nPVK_ID=0&vST_DT=16.12.2022%2023:55:59&vEND_DT=17.12.2022%2000:05:59 HTTP/1.1" 200 23126
195.222.149.195 - - [17/Dec/2022:00:06:02 +0500] "GET /ords/api.HTP_ASPVK_DATA?nPVK_ID=0&vST_DT=16.12.2022%2021:58:46&vEND_DT=16.12.2022%2022:08:46 HTTP/1.1" 200 73326
46.146.210.91 - - [17/Dec/2022:00:06:09 +0500] "GET /ords/api.HTP_ASPVK_DATA?nPVK_ID=0&vST_DT=16.12.2022%2023:56:09&vEND_DT=17.12.2022%2000:06:09 HTTP/1.1" 200 25823
195.222.149.195 - - [17/Dec/2022:00:06:12 +0500] "GET /ords/api.HTP_ASPVK_DATA?nPVK_ID=0&vST_DT=16.12.2022%2021:58:56&vEND_DT=16.12.2022%2022:08:56 HTTP/1.1" 200 73326
46.146.210.91 - - [17/Dec/2022:00:06:19 +0500] "GET /ords/api.HTP_ASPVK_DATA?nPVK_ID=0&vST_DT=16.12.2022%2023:56:19&vEND_DT=17.12.2022%2000:06:19 HTTP/1.1" 200 25823
195.222.149.195 - - [17/Dec/2022:00:06:22 +0500] "GET /ords/api.HTP_ASPVK_DATA?nPVK_ID=0&vST_DT=16.12.2022%2021:59:06&vEND_DT=16.12.2022%2022:09:06 HTTP/1.1" 200 73326
46.146.210.91 - - [17/Dec/2022:00:06:30 +0500] "GET /ords/api.HTP_ASPVK_DATA?nPVK_ID=0&vST_DT=16.12.2022%2023:56:29&vEND_DT=17.12.2022%2000:06:29 HTTP/1.1" 200 25823
195.222.149.195 - - [17/Dec/2022:00:06:34 +0500] "GET /ords/api.HTP_ASPVK_DATA?nPVK_ID=0&vST_DT=16.12.2022%2021:59:16&vEND_DT=16.12.2022%2022:09:16 HTTP/1.1" 200 72388
31.162.4.241 - - [17/Dec/2022:00:06:34 +0500] "POST /ords/wwv_flow.show HTTP/1.1" 200 537
31.162.4.241 - - [17/Dec/2022:00:06:34 +0500] "POST /ords/wwv_flow.show HTTP/1.1" 200 537
31.162.4.241 - - [17/Dec/2022:00:06:34 +0500] "POST /ords/wwv_flow.show HTTP/1.1" 200 14
31.162.4.241 - - [17/Dec/2022:00:06:36 +0500] "POST /ords/wwv_flow.show HTTP/1.1" 200 14
31.162.4.241 - - [17/Dec/2022:00:06:37 +0500] "POST /ords/wwv_flow.show HTTP/1.1" 200 14
46.146.210.91 - - [17/Dec/2022:00:06:39 +0500] "GET /ords/api.HTP_ASPVK_DATA?nPVK_ID=0&vST_DT=16.12.2022%2023:56:39&vEND_DT=17.12.2022%2000:06:39 HTTP/1.1" 200 25823
31.162.4.241 - - [17/Dec/2022:00:06:39 +0500] "POST /ords/wwv_flow.accept HTTP/1.1" 302 5
195.222.149.195 - - [17/Dec/2022:00:06:42 +0500] "GET /ords/api.HTP_ASPVK_DATA?nPVK_ID=0&vST_DT=16.12.2022%2021:59:26&vEND_DT=16.12.2022%2022:09:26 HTTP/1.1" 200 68416
46.146.210.91 - - [17/Dec/2022:00:06:49 +0500] "GET /ords/api.HTP_ASPVK_DATA?nPVK_ID=0&vST_DT=16.12.2022%2023:56:49&vEND_DT=17.12.2022%2000:06:49 HTTP/1.1" 200 25823
195.222.149.195 - - [17/Dec/2022:00:06:52 +0500] "GET /ords/api.HTP_ASPVK_DATA?nPVK_ID=0&vST_DT=16.12.2022%2021:59:36&vEND_DT=16.12.2022%2022:09:36 HTTP/1.1" 200 71444
46.146.210.91 - - [17/Dec/2022:00:06:59 +0500] "GET /ords/api.HTP_ASPVK_DATA?nPVK_ID=0&vST_DT=16.12.2022%2023:56:59&vEND_DT=17.12.2022%2000:06:59 HTTP/1.1" 200 25823
195.222.149.195 - - [17/Dec/2022:00:07:02 +0500] "GET /ords/api.HTP_ASPVK_DATA?nPVK_ID=0&vST_DT=16.12.2022%2021:59:46&vEND_DT=16.12.2022%2022:09:46 HTTP/1.1" 200 71429
31.162.4.241 - - [17/Dec/2022:00:07:03 +0500] "GET /ords/f?p=137:38:4584770905877::NO::: HTTP/1.1" 200 88381
46.146.210.91 - - [17/Dec/2022:00:07:09 +0500] "GET /ords/api.HTP_ASPVK_DATA?nPVK_ID=0&vST_DT=16.12.2022%2023:57:09&vEND_DT=17.12.2022%2000:07:09 HTTP/1.1" 200 25823
195.222.149.195 - - [17/Dec/2022:00:07:12 +0500] "GET /ords/api.HTP_ASPVK_DATA?nPVK_ID=0&vST_DT=16.12.2022%2021:59:56&vEND_DT=16.12.2022%2022:09:56 HTTP/1.1" 200 69913
46.146.210.91 - - [17/Dec/2022:00:07:19 +0500] "GET /ords/api.HTP_ASPVK_DATA?nPVK_ID=0&vST_DT=16.12.2022%2023:57:19&vEND_DT=17.12.2022%2000:07:19 HTTP/1.1" 200 21577
195.222.149.195 - - [17/Dec/2022:00:07:22 +0500] "GET /ords/api.HTP_ASPVK_DATA?nPVK_ID=0&vST_DT=16.12.2022%2022:00:06&vEND_DT=16.12.2022%2022:10:06 HTTP/1.1" 200 68385
46.146.210.91 - - [17/Dec/2022:00:07:29 +0500] "GET /ords/api.HTP_ASPVK_DATA?nPVK_ID=0&vST_DT=16.12.2022%2023:57:29&vEND_DT=17.12.2022%2000:07:29 HTTP/1.1" 200 21577
195.222.149.195 - - [17/Dec/2022:00:07:32 +0500] "GET /ords/api.HTP_ASPVK_DATA?nPVK_ID=0&vST_DT=16.12.2022%2022:00:16&vEND_DT=16.12.2022%2022:10:16 HTTP/1.1" 200 71425
46.146.210.91 - - [17/Dec/2022:00:07:39 +0500] "GET /ords/api.HTP_ASPVK_DATA?nPVK_ID=0&vST_DT=16.12.2022%2023:57:39&vEND_DT=17.12.2022%2000:07:39 HTTP/1.1" 200 16855
195.222.149.195 - - [17/Dec/2022:00:07:42 +0500] "GET /ords/api.HTP_ASPVK_DATA?nPVK_ID=0&vST_DT=16.12.2022%2022:00:26&vEND_DT=16.12.2022%2022:10:26 HTTP/1.1" 200 66862
31.162.4.241 - - [17/Dec/2022:00:07:45 +0500] "GET /ords/f?p=137:2:4584770905877::NO::P2_ID,P2_COUNT_ALL,P2_EDIT_MODE:116033,9, HTTP/1.1" 200 110376
31.162.4.241 - - [17/Dec/2022:00:07:46 +0500] "POST /ords/wwv_flow.ajax HTTP/1.1" 200 1575
46.146.210.91 - - [17/Dec/2022:00:07:49 +0500] "GET /ords/api.HTP_ASPVK_DATA?nPVK_ID=0&vST_DT=16.12.2022%2023:57:49&vEND_DT=17.12.2022%2000:07:49 HTTP/1.1" 200 15334
195.222.149.195 - - [17/Dec/2022:00:07:52 +0500] "GET /ords/api.HTP_ASPVK_DATA?nPVK_ID=0&vST_DT=16.12.2022%2022:00:36&vEND_DT=16.12.2022%2022:10:36 HTTP/1.1" 200 69301
46.146.210.91 - - [17/Dec/2022:00:07:59 +0500] "GET /ords/api.HTP_ASPVK_DATA?nPVK_ID=0&vST_DT=16.12.2022%2023:57:59&vEND_DT=17.12.2022%2000:07:59 HTTP/1.1" 200 15334
195.222.149.195 - - [17/Dec/2022:00:08:02 +0500] "GET /ords/api.HTP_ASPVK_DATA?nPVK_ID=0&vST_DT=16.12.2022%2022:00:46&vEND_DT=16.12.2022%2022:10:46 HTTP/1.1" 200 70816
31.162.4.241 - - [17/Dec/2022:00:08:05 +0500] "POST /ords/wwv_flow.show HTTP/1.1" 200 5
31.162.4.241 - - [17/Dec/2022:00:08:05 +0500] "POST /ords/wwv_flow.show HTTP/1.1" 200 5677
31.162.4.241 - - [17/Dec/2022:00:08:08 +0500] "POST /ords/wwv_flow.show HTTP/1.1" 200 5
31.162.4.241 - - [17/Dec/2022:00:08:08 +0500] "POST /ords/wwv_flow.show HTTP/1.1" 200 5677
46.146.210.91 - - [17/Dec/2022:00:08:09 +0500] "GET /ords/api.HTP_ASPVK_DATA?nPVK_ID=0&vST_DT=16.12.2022%2023:58:09&vEND_DT=17.12.2022%2000:08:09 HTTP/1.1" 200 15334
195.222.149.195 - - [17/Dec/2022:00:08:12 +0500] "GET /ords/api.HTP_ASPVK_DATA?nPVK_ID=0&vST_DT=16.12.2022%2022:00:56&vEND_DT=16.12.2022%2022:10:56 HTTP/1.1" 200 72009
31.162.4.241 - - [17/Dec/2022:00:08:13 +0500] "POST /ords/wwv_flow.show HTTP/1.1" 200 5
31.162.4.241 - - [17/Dec/2022:00:08:14 +0500] "POST /ords/wwv_flow.show HTTP/1.1" 200 5673
46.146.210.91 - - [17/Dec/2022:00:08:19 +0500] "GET /ords/api.HTP_ASPVK_DATA?nPVK_ID=0&vST_DT=16.12.2022%2023:58:19&vEND_DT=17.12.2022%2000:08:19 HTTP/1.1" 200 15334
195.222.149.195 - - [17/Dec/2022:00:08:22 +0500] "GET /ords/api.HTP_ASPVK_DATA?nPVK_ID=0&vST_DT=16.12.2022%2022:01:06&vEND_DT=16.12.2022%2022:11:06 HTTP/1.1" 200 72009
46.146.210.91 - - [17/Dec/2022:00:08:29 +0500] "GET /ords/api.HTP_ASPVK_DATA?nPVK_ID=0&vST_DT=16.12.2022%2023:58:29&vEND_DT=17.12.2022%2000:08:29 HTTP/1.1" 200 15334
195.222.149.195 - - [17/Dec/2022:00:08:32 +0500] "GET /ords/api.HTP_ASPVK_DATA?nPVK_ID=0&vST_DT=16.12.2022%2022:01:16&vEND_DT=16.12.2022%2022:11:16 HTTP/1.1" 200 76548
46.146.210.91 - - [17/Dec/2022:00:08:39 +0500] "GET /ords/api.HTP_ASPVK_DATA?nPVK_ID=0&vST_DT=16.12.2022%2023:58:39&vEND_DT=17.12.2022%2000:08:39 HTTP/1.1" 200 15334
195.222.149.195 - - [17/Dec/2022:00:08:42 +0500] "GET /ords/api.HTP_ASPVK_DATA?nPVK_ID=0&vST_DT=16.12.2022%2022:01:26&vEND_DT=16.12.2022%2022:11:26 HTTP/1.1" 200 79577
95.137.171.160 - - [17/Dec/2022:00:08:44 +0500] "GET / HTTP/1.1" 302 -
95.137.171.160 - - [17/Dec/2022:00:08:45 +0500] "GET /ords/f?p=101:210 HTTP/1.1" 500 2243
46.146.210.91 - - [17/Dec/2022:00:08:49 +0500] "GET /ords/api.HTP_ASPVK_DATA?nPVK_ID=0&vST_DT=16.12.2022%2023:58:49&vEND_DT=17.12.2022%2000:08:49 HTTP/1.1" 200 15334
195.222.149.195 - - [17/Dec/2022:00:08:52 +0500] "GET /ords/api.HTP_ASPVK_DATA?nPVK_ID=0&vST_DT=16.12.2022%2022:01:36&vEND_DT=16.12.2022%2022:11:36 HTTP/1.1" 200 79577
31.162.4.241 - - [17/Dec/2022:00:08:53 +0500] "POST /ords/wwv_flow.accept HTTP/1.1" 302 5
46.146.210.91 - - [17/Dec/2022:00:08:59 +0500] "GET /ords/api.HTP_ASPVK_DATA?nPVK_ID=0&vST_DT=16.12.2022%2023:58:59&vEND_DT=17.12.2022%2000:08:59 HTTP/1.1" 200 15334
195.222.149.195 - - [17/Dec/2022:00:09:02 +0500] "GET /ords/api.HTP_ASPVK_DATA?nPVK_ID=0&vST_DT=16.12.2022%2022:01:46&vEND_DT=16.12.2022%2022:11:46 HTTP/1.1" 200 81099
46.146.210.91 - - [17/Dec/2022:00:09:09 +0500] "GET /ords/api.HTP_ASPVK_DATA?nPVK_ID=0&vST_DT=16.12.2022%2023:59:09&vEND_DT=17.12.2022%2000:09:09 HTTP/1.1" 200 21407
195.222.149.195 - - [17/Dec/2022:00:09:12 +0500] "GET /ords/api.HTP_ASPVK_DATA?nPVK_ID=0&vST_DT=16.12.2022%2022:01:56&vEND_DT=16.12.2022%2022:11:56 HTTP/1.1" 200 81099
46.146.210.91 - - [17/Dec/2022:00:09:19 +0500] "GET /ords/api.HTP_ASPVK_DATA?nPVK_ID=0&vST_DT=16.12.2022%2023:59:19&vEND_DT=17.12.2022%2000:09:19 HTTP/1.1" 200 19889
195.222.149.195 - - [17/Dec/2022:00:09:22 +0500] "GET /ords/api.HTP_ASPVK_DATA?nPVK_ID=0&vST_DT=16.12.2022%2022:02:06&vEND_DT=16.12.2022%2022:12:06 HTTP/1.1" 200 84135
46.146.210.91 - - [17/Dec/2022:00:09:30 +0500] "GET /ords/api.HTP_ASPVK_DATA?nPVK_ID=0&vST_DT=16.12.2022%2023:59:29&vEND_DT=17.12.2022%2000:09:29 HTTP/1.1" 200 18373
31.162.4.241 - - [17/Dec/2022:00:09:31 +0500] "GET /ords/f?p=137:2:4584770905877::NO:::&success_msg=xODt7fvlIOjn7OXt5e37Lg%7E%7E%2FbTp6fw5c6ccYJnAhXuCTGttta751kuUdjMR9ENz8ZDJ-jUnr0tGpE-LUz9xHyzFzmT23nng-zgenU2EbvqULnQ HTTP/1.1" 200 108067
31.162.4.241 - - [17/Dec/2022:00:09:31 +0500] "POST /ords/wwv_flow.ajax HTTP/1.1" 200 1575
195.222.149.195 - - [17/Dec/2022:00:09:32 +0500] "GET /ords/api.HTP_ASPVK_DATA?nPVK_ID=0&vST_DT=16.12.2022%2022:02:16&vEND_DT=16.12.2022%2022:12:16 HTTP/1.1" 200 81099
46.146.210.91 - - [17/Dec/2022:00:09:39 +0500] "GET /ords/api.HTP_ASPVK_DATA?nPVK_ID=0&vST_DT=16.12.2022%2023:59:39&vEND_DT=17.12.2022%2000:09:39 HTTP/1.1" 200 16440
195.222.149.195 - - [17/Dec/2022:00:09:42 +0500] "GET /ords/api.HTP_ASPVK_DATA?nPVK_ID=0&vST_DT=16.12.2022%2022:02:26&vEND_DT=16.12.2022%2022:12:26 HTTP/1.1" 200 81099
31.162.4.241 - - [17/Dec/2022:00:09:46 +0500] "GET /ords/wwv_flow.show?p_request=APPLICATION_PROCESS%3DGET_SQL_RESULT&p_flow_id=555&p_flow_step_id=0&p_instance=4584770905877&p_arg_names=F_APPLICATION_ID&p_arg_values=137&p_arg_names=F_FILTER_TEXT&p_arg_values=&p_arg_names=F_LOV_NAME&p_arg_values=%D0%A1%D0%A2%D0%90%D0%A2%D0%A3%D0%A1%D0%AB_%D0%97%D0%90%D0%AF%D0%92%D0%9E%D0%9A&p_arg_names=F_FILTER_TEXT2&p_arg_values=&p_arg_names=F_RESULT_COUNT&p_arg_values=50 HTTP/1.1" 200 147
31.162.4.241 - - [17/Dec/2022:00:09:47 +0500] "GET /ords/r/r/files/static/v74Y/ui-anim_basic_16x16.gif HTTP/1.1" 404 5
46.146.210.91 - - [17/Dec/2022:00:09:50 +0500] "GET /ords/api.HTP_ASPVK_DATA?nPVK_ID=0&vST_DT=16.12.2022%2023:59:49&vEND_DT=17.12.2022%2000:09:49 HTTP/1.1" 200 13395
31.162.4.241 - - [17/Dec/2022:00:09:51 +0500] "POST /ords/wwv_flow.show HTTP/1.1" 200 14
31.162.4.241 - - [17/Dec/2022:00:09:53 +0500] "POST /ords/wwv_flow.show HTTP/1.1" 200 14
31.162.4.241 - - [17/Dec/2022:00:09:54 +0500] "POST /ords/wwv_flow.show HTTP/1.1" 200 14
195.222.149.195 - - [17/Dec/2022:00:09:54 +0500] "GET /ords/api.HTP_ASPVK_DATA?nPVK_ID=0&vST_DT=16.12.2022%2022:02:36&vEND_DT=16.12.2022%2022:12:36 HTTP/1.1" 200 83814
31.162.4.241 - - [17/Dec/2022:00:09:55 +0500] "POST /ords/wwv_flow.show HTTP/1.1" 200 14
46.146.210.91 - - [17/Dec/2022:00:10:00 +0500] "GET /ords/api.HTP_ASPVK_DATA?nPVK_ID=0&vST_DT=16.12.2022%2023:59:59&vEND_DT=17.12.2022%2000:09:59 HTTP/1.1" 200 13395
195.222.149.195 - - [17/Dec/2022:00:10:03 +0500] "GET /ords/api.HTP_ASPVK_DATA?nPVK_ID=0&vST_DT=16.12.2022%2022:02:46&vEND_DT=16.12.2022%2022:12:46 HTTP/1.1" 200 83485
46.146.210.91 - - [17/Dec/2022:00:10:09 +0500] "GET /ords/api.HTP_ASPVK_DATA?nPVK_ID=0&vST_DT=17.12.2022%2000:00:09&vEND_DT=17.12.2022%2000:10:09 HTTP/1.1" 200 13395
195.222.149.195 - - [17/Dec/2022:00:10:12 +0500] "GET /ords/api.HTP_ASPVK_DATA?nPVK_ID=0&vST_DT=16.12.2022%2022:02:56&vEND_DT=16.12.2022%2022:12:56 HTTP/1.1" 200 82893
46.146.210.91 - - [17/Dec/2022:00:10:19 +0500] "GET /ords/api.HTP_ASPVK_DATA?nPVK_ID=0&vST_DT=17.12.2022%2000:00:19&vEND_DT=17.12.2022%2000:10:19 HTTP/1.1" 200 13395
31.162.4.241 - - [17/Dec/2022:00:10:19 +0500] "POST /ords/wwv_flow.show HTTP/1.1" 200 14
195.222.149.195 - - [17/Dec/2022:00:10:22 +0500] "GET /ords/api.HTP_ASPVK_DATA?nPVK_ID=0&vST_DT=16.12.2022%2022:03:06&vEND_DT=16.12.2022%2022:13:06 HTTP/1.1" 200 84407
46.146.210.91 - - [17/Dec/2022:00:10:29 +0500] "GET /ords/api.HTP_ASPVK_DATA?nPVK_ID=0&vST_DT=17.12.2022%2000:00:29&vEND_DT=17.12.2022%2000:10:29 HTTP/1.1" 200 13395
195.222.149.195 - - [17/Dec/2022:00:10:32 +0500] "GET /ords/api.HTP_ASPVK_DATA?nPVK_ID=0&vST_DT=16.12.2022%2022:03:16&vEND_DT=16.12.2022%2022:13:16 HTTP/1.1" 200 84407
46.146.210.91 - - [17/Dec/2022:00:10:39 +0500] "GET /ords/api.HTP_ASPVK_DATA?nPVK_ID=0&vST_DT=17.12.2022%2000:00:39&vEND_DT=17.12.2022%2000:10:39 HTTP/1.1" 200 13395
195.222.149.195 - - [17/Dec/2022:00:10:42 +0500] "GET /ords/api.HTP_ASPVK_DATA?nPVK_ID=0&vST_DT=16.12.2022%2022:03:26&vEND_DT=16.12.2022%2022:13:26 HTTP/1.1" 200 84407
46.146.210.91 - - [17/Dec/2022:00:10:49 +0500] "GET /ords/api.HTP_ASPVK_DATA?nPVK_ID=0&vST_DT=17.12.2022%2000:00:49&vEND_DT=17.12.2022%2000:10:49 HTTP/1.1" 200 13395
195.222.149.195 - - [17/Dec/2022:00:10:52 +0500] "GET /ords/api.HTP_ASPVK_DATA?nPVK_ID=0&vST_DT=16.12.2022%2022:03:36&vEND_DT=16.12.2022%2022:13:36 HTTP/1.1" 200 82876
31.162.4.241 - - [17/Dec/2022:00:10:52 +0500] "POST /ords/wwv_flow.accept HTTP/1.1" 302 5
46.146.210.91 - - [17/Dec/2022:00:10:59 +0500] "GET /ords/api.HTP_ASPVK_DATA?nPVK_ID=0&vST_DT=17.12.2022%2000:00:59&vEND_DT=17.12.2022%2000:10:59 HTTP/1.1" 200 13395
195.222.149.195 - - [17/Dec/2022:00:11:04 +0500] "GET /ords/api.HTP_ASPVK_DATA?nPVK_ID=0&vST_DT=16.12.2022%2022:03:46&vEND_DT=16.12.2022%2022:13:46 HTTP/1.1" 200 82877
46.146.210.91 - - [17/Dec/2022:00:11:10 +0500] "GET /ords/api.HTP_ASPVK_DATA?nPVK_ID=0&vST_DT=17.12.2022%2000:01:09&vEND_DT=17.12.2022%2000:11:09 HTTP/1.1" 200 13395
195.222.149.195 - - [17/Dec/2022:00:11:13 +0500] "GET /ords/api.HTP_ASPVK_DATA?nPVK_ID=0&vST_DT=16.12.2022%2022:03:56&vEND_DT=16.12.2022%2022:13:56 HTTP/1.1" 200 81353
46.146.210.91 - - [17/Dec/2022:00:11:19 +0500] "GET /ords/api.HTP_ASPVK_DATA?nPVK_ID=0&vST_DT=17.12.2022%2000:01:19&vEND_DT=17.12.2022%2000:11:19 HTTP/1.1" 200 13395
195.222.149.195 - - [17/Dec/2022:00:11:22 +0500] "GET /ords/api.HTP_ASPVK_DATA?nPVK_ID=0&vST_DT=16.12.2022%2022:04:06&vEND_DT=16.12.2022%2022:14:06 HTTP/1.1" 200 82874
46.146.210.91 - - [17/Dec/2022:00:11:29 +0500] "GET /ords/api.HTP_ASPVK_DATA?nPVK_ID=0&vST_DT=17.12.2022%2000:01:29&vEND_DT=17.12.2022%2000:11:29 HTTP/1.1" 200 13395
195.222.149.195 - - [17/Dec/2022:00:11:32 +0500] "GET /ords/api.HTP_ASPVK_DATA?nPVK_ID=0&vST_DT=16.12.2022%2022:04:16&vEND_DT=16.12.2022%2022:14:16 HTTP/1.1" 200 87098
31.162.4.241 - - [17/Dec/2022:00:11:34 +0500] "GET /ords/f?p=137:2:4584770905877::NO:::&success_msg=xODt7fvlIOjn7OXt5e37Lg%7E%7E%2FbTp6fw5c6ccYJnAhXuCTGttta751kuUdjMR9ENz8ZDJ-jUnr0tGpE-LUz9xHyzFzmT23nng-zgenU2EbvqULnQ HTTP/1.1" 200 111871
31.162.4.241 - - [17/Dec/2022:00:11:34 +0500] "POST /ords/wwv_flow.ajax HTTP/1.1" 200 1575
46.146.210.91 - - [17/Dec/2022:00:11:39 +0500] "GET /ords/api.HTP_ASPVK_DATA?nPVK_ID=0&vST_DT=17.12.2022%2000:01:39&vEND_DT=17.12.2022%2000:11:39 HTTP/1.1" 200 13395
195.222.149.195 - - [17/Dec/2022:00:11:42 +0500] "GET /ords/api.HTP_ASPVK_DATA?nPVK_ID=0&vST_DT=16.12.2022%2022:04:26&vEND_DT=16.12.2022%2022:14:26 HTTP/1.1" 200 88278
46.146.210.91 - - [17/Dec/2022:00:11:49 +0500] "GET /ords/api.HTP_ASPVK_DATA?nPVK_ID=0&vST_DT=17.12.2022%2000:01:49&vEND_DT=17.12.2022%2000:11:49 HTTP/1.1" 200 13395
195.222.149.195 - - [17/Dec/2022:00:11:52 +0500] "GET /ords/api.HTP_ASPVK_DATA?nPVK_ID=0&vST_DT=16.12.2022%2022:04:36&vEND_DT=16.12.2022%2022:14:36 HTTP/1.1" 200 85328
46.146.210.91 - - [17/Dec/2022:00:11:59 +0500] "GET /ords/api.HTP_ASPVK_DATA?nPVK_ID=0&vST_DT=17.12.2022%2000:01:59&vEND_DT=17.12.2022%2000:11:59 HTTP/1.1" 200 11874
195.222.149.195 - - [17/Dec/2022:00:12:03 +0500] "GET /ords/api.HTP_ASPVK_DATA?nPVK_ID=0&vST_DT=16.12.2022%2022:04:46&vEND_DT=16.12.2022%2022:14:46 HTTP/1.1" 200 83812
46.146.210.91 - - [17/Dec/2022:00:12:10 +0500] "GET /ords/api.HTP_ASPVK_DATA?nPVK_ID=0&vST_DT=17.12.2022%2000:02:09&vEND_DT=17.12.2022%2000:12:09 HTTP/1.1" 200 13406
195.222.149.195 - - [17/Dec/2022:00:12:12 +0500] "GET /ords/api.HTP_ASPVK_DATA?nPVK_ID=0&vST_DT=16.12.2022%2022:04:56&vEND_DT=16.12.2022%2022:14:56 HTTP/1.1" 200 85326
46.146.210.91 - - [17/Dec/2022:00:12:20 +0500] "GET /ords/api.HTP_ASPVK_DATA?nPVK_ID=0&vST_DT=17.12.2022%2000:02:19&vEND_DT=17.12.2022%2000:12:19 HTTP/1.1" 200 19467
195.222.149.195 - - [17/Dec/2022:00:12:22 +0500] "GET /ords/api.HTP_ASPVK_DATA?nPVK_ID=0&vST_DT=16.12.2022%2022:05:06&vEND_DT=16.12.2022%2022:15:06 HTTP/1.1" 200 88366
31.162.4.241 - - [17/Dec/2022:00:12:24 +0500] "GET /ords/f?p=137:2:4584770905877::NO::P2_ID,P2_COUNT_ALL,P2_EDIT_MODE:116034,8, HTTP/1.1" 200 107246
31.162.4.241 - - [17/Dec/2022:00:12:25 +0500] "POST /ords/wwv_flow.ajax HTTP/1.1" 200 1575
46.146.210.91 - - [17/Dec/2022:00:12:30 +0500] "GET /ords/api.HTP_ASPVK_DATA?nPVK_ID=0&vST_DT=17.12.2022%2000:02:29&vEND_DT=17.12.2022%2000:12:29 HTTP/1.1" 200 17941
195.222.149.195 - - [17/Dec/2022:00:12:32 +0500] "GET /ords/api.HTP_ASPVK_DATA?nPVK_ID=0&vST_DT=16.12.2022%2022:05:16&vEND_DT=16.12.2022%2022:15:16 HTTP/1.1" 200 88366
46.146.210.91 - - [17/Dec/2022:00:12:40 +0500] "GET /ords/api.HTP_ASPVK_DATA?nPVK_ID=0&vST_DT=17.12.2022%2000:02:39&vEND_DT=17.12.2022%2000:12:39 HTTP/1.1" 200 17941
195.222.149.195 - - [17/Dec/2022:00:12:42 +0500] "GET /ords/api.HTP_ASPVK_DATA?nPVK_ID=0&vST_DT=16.12.2022%2022:05:26&vEND_DT=16.12.2022%2022:15:26 HTTP/1.1" 200 85333
46.146.210.91 - - [17/Dec/2022:00:12:50 +0500] "GET /ords/api.HTP_ASPVK_DATA?nPVK_ID=0&vST_DT=17.12.2022%2000:02:49&vEND_DT=17.12.2022%2000:12:49 HTTP/1.1" 200 16424
195.222.149.195 - - [17/Dec/2022:00:12:52 +0500] "GET /ords/api.HTP_ASPVK_DATA?nPVK_ID=0&vST_DT=16.12.2022%2022:05:36&vEND_DT=16.12.2022%2022:15:36 HTTP/1.1" 200 85333
46.146.210.91 - - [17/Dec/2022:00:13:00 +0500] "GET /ords/api.HTP_ASPVK_DATA?nPVK_ID=0&vST_DT=17.12.2022%2000:02:59&vEND_DT=17.12.2022%2000:12:59 HTTP/1.1" 200 16424
195.222.149.195 - - [17/Dec/2022:00:13:03 +0500] "GET /ords/api.HTP_ASPVK_DATA?nPVK_ID=0&vST_DT=16.12.2022%2022:05:46&vEND_DT=16.12.2022%2022:15:46 HTTP/1.1" 200 86864
46.146.210.91 - - [17/Dec/2022:00:13:10 +0500] "GET /ords/api.HTP_ASPVK_DATA?nPVK_ID=0&vST_DT=17.12.2022%2000:03:09&vEND_DT=17.12.2022%2000:13:09 HTTP/1.1" 200 18607
195.222.149.195 - - [17/Dec/2022:00:13:12 +0500] "GET /ords/api.HTP_ASPVK_DATA?nPVK_ID=0&vST_DT=16.12.2022%2022:05:57&vEND_DT=16.12.2022%2022:15:57 HTTP/1.1" 200 86849
46.146.210.91 - - [17/Dec/2022:00:13:20 +0500] "GET /ords/api.HTP_ASPVK_DATA?nPVK_ID=0&vST_DT=17.12.2022%2000:03:19&vEND_DT=17.12.2022%2000:13:19 HTTP/1.1" 200 15910
195.222.149.195 - - [17/Dec/2022:00:13:22 +0500] "GET /ords/api.HTP_ASPVK_DATA?nPVK_ID=0&vST_DT=16.12.2022%2022:06:07&vEND_DT=16.12.2022%2022:16:07 HTTP/1.1" 200 85334
46.146.210.91 - - [17/Dec/2022:00:13:30 +0500] "GET /ords/api.HTP_ASPVK_DATA?nPVK_ID=0&vST_DT=17.12.2022%2000:03:29&vEND_DT=17.12.2022%2000:13:29 HTTP/1.1" 200 15910
31.162.4.241 - - [17/Dec/2022:00:13:32 +0500] "POST /ords/wwv_flow.accept HTTP/1.1" 302 5
195.222.149.195 - - [17/Dec/2022:00:13:32 +0500] "GET /ords/api.HTP_ASPVK_DATA?nPVK_ID=0&vST_DT=16.12.2022%2022:06:17&vEND_DT=16.12.2022%2022:16:17 HTTP/1.1" 200 83816
46.146.210.91 - - [17/Dec/2022:00:13:40 +0500] "GET /ords/api.HTP_ASPVK_DATA?nPVK_ID=0&vST_DT=17.12.2022%2000:03:39&vEND_DT=17.12.2022%2000:13:39 HTTP/1.1" 200 15910
195.222.149.195 - - [17/Dec/2022:00:13:42 +0500] "GET /ords/api.HTP_ASPVK_DATA?nPVK_ID=0&vST_DT=16.12.2022%2022:06:27&vEND_DT=16.12.2022%2022:16:27 HTTP/1.1" 200 82301
46.146.210.91 - - [17/Dec/2022:00:13:50 +0500] "GET /ords/api.HTP_ASPVK_DATA?nPVK_ID=0&vST_DT=17.12.2022%2000:03:49&vEND_DT=17.12.2022%2000:13:49 HTTP/1.1" 200 15910
195.222.149.195 - - [17/Dec/2022:00:13:53 +0500] "GET /ords/api.HTP_ASPVK_DATA?nPVK_ID=0&vST_DT=16.12.2022%2022:06:37&vEND_DT=16.12.2022%2022:16:37 HTTP/1.1" 200 86861
46.146.210.91 - - [17/Dec/2022:00:14:00 +0500] "GET /ords/api.HTP_ASPVK_DATA?nPVK_ID=0&vST_DT=17.12.2022%2000:03:59&vEND_DT=17.12.2022%2000:13:59 HTTP/1.1" 200 15910
195.222.149.195 - - [17/Dec/2022:00:14:03 +0500] "GET /ords/api.HTP_ASPVK_DATA?nPVK_ID=0&vST_DT=16.12.2022%2022:06:47&vEND_DT=16.12.2022%2022:16:47 HTTP/1.1" 200 89057
46.146.210.91 - - [17/Dec/2022:00:14:06 +0500] "GET /ords/api.HTP_ASPVK_DATA?nPVK_ID=0&vST_DT=16.12.2022%2000:13:23&vEND_DT=17.12.2022%2000:13:23 HTTP/1.1" 500 12951
46.146.210.91 - - [17/Dec/2022:00:14:10 +0500] "GET /ords/api.HTP_ASPVK_DATA?nPVK_ID=0&vST_DT=17.12.2022%2000:04:09&vEND_DT=17.12.2022%2000:14:09 HTTP/1.1" 200 15910
31.162.4.241 - - [17/Dec/2022:00:14:10 +0500] "GET /ords/f?p=137:2:4584770905877::NO:::&success_msg=xODt7fvlIOjn7OXt5e37Lg%7E%7E%2FbTp6fw5c6ccYJnAhXuCTGttta751kuUdjMR9ENz8ZDJ-jUnr0tGpE-LUz9xHyzFzmT23nng-zgenU2EbvqULnQ HTTP/1.1" 200 107362
31.162.4.241 - - [17/Dec/2022:00:14:11 +0500] "POST /ords/wwv_flow.ajax HTTP/1.1" 200 1575
195.222.149.195 - - [17/Dec/2022:00:14:13 +0500] "GET /ords/api.HTP_ASPVK_DATA?nPVK_ID=0&vST_DT=16.12.2022%2022:06:57&vEND_DT=16.12.2022%2022:16:57 HTTP/1.1" 200 92950
46.146.210.91 - - [17/Dec/2022:00:14:20 +0500] "GET /ords/api.HTP_ASPVK_DATA?nPVK_ID=0&vST_DT=17.12.2022%2000:04:19&vEND_DT=17.12.2022%2000:14:19 HTTP/1.1" 200 15910
195.222.149.195 - - [17/Dec/2022:00:14:22 +0500] "GET /ords/api.HTP_ASPVK_DATA?nPVK_ID=0&vST_DT=16.12.2022%2022:07:07&vEND_DT=16.12.2022%2022:17:07 HTTP/1.1" 200 89890
31.162.4.241 - - [17/Dec/2022:00:14:25 +0500] "GET /ords/f?p=137:4:4584770905877::NO::P4_ID:116034 HTTP/1.1" 200 293804
46.146.210.91 - - [17/Dec/2022:00:14:30 +0500] "GET /ords/api.HTP_ASPVK_DATA?nPVK_ID=0&vST_DT=17.12.2022%2000:04:29&vEND_DT=17.12.2022%2000:14:29 HTTP/1.1" 200 15910
195.222.149.195 - - [17/Dec/2022:00:14:33 +0500] "GET /ords/api.HTP_ASPVK_DATA?nPVK_ID=0&vST_DT=16.12.2022%2022:07:17&vEND_DT=16.12.2022%2022:17:17 HTTP/1.1" 200 92929
46.146.210.91 - - [17/Dec/2022:00:14:40 +0500] "GET /ords/api.HTP_ASPVK_DATA?nPVK_ID=0&vST_DT=17.12.2022%2000:04:39&vEND_DT=17.12.2022%2000:14:39 HTTP/1.1" 200 15910
195.222.149.195 - - [17/Dec/2022:00:14:43 +0500] "GET /ords/api.HTP_ASPVK_DATA?nPVK_ID=0&vST_DT=16.12.2022%2022:07:27&vEND_DT=16.12.2022%2022:17:27 HTTP/1.1" 200 95625
46.146.210.91 - - [17/Dec/2022:00:14:50 +0500] "GET /ords/api.HTP_ASPVK_DATA?nPVK_ID=0&vST_DT=17.12.2022%2000:04:49&vEND_DT=17.12.2022%2000:14:49 HTTP/1.1" 200 15910
195.222.149.195 - - [17/Dec/2022:00:14:53 +0500] "GET /ords/api.HTP_ASPVK_DATA?nPVK_ID=0&vST_DT=16.12.2022%2022:07:37&vEND_DT=16.12.2022%2022:17:37 HTTP/1.1" 200 94116
46.146.210.91 - - [17/Dec/2022:00:15:00 +0500] "GET /ords/api.HTP_ASPVK_DATA?nPVK_ID=0&vST_DT=17.12.2022%2000:04:59&vEND_DT=17.12.2022%2000:14:59 HTTP/1.1" 200 15910
112.167.70.141 - - [17/Dec/2022:00:15:02 +0500] "POST /tmUnblock.cgi HTTP/1.1" 404 1020
195.222.149.195 - - [17/Dec/2022:00:15:03 +0500] "GET /ords/api.HTP_ASPVK_DATA?nPVK_ID=0&vST_DT=16.12.2022%2022:07:47&vEND_DT=16.12.2022%2022:17:47 HTTP/1.1" 200 94127
46.146.210.91 - - [17/Dec/2022:00:15:10 +0500] "GET /ords/api.HTP_ASPVK_DATA?nPVK_ID=0&vST_DT=17.12.2022%2000:05:09&vEND_DT=17.12.2022%2000:15:09 HTTP/1.1" 200 19629
195.222.149.195 - - [17/Dec/2022:00:15:13 +0500] "GET /ords/api.HTP_ASPVK_DATA?nPVK_ID=0&vST_DT=16.12.2022%2022:07:57&vEND_DT=16.12.2022%2022:17:57 HTTP/1.1" 200 91086
46.146.210.91 - - [17/Dec/2022:00:15:21 +0500] "GET /ords/api.HTP_ASPVK_DATA?nPVK_ID=0&vST_DT=17.12.2022%2000:05:19&vEND_DT=17.12.2022%2000:15:19 HTTP/1.1" 200 27208
195.222.149.195 - - [17/Dec/2022:00:15:25 +0500] "GET /ords/api.HTP_ASPVK_DATA?nPVK_ID=0&vST_DT=16.12.2022%2022:08:07&vEND_DT=16.12.2022%2022:18:07 HTTP/1.1" 200 91086
46.146.210.91 - - [17/Dec/2022:00:15:31 +0500] "GET /ords/api.HTP_ASPVK_DATA?nPVK_ID=0&vST_DT=17.12.2022%2000:05:29&vEND_DT=17.12.2022%2000:15:29 HTTP/1.1" 200 27208
195.222.149.195 - - [17/Dec/2022:00:15:34 +0500] "GET /ords/api.HTP_ASPVK_DATA?nPVK_ID=0&vST_DT=16.12.2022%2022:08:17&vEND_DT=16.12.2022%2022:18:17 HTTP/1.1" 200 91101
46.146.210.91 - - [17/Dec/2022:00:15:40 +0500] "GET /ords/api.HTP_ASPVK_DATA?nPVK_ID=0&vST_DT=17.12.2022%2000:05:39&vEND_DT=17.12.2022%2000:15:39 HTTP/1.1" 200 27208
195.222.149.195 - - [17/Dec/2022:00:15:44 +0500] "GET /ords/api.HTP_ASPVK_DATA?nPVK_ID=0&vST_DT=16.12.2022%2022:08:27&vEND_DT=16.12.2022%2022:18:27 HTTP/1.1" 200 92625
46.146.210.91 - - [17/Dec/2022:00:15:50 +0500] "GET /ords/api.HTP_ASPVK_DATA?nPVK_ID=0&vST_DT=17.12.2022%2000:05:49&vEND_DT=17.12.2022%2000:15:49 HTTP/1.1" 200 27208
31.162.4.241 - - [17/Dec/2022:00:15:52 +0500] "POST /ords/wwv_flow.ajax HTTP/1.1" 200 39
195.222.149.195 - - [17/Dec/2022:00:15:54 +0500] "GET /ords/api.HTP_ASPVK_DATA?nPVK_ID=0&vST_DT=16.12.2022%2022:08:37&vEND_DT=16.12.2022%2022:18:37 HTTP/1.1" 200 92625
31.162.4.241 - - [17/Dec/2022:00:15:54 +0500] "POST /ords/wwv_flow.accept HTTP/1.1" 302 5
46.146.210.91 - - [17/Dec/2022:00:16:01 +0500] "GET /ords/api.HTP_ASPVK_DATA?nPVK_ID=0&vST_DT=17.12.2022%2000:05:59&vEND_DT=17.12.2022%2000:15:59 HTTP/1.1" 200 27208
195.222.149.195 - - [17/Dec/2022:00:16:05 +0500] "GET /ords/api.HTP_ASPVK_DATA?nPVK_ID=0&vST_DT=16.12.2022%2022:08:47&vEND_DT=16.12.2022%2022:18:47 HTTP/1.1" 200 94142
31.162.4.241 - - [17/Dec/2022:00:16:06 +0500] "GET /ords/f?p=137:4:4584770905877::NO::: HTTP/1.1" 200 656779
46.146.210.91 - - [17/Dec/2022:00:16:10 +0500] "GET /ords/api.HTP_ASPVK_DATA?nPVK_ID=0&vST_DT=17.12.2022%2000:06:09&vEND_DT=17.12.2022%2000:16:09 HTTP/1.1" 200 27208
195.222.149.195 - - [17/Dec/2022:00:16:14 +0500] "GET /ords/api.HTP_ASPVK_DATA?nPVK_ID=0&vST_DT=16.12.2022%2022:08:57&vEND_DT=16.12.2022%2022:18:57 HTTP/1.1" 200 95657
46.146.210.91 - - [17/Dec/2022:00:16:20 +0500] "GET /ords/api.HTP_ASPVK_DATA?nPVK_ID=0&vST_DT=17.12.2022%2000:06:19&vEND_DT=17.12.2022%2000:16:19 HTTP/1.1" 200 27208
159.223.229.80 - - [17/Dec/2022:00:16:23 +0500] "GET /owa/auth/logon.aspx HTTP/1.1" 404 1032
195.222.149.195 - - [17/Dec/2022:00:16:24 +0500] "GET /ords/api.HTP_ASPVK_DATA?nPVK_ID=0&vST_DT=16.12.2022%2022:09:07&vEND_DT=16.12.2022%2022:19:07 HTTP/1.1" 200 98347
46.146.210.91 - - [17/Dec/2022:00:16:31 +0500] "GET /ords/api.HTP_ASPVK_DATA?nPVK_ID=0&vST_DT=17.12.2022%2000:06:29&vEND_DT=17.12.2022%2000:16:29 HTTP/1.1" 200 27208
195.222.149.195 - - [17/Dec/2022:00:16:34 +0500] "GET /ords/api.HTP_ASPVK_DATA?nPVK_ID=0&vST_DT=16.12.2022%2022:09:17&vEND_DT=16.12.2022%2022:19:17 HTTP/1.1" 200 96830
46.146.210.91 - - [17/Dec/2022:00:16:41 +0500] "GET /ords/api.HTP_ASPVK_DATA?nPVK_ID=0&vST_DT=17.12.2022%2000:06:39&vEND_DT=17.12.2022%2000:16:39 HTTP/1.1" 200 27208
195.222.149.195 - - [17/Dec/2022:00:16:44 +0500] "GET /ords/api.HTP_ASPVK_DATA?nPVK_ID=0&vST_DT=16.12.2022%2022:09:27&vEND_DT=16.12.2022%2022:19:27 HTTP/1.1" 200 98346
92.118.39.29 - - [17/Dec/2022:00:16:46 +0500] "GET / HTTP/1.1" 302 -
46.146.210.91 - - [17/Dec/2022:00:16:50 +0500] "GET /ords/api.HTP_ASPVK_DATA?nPVK_ID=0&vST_DT=17.12.2022%2000:06:49&vEND_DT=17.12.2022%2000:16:49 HTTP/1.1" 200 27208
195.222.149.195 - - [17/Dec/2022:00:16:54 +0500] "GET /ords/api.HTP_ASPVK_DATA?nPVK_ID=0&vST_DT=16.12.2022%2022:09:37&vEND_DT=16.12.2022%2022:19:37 HTTP/1.1" 200 95319
31.162.4.241 - - [17/Dec/2022:00:17:00 +0500] "GET /ords/f?p=137:2:4584770905877::NO::: HTTP/1.1" 200 107441
46.146.210.91 - - [17/Dec/2022:00:17:01 +0500] "GET /ords/api.HTP_ASPVK_DATA?nPVK_ID=0&vST_DT=17.12.2022%2000:06:59&vEND_DT=17.12.2022%2000:16:59 HTTP/1.1" 200 27208
31.162.4.241 - - [17/Dec/2022:00:17:01 +0500] "POST /ords/wwv_flow.ajax HTTP/1.1" 200 1575
195.222.149.195 - - [17/Dec/2022:00:17:04 +0500] "GET /ords/api.HTP_ASPVK_DATA?nPVK_ID=0&vST_DT=16.12.2022%2022:09:47&vEND_DT=16.12.2022%2022:19:47 HTTP/1.1" 200 93804
46.146.210.91 - - [17/Dec/2022:00:17:11 +0500] "GET /ords/api.HTP_ASPVK_DATA?nPVK_ID=0&vST_DT=17.12.2022%2000:07:10&vEND_DT=17.12.2022%2000:17:10 HTTP/1.1" 200 27208
195.222.149.195 - - [17/Dec/2022:00:17:14 +0500] "GET /ords/api.HTP_ASPVK_DATA?nPVK_ID=0&vST_DT=16.12.2022%2022:09:57&vEND_DT=16.12.2022%2022:19:57 HTTP/1.1" 200 93804
46.146.210.91 - - [17/Dec/2022:00:17:20 +0500] "GET /ords/api.HTP_ASPVK_DATA?nPVK_ID=0&vST_DT=17.12.2022%2000:07:20&vEND_DT=17.12.2022%2000:17:20 HTTP/1.1" 200 27208
195.222.149.195 - - [17/Dec/2022:00:17:24 +0500] "GET /ords/api.HTP_ASPVK_DATA?nPVK_ID=0&vST_DT=16.12.2022%2022:10:07&vEND_DT=16.12.2022%2022:20:07 HTTP/1.1" 200 94986
46.146.210.91 - - [17/Dec/2022:00:17:31 +0500] "GET /ords/api.HTP_ASPVK_DATA?nPVK_ID=0&vST_DT=17.12.2022%2000:07:30&vEND_DT=17.12.2022%2000:17:30 HTTP/1.1" 200 25693
195.222.149.195 - - [17/Dec/2022:00:17:34 +0500] "GET /ords/api.HTP_ASPVK_DATA?nPVK_ID=0&vST_DT=16.12.2022%2022:10:17&vEND_DT=16.12.2022%2022:20:17 HTTP/1.1" 200 93138
46.146.210.91 - - [17/Dec/2022:00:17:40 +0500] "GET /ords/api.HTP_ASPVK_DATA?nPVK_ID=0&vST_DT=17.12.2022%2000:07:40&vEND_DT=17.12.2022%2000:17:40 HTTP/1.1" 200 25693
195.222.149.195 - - [17/Dec/2022:00:17:44 +0500] "GET /ords/api.HTP_ASPVK_DATA?nPVK_ID=0&vST_DT=16.12.2022%2022:10:27&vEND_DT=16.12.2022%2022:20:27 HTTP/1.1" 200 95082
46.146.210.91 - - [17/Dec/2022:00:17:50 +0500] "GET /ords/api.HTP_ASPVK_DATA?nPVK_ID=0&vST_DT=17.12.2022%2000:07:50&vEND_DT=17.12.2022%2000:17:50 HTTP/1.1" 200 24169
195.222.149.195 - - [17/Dec/2022:00:17:53 +0500] "GET /ords/api.HTP_ASPVK_DATA?nPVK_ID=0&vST_DT=16.12.2022%2022:10:37&vEND_DT=16.12.2022%2022:20:37 HTTP/1.1" 200 96853
46.146.210.91 - - [17/Dec/2022:00:18:01 +0500] "GET /ords/api.HTP_ASPVK_DATA?nPVK_ID=0&vST_DT=17.12.2022%2000:08:00&vEND_DT=17.12.2022%2000:18:00 HTTP/1.1" 200 22653
195.222.149.195 - - [17/Dec/2022:00:18:03 +0500] "GET /ords/api.HTP_ASPVK_DATA?nPVK_ID=0&vST_DT=16.12.2022%2022:10:47&vEND_DT=16.12.2022%2022:20:47 HTTP/1.1" 200 99906
31.162.4.241 - - [17/Dec/2022:00:18:04 +0500] "POST /ords/wwv_flow.accept HTTP/1.1" 302 5
46.146.210.91 - - [17/Dec/2022:00:18:10 +0500] "GET /ords/api.HTP_ASPVK_DATA?nPVK_ID=0&vST_DT=17.12.2022%2000:08:10&vEND_DT=17.12.2022%2000:18:10 HTTP/1.1" 200 24162
195.222.149.195 - - [17/Dec/2022:00:18:13 +0500] "GET /ords/api.HTP_ASPVK_DATA?nPVK_ID=0&vST_DT=16.12.2022%2022:10:57&vEND_DT=16.12.2022%2022:20:57 HTTP/1.1" 200 97191
46.146.210.91 - - [17/Dec/2022:00:18:20 +0500] "GET /ords/api.HTP_ASPVK_DATA?nPVK_ID=0&vST_DT=17.12.2022%2000:08:20&vEND_DT=17.12.2022%2000:18:20 HTTP/1.1" 200 33229
195.222.149.195 - - [17/Dec/2022:00:18:23 +0500] "GET /ords/api.HTP_ASPVK_DATA?nPVK_ID=0&vST_DT=16.12.2022%2022:11:07&vEND_DT=16.12.2022%2022:21:07 HTTP/1.1" 200 97191
46.146.210.91 - - [17/Dec/2022:00:18:30 +0500] "GET /ords/api.HTP_ASPVK_DATA?nPVK_ID=0&vST_DT=17.12.2022%2000:08:30&vEND_DT=17.12.2022%2000:18:30 HTTP/1.1" 200 33229
195.222.149.195 - - [17/Dec/2022:00:18:33 +0500] "GET /ords/api.HTP_ASPVK_DATA?nPVK_ID=0&vST_DT=16.12.2022%2022:11:17&vEND_DT=16.12.2022%2022:21:17 HTTP/1.1" 200 91130
31.162.4.241 - - [17/Dec/2022:00:18:40 +0500] "GET /ords/f?p=137:2:4584770905877::NO:::&success_msg=xODt7fvlIOjn7OXt5e37Lg%7E%7E%2FbTp6fw5c6ccYJnAhXuCTGttta751kuUdjMR9ENz8ZDJ-jUnr0tGpE-LUz9xHyzFzmT23nng-zgenU2EbvqULnQ HTTP/1.1" 200 107601
46.146.210.91 - - [17/Dec/2022:00:18:40 +0500] "GET /ords/api.HTP_ASPVK_DATA?nPVK_ID=0&vST_DT=17.12.2022%2000:08:40&vEND_DT=17.12.2022%2000:18:40 HTTP/1.1" 200 33229
31.162.4.241 - - [17/Dec/2022:00:18:41 +0500] "POST /ords/wwv_flow.ajax HTTP/1.1" 200 1575
195.222.149.195 - - [17/Dec/2022:00:18:43 +0500] "GET /ords/api.HTP_ASPVK_DATA?nPVK_ID=0&vST_DT=16.12.2022%2022:11:27&vEND_DT=16.12.2022%2022:21:27 HTTP/1.1" 200 88095
46.146.210.91 - - [17/Dec/2022:00:18:50 +0500] "GET /ords/api.HTP_ASPVK_DATA?nPVK_ID=0&vST_DT=17.12.2022%2000:08:50&vEND_DT=17.12.2022%2000:18:50 HTTP/1.1" 200 33229
195.222.149.195 - - [17/Dec/2022:00:18:53 +0500] "GET /ords/api.HTP_ASPVK_DATA?nPVK_ID=0&vST_DT=16.12.2022%2022:11:37&vEND_DT=16.12.2022%2022:21:37 HTTP/1.1" 200 90026
46.146.210.91 - - [17/Dec/2022:00:19:00 +0500] "GET /ords/api.HTP_ASPVK_DATA?nPVK_ID=0&vST_DT=17.12.2022%2000:09:00&vEND_DT=17.12.2022%2000:19:00 HTTP/1.1" 200 33229
195.222.149.195 - - [17/Dec/2022:00:19:03 +0500] "GET /ords/api.HTP_ASPVK_DATA?nPVK_ID=0&vST_DT=16.12.2022%2022:11:47&vEND_DT=16.12.2022%2022:21:47 HTTP/1.1" 200 90022
31.162.4.241 - - [17/Dec/2022:00:19:05 +0500] "POST /ords/wwv_flow.show HTTP/1.1" 200 14
31.162.4.241 - - [17/Dec/2022:00:19:05 +0500] "POST /ords/wwv_flow.show HTTP/1.1" 200 537
31.162.4.241 - - [17/Dec/2022:00:19:07 +0500] "POST /ords/wwv_flow.show HTTP/1.1" 200 14
31.162.4.241 - - [17/Dec/2022:00:19:08 +0500] "POST /ords/wwv_flow.show HTTP/1.1" 200 14
31.162.4.241 - - [17/Dec/2022:00:19:08 +0500] "POST /ords/wwv_flow.show HTTP/1.1" 200 14
46.146.210.91 - - [17/Dec/2022:00:19:10 +0500] "GET /ords/api.HTP_ASPVK_DATA?nPVK_ID=0&vST_DT=17.12.2022%2000:09:10&vEND_DT=17.12.2022%2000:19:10 HTTP/1.1" 200 33229
31.162.4.241 - - [17/Dec/2022:00:19:11 +0500] "POST /ords/wwv_flow.accept HTTP/1.1" 302 5
195.222.149.195 - - [17/Dec/2022:00:19:13 +0500] "GET /ords/api.HTP_ASPVK_DATA?nPVK_ID=0&vST_DT=16.12.2022%2022:11:57&vEND_DT=16.12.2022%2022:21:57 HTTP/1.1" 200 91545
46.146.210.91 - - [17/Dec/2022:00:19:20 +0500] "GET /ords/api.HTP_ASPVK_DATA?nPVK_ID=0&vST_DT=17.12.2022%2000:09:20&vEND_DT=17.12.2022%2000:19:20 HTTP/1.1" 200 31708
195.222.149.195 - - [17/Dec/2022:00:19:23 +0500] "GET /ords/api.HTP_ASPVK_DATA?nPVK_ID=0&vST_DT=16.12.2022%2022:12:07&vEND_DT=16.12.2022%2022:22:07 HTTP/1.1" 200 88509
46.146.210.91 - - [17/Dec/2022:00:19:30 +0500] "GET /ords/api.HTP_ASPVK_DATA?nPVK_ID=0&vST_DT=17.12.2022%2000:09:30&vEND_DT=17.12.2022%2000:19:30 HTTP/1.1" 200 31708
31.162.4.241 - - [17/Dec/2022:00:19:32 +0500] "GET /ords/f?p=137:38:4584770905877::NO::: HTTP/1.1" 200 88391
92.255.130.41 - - [17/Dec/2022:00:19:32 +0500] "GET /?rUrl=https://lk.gosuslugi.ru/notifications/?type=ORDER HTTP/1.1" 302 -
92.255.130.41 - - [17/Dec/2022:00:19:32 +0500] "GET / HTTP/1.1" 302 -
195.222.149.195 - - [17/Dec/2022:00:19:33 +0500] "GET /ords/api.HTP_ASPVK_DATA?nPVK_ID=0&vST_DT=16.12.2022%2022:12:17&vEND_DT=16.12.2022%2022:22:17 HTTP/1.1" 200 88509
92.255.130.41 - - [17/Dec/2022:00:19:33 +0500] "GET /ords/f?p=101:210 HTTP/1.1" 200 453
92.255.130.41 - - [17/Dec/2022:00:19:34 +0500] "GET /ords/f?p=101:210:0:&tz=5:00 HTTP/1.1" 200 16231
92.255.130.41 - - [17/Dec/2022:00:19:34 +0500] "GET /i/themes/theme_15/theme_4_0.css HTTP/1.1" 200 38280
92.255.130.41 - - [17/Dec/2022:00:19:34 +0500] "GET /i/app_ui/css/Core.min.css?v=18.2.0.00.12 HTTP/1.1" 200 127295
92.255.130.41 - - [17/Dec/2022:00:19:34 +0500] "GET /i/app_ui/css/Theme-Standard.min.css?v=18.2.0.00.12 HTTP/1.1" 200 25242
92.255.130.41 - - [17/Dec/2022:00:19:34 +0500] "GET /i/libraries/apex/minified/desktop.min.js?v=18.2.0.00.12 HTTP/1.1" 200 353354
92.255.130.41 - - [17/Dec/2022:00:19:34 +0500] "GET /i/legacy_ui/css/5.0.min.css?v=18.2.0.00.12 HTTP/1.1" 200 26003
92.255.130.41 - - [17/Dec/2022:00:19:34 +0500] "GET /i/libraries/jquery-ui/1.12.0/jquery-ui-apex.min.css?v=18.2.0.00.12 HTTP/1.1" 200 29497
92.255.130.41 - - [17/Dec/2022:00:19:34 +0500] "GET /i/libraries/apex/minified/legacy_18.min.js?v=18.2.0.00.12 HTTP/1.1" 200 17611
92.255.130.41 - - [17/Dec/2022:00:19:34 +0500] "GET /i/libraries/apex/minified/legacy_pre18.min.js?v=18.2.0.00.12 HTTP/1.1" 200 17984
92.255.130.41 - - [17/Dec/2022:00:19:34 +0500] "GET /ords/r/r/files/static/v74Y/autosuggest_inquisitor.css HTTP/1.1" 200 2786
92.255.130.41 - - [17/Dec/2022:00:19:34 +0500] "GET /ords/r/r/files/static/v74Y/esia_auth.js HTTP/1.1" 200 4791
92.255.130.41 - - [17/Dec/2022:00:19:34 +0500] "GET /ords/r/r/files/static/v74Y/softplus_101.js HTTP/1.1" 200 23382
92.255.130.41 - - [17/Dec/2022:00:19:34 +0500] "GET /ords/r/r/files/static/v74Y/bsn.AutoSuggest_2.1.3.js HTTP/1.1" 200 36099
92.255.130.41 - - [17/Dec/2022:00:19:34 +0500] "GET /i/f_spacer.gif HTTP/1.1" 200 49
92.255.130.41 - - [17/Dec/2022:00:19:34 +0500] "GET /ords/r/r/files/static/v74Y/Z_TECHNO_LOGO_white.png HTTP/1.1" 200 22182
92.255.130.41 - - [17/Dec/2022:00:19:35 +0500] "GET /ords/r/r/files/static/v74Y/bg_perm_road.jpg HTTP/1.1" 200 976540
92.255.130.41 - - [17/Dec/2022:00:19:36 +0500] "GET /ords/r/r/files/static/v74Y/Z_TECHNO_FAV.ico HTTP/1.1" 200 15107
46.146.210.91 - - [17/Dec/2022:00:19:40 +0500] "GET /ords/api.HTP_ASPVK_DATA?nPVK_ID=0&vST_DT=17.12.2022%2000:09:40&vEND_DT=17.12.2022%2000:19:40 HTTP/1.1" 200 30177
195.222.149.195 - - [17/Dec/2022:00:19:43 +0500] "GET /ords/api.HTP_ASPVK_DATA?nPVK_ID=0&vST_DT=16.12.2022%2022:12:27&vEND_DT=16.12.2022%2022:22:27 HTTP/1.1" 200 90030
46.146.210.91 - - [17/Dec/2022:00:19:50 +0500] "GET /ords/api.HTP_ASPVK_DATA?nPVK_ID=0&vST_DT=17.12.2022%2000:09:50&vEND_DT=17.12.2022%2000:19:50 HTTP/1.1" 200 28662
195.222.149.195 - - [17/Dec/2022:00:19:53 +0500] "GET /ords/api.HTP_ASPVK_DATA?nPVK_ID=0&vST_DT=16.12.2022%2022:12:37&vEND_DT=16.12.2022%2022:22:37 HTTP/1.1" 200 88851
