46.146.210.91 - - [01/Dec/2022:00:00:09 +0500] "GET /ords/api.HTP_ASPVK_DATA?nPVK_ID=0&vST_DT=30.11.2022%2023:50:03&vEND_DT=01.12.2022%2000:00:03 HTTP/1.1" 200 13377
195.222.149.195 - - [01/Dec/2022:00:00:15 +0500] "GET /ords/api.HTP_ASPVK_DATA?nPVK_ID=0&vST_DT=30.11.2022%2021:51:33&vEND_DT=30.11.2022%2022:01:33 HTTP/1.1" 200 44539
46.146.210.91 - - [01/Dec/2022:00:00:18 +0500] "GET /ords/api.HTP_ASPVK_DATA?nPVK_ID=0&vST_DT=30.11.2022%2023:50:13&vEND_DT=01.12.2022%2000:00:13 HTTP/1.1" 200 16085
94.51.211.239 - - [01/Dec/2022:00:00:24 +0500] "GET /ords/f?p=147:2:25670127511049::NO::P2_ID,P2_COUNT_ALL,P2_EDIT_MODE:113696,5, HTTP/1.1" 200 103558
46.146.210.91 - - [01/Dec/2022:00:00:27 +0500] "GET /ords/api.HTP_ASPVK_DATA?nPVK_ID=0&vST_DT=30.11.2022%2023:50:23&vEND_DT=01.12.2022%2000:00:23 HTTP/1.1" 200 29080
195.222.149.195 - - [01/Dec/2022:00:00:27 +0500] "GET /ords/api.HTP_ASPVK_DATA?nPVK_ID=0&vST_DT=30.11.2022%2021:51:53&vEND_DT=30.11.2022%2022:01:53 HTTP/1.1" 200 46065
195.222.149.195 - - [01/Dec/2022:00:00:34 +0500] "GET /ords/api.HTP_ASPVK_DATA?nPVK_ID=0&vST_DT=30.11.2022%2021:52:03&vEND_DT=30.11.2022%2022:02:03 HTTP/1.1" 200 46065
46.146.210.91 - - [01/Dec/2022:00:00:36 +0500] "GET /ords/api.HTP_ASPVK_DATA?nPVK_ID=0&vST_DT=30.11.2022%2023:50:33&vEND_DT=01.12.2022%2000:00:33 HTTP/1.1" 200 29080
195.222.149.195 - - [01/Dec/2022:00:00:45 +0500] "GET /ords/api.HTP_ASPVK_DATA?nPVK_ID=0&vST_DT=30.11.2022%2021:52:13&vEND_DT=30.11.2022%2022:02:13 HTTP/1.1" 200 47578
195.222.149.195 - - [01/Dec/2022:00:00:53 +0500] "GET /ords/api.HTP_ASPVK_DATA?nPVK_ID=0&vST_DT=30.11.2022%2021:52:23&vEND_DT=30.11.2022%2022:02:23 HTTP/1.1" 200 46653
46.146.210.91 - - [01/Dec/2022:00:00:56 +0500] "GET /ords/api.HTP_ASPVK_DATA?nPVK_ID=0&vST_DT=30.11.2022%2023:50:53&vEND_DT=01.12.2022%2000:00:53 HTTP/1.1" 200 27565
94.51.211.239 - - [01/Dec/2022:00:00:57 +0500] "GET /ords/f?p=147:2:25670127511049::NO::P2_ID,P2_COUNT_ALL,P2_EDIT_MODE:113697,4, HTTP/1.1" 200 102872
195.222.149.195 - - [01/Dec/2022:00:01:04 +0500] "GET /ords/api.HTP_ASPVK_DATA?nPVK_ID=0&vST_DT=30.11.2022%2021:52:33&vEND_DT=30.11.2022%2022:02:33 HTTP/1.1" 200 43689
46.146.210.91 - - [01/Dec/2022:00:01:07 +0500] "GET /ords/api.HTP_ASPVK_DATA?nPVK_ID=0&vST_DT=30.11.2022%2023:51:03&vEND_DT=01.12.2022%2000:01:03 HTTP/1.1" 200 27565
195.222.149.195 - - [01/Dec/2022:00:01:15 +0500] "GET /ords/api.HTP_ASPVK_DATA?nPVK_ID=0&vST_DT=30.11.2022%2021:52:43&vEND_DT=30.11.2022%2022:02:43 HTTP/1.1" 200 43689
94.51.211.239 - - [01/Dec/2022:00:01:25 +0500] "POST /ords/wwv_flow.show HTTP/1.1" 200 1569738
195.222.149.195 - - [01/Dec/2022:00:01:26 +0500] "GET /ords/api.HTP_ASPVK_DATA?nPVK_ID=0&vST_DT=30.11.2022%2021:52:53&vEND_DT=30.11.2022%2022:02:53 HTTP/1.1" 200 43689
195.222.149.195 - - [01/Dec/2022:00:01:35 +0500] "GET /ords/api.HTP_ASPVK_DATA?nPVK_ID=0&vST_DT=30.11.2022%2021:53:03&vEND_DT=30.11.2022%2022:03:03 HTTP/1.1" 200 43689
94.51.211.239 - - [01/Dec/2022:00:01:39 +0500] "GET /ords/f?p=147:2:25670127511049::NO::P2_ID,P2_COUNT_ALL,P2_EDIT_MODE:113698,6, HTTP/1.1" 200 103928
195.222.149.195 - - [01/Dec/2022:00:01:44 +0500] "GET /ords/api.HTP_ASPVK_DATA?nPVK_ID=0&vST_DT=30.11.2022%2021:53:13&vEND_DT=30.11.2022%2022:03:13 HTTP/1.1" 200 45215
195.222.149.195 - - [01/Dec/2022:00:01:54 +0500] "GET /ords/api.HTP_ASPVK_DATA?nPVK_ID=0&vST_DT=30.11.2022%2021:53:23&vEND_DT=30.11.2022%2022:03:23 HTTP/1.1" 200 44714
94.51.211.239 - - [01/Dec/2022:00:02:03 +0500] "POST /ords/wwv_flow.show HTTP/1.1" 200 1569738
195.222.149.195 - - [01/Dec/2022:00:02:06 +0500] "GET /ords/api.HTP_ASPVK_DATA?nPVK_ID=0&vST_DT=30.11.2022%2021:53:33&vEND_DT=30.11.2022%2022:03:33 HTTP/1.1" 200 43196
46.146.210.91 - - [01/Dec/2022:00:02:10 +0500] "GET /ords/api.HTP_ASPVK_DATA?nPVK_ID=0&vST_DT=30.11.2022%2023:52:03&vEND_DT=01.12.2022%2000:02:03 HTTP/1.1" 200 24531
195.222.149.195 - - [01/Dec/2022:00:02:13 +0500] "GET /ords/api.HTP_ASPVK_DATA?nPVK_ID=0&vST_DT=30.11.2022%2021:53:43&vEND_DT=30.11.2022%2022:03:43 HTTP/1.1" 200 41680
94.51.211.239 - - [01/Dec/2022:00:02:13 +0500] "POST /ords/wwv_flow.accept HTTP/1.1" 302 5
94.51.211.239 - - [01/Dec/2022:00:02:14 +0500] "GET /ords/wwv_flow.show?p_request=APPLICATION_PROCESS%3DGET_SQL_RESULT&p_flow_id=555&p_flow_step_id=0&p_instance=25670127511049&p_arg_names=F_APPLICATION_ID&p_arg_values=147&p_arg_names=F_FILTER_TEXT&p_arg_values=&p_arg_names=F_LOV_NAME&p_arg_values=2_%D0%A1%D0%A2%D0%90%D0%A2%D0%A3%D0%A1%D0%AB_%D0%9C%D0%9E&p_arg_names=F_FILTER_TEXT2&p_arg_values=&p_arg_names=F_RESULT_COUNT&p_arg_values=50 HTTP/1.1" 200 296
195.222.149.195 - - [01/Dec/2022:00:02:21 +0500] "GET /ords/api.HTP_ASPVK_DATA?nPVK_ID=0&vST_DT=30.11.2022%2021:53:53&vEND_DT=30.11.2022%2022:03:53 HTTP/1.1" 200 40158
46.146.210.91 - - [01/Dec/2022:00:02:25 +0500] "GET /ords/api.HTP_ASPVK_DATA?nPVK_ID=0&vST_DT=30.11.2022%2023:52:23&vEND_DT=01.12.2022%2000:02:23 HTTP/1.1" 200 24531
94.51.211.239 - - [01/Dec/2022:00:02:27 +0500] "POST /ords/wwv_flow.accept HTTP/1.1" 302 5
195.222.149.195 - - [01/Dec/2022:00:02:32 +0500] "GET /ords/api.HTP_ASPVK_DATA?nPVK_ID=0&vST_DT=30.11.2022%2021:54:03&vEND_DT=30.11.2022%2022:04:03 HTTP/1.1" 200 39738
94.51.211.239 - - [01/Dec/2022:00:02:33 +0500] "POST /ords/wwv_flow.show HTTP/1.1" 200 1569738
46.146.210.91 - - [01/Dec/2022:00:02:36 +0500] "GET /ords/api.HTP_ASPVK_DATA?nPVK_ID=0&vST_DT=30.11.2022%2023:52:33&vEND_DT=01.12.2022%2000:02:33 HTTP/1.1" 200 24531
94.51.211.239 - - [01/Dec/2022:00:02:38 +0500] "GET /ords/f?p=147:2:25670127511049::::: HTTP/1.1" 200 102875
195.222.149.195 - - [01/Dec/2022:00:02:42 +0500] "GET /ords/api.HTP_ASPVK_DATA?nPVK_ID=0&vST_DT=30.11.2022%2021:54:13&vEND_DT=30.11.2022%2022:04:13 HTTP/1.1" 200 40138
94.51.211.239 - - [01/Dec/2022:00:02:43 +0500] "POST /ords/wwv_flow.accept HTTP/1.1" 302 5
46.146.210.91 - - [01/Dec/2022:00:02:45 +0500] "GET /ords/api.HTP_ASPVK_DATA?nPVK_ID=0&vST_DT=30.11.2022%2023:52:43&vEND_DT=01.12.2022%2000:02:43 HTTP/1.1" 200 24531
195.222.149.195 - - [01/Dec/2022:00:02:51 +0500] "GET /ords/api.HTP_ASPVK_DATA?nPVK_ID=0&vST_DT=30.11.2022%2021:54:23&vEND_DT=30.11.2022%2022:04:23 HTTP/1.1" 200 41660
46.146.210.91 - - [01/Dec/2022:00:02:54 +0500] "GET /ords/api.HTP_ASPVK_DATA?nPVK_ID=0&vST_DT=30.11.2022%2023:52:53&vEND_DT=01.12.2022%2000:02:53 HTTP/1.1" 200 21501
94.51.211.239 - - [01/Dec/2022:00:02:55 +0500] "POST /ords/wwv_flow.show HTTP/1.1" 200 1569738
94.51.211.239 - - [01/Dec/2022:00:02:55 +0500] "POST /ords/wwv_flow.accept HTTP/1.1" 302 5
94.51.211.239 - - [01/Dec/2022:00:02:56 +0500] "POST /ords/wwv_flow.accept HTTP/1.1" 302 5
94.51.211.239 - - [01/Dec/2022:00:02:57 +0500] "GET /ords/wwv_flow.show?p_request=APPLICATION_PROCESS%3DGET_SQL_RESULT&p_flow_id=555&p_flow_step_id=0&p_instance=25670127511049&p_arg_names=F_APPLICATION_ID&p_arg_values=147&p_arg_names=F_FILTER_TEXT&p_arg_values=&p_arg_names=F_LOV_NAME&p_arg_values=2_%D0%A1%D0%A2%D0%90%D0%A2%D0%A3%D0%A1%D0%AB_%D0%9C%D0%9E&p_arg_names=F_FILTER_TEXT2&p_arg_values=&p_arg_names=F_RESULT_COUNT&p_arg_values=50 HTTP/1.1" 200 296
94.51.211.239 - - [01/Dec/2022:00:02:57 +0500] "GET /ords/wwv_flow.show?p_request=APPLICATION_PROCESS%3DGET_SQL_RESULT&p_flow_id=555&p_flow_step_id=0&p_instance=25670127511049&p_arg_names=F_APPLICATION_ID&p_arg_values=147&p_arg_names=F_FILTER_TEXT&p_arg_values=&p_arg_names=F_LOV_NAME&p_arg_values=2_%D0%A1%D0%A2%D0%90%D0%A2%D0%A3%D0%A1%D0%AB_%D0%9C%D0%9E&p_arg_names=F_FILTER_TEXT2&p_arg_values=&p_arg_names=F_RESULT_COUNT&p_arg_values=50 HTTP/1.1" 200 296
94.51.211.239 - - [01/Dec/2022:00:02:57 +0500] "GET /ords/wwv_flow.show?p_request=APPLICATION_PROCESS%3DGET_SQL_RESULT&p_flow_id=555&p_flow_step_id=0&p_instance=25670127511049&p_arg_names=F_APPLICATION_ID&p_arg_values=147&p_arg_names=F_FILTER_TEXT&p_arg_values=&p_arg_names=F_LOV_NAME&p_arg_values=2_%D0%A1%D0%A2%D0%90%D0%A2%D0%A3%D0%A1%D0%AB_%D0%9C%D0%9E&p_arg_names=F_FILTER_TEXT2&p_arg_values=&p_arg_names=F_RESULT_COUNT&p_arg_values=50 HTTP/1.1" 200 296
94.51.211.239 - - [01/Dec/2022:00:02:57 +0500] "GET /ords/wwv_flow.show?p_request=APPLICATION_PROCESS%3DGET_SQL_RESULT&p_flow_id=555&p_flow_step_id=0&p_instance=25670127511049&p_arg_names=F_APPLICATION_ID&p_arg_values=147&p_arg_names=F_FILTER_TEXT&p_arg_values=&p_arg_names=F_LOV_NAME&p_arg_values=2_%D0%A1%D0%A2%D0%90%D0%A2%D0%A3%D0%A1%D0%AB_%D0%9C%D0%9E&p_arg_names=F_FILTER_TEXT2&p_arg_values=&p_arg_names=F_RESULT_COUNT&p_arg_values=50 HTTP/1.1" 200 296
94.51.211.239 - - [01/Dec/2022:00:02:58 +0500] "GET /ords/wwv_flow.show?p_request=APPLICATION_PROCESS%3DGET_SQL_RESULT&p_flow_id=555&p_flow_step_id=0&p_instance=25670127511049&p_arg_names=F_APPLICATION_ID&p_arg_values=147&p_arg_names=F_FILTER_TEXT&p_arg_values=&p_arg_names=F_LOV_NAME&p_arg_values=2_%D0%A1%D0%A2%D0%90%D0%A2%D0%A3%D0%A1%D0%AB_%D0%9C%D0%9E&p_arg_names=F_FILTER_TEXT2&p_arg_values=&p_arg_names=F_RESULT_COUNT&p_arg_values=50 HTTP/1.1" 200 296
94.51.211.239 - - [01/Dec/2022:00:02:58 +0500] "GET /ords/wwv_flow.show?p_request=APPLICATION_PROCESS%3DGET_SQL_RESULT&p_flow_id=555&p_flow_step_id=0&p_instance=25670127511049&p_arg_names=F_APPLICATION_ID&p_arg_values=147&p_arg_names=F_FILTER_TEXT&p_arg_values=&p_arg_names=F_LOV_NAME&p_arg_values=2_%D0%A1%D0%A2%D0%90%D0%A2%D0%A3%D0%A1%D0%AB_%D0%9C%D0%9E&p_arg_names=F_FILTER_TEXT2&p_arg_values=&p_arg_names=F_RESULT_COUNT&p_arg_values=50 HTTP/1.1" 200 296
94.51.211.239 - - [01/Dec/2022:00:02:58 +0500] "GET /ords/wwv_flow.show?p_request=APPLICATION_PROCESS%3DGET_SQL_RESULT&p_flow_id=555&p_flow_step_id=0&p_instance=25670127511049&p_arg_names=F_APPLICATION_ID&p_arg_values=147&p_arg_names=F_FILTER_TEXT&p_arg_values=&p_arg_names=F_LOV_NAME&p_arg_values=2_%D0%A1%D0%A2%D0%90%D0%A2%D0%A3%D0%A1%D0%AB_%D0%9C%D0%9E&p_arg_names=F_FILTER_TEXT2&p_arg_values=&p_arg_names=F_RESULT_COUNT&p_arg_values=50 HTTP/1.1" 200 296
195.222.149.195 - - [01/Dec/2022:00:03:02 +0500] "GET /ords/api.HTP_ASPVK_DATA?nPVK_ID=0&vST_DT=30.11.2022%2021:54:33&vEND_DT=30.11.2022%2022:04:33 HTTP/1.1" 200 41660
46.146.210.91 - - [01/Dec/2022:00:03:05 +0500] "GET /ords/api.HTP_ASPVK_DATA?nPVK_ID=0&vST_DT=30.11.2022%2023:53:03&vEND_DT=01.12.2022%2000:03:03 HTTP/1.1" 200 21501
94.51.211.239 - - [01/Dec/2022:00:03:07 +0500] "POST /ords/wwv_flow.show HTTP/1.1" 200 1569738
94.51.211.239 - - [01/Dec/2022:00:03:07 +0500] "POST /ords/wwv_flow.accept HTTP/1.1" 302 5
195.222.149.195 - - [01/Dec/2022:00:03:12 +0500] "GET /ords/api.HTP_ASPVK_DATA?nPVK_ID=0&vST_DT=30.11.2022%2021:54:43&vEND_DT=30.11.2022%2022:04:43 HTTP/1.1" 200 41660
46.146.210.91 - - [01/Dec/2022:00:03:14 +0500] "GET /ords/api.HTP_ASPVK_DATA?nPVK_ID=0&vST_DT=30.11.2022%2023:53:13&vEND_DT=01.12.2022%2000:03:13 HTTP/1.1" 200 23018
94.51.211.239 - - [01/Dec/2022:00:03:21 +0500] "GET /ords/f?p=147:2:25670127511049::::: HTTP/1.1" 200 103928
94.51.211.239 - - [01/Dec/2022:00:03:21 +0500] "POST /ords/wwv_flow.accept HTTP/1.1" 302 5
195.222.149.195 - - [01/Dec/2022:00:03:23 +0500] "GET /ords/api.HTP_ASPVK_DATA?nPVK_ID=0&vST_DT=30.11.2022%2021:54:53&vEND_DT=30.11.2022%2022:04:53 HTTP/1.1" 200 41660
46.146.210.91 - - [01/Dec/2022:00:03:25 +0500] "GET /ords/api.HTP_ASPVK_DATA?nPVK_ID=0&vST_DT=30.11.2022%2023:53:23&vEND_DT=01.12.2022%2000:03:23 HTTP/1.1" 200 21504
195.222.149.195 - - [01/Dec/2022:00:03:31 +0500] "GET /ords/api.HTP_ASPVK_DATA?nPVK_ID=0&vST_DT=30.11.2022%2021:55:03&vEND_DT=30.11.2022%2022:05:03 HTTP/1.1" 200 39732
94.51.211.239 - - [01/Dec/2022:00:03:32 +0500] "GET /ords/f?p=147:2:25670127511049::::: HTTP/1.1" 200 102581
46.146.210.91 - - [01/Dec/2022:00:03:34 +0500] "GET /ords/api.HTP_ASPVK_DATA?nPVK_ID=0&vST_DT=30.11.2022%2023:53:33&vEND_DT=01.12.2022%2000:03:33 HTTP/1.1" 200 21504
195.222.149.195 - - [01/Dec/2022:00:03:41 +0500] "GET /ords/api.HTP_ASPVK_DATA?nPVK_ID=0&vST_DT=30.11.2022%2021:55:13&vEND_DT=30.11.2022%2022:05:13 HTTP/1.1" 200 42782
94.51.211.239 - - [01/Dec/2022:00:03:44 +0500] "GET /ords/f?p=147:2:25670127511049::::: HTTP/1.1" 200 102579
46.146.210.91 - - [01/Dec/2022:00:03:45 +0500] "GET /ords/api.HTP_ASPVK_DATA?nPVK_ID=0&vST_DT=30.11.2022%2023:53:43&vEND_DT=01.12.2022%2000:03:43 HTTP/1.1" 200 21504
94.51.211.239 - - [01/Dec/2022:00:03:48 +0500] "GET /ords/f?p=147:2:25670127511049::::: HTTP/1.1" 200 102581
195.222.149.195 - - [01/Dec/2022:00:03:53 +0500] "GET /ords/api.HTP_ASPVK_DATA?nPVK_ID=0&vST_DT=30.11.2022%2021:55:23&vEND_DT=30.11.2022%2022:05:23 HTTP/1.1" 200 40334
46.146.210.91 - - [01/Dec/2022:00:03:56 +0500] "GET /ords/api.HTP_ASPVK_DATA?nPVK_ID=0&vST_DT=30.11.2022%2023:53:53&vEND_DT=01.12.2022%2000:03:53 HTTP/1.1" 200 21504
94.51.211.239 - - [01/Dec/2022:00:03:59 +0500] "GET /ords/f?p=147:2:25670127511049::::: HTTP/1.1" 200 102581
195.222.149.195 - - [01/Dec/2022:00:04:05 +0500] "GET /ords/api.HTP_ASPVK_DATA?nPVK_ID=0&vST_DT=30.11.2022%2021:55:33&vEND_DT=30.11.2022%2022:05:33 HTTP/1.1" 200 40334
195.222.149.195 - - [01/Dec/2022:00:04:12 +0500] "GET /ords/api.HTP_ASPVK_DATA?nPVK_ID=0&vST_DT=30.11.2022%2021:55:43&vEND_DT=30.11.2022%2022:05:43 HTTP/1.1" 200 40334
94.51.211.239 - - [01/Dec/2022:00:04:14 +0500] "GET /ords/f?p=147:2:25670127511049::::: HTTP/1.1" 200 102581
46.146.210.91 - - [01/Dec/2022:00:04:15 +0500] "GET /ords/api.HTP_ASPVK_DATA?nPVK_ID=0&vST_DT=30.11.2022%2023:54:13&vEND_DT=01.12.2022%2000:04:13 HTTP/1.1" 200 21504
195.222.149.195 - - [01/Dec/2022:00:04:23 +0500] "GET /ords/api.HTP_ASPVK_DATA?nPVK_ID=0&vST_DT=30.11.2022%2021:55:53&vEND_DT=30.11.2022%2022:05:53 HTTP/1.1" 200 42272
46.146.210.91 - - [01/Dec/2022:00:04:25 +0500] "GET /ords/api.HTP_ASPVK_DATA?nPVK_ID=0&vST_DT=30.11.2022%2023:54:23&vEND_DT=01.12.2022%2000:04:23 HTTP/1.1" 200 21504
195.222.149.195 - - [01/Dec/2022:00:04:35 +0500] "GET /ords/api.HTP_ASPVK_DATA?nPVK_ID=0&vST_DT=30.11.2022%2021:56:03&vEND_DT=30.11.2022%2022:06:03 HTTP/1.1" 200 40743
46.146.210.91 - - [01/Dec/2022:00:04:37 +0500] "GET /ords/api.HTP_ASPVK_DATA?nPVK_ID=0&vST_DT=30.11.2022%2023:54:33&vEND_DT=01.12.2022%2000:04:33 HTTP/1.1" 200 21504
195.222.149.195 - - [01/Dec/2022:00:04:52 +0500] "GET /ords/api.HTP_ASPVK_DATA?nPVK_ID=0&vST_DT=30.11.2022%2021:56:13&vEND_DT=30.11.2022%2022:06:13 HTTP/1.1" 200 40743
46.146.210.91 - - [01/Dec/2022:00:05:00 +0500] "GET /ords/api.HTP_ASPVK_DATA?nPVK_ID=0&vST_DT=30.11.2022%2023:54:53&vEND_DT=01.12.2022%2000:04:53 HTTP/1.1" 200 19988
195.222.149.195 - - [01/Dec/2022:00:05:13 +0500] "GET /ords/api.HTP_ASPVK_DATA?nPVK_ID=0&vST_DT=30.11.2022%2021:56:33&vEND_DT=30.11.2022%2022:06:33 HTTP/1.1" 200 39229
46.146.210.91 - - [01/Dec/2022:00:05:16 +0500] "GET /ords/api.HTP_ASPVK_DATA?nPVK_ID=0&vST_DT=30.11.2022%2023:55:13&vEND_DT=01.12.2022%2000:05:13 HTTP/1.1" 200 19988
195.222.149.195 - - [01/Dec/2022:00:05:23 +0500] "GET /ords/api.HTP_ASPVK_DATA?nPVK_ID=0&vST_DT=30.11.2022%2021:56:53&vEND_DT=30.11.2022%2022:06:53 HTTP/1.1" 200 37707
46.146.210.91 - - [01/Dec/2022:00:05:25 +0500] "GET /ords/api.HTP_ASPVK_DATA?nPVK_ID=0&vST_DT=30.11.2022%2023:55:23&vEND_DT=01.12.2022%2000:05:23 HTTP/1.1" 200 19988
195.222.149.195 - - [01/Dec/2022:00:05:35 +0500] "GET /ords/api.HTP_ASPVK_DATA?nPVK_ID=0&vST_DT=30.11.2022%2021:57:03&vEND_DT=30.11.2022%2022:07:03 HTTP/1.1" 200 37707
46.146.210.91 - - [01/Dec/2022:00:05:37 +0500] "GET /ords/api.HTP_ASPVK_DATA?nPVK_ID=0&vST_DT=30.11.2022%2023:55:33&vEND_DT=01.12.2022%2000:05:33 HTTP/1.1" 200 19988
195.222.149.195 - - [01/Dec/2022:00:05:46 +0500] "GET /ords/api.HTP_ASPVK_DATA?nPVK_ID=0&vST_DT=30.11.2022%2021:57:13&vEND_DT=30.11.2022%2022:07:13 HTTP/1.1" 200 37707
46.146.210.91 - - [01/Dec/2022:00:05:46 +0500] "GET /ords/api.HTP_ASPVK_DATA?nPVK_ID=0&vST_DT=30.11.2022%2023:55:43&vEND_DT=01.12.2022%2000:05:43 HTTP/1.1" 200 19988
195.222.149.195 - - [01/Dec/2022:00:05:56 +0500] "GET /ords/api.HTP_ASPVK_DATA?nPVK_ID=0&vST_DT=30.11.2022%2021:57:23&vEND_DT=30.11.2022%2022:07:23 HTTP/1.1" 200 37707
46.146.210.91 - - [01/Dec/2022:00:05:56 +0500] "GET /ords/api.HTP_ASPVK_DATA?nPVK_ID=0&vST_DT=30.11.2022%2023:55:53&vEND_DT=01.12.2022%2000:05:53 HTTP/1.1" 200 19988
46.146.210.91 - - [01/Dec/2022:00:06:08 +0500] "GET /ords/api.HTP_ASPVK_DATA?nPVK_ID=0&vST_DT=30.11.2022%2023:56:03&vEND_DT=01.12.2022%2000:06:03 HTTP/1.1" 200 19988
195.222.149.195 - - [01/Dec/2022:00:06:09 +0500] "GET /ords/api.HTP_ASPVK_DATA?nPVK_ID=0&vST_DT=30.11.2022%2021:57:33&vEND_DT=30.11.2022%2022:07:33 HTTP/1.1" 200 34678
195.222.149.195 - - [01/Dec/2022:00:06:14 +0500] "GET /ords/api.HTP_ASPVK_DATA?nPVK_ID=0&vST_DT=30.11.2022%2021:57:44&vEND_DT=30.11.2022%2022:07:44 HTTP/1.1" 200 38885
46.146.210.91 - - [01/Dec/2022:00:06:15 +0500] "GET /ords/api.HTP_ASPVK_DATA?nPVK_ID=0&vST_DT=30.11.2022%2023:56:13&vEND_DT=01.12.2022%2000:06:13 HTTP/1.1" 200 24206
195.222.149.195 - - [01/Dec/2022:00:06:22 +0500] "GET /ords/api.HTP_ASPVK_DATA?nPVK_ID=0&vST_DT=30.11.2022%2021:57:54&vEND_DT=30.11.2022%2022:07:54 HTTP/1.1" 200 38885
46.146.210.91 - - [01/Dec/2022:00:06:26 +0500] "GET /ords/api.HTP_ASPVK_DATA?nPVK_ID=0&vST_DT=30.11.2022%2023:56:23&vEND_DT=01.12.2022%2000:06:23 HTTP/1.1" 200 27662
195.222.149.195 - - [01/Dec/2022:00:06:35 +0500] "GET /ords/api.HTP_ASPVK_DATA?nPVK_ID=0&vST_DT=30.11.2022%2021:58:04&vEND_DT=30.11.2022%2022:08:04 HTTP/1.1" 200 38885
46.146.210.91 - - [01/Dec/2022:00:06:36 +0500] "GET /ords/api.HTP_ASPVK_DATA?nPVK_ID=0&vST_DT=30.11.2022%2023:56:33&vEND_DT=01.12.2022%2000:06:33 HTTP/1.1" 200 27662
195.222.149.195 - - [01/Dec/2022:00:06:43 +0500] "GET /ords/api.HTP_ASPVK_DATA?nPVK_ID=0&vST_DT=30.11.2022%2021:58:14&vEND_DT=30.11.2022%2022:08:14 HTTP/1.1" 200 38885
46.146.210.91 - - [01/Dec/2022:00:06:46 +0500] "GET /ords/api.HTP_ASPVK_DATA?nPVK_ID=0&vST_DT=30.11.2022%2023:56:43&vEND_DT=01.12.2022%2000:06:43 HTTP/1.1" 200 29186
195.222.149.195 - - [01/Dec/2022:00:06:53 +0500] "GET /ords/api.HTP_ASPVK_DATA?nPVK_ID=0&vST_DT=30.11.2022%2021:58:24&vEND_DT=30.11.2022%2022:08:24 HTTP/1.1" 200 38882
46.146.210.91 - - [01/Dec/2022:00:06:56 +0500] "GET /ords/api.HTP_ASPVK_DATA?nPVK_ID=0&vST_DT=30.11.2022%2023:56:53&vEND_DT=01.12.2022%2000:06:53 HTTP/1.1" 200 29186
195.222.149.195 - - [01/Dec/2022:00:07:06 +0500] "GET /ords/api.HTP_ASPVK_DATA?nPVK_ID=0&vST_DT=30.11.2022%2021:58:34&vEND_DT=30.11.2022%2022:08:34 HTTP/1.1" 200 43848
46.146.210.91 - - [01/Dec/2022:00:07:07 +0500] "GET /ords/api.HTP_ASPVK_DATA?nPVK_ID=0&vST_DT=30.11.2022%2023:57:03&vEND_DT=01.12.2022%2000:07:03 HTTP/1.1" 200 29186
195.222.149.195 - - [01/Dec/2022:00:07:16 +0500] "GET /ords/api.HTP_ASPVK_DATA?nPVK_ID=0&vST_DT=30.11.2022%2021:58:44&vEND_DT=30.11.2022%2022:08:44 HTTP/1.1" 200 46877
46.146.210.91 - - [01/Dec/2022:00:07:16 +0500] "GET /ords/api.HTP_ASPVK_DATA?nPVK_ID=0&vST_DT=30.11.2022%2023:57:13&vEND_DT=01.12.2022%2000:07:13 HTTP/1.1" 200 29186
195.222.149.195 - - [01/Dec/2022:00:07:24 +0500] "GET /ords/api.HTP_ASPVK_DATA?nPVK_ID=0&vST_DT=30.11.2022%2021:58:54&vEND_DT=30.11.2022%2022:08:54 HTTP/1.1" 200 46877
46.146.210.91 - - [01/Dec/2022:00:07:27 +0500] "GET /ords/api.HTP_ASPVK_DATA?nPVK_ID=0&vST_DT=30.11.2022%2023:57:23&vEND_DT=01.12.2022%2000:07:23 HTTP/1.1" 200 27671
195.222.149.195 - - [01/Dec/2022:00:07:35 +0500] "GET /ords/api.HTP_ASPVK_DATA?nPVK_ID=0&vST_DT=30.11.2022%2021:59:04&vEND_DT=30.11.2022%2022:09:04 HTTP/1.1" 200 46877
195.222.149.195 - - [01/Dec/2022:00:07:43 +0500] "GET /ords/api.HTP_ASPVK_DATA?nPVK_ID=0&vST_DT=30.11.2022%2021:59:14&vEND_DT=30.11.2022%2022:09:14 HTTP/1.1" 200 46877
46.146.210.91 - - [01/Dec/2022:00:07:45 +0500] "GET /ords/api.HTP_ASPVK_DATA?nPVK_ID=0&vST_DT=30.11.2022%2023:57:43&vEND_DT=01.12.2022%2000:07:43 HTTP/1.1" 200 26157
195.222.149.195 - - [01/Dec/2022:00:07:55 +0500] "GET /ords/api.HTP_ASPVK_DATA?nPVK_ID=0&vST_DT=30.11.2022%2021:59:24&vEND_DT=30.11.2022%2022:09:24 HTTP/1.1" 200 46877
195.222.149.195 - - [01/Dec/2022:00:08:06 +0500] "GET /ords/api.HTP_ASPVK_DATA?nPVK_ID=0&vST_DT=30.11.2022%2021:59:34&vEND_DT=30.11.2022%2022:09:34 HTTP/1.1" 200 46890
46.146.210.91 - - [01/Dec/2022:00:08:07 +0500] "GET /ords/api.HTP_ASPVK_DATA?nPVK_ID=0&vST_DT=30.11.2022%2023:58:03&vEND_DT=01.12.2022%2000:08:03 HTTP/1.1" 200 23457
195.222.149.195 - - [01/Dec/2022:00:08:16 +0500] "GET /ords/api.HTP_ASPVK_DATA?nPVK_ID=0&vST_DT=30.11.2022%2021:59:44&vEND_DT=30.11.2022%2022:09:44 HTTP/1.1" 200 46890
46.146.210.91 - - [01/Dec/2022:00:08:17 +0500] "GET /ords/api.HTP_ASPVK_DATA?nPVK_ID=0&vST_DT=30.11.2022%2023:58:13&vEND_DT=01.12.2022%2000:08:13 HTTP/1.1" 200 23457
46.146.210.91 - - [01/Dec/2022:00:08:27 +0500] "GET /ords/api.HTP_ASPVK_DATA?nPVK_ID=0&vST_DT=30.11.2022%2023:58:24&vEND_DT=01.12.2022%2000:08:24 HTTP/1.1" 200 23457
195.222.149.195 - - [01/Dec/2022:00:08:28 +0500] "GET /ords/api.HTP_ASPVK_DATA?nPVK_ID=0&vST_DT=30.11.2022%2021:59:54&vEND_DT=30.11.2022%2022:09:54 HTTP/1.1" 200 46890
195.222.149.195 - - [01/Dec/2022:00:08:34 +0500] "GET /ords/api.HTP_ASPVK_DATA?nPVK_ID=0&vST_DT=30.11.2022%2022:00:04&vEND_DT=30.11.2022%2022:10:04 HTTP/1.1" 200 45375
195.222.149.195 - - [01/Dec/2022:00:08:43 +0500] "GET /ords/api.HTP_ASPVK_DATA?nPVK_ID=0&vST_DT=30.11.2022%2022:00:14&vEND_DT=30.11.2022%2022:10:14 HTTP/1.1" 200 47653
94.51.211.239 - - [01/Dec/2022:00:08:43 +0500] "POST /ords/wwv_flow.show HTTP/1.1" 200 1569738
46.146.210.91 - - [01/Dec/2022:00:08:45 +0500] "GET /ords/api.HTP_ASPVK_DATA?nPVK_ID=0&vST_DT=30.11.2022%2023:58:44&vEND_DT=01.12.2022%2000:08:44 HTTP/1.1" 200 18893
195.222.149.195 - - [01/Dec/2022:00:08:54 +0500] "GET /ords/api.HTP_ASPVK_DATA?nPVK_ID=0&vST_DT=30.11.2022%2022:00:24&vEND_DT=30.11.2022%2022:10:24 HTTP/1.1" 200 47653
46.146.210.91 - - [01/Dec/2022:00:08:56 +0500] "GET /ords/api.HTP_ASPVK_DATA?nPVK_ID=0&vST_DT=30.11.2022%2023:58:54&vEND_DT=01.12.2022%2000:08:54 HTTP/1.1" 200 18893
195.222.149.195 - - [01/Dec/2022:00:09:06 +0500] "GET /ords/api.HTP_ASPVK_DATA?nPVK_ID=0&vST_DT=30.11.2022%2022:00:34&vEND_DT=30.11.2022%2022:10:34 HTTP/1.1" 200 47653
195.222.149.195 - - [01/Dec/2022:00:09:14 +0500] "GET /ords/api.HTP_ASPVK_DATA?nPVK_ID=0&vST_DT=30.11.2022%2022:00:44&vEND_DT=30.11.2022%2022:10:44 HTTP/1.1" 200 47653
46.146.210.91 - - [01/Dec/2022:00:09:15 +0500] "GET /ords/api.HTP_ASPVK_DATA?nPVK_ID=0&vST_DT=30.11.2022%2023:59:14&vEND_DT=01.12.2022%2000:09:14 HTTP/1.1" 200 14997
94.51.211.239 - - [01/Dec/2022:00:09:17 +0500] "GET /ords/f?p=147:1:25670127511049:::: HTTP/1.1" 200 58636
195.222.149.195 - - [01/Dec/2022:00:09:24 +0500] "GET /ords/api.HTP_ASPVK_DATA?nPVK_ID=0&vST_DT=30.11.2022%2022:00:54&vEND_DT=30.11.2022%2022:10:54 HTTP/1.1" 200 46138
46.146.210.91 - - [01/Dec/2022:00:09:27 +0500] "GET /ords/api.HTP_ASPVK_DATA?nPVK_ID=0&vST_DT=30.11.2022%2023:59:24&vEND_DT=01.12.2022%2000:09:24 HTTP/1.1" 200 28259
195.222.149.195 - - [01/Dec/2022:00:09:36 +0500] "GET /ords/api.HTP_ASPVK_DATA?nPVK_ID=0&vST_DT=30.11.2022%2022:01:04&vEND_DT=30.11.2022%2022:11:04 HTTP/1.1" 200 49171
94.51.211.239 - - [01/Dec/2022:00:09:37 +0500] "POST /ords/wwv_flow.show HTTP/1.1" 200 12
195.222.149.195 - - [01/Dec/2022:00:09:44 +0500] "GET /ords/api.HTP_ASPVK_DATA?nPVK_ID=0&vST_DT=30.11.2022%2022:01:14&vEND_DT=30.11.2022%2022:11:14 HTTP/1.1" 200 53150
46.146.210.91 - - [01/Dec/2022:00:09:46 +0500] "GET /ords/api.HTP_ASPVK_DATA?nPVK_ID=0&vST_DT=30.11.2022%2023:59:44&vEND_DT=01.12.2022%2000:09:44 HTTP/1.1" 200 28259
94.51.211.239 - - [01/Dec/2022:00:09:47 +0500] "POST /ords/wwv_flow.show HTTP/1.1" 200 12
195.222.149.195 - - [01/Dec/2022:00:09:54 +0500] "GET /ords/api.HTP_ASPVK_DATA?nPVK_ID=0&vST_DT=30.11.2022%2022:01:24&vEND_DT=30.11.2022%2022:11:24 HTTP/1.1" 200 53150
46.146.210.91 - - [01/Dec/2022:00:09:56 +0500] "GET /ords/api.HTP_ASPVK_DATA?nPVK_ID=0&vST_DT=30.11.2022%2023:59:54&vEND_DT=01.12.2022%2000:09:54 HTTP/1.1" 200 28259
195.222.149.195 - - [01/Dec/2022:00:10:06 +0500] "GET /ords/api.HTP_ASPVK_DATA?nPVK_ID=0&vST_DT=30.11.2022%2022:01:34&vEND_DT=30.11.2022%2022:11:34 HTTP/1.1" 200 53150
46.146.210.91 - - [01/Dec/2022:00:10:07 +0500] "GET /ords/api.HTP_ASPVK_DATA?nPVK_ID=0&vST_DT=01.12.2022%2000:00:04&vEND_DT=01.12.2022%2000:10:04 HTTP/1.1" 200 28259
195.222.149.195 - - [01/Dec/2022:00:10:14 +0500] "GET /ords/api.HTP_ASPVK_DATA?nPVK_ID=0&vST_DT=30.11.2022%2022:01:44&vEND_DT=30.11.2022%2022:11:44 HTTP/1.1" 200 51625
162.142.125.121 - - [01/Dec/2022:00:10:14 +0500] "GET / HTTP/1.1" 302 -
162.142.125.121 - - [01/Dec/2022:00:10:15 +0500] "GET / HTTP/1.1" 302 -
162.142.125.121 - - [01/Dec/2022:00:10:16 +0500] "PRI * HTTP/2.0" 505 -
46.146.210.91 - - [01/Dec/2022:00:10:16 +0500] "GET /ords/api.HTP_ASPVK_DATA?nPVK_ID=0&vST_DT=01.12.2022%2000:00:14&vEND_DT=01.12.2022%2000:10:14 HTTP/1.1" 200 28259
162.142.125.121 - - [01/Dec/2022:00:10:17 +0500] "GET /ords/f HTTP/1.1" 200 4993
162.142.125.121 - - [01/Dec/2022:00:10:18 +0500] "PRI * HTTP/2.0" 505 -
162.142.125.121 - - [01/Dec/2022:00:10:19 +0500] "GET /favicon.ico HTTP/1.1" 200 21630
195.222.149.195 - - [01/Dec/2022:00:10:25 +0500] "GET /ords/api.HTP_ASPVK_DATA?nPVK_ID=0&vST_DT=30.11.2022%2022:01:54&vEND_DT=30.11.2022%2022:11:54 HTTP/1.1" 200 51638
46.146.210.91 - - [01/Dec/2022:00:10:26 +0500] "GET /ords/api.HTP_ASPVK_DATA?nPVK_ID=0&vST_DT=01.12.2022%2000:00:24&vEND_DT=01.12.2022%2000:10:24 HTTP/1.1" 200 28259
195.222.149.195 - - [01/Dec/2022:00:10:36 +0500] "GET /ords/api.HTP_ASPVK_DATA?nPVK_ID=0&vST_DT=30.11.2022%2022:02:04&vEND_DT=30.11.2022%2022:12:04 HTTP/1.1" 200 53155
46.146.210.91 - - [01/Dec/2022:00:10:36 +0500] "GET /ords/api.HTP_ASPVK_DATA?nPVK_ID=0&vST_DT=01.12.2022%2000:00:34&vEND_DT=01.12.2022%2000:10:34 HTTP/1.1" 200 28259
94.51.211.239 - - [01/Dec/2022:00:10:43 +0500] "POST /ords/wwv_flow.show HTTP/1.1" 200 12
195.222.149.195 - - [01/Dec/2022:00:10:45 +0500] "GET /ords/api.HTP_ASPVK_DATA?nPVK_ID=0&vST_DT=30.11.2022%2022:02:14&vEND_DT=30.11.2022%2022:12:14 HTTP/1.1" 200 51642
46.146.210.91 - - [01/Dec/2022:00:10:46 +0500] "GET /ords/api.HTP_ASPVK_DATA?nPVK_ID=0&vST_DT=01.12.2022%2000:00:44&vEND_DT=01.12.2022%2000:10:44 HTTP/1.1" 200 28259
94.51.211.239 - - [01/Dec/2022:00:10:55 +0500] "POST /ords/wwv_flow.show HTTP/1.1" 200 7
195.222.149.195 - - [01/Dec/2022:00:10:57 +0500] "GET /ords/api.HTP_ASPVK_DATA?nPVK_ID=0&vST_DT=30.11.2022%2022:02:24&vEND_DT=30.11.2022%2022:12:24 HTTP/1.1" 200 50113
46.146.210.91 - - [01/Dec/2022:00:10:57 +0500] "GET /ords/api.HTP_ASPVK_DATA?nPVK_ID=0&vST_DT=01.12.2022%2000:00:54&vEND_DT=01.12.2022%2000:10:54 HTTP/1.1" 200 28259
94.51.211.239 - - [01/Dec/2022:00:10:57 +0500] "GET /ords/f?p=101:210:0:::::&tz=5:00 HTTP/1.1" 200 16248
94.51.211.239 - - [01/Dec/2022:00:11:06 +0500] "POST /ords/wwv_flow.accept HTTP/1.1" 302 5
94.51.211.239 - - [01/Dec/2022:00:11:07 +0500] "POST /ords/wwv_flow.accept HTTP/1.1" 302 5
94.51.211.239 - - [01/Dec/2022:00:11:07 +0500] "GET /ords/f?p=101:1:17240496003571::::: HTTP/1.1" 302 5
195.222.149.195 - - [01/Dec/2022:00:11:07 +0500] "GET /ords/api.HTP_ASPVK_DATA?nPVK_ID=0&vST_DT=30.11.2022%2022:02:34&vEND_DT=30.11.2022%2022:12:34 HTTP/1.1" 200 50098
94.51.211.239 - - [01/Dec/2022:00:11:07 +0500] "GET /ords/f?p=101:210:::::: HTTP/1.1" 200 482
94.51.211.239 - - [01/Dec/2022:00:11:10 +0500] "GET /ords/f?p=101:210:0:::::&tz=5:00 HTTP/1.1" 200 16250
94.51.211.239 - - [01/Dec/2022:00:11:19 +0500] "POST /ords/wwv_flow.accept HTTP/1.1" 302 5
46.146.210.91 - - [01/Dec/2022:00:11:19 +0500] "GET /ords/api.HTP_ASPVK_DATA?nPVK_ID=0&vST_DT=01.12.2022%2000:01:14&vEND_DT=01.12.2022%2000:11:14 HTTP/1.1" 200 26742
94.51.211.239 - - [01/Dec/2022:00:11:20 +0500] "GET /ords/f?p=101:1:16424701724289::::: HTTP/1.1" 200 504
94.51.211.239 - - [01/Dec/2022:00:11:20 +0500] "POST /ords/wwv_flow.show HTTP/1.1" 200 48
195.222.149.195 - - [01/Dec/2022:00:11:22 +0500] "GET /ords/api.HTP_ASPVK_DATA?nPVK_ID=0&vST_DT=30.11.2022%2022:02:44&vEND_DT=30.11.2022%2022:12:44 HTTP/1.1" 200 50098
94.51.211.239 - - [01/Dec/2022:00:11:25 +0500] "GET /ords/f?p=101:1:16424701724289:::::&tz=5:00 HTTP/1.1" 200 10151
94.51.211.239 - - [01/Dec/2022:00:11:27 +0500] "GET /ords/f?p=101:1:16424701724289:::::&tz=00:00 HTTP/1.1" 200 10151
94.51.211.239 - - [01/Dec/2022:00:11:28 +0500] "GET /ords/f?p=101:210:0:::::&tz=5:00 HTTP/1.1" 200 16250
94.51.211.239 - - [01/Dec/2022:00:11:29 +0500] "POST /ords/wwv_flow.show HTTP/1.1" 200 7
195.222.149.195 - - [01/Dec/2022:00:11:34 +0500] "GET /ords/api.HTP_ASPVK_DATA?nPVK_ID=0&vST_DT=30.11.2022%2022:03:04&vEND_DT=30.11.2022%2022:13:04 HTTP/1.1" 200 55572
94.51.211.239 - - [01/Dec/2022:00:11:34 +0500] "POST /ords/wwv_flow.accept HTTP/1.1" 302 5
46.146.210.91 - - [01/Dec/2022:00:11:36 +0500] "GET /ords/api.HTP_ASPVK_DATA?nPVK_ID=0&vST_DT=01.12.2022%2000:01:34&vEND_DT=01.12.2022%2000:11:34 HTTP/1.1" 200 26742
94.51.211.239 - - [01/Dec/2022:00:11:37 +0500] "GET /ords/f?p=101:1:11876333479912::::: HTTP/1.1" 200 10154
195.222.149.195 - - [01/Dec/2022:00:11:44 +0500] "GET /ords/api.HTP_ASPVK_DATA?nPVK_ID=0&vST_DT=30.11.2022%2022:03:14&vEND_DT=30.11.2022%2022:13:14 HTTP/1.1" 200 54047
46.146.210.91 - - [01/Dec/2022:00:11:45 +0500] "GET /ords/api.HTP_ASPVK_DATA?nPVK_ID=0&vST_DT=01.12.2022%2000:01:44&vEND_DT=01.12.2022%2000:11:44 HTTP/1.1" 200 26742
195.222.149.195 - - [01/Dec/2022:00:11:53 +0500] "GET /ords/api.HTP_ASPVK_DATA?nPVK_ID=0&vST_DT=30.11.2022%2022:03:24&vEND_DT=30.11.2022%2022:13:24 HTTP/1.1" 200 49571
46.146.210.91 - - [01/Dec/2022:00:11:56 +0500] "GET /ords/api.HTP_ASPVK_DATA?nPVK_ID=0&vST_DT=01.12.2022%2000:01:54&vEND_DT=01.12.2022%2000:11:54 HTTP/1.1" 200 26742
195.222.149.195 - - [01/Dec/2022:00:12:07 +0500] "GET /ords/api.HTP_ASPVK_DATA?nPVK_ID=0&vST_DT=30.11.2022%2022:03:34&vEND_DT=30.11.2022%2022:13:34 HTTP/1.1" 200 52618
94.51.211.239 - - [01/Dec/2022:00:12:12 +0500] "GET /ords/f?p=147:1:11876333479912:::: HTTP/1.1" 200 58639
195.222.149.195 - - [01/Dec/2022:00:12:13 +0500] "GET /ords/api.HTP_ASPVK_DATA?nPVK_ID=0&vST_DT=30.11.2022%2022:03:44&vEND_DT=30.11.2022%2022:13:44 HTTP/1.1" 200 55314
94.51.211.239 - - [01/Dec/2022:00:12:15 +0500] "GET /ords/r/r/files/static/v74Y/favicon.ico HTTP/1.1" 404 5
46.146.210.91 - - [01/Dec/2022:00:12:16 +0500] "GET /ords/api.HTP_ASPVK_DATA?nPVK_ID=0&vST_DT=01.12.2022%2000:02:14&vEND_DT=01.12.2022%2000:12:14 HTTP/1.1" 200 28256
195.222.149.195 - - [01/Dec/2022:00:12:24 +0500] "GET /ords/api.HTP_ASPVK_DATA?nPVK_ID=0&vST_DT=30.11.2022%2022:03:54&vEND_DT=30.11.2022%2022:13:54 HTTP/1.1" 200 55314
46.146.210.91 - - [01/Dec/2022:00:12:25 +0500] "GET /ords/api.HTP_ASPVK_DATA?nPVK_ID=0&vST_DT=01.12.2022%2000:02:24&vEND_DT=01.12.2022%2000:12:24 HTTP/1.1" 200 28256
195.222.149.195 - - [01/Dec/2022:00:12:36 +0500] "GET /ords/api.HTP_ASPVK_DATA?nPVK_ID=0&vST_DT=30.11.2022%2022:04:04&vEND_DT=30.11.2022%2022:14:04 HTTP/1.1" 200 55732
46.146.210.91 - - [01/Dec/2022:00:12:37 +0500] "GET /ords/api.HTP_ASPVK_DATA?nPVK_ID=0&vST_DT=01.12.2022%2000:02:34&vEND_DT=01.12.2022%2000:12:34 HTTP/1.1" 200 28256
195.222.149.195 - - [01/Dec/2022:00:12:45 +0500] "GET /ords/api.HTP_ASPVK_DATA?nPVK_ID=0&vST_DT=30.11.2022%2022:04:14&vEND_DT=30.11.2022%2022:14:14 HTTP/1.1" 200 53802
46.146.210.91 - - [01/Dec/2022:00:12:45 +0500] "GET /ords/api.HTP_ASPVK_DATA?nPVK_ID=0&vST_DT=01.12.2022%2000:02:44&vEND_DT=01.12.2022%2000:12:44 HTTP/1.1" 200 31706
195.222.149.195 - - [01/Dec/2022:00:12:53 +0500] "GET /ords/api.HTP_ASPVK_DATA?nPVK_ID=0&vST_DT=30.11.2022%2022:04:24&vEND_DT=30.11.2022%2022:14:24 HTTP/1.1" 200 52286
46.146.210.91 - - [01/Dec/2022:00:12:56 +0500] "GET /ords/api.HTP_ASPVK_DATA?nPVK_ID=0&vST_DT=01.12.2022%2000:02:54&vEND_DT=01.12.2022%2000:12:54 HTTP/1.1" 200 31706
195.222.149.195 - - [01/Dec/2022:00:13:04 +0500] "GET /ords/api.HTP_ASPVK_DATA?nPVK_ID=0&vST_DT=30.11.2022%2022:04:34&vEND_DT=30.11.2022%2022:14:34 HTTP/1.1" 200 52286
195.222.149.195 - - [01/Dec/2022:00:13:13 +0500] "GET /ords/api.HTP_ASPVK_DATA?nPVK_ID=0&vST_DT=30.11.2022%2022:04:44&vEND_DT=30.11.2022%2022:14:44 HTTP/1.1" 200 52286
46.146.210.91 - - [01/Dec/2022:00:13:16 +0500] "GET /ords/api.HTP_ASPVK_DATA?nPVK_ID=0&vST_DT=01.12.2022%2000:03:14&vEND_DT=01.12.2022%2000:13:14 HTTP/1.1" 200 31706
195.222.149.195 - - [01/Dec/2022:00:13:25 +0500] "GET /ords/api.HTP_ASPVK_DATA?nPVK_ID=0&vST_DT=30.11.2022%2022:04:54&vEND_DT=30.11.2022%2022:14:54 HTTP/1.1" 200 52286
94.51.211.239 - - [01/Dec/2022:00:13:27 +0500] "GET /ords/f?p=147:2:11876333479912::NO::P2_ID,P2_COUNT_ALL,P2_EDIT_MODE:113609,5, HTTP/1.1" 200 103081
195.222.149.195 - - [01/Dec/2022:00:13:34 +0500] "GET /ords/api.HTP_ASPVK_DATA?nPVK_ID=0&vST_DT=30.11.2022%2022:05:04&vEND_DT=30.11.2022%2022:15:04 HTTP/1.1" 200 50762
46.146.210.91 - - [01/Dec/2022:00:13:35 +0500] "GET /ords/api.HTP_ASPVK_DATA?nPVK_ID=0&vST_DT=01.12.2022%2000:03:34&vEND_DT=01.12.2022%2000:13:34 HTTP/1.1" 200 29013
195.222.149.195 - - [01/Dec/2022:00:13:43 +0500] "GET /ords/api.HTP_ASPVK_DATA?nPVK_ID=0&vST_DT=30.11.2022%2022:05:14&vEND_DT=30.11.2022%2022:15:14 HTTP/1.1" 200 50681
46.146.210.91 - - [01/Dec/2022:00:13:46 +0500] "GET /ords/api.HTP_ASPVK_DATA?nPVK_ID=0&vST_DT=01.12.2022%2000:03:44&vEND_DT=01.12.2022%2000:13:44 HTTP/1.1" 200 29013
195.222.149.195 - - [01/Dec/2022:00:13:53 +0500] "GET /ords/api.HTP_ASPVK_DATA?nPVK_ID=0&vST_DT=30.11.2022%2022:05:24&vEND_DT=30.11.2022%2022:15:24 HTTP/1.1" 200 52197
46.146.210.91 - - [01/Dec/2022:00:13:57 +0500] "GET /ords/api.HTP_ASPVK_DATA?nPVK_ID=0&vST_DT=01.12.2022%2000:03:54&vEND_DT=01.12.2022%2000:13:54 HTTP/1.1" 200 29013
195.222.149.195 - - [01/Dec/2022:00:14:05 +0500] "GET /ords/api.HTP_ASPVK_DATA?nPVK_ID=0&vST_DT=30.11.2022%2022:05:34&vEND_DT=30.11.2022%2022:15:34 HTTP/1.1" 200 52197
46.146.210.91 - - [01/Dec/2022:00:14:06 +0500] "GET /ords/api.HTP_ASPVK_DATA?nPVK_ID=0&vST_DT=01.12.2022%2000:04:04&vEND_DT=01.12.2022%2000:14:04 HTTP/1.1" 200 27079
195.222.149.195 - - [01/Dec/2022:00:14:13 +0500] "GET /ords/api.HTP_ASPVK_DATA?nPVK_ID=0&vST_DT=30.11.2022%2022:05:44&vEND_DT=30.11.2022%2022:15:44 HTTP/1.1" 200 52197
46.146.210.91 - - [01/Dec/2022:00:14:17 +0500] "GET /ords/api.HTP_ASPVK_DATA?nPVK_ID=0&vST_DT=01.12.2022%2000:04:14&vEND_DT=01.12.2022%2000:14:14 HTTP/1.1" 200 27079
195.222.149.195 - - [01/Dec/2022:00:14:27 +0500] "GET /ords/api.HTP_ASPVK_DATA?nPVK_ID=0&vST_DT=30.11.2022%2022:05:54&vEND_DT=30.11.2022%2022:15:54 HTTP/1.1" 200 50266
46.146.210.91 - - [01/Dec/2022:00:14:27 +0500] "GET /ords/api.HTP_ASPVK_DATA?nPVK_ID=0&vST_DT=01.12.2022%2000:04:24&vEND_DT=01.12.2022%2000:14:24 HTTP/1.1" 200 27079
195.222.149.195 - - [01/Dec/2022:00:14:33 +0500] "GET /ords/api.HTP_ASPVK_DATA?nPVK_ID=0&vST_DT=30.11.2022%2022:06:04&vEND_DT=30.11.2022%2022:16:04 HTTP/1.1" 200 50266
46.146.210.91 - - [01/Dec/2022:00:14:35 +0500] "GET /ords/api.HTP_ASPVK_DATA?nPVK_ID=0&vST_DT=01.12.2022%2000:04:34&vEND_DT=01.12.2022%2000:14:34 HTTP/1.1" 200 27079
195.222.149.195 - - [01/Dec/2022:00:14:43 +0500] "GET /ords/api.HTP_ASPVK_DATA?nPVK_ID=0&vST_DT=30.11.2022%2022:06:14&vEND_DT=30.11.2022%2022:16:14 HTTP/1.1" 200 50266
46.146.210.91 - - [01/Dec/2022:00:14:46 +0500] "GET /ords/api.HTP_ASPVK_DATA?nPVK_ID=0&vST_DT=01.12.2022%2000:04:44&vEND_DT=01.12.2022%2000:14:44 HTTP/1.1" 200 27079
195.222.149.195 - - [01/Dec/2022:00:14:53 +0500] "GET /ords/api.HTP_ASPVK_DATA?nPVK_ID=0&vST_DT=30.11.2022%2022:06:24&vEND_DT=30.11.2022%2022:16:24 HTTP/1.1" 200 50266
46.146.210.91 - - [01/Dec/2022:00:14:56 +0500] "GET /ords/api.HTP_ASPVK_DATA?nPVK_ID=0&vST_DT=01.12.2022%2000:04:54&vEND_DT=01.12.2022%2000:14:54 HTTP/1.1" 200 25563
195.222.149.195 - - [01/Dec/2022:00:15:10 +0500] "GET /ords/api.HTP_ASPVK_DATA?nPVK_ID=0&vST_DT=30.11.2022%2022:06:34&vEND_DT=30.11.2022%2022:16:34 HTTP/1.1" 200 50266
46.146.210.91 - - [01/Dec/2022:00:15:10 +0500] "GET /ords/api.HTP_ASPVK_DATA?nPVK_ID=0&vST_DT=01.12.2022%2000:05:04&vEND_DT=01.12.2022%2000:15:04 HTTP/1.1" 200 25563
195.222.149.195 - - [01/Dec/2022:00:15:24 +0500] "GET /ords/api.HTP_ASPVK_DATA?nPVK_ID=0&vST_DT=30.11.2022%2022:06:54&vEND_DT=30.11.2022%2022:16:54 HTTP/1.1" 200 50266
46.146.210.91 - - [01/Dec/2022:00:15:26 +0500] "GET /ords/api.HTP_ASPVK_DATA?nPVK_ID=0&vST_DT=01.12.2022%2000:05:24&vEND_DT=01.12.2022%2000:15:24 HTTP/1.1" 200 32583
94.51.211.239 - - [01/Dec/2022:00:15:28 +0500] "POST /ords/wwv_flow.show HTTP/1.1" 200 7
195.222.149.195 - - [01/Dec/2022:00:15:35 +0500] "GET /ords/api.HTP_ASPVK_DATA?nPVK_ID=0&vST_DT=30.11.2022%2022:07:04&vEND_DT=30.11.2022%2022:17:04 HTTP/1.1" 200 50266
94.51.211.239 - - [01/Dec/2022:00:15:38 +0500] "POST /ords/wwv_flow.show HTTP/1.1" 200 -
195.222.149.195 - - [01/Dec/2022:00:15:42 +0500] "GET /ords/api.HTP_ASPVK_DATA?nPVK_ID=0&vST_DT=30.11.2022%2022:07:14&vEND_DT=30.11.2022%2022:17:14 HTTP/1.1" 200 50266
46.146.210.91 - - [01/Dec/2022:00:15:45 +0500] "GET /ords/api.HTP_ASPVK_DATA?nPVK_ID=0&vST_DT=01.12.2022%2000:05:44&vEND_DT=01.12.2022%2000:15:44 HTTP/1.1" 200 28360
94.51.211.239 - - [01/Dec/2022:00:15:45 +0500] "POST /ords/wwv_flow.show HTTP/1.1" 200 -
195.222.149.195 - - [01/Dec/2022:00:15:52 +0500] "GET /ords/api.HTP_ASPVK_DATA?nPVK_ID=0&vST_DT=30.11.2022%2022:07:24&vEND_DT=30.11.2022%2022:17:24 HTTP/1.1" 200 50266
46.146.210.91 - - [01/Dec/2022:00:15:55 +0500] "GET /ords/api.HTP_ASPVK_DATA?nPVK_ID=0&vST_DT=01.12.2022%2000:05:54&vEND_DT=01.12.2022%2000:15:54 HTTP/1.1" 200 28360
195.222.149.195 - - [01/Dec/2022:00:16:03 +0500] "GET /ords/api.HTP_ASPVK_DATA?nPVK_ID=0&vST_DT=30.11.2022%2022:07:34&vEND_DT=30.11.2022%2022:17:34 HTTP/1.1" 200 54830
46.146.210.91 - - [01/Dec/2022:00:16:06 +0500] "GET /ords/api.HTP_ASPVK_DATA?nPVK_ID=0&vST_DT=01.12.2022%2000:06:04&vEND_DT=01.12.2022%2000:16:04 HTTP/1.1" 200 28360
94.51.211.239 - - [01/Dec/2022:00:16:10 +0500] "POST /ords/wwv_flow.show HTTP/1.1" 200 7
195.222.149.195 - - [01/Dec/2022:00:16:12 +0500] "GET /ords/api.HTP_ASPVK_DATA?nPVK_ID=0&vST_DT=30.11.2022%2022:07:44&vEND_DT=30.11.2022%2022:17:44 HTTP/1.1" 200 53573
46.146.210.91 - - [01/Dec/2022:00:16:13 +0500] "GET /ords/api.HTP_ASPVK_DATA?nPVK_ID=0&vST_DT=30.11.2022%2000:13:48&vEND_DT=01.12.2022%2000:13:48 HTTP/1.1" 500 12951
46.146.210.91 - - [01/Dec/2022:00:16:15 +0500] "GET /ords/api.HTP_ASPVK_DATA?nPVK_ID=0&vST_DT=01.12.2022%2000:06:14&vEND_DT=01.12.2022%2000:16:14 HTTP/1.1" 200 26842
94.51.211.239 - - [01/Dec/2022:00:16:17 +0500] "POST /ords/wwv_flow.show HTTP/1.1" 200 53
195.222.149.195 - - [01/Dec/2022:00:16:21 +0500] "GET /ords/api.HTP_ASPVK_DATA?nPVK_ID=0&vST_DT=30.11.2022%2022:07:54&vEND_DT=30.11.2022%2022:17:54 HTTP/1.1" 200 56529
46.146.210.91 - - [01/Dec/2022:00:16:25 +0500] "GET /ords/api.HTP_ASPVK_DATA?nPVK_ID=0&vST_DT=01.12.2022%2000:06:24&vEND_DT=01.12.2022%2000:16:24 HTTP/1.1" 200 26842
195.222.149.195 - - [01/Dec/2022:00:16:31 +0500] "GET /ords/api.HTP_ASPVK_DATA?nPVK_ID=0&vST_DT=30.11.2022%2022:08:04&vEND_DT=30.11.2022%2022:18:04 HTTP/1.1" 200 56529
46.146.210.91 - - [01/Dec/2022:00:16:35 +0500] "GET /ords/api.HTP_ASPVK_DATA?nPVK_ID=0&vST_DT=01.12.2022%2000:06:34&vEND_DT=01.12.2022%2000:16:34 HTTP/1.1" 200 26842
195.222.149.195 - - [01/Dec/2022:00:16:41 +0500] "GET /ords/api.HTP_ASPVK_DATA?nPVK_ID=0&vST_DT=30.11.2022%2022:08:14&vEND_DT=30.11.2022%2022:18:14 HTTP/1.1" 200 59244
46.146.210.91 - - [01/Dec/2022:00:16:44 +0500] "GET /ords/api.HTP_ASPVK_DATA?nPVK_ID=0&vST_DT=01.12.2022%2000:06:44&vEND_DT=01.12.2022%2000:16:44 HTTP/1.1" 200 25319
195.222.149.195 - - [01/Dec/2022:00:16:52 +0500] "GET /ords/api.HTP_ASPVK_DATA?nPVK_ID=0&vST_DT=30.11.2022%2022:08:24&vEND_DT=30.11.2022%2022:18:24 HTTP/1.1" 200 57730
46.146.210.91 - - [01/Dec/2022:00:16:54 +0500] "GET /ords/api.HTP_ASPVK_DATA?nPVK_ID=0&vST_DT=01.12.2022%2000:06:54&vEND_DT=01.12.2022%2000:16:54 HTTP/1.1" 200 22281
195.222.149.195 - - [01/Dec/2022:00:17:02 +0500] "GET /ords/api.HTP_ASPVK_DATA?nPVK_ID=0&vST_DT=30.11.2022%2022:08:34&vEND_DT=30.11.2022%2022:18:34 HTTP/1.1" 200 55462
46.146.210.91 - - [01/Dec/2022:00:17:05 +0500] "GET /ords/api.HTP_ASPVK_DATA?nPVK_ID=0&vST_DT=01.12.2022%2000:07:04&vEND_DT=01.12.2022%2000:17:04 HTTP/1.1" 200 20764
195.222.149.195 - - [01/Dec/2022:00:17:11 +0500] "GET /ords/api.HTP_ASPVK_DATA?nPVK_ID=0&vST_DT=30.11.2022%2022:08:44&vEND_DT=30.11.2022%2022:18:44 HTTP/1.1" 200 50916
46.146.210.91 - - [01/Dec/2022:00:17:14 +0500] "GET /ords/api.HTP_ASPVK_DATA?nPVK_ID=0&vST_DT=01.12.2022%2000:07:14&vEND_DT=01.12.2022%2000:17:14 HTTP/1.1" 200 20764
195.222.149.195 - - [01/Dec/2022:00:17:21 +0500] "GET /ords/api.HTP_ASPVK_DATA?nPVK_ID=0&vST_DT=30.11.2022%2022:08:54&vEND_DT=30.11.2022%2022:18:54 HTTP/1.1" 200 50916
46.146.210.91 - - [01/Dec/2022:00:17:25 +0500] "GET /ords/api.HTP_ASPVK_DATA?nPVK_ID=0&vST_DT=01.12.2022%2000:07:24&vEND_DT=01.12.2022%2000:17:24 HTTP/1.1" 200 19237
195.222.149.195 - - [01/Dec/2022:00:17:32 +0500] "GET /ords/api.HTP_ASPVK_DATA?nPVK_ID=0&vST_DT=30.11.2022%2022:09:04&vEND_DT=30.11.2022%2022:19:04 HTTP/1.1" 200 53966
46.146.210.91 - - [01/Dec/2022:00:17:34 +0500] "GET /ords/api.HTP_ASPVK_DATA?nPVK_ID=0&vST_DT=01.12.2022%2000:07:34&vEND_DT=01.12.2022%2000:17:34 HTTP/1.1" 200 19237
195.222.149.195 - - [01/Dec/2022:00:17:42 +0500] "GET /ords/api.HTP_ASPVK_DATA?nPVK_ID=0&vST_DT=30.11.2022%2022:09:14&vEND_DT=30.11.2022%2022:19:14 HTTP/1.1" 200 56997
46.146.210.91 - - [01/Dec/2022:00:17:44 +0500] "GET /ords/api.HTP_ASPVK_DATA?nPVK_ID=0&vST_DT=01.12.2022%2000:07:44&vEND_DT=01.12.2022%2000:17:44 HTTP/1.1" 200 19237
195.222.149.195 - - [01/Dec/2022:00:17:52 +0500] "GET /ords/api.HTP_ASPVK_DATA?nPVK_ID=0&vST_DT=30.11.2022%2022:09:24&vEND_DT=30.11.2022%2022:19:24 HTTP/1.1" 200 60050
46.146.210.91 - - [01/Dec/2022:00:17:55 +0500] "GET /ords/api.HTP_ASPVK_DATA?nPVK_ID=0&vST_DT=01.12.2022%2000:07:54&vEND_DT=01.12.2022%2000:17:54 HTTP/1.1" 200 19237
195.222.149.195 - - [01/Dec/2022:00:18:04 +0500] "GET /ords/api.HTP_ASPVK_DATA?nPVK_ID=0&vST_DT=30.11.2022%2022:09:34&vEND_DT=30.11.2022%2022:19:34 HTTP/1.1" 200 62742
46.146.210.91 - - [01/Dec/2022:00:18:04 +0500] "GET /ords/api.HTP_ASPVK_DATA?nPVK_ID=0&vST_DT=01.12.2022%2000:08:04&vEND_DT=01.12.2022%2000:18:04 HTTP/1.1" 200 15090
195.222.149.195 - - [01/Dec/2022:00:18:12 +0500] "GET /ords/api.HTP_ASPVK_DATA?nPVK_ID=0&vST_DT=30.11.2022%2022:09:44&vEND_DT=30.11.2022%2022:19:44 HTTP/1.1" 200 65764
46.146.210.91 - - [01/Dec/2022:00:18:14 +0500] "GET /ords/api.HTP_ASPVK_DATA?nPVK_ID=0&vST_DT=01.12.2022%2000:08:14&vEND_DT=01.12.2022%2000:18:14 HTTP/1.1" 200 20814
195.222.149.195 - - [01/Dec/2022:00:18:22 +0500] "GET /ords/api.HTP_ASPVK_DATA?nPVK_ID=0&vST_DT=30.11.2022%2022:09:54&vEND_DT=30.11.2022%2022:19:54 HTTP/1.1" 200 65764
46.146.210.91 - - [01/Dec/2022:00:18:25 +0500] "GET /ords/api.HTP_ASPVK_DATA?nPVK_ID=0&vST_DT=01.12.2022%2000:08:24&vEND_DT=01.12.2022%2000:18:24 HTTP/1.1" 200 28091
195.222.149.195 - - [01/Dec/2022:00:18:32 +0500] "GET /ords/api.HTP_ASPVK_DATA?nPVK_ID=0&vST_DT=30.11.2022%2022:10:04&vEND_DT=30.11.2022%2022:20:04 HTTP/1.1" 200 67278
46.146.210.91 - - [01/Dec/2022:00:18:34 +0500] "GET /ords/api.HTP_ASPVK_DATA?nPVK_ID=0&vST_DT=01.12.2022%2000:08:34&vEND_DT=01.12.2022%2000:18:34 HTTP/1.1" 200 28091
195.222.149.195 - - [01/Dec/2022:00:18:42 +0500] "GET /ords/api.HTP_ASPVK_DATA?nPVK_ID=0&vST_DT=30.11.2022%2022:10:14&vEND_DT=30.11.2022%2022:20:14 HTTP/1.1" 200 66099
46.146.210.91 - - [01/Dec/2022:00:18:44 +0500] "GET /ords/api.HTP_ASPVK_DATA?nPVK_ID=0&vST_DT=01.12.2022%2000:08:44&vEND_DT=01.12.2022%2000:18:44 HTTP/1.1" 200 28091
195.222.149.195 - - [01/Dec/2022:00:18:52 +0500] "GET /ords/api.HTP_ASPVK_DATA?nPVK_ID=0&vST_DT=30.11.2022%2022:10:24&vEND_DT=30.11.2022%2022:20:24 HTTP/1.1" 200 64580
46.146.210.91 - - [01/Dec/2022:00:18:54 +0500] "GET /ords/api.HTP_ASPVK_DATA?nPVK_ID=0&vST_DT=01.12.2022%2000:08:54&vEND_DT=01.12.2022%2000:18:54 HTTP/1.1" 200 26578
195.222.149.195 - - [01/Dec/2022:00:19:02 +0500] "GET /ords/api.HTP_ASPVK_DATA?nPVK_ID=0&vST_DT=30.11.2022%2022:10:34&vEND_DT=30.11.2022%2022:20:34 HTTP/1.1" 200 64580
46.146.210.91 - - [01/Dec/2022:00:19:05 +0500] "GET /ords/api.HTP_ASPVK_DATA?nPVK_ID=0&vST_DT=01.12.2022%2000:09:04&vEND_DT=01.12.2022%2000:19:04 HTTP/1.1" 200 26578
94.51.211.239 - - [01/Dec/2022:00:19:07 +0500] "POST /ords/wwv_flow.show HTTP/1.1" 200 1571579
195.222.149.195 - - [01/Dec/2022:00:19:12 +0500] "GET /ords/api.HTP_ASPVK_DATA?nPVK_ID=0&vST_DT=30.11.2022%2022:10:44&vEND_DT=30.11.2022%2022:20:44 HTTP/1.1" 200 64580
46.146.210.91 - - [01/Dec/2022:00:19:14 +0500] "GET /ords/api.HTP_ASPVK_DATA?nPVK_ID=0&vST_DT=01.12.2022%2000:09:14&vEND_DT=01.12.2022%2000:19:14 HTTP/1.1" 200 26578
195.222.149.195 - - [01/Dec/2022:00:19:22 +0500] "GET /ords/api.HTP_ASPVK_DATA?nPVK_ID=0&vST_DT=30.11.2022%2022:10:54&vEND_DT=30.11.2022%2022:20:54 HTTP/1.1" 200 64580
46.146.210.91 - - [01/Dec/2022:00:19:25 +0500] "GET /ords/api.HTP_ASPVK_DATA?nPVK_ID=0&vST_DT=01.12.2022%2000:09:24&vEND_DT=01.12.2022%2000:19:24 HTTP/1.1" 200 26578
195.222.149.195 - - [01/Dec/2022:00:19:32 +0500] "GET /ords/api.HTP_ASPVK_DATA?nPVK_ID=0&vST_DT=30.11.2022%2022:11:04&vEND_DT=30.11.2022%2022:21:04 HTTP/1.1" 200 61547
46.146.210.91 - - [01/Dec/2022:00:19:35 +0500] "GET /ords/api.HTP_ASPVK_DATA?nPVK_ID=0&vST_DT=01.12.2022%2000:09:34&vEND_DT=01.12.2022%2000:19:34 HTTP/1.1" 200 26578
195.222.149.195 - - [01/Dec/2022:00:19:41 +0500] "GET /ords/api.HTP_ASPVK_DATA?nPVK_ID=0&vST_DT=30.11.2022%2022:11:14&vEND_DT=30.11.2022%2022:21:14 HTTP/1.1" 200 59088
46.146.210.91 - - [01/Dec/2022:00:19:45 +0500] "GET /ords/api.HTP_ASPVK_DATA?nPVK_ID=0&vST_DT=01.12.2022%2000:09:44&vEND_DT=01.12.2022%2000:19:44 HTTP/1.1" 200 26578
195.222.149.195 - - [01/Dec/2022:00:19:51 +0500] "GET /ords/api.HTP_ASPVK_DATA?nPVK_ID=0&vST_DT=30.11.2022%2022:11:24&vEND_DT=30.11.2022%2022:21:24 HTTP/1.1" 200 61794
46.146.210.91 - - [01/Dec/2022:00:19:54 +0500] "GET /ords/api.HTP_ASPVK_DATA?nPVK_ID=0&vST_DT=01.12.2022%2000:09:54&vEND_DT=01.12.2022%2000:19:54 HTTP/1.1" 200 26578
195.222.149.195 - - [01/Dec/2022:00:20:03 +0500] "GET /ords/api.HTP_ASPVK_DATA?nPVK_ID=0&vST_DT=30.11.2022%2022:11:34&vEND_DT=30.11.2022%2022:21:34 HTTP/1.1" 200 61794
46.146.210.91 - - [01/Dec/2022:00:20:06 +0500] "GET /ords/api.HTP_ASPVK_DATA?nPVK_ID=0&vST_DT=01.12.2022%2000:10:04&vEND_DT=01.12.2022%2000:20:04 HTTP/1.1" 200 26578
195.222.149.195 - - [01/Dec/2022:00:20:14 +0500] "GET /ords/api.HTP_ASPVK_DATA?nPVK_ID=0&vST_DT=30.11.2022%2022:11:44&vEND_DT=30.11.2022%2022:21:44 HTTP/1.1" 200 61794
46.146.210.91 - - [01/Dec/2022:00:20:15 +0500] "GET /ords/api.HTP_ASPVK_DATA?nPVK_ID=0&vST_DT=01.12.2022%2000:10:14&vEND_DT=01.12.2022%2000:20:14 HTTP/1.1" 200 26578
195.222.149.195 - - [01/Dec/2022:00:20:22 +0500] "GET /ords/api.HTP_ASPVK_DATA?nPVK_ID=0&vST_DT=30.11.2022%2022:11:54&vEND_DT=30.11.2022%2022:21:54 HTTP/1.1" 200 61777
46.146.210.91 - - [01/Dec/2022:00:20:25 +0500] "GET /ords/api.HTP_ASPVK_DATA?nPVK_ID=0&vST_DT=01.12.2022%2000:10:24&vEND_DT=01.12.2022%2000:20:24 HTTP/1.1" 200 26578
195.222.149.195 - - [01/Dec/2022:00:20:32 +0500] "GET /ords/api.HTP_ASPVK_DATA?nPVK_ID=0&vST_DT=30.11.2022%2022:12:04&vEND_DT=30.11.2022%2022:22:04 HTTP/1.1" 200 60259
46.146.210.91 - - [01/Dec/2022:00:20:35 +0500] "GET /ords/api.HTP_ASPVK_DATA?nPVK_ID=0&vST_DT=01.12.2022%2000:10:34&vEND_DT=01.12.2022%2000:20:34 HTTP/1.1" 200 23122
195.222.149.195 - - [01/Dec/2022:00:20:42 +0500] "GET /ords/api.HTP_ASPVK_DATA?nPVK_ID=0&vST_DT=30.11.2022%2022:12:14&vEND_DT=30.11.2022%2022:22:14 HTTP/1.1" 200 61774
46.146.210.91 - - [01/Dec/2022:00:20:45 +0500] "GET /ords/api.HTP_ASPVK_DATA?nPVK_ID=0&vST_DT=01.12.2022%2000:10:44&vEND_DT=01.12.2022%2000:20:44 HTTP/1.1" 200 21608
195.222.149.195 - - [01/Dec/2022:00:20:52 +0500] "GET /ords/api.HTP_ASPVK_DATA?nPVK_ID=0&vST_DT=30.11.2022%2022:12:24&vEND_DT=30.11.2022%2022:22:24 HTTP/1.1" 200 63290
46.146.210.91 - - [01/Dec/2022:00:20:55 +0500] "GET /ords/api.HTP_ASPVK_DATA?nPVK_ID=0&vST_DT=01.12.2022%2000:10:54&vEND_DT=01.12.2022%2000:20:54 HTTP/1.1" 200 21608
195.222.149.195 - - [01/Dec/2022:00:21:06 +0500] "GET /ords/api.HTP_ASPVK_DATA?nPVK_ID=0&vST_DT=30.11.2022%2022:12:34&vEND_DT=30.11.2022%2022:22:34 HTTP/1.1" 200 67267
46.146.210.91 - - [01/Dec/2022:00:21:07 +0500] "GET /ords/api.HTP_ASPVK_DATA?nPVK_ID=0&vST_DT=01.12.2022%2000:11:04&vEND_DT=01.12.2022%2000:21:04 HTTP/1.1" 200 21608
195.222.149.195 - - [01/Dec/2022:00:21:16 +0500] "GET /ords/api.HTP_ASPVK_DATA?nPVK_ID=0&vST_DT=30.11.2022%2022:12:44&vEND_DT=30.11.2022%2022:22:44 HTTP/1.1" 200 67277
195.222.149.195 - - [01/Dec/2022:00:21:23 +0500] "GET /ords/api.HTP_ASPVK_DATA?nPVK_ID=0&vST_DT=30.11.2022%2022:12:54&vEND_DT=30.11.2022%2022:22:54 HTTP/1.1" 200 68455
46.146.210.91 - - [01/Dec/2022:00:21:25 +0500] "GET /ords/api.HTP_ASPVK_DATA?nPVK_ID=0&vST_DT=01.12.2022%2000:11:24&vEND_DT=01.12.2022%2000:21:24 HTTP/1.1" 200 27613
195.222.149.195 - - [01/Dec/2022:00:21:32 +0500] "GET /ords/api.HTP_ASPVK_DATA?nPVK_ID=0&vST_DT=30.11.2022%2022:13:04&vEND_DT=30.11.2022%2022:23:04 HTTP/1.1" 200 66014
46.146.210.91 - - [01/Dec/2022:00:21:35 +0500] "GET /ords/api.HTP_ASPVK_DATA?nPVK_ID=0&vST_DT=01.12.2022%2000:11:34&vEND_DT=01.12.2022%2000:21:34 HTTP/1.1" 200 32086
195.222.149.195 - - [01/Dec/2022:00:21:42 +0500] "GET /ords/api.HTP_ASPVK_DATA?nPVK_ID=0&vST_DT=30.11.2022%2022:13:14&vEND_DT=30.11.2022%2022:23:14 HTTP/1.1" 200 66014
46.146.210.91 - - [01/Dec/2022:00:21:45 +0500] "GET /ords/api.HTP_ASPVK_DATA?nPVK_ID=0&vST_DT=01.12.2022%2000:11:44&vEND_DT=01.12.2022%2000:21:44 HTTP/1.1" 200 32086
195.222.149.195 - - [01/Dec/2022:00:21:52 +0500] "GET /ords/api.HTP_ASPVK_DATA?nPVK_ID=0&vST_DT=30.11.2022%2022:13:24&vEND_DT=30.11.2022%2022:23:24 HTTP/1.1" 200 66014
46.146.210.91 - - [01/Dec/2022:00:21:55 +0500] "GET /ords/api.HTP_ASPVK_DATA?nPVK_ID=0&vST_DT=01.12.2022%2000:11:54&vEND_DT=01.12.2022%2000:21:54 HTTP/1.1" 200 32086
195.222.149.195 - - [01/Dec/2022:00:22:02 +0500] "GET /ords/api.HTP_ASPVK_DATA?nPVK_ID=0&vST_DT=30.11.2022%2022:13:34&vEND_DT=30.11.2022%2022:23:34 HTTP/1.1" 200 65414
46.146.210.91 - - [01/Dec/2022:00:22:05 +0500] "GET /ords/api.HTP_ASPVK_DATA?nPVK_ID=0&vST_DT=01.12.2022%2000:12:04&vEND_DT=01.12.2022%2000:22:04 HTTP/1.1" 200 32086
94.51.211.239 - - [01/Dec/2022:00:22:10 +0500] "POST /ords/wwv_flow.show HTTP/1.1" 200 12
195.222.149.195 - - [01/Dec/2022:00:22:14 +0500] "GET /ords/api.HTP_ASPVK_DATA?nPVK_ID=0&vST_DT=30.11.2022%2022:13:44&vEND_DT=30.11.2022%2022:23:44 HTTP/1.1" 200 66941
46.146.210.91 - - [01/Dec/2022:00:22:16 +0500] "GET /ords/api.HTP_ASPVK_DATA?nPVK_ID=0&vST_DT=01.12.2022%2000:12:14&vEND_DT=01.12.2022%2000:22:14 HTTP/1.1" 200 32086
195.222.149.195 - - [01/Dec/2022:00:22:23 +0500] "GET /ords/api.HTP_ASPVK_DATA?nPVK_ID=0&vST_DT=30.11.2022%2022:13:54&vEND_DT=30.11.2022%2022:23:54 HTTP/1.1" 200 66941
