194.226.162.30 - - [12/Dec/2022:09:02:47 +0500] "GET /i/sp/aspvk/12/32/030781232461581_oi.jpg HTTP/1.1" 200 100113
194.226.162.30 - - [12/Dec/2022:09:02:47 +0500] "GET /i/sp/aspvk/12/32/030781232461581_lpif.jpg HTTP/1.1" 200 1832
194.226.162.30 - - [12/Dec/2022:09:02:47 +0500] "GET /i/sp/aspvk/34/11/030783411461639_lpif.jpg HTTP/1.1" 200 110920
194.226.162.30 - - [12/Dec/2022:09:02:47 +0500] "GET /i/sp/aspvk/34/11/030783411461639_oi.jpg HTTP/1.1" 200 118349
194.226.162.30 - - [12/Dec/2022:09:02:48 +0500] "GET /ords/DISPLAY_IMAGE?inID=19 HTTP/1.1" 200 3657
194.226.162.30 - - [12/Dec/2022:09:02:48 +0500] "GET /ords/DISPLAY_IMAGE?inID=15 HTTP/1.1" 200 3975
46.146.210.91 - - [12/Dec/2022:09:02:48 +0500] "GET /ords/api.HTP_ASPVK_DATA?nPVK_ID=0&vST_DT=12.12.2022%2008:52:47&vEND_DT=12.12.2022%2009:02:47 HTTP/1.1" 200 121
194.226.162.30 - - [12/Dec/2022:09:02:52 +0500] "GET /i/sp/aspvk/42/42/030784242461664_oi.jpg HTTP/1.1" 200 118447
194.226.162.30 - - [12/Dec/2022:09:02:52 +0500] "GET /i/sp/aspvk/42/42/030784242461664_lpif.jpg HTTP/1.1" 200 1835
194.226.162.30 - - [12/Dec/2022:09:02:53 +0500] "GET /i/sp/aspvk/64/31/030786431461760_oi.jpg HTTP/1.1" 200 194269
194.226.162.30 - - [12/Dec/2022:09:02:53 +0500] "GET /i/sp/aspvk/65/16/030786516461765_oi.jpg HTTP/1.1" 200 151342
194.226.162.30 - - [12/Dec/2022:09:02:53 +0500] "GET /i/sp/aspvk/64/31/030786431461760_lpif.jpg HTTP/1.1" 200 2070
194.226.162.30 - - [12/Dec/2022:09:02:53 +0500] "GET /i/sp/aspvk/65/16/030786516461765_lpif.jpg HTTP/1.1" 200 185447
194.226.162.30 - - [12/Dec/2022:09:02:53 +0500] "GET /i/sp/aspvk/88/50/030788850461831_lpif.jpg HTTP/1.1" 200 1394
194.226.162.30 - - [12/Dec/2022:09:02:53 +0500] "GET /i/sp/aspvk/80/92/030788092461810_oi.jpg HTTP/1.1" 200 235362
194.226.162.30 - - [12/Dec/2022:09:02:53 +0500] "GET /i/sp/aspvk/80/92/030788092461810_lpif.jpg HTTP/1.1" 200 1527
194.226.162.30 - - [12/Dec/2022:09:02:54 +0500] "GET /i/sp/aspvk/88/50/030788850461831_oi.jpg HTTP/1.1" 200 141182
194.226.162.30 - - [12/Dec/2022:09:02:54 +0500] "GET /i/sp/aspvk/96/75/030789675461852_oi.jpg HTTP/1.1" 200 144689
194.226.162.30 - - [12/Dec/2022:09:02:54 +0500] "GET /i/sp/aspvk/96/75/030789675461852_lpif.jpg HTTP/1.1" 200 1642
194.226.162.30 - - [12/Dec/2022:09:02:54 +0500] "GET /i/sp/aspvk/13/82/030791382461928_oi.jpg HTTP/1.1" 200 101117
194.226.162.30 - - [12/Dec/2022:09:02:54 +0500] "GET /i/sp/aspvk/13/82/030791382461928_lpif.jpg HTTP/1.1" 200 1948
194.226.162.30 - - [12/Dec/2022:09:02:54 +0500] "GET /ords/DISPLAY_IMAGE?inID=18 HTTP/1.1" 200 4438
194.226.162.30 - - [12/Dec/2022:09:02:54 +0500] "GET /i/sp/aspvk/55/56/030795556462186_oi.jpg HTTP/1.1" 200 210657
194.226.162.30 - - [12/Dec/2022:09:02:54 +0500] "GET /i/sp/aspvk/55/56/030795556462186_lpif.jpg HTTP/1.1" 200 180514
194.226.162.30 - - [12/Dec/2022:09:02:54 +0500] "GET /i/sp/aspvk/30/61/030793061462001_oi.jpg HTTP/1.1" 200 86858
194.226.162.30 - - [12/Dec/2022:09:02:54 +0500] "GET /i/sp/aspvk/30/61/030793061462001_lpif.jpg HTTP/1.1" 200 2215
194.226.162.30 - - [12/Dec/2022:09:02:54 +0500] "GET /i/sp/aspvk/55/70/030795570462200_lpif.jpg HTTP/1.1" 200 107827
194.226.162.30 - - [12/Dec/2022:09:02:54 +0500] "GET /i/sp/aspvk/55/70/030795570462200_oi.jpg HTTP/1.1" 200 178617
195.222.149.195 - - [12/Dec/2022:09:02:56 +0500] "GET /ords/api.HTP_ASPVK_DATA?nPVK_ID=0&vST_DT=12.12.2022%2006:55:37&vEND_DT=12.12.2022%2007:05:37 HTTP/1.1" 200 121
46.146.210.91 - - [12/Dec/2022:09:02:58 +0500] "GET /ords/api.HTP_ASPVK_DATA?nPVK_ID=0&vST_DT=12.12.2022%2008:52:57&vEND_DT=12.12.2022%2009:02:57 HTTP/1.1" 200 121
195.222.149.195 - - [12/Dec/2022:09:03:07 +0500] "GET /ords/api.HTP_ASPVK_DATA?nPVK_ID=0&vST_DT=12.12.2022%2006:55:47&vEND_DT=12.12.2022%2007:05:47 HTTP/1.1" 200 121
46.146.210.91 - - [12/Dec/2022:09:03:09 +0500] "GET /ords/api.HTP_ASPVK_DATA?nPVK_ID=0&vST_DT=12.12.2022%2008:53:07&vEND_DT=12.12.2022%2009:03:07 HTTP/1.1" 200 121
195.222.149.195 - - [12/Dec/2022:09:03:17 +0500] "GET /ords/api.HTP_ASPVK_DATA?nPVK_ID=0&vST_DT=12.12.2022%2006:55:57&vEND_DT=12.12.2022%2007:05:57 HTTP/1.1" 200 121
46.146.210.91 - - [12/Dec/2022:09:03:18 +0500] "GET /ords/api.HTP_ASPVK_DATA?nPVK_ID=0&vST_DT=12.12.2022%2008:53:17&vEND_DT=12.12.2022%2009:03:17 HTTP/1.1" 200 121
198.199.95.88 - - [12/Dec/2022:09:03:24 +0500] "GET / HTTP/1.1" 302 -
195.222.149.195 - - [12/Dec/2022:09:03:26 +0500] "GET /ords/api.HTP_ASPVK_DATA?nPVK_ID=0&vST_DT=12.12.2022%2006:56:07&vEND_DT=12.12.2022%2007:06:07 HTTP/1.1" 200 121
46.146.210.91 - - [12/Dec/2022:09:03:29 +0500] "GET /ords/api.HTP_ASPVK_DATA?nPVK_ID=0&vST_DT=12.12.2022%2008:53:27&vEND_DT=12.12.2022%2009:03:27 HTTP/1.1" 200 121
31.162.9.49 - - [12/Dec/2022:09:03:35 +0500] "GET /ords/f?p=147:1:2343932168737:::: HTTP/1.1" 200 56207
195.222.149.195 - - [12/Dec/2022:09:03:36 +0500] "GET /ords/api.HTP_ASPVK_DATA?nPVK_ID=0&vST_DT=12.12.2022%2006:56:17&vEND_DT=12.12.2022%2007:06:17 HTTP/1.1" 200 121
46.146.210.91 - - [12/Dec/2022:09:03:38 +0500] "GET /ords/api.HTP_ASPVK_DATA?nPVK_ID=0&vST_DT=12.12.2022%2008:53:37&vEND_DT=12.12.2022%2009:03:37 HTTP/1.1" 200 121
195.222.149.195 - - [12/Dec/2022:09:03:46 +0500] "GET /ords/api.HTP_ASPVK_DATA?nPVK_ID=0&vST_DT=12.12.2022%2006:56:27&vEND_DT=12.12.2022%2007:06:27 HTTP/1.1" 200 121
188.17.152.148 - - [12/Dec/2022:09:03:48 +0500] "GET /ords/f?p=101:210:0:&tz=3:00 HTTP/1.1" 200 16247
46.146.210.91 - - [12/Dec/2022:09:03:49 +0500] "GET /ords/api.HTP_ASPVK_DATA?nPVK_ID=0&vST_DT=12.12.2022%2008:53:47&vEND_DT=12.12.2022%2009:03:47 HTTP/1.1" 200 121
188.17.152.148 - - [12/Dec/2022:09:03:51 +0500] "POST /ords/wwv_flow.accept HTTP/1.1" 302 5
188.17.152.148 - - [12/Dec/2022:09:03:52 +0500] "GET /ords/f?p=101:1:3888170339588::::: HTTP/1.1" 200 11149
195.222.149.195 - - [12/Dec/2022:09:03:57 +0500] "GET /ords/api.HTP_ASPVK_DATA?nPVK_ID=0&vST_DT=12.12.2022%2006:56:37&vEND_DT=12.12.2022%2007:06:37 HTTP/1.1" 200 121
46.146.210.91 - - [12/Dec/2022:09:03:58 +0500] "GET /ords/api.HTP_ASPVK_DATA?nPVK_ID=0&vST_DT=12.12.2022%2008:53:57&vEND_DT=12.12.2022%2009:03:57 HTTP/1.1" 200 121
195.222.149.195 - - [12/Dec/2022:09:04:07 +0500] "GET /ords/api.HTP_ASPVK_DATA?nPVK_ID=0&vST_DT=12.12.2022%2006:56:47&vEND_DT=12.12.2022%2007:06:47 HTTP/1.1" 200 121
46.146.210.91 - - [12/Dec/2022:09:04:09 +0500] "GET /ords/api.HTP_ASPVK_DATA?nPVK_ID=0&vST_DT=12.12.2022%2008:54:07&vEND_DT=12.12.2022%2009:04:07 HTTP/1.1" 200 121
194.226.162.30 - - [12/Dec/2022:09:04:11 +0500] "GET / HTTP/1.1" 302 -
194.226.162.30 - - [12/Dec/2022:09:04:11 +0500] "GET /ords/f?p=101:210 HTTP/1.1" 200 453
194.226.162.30 - - [12/Dec/2022:09:04:13 +0500] "GET /ords/f?p=101:210:0:&tz=5:00 HTTP/1.1" 200 16252
194.226.162.30 - - [12/Dec/2022:09:04:14 +0500] "GET /i/themes/theme_15/theme_4_0.css HTTP/1.1" 200 38280
194.226.162.30 - - [12/Dec/2022:09:04:14 +0500] "GET /i/app_ui/css/Core.min.css?v=18.2.0.00.12 HTTP/1.1" 200 127295
194.226.162.30 - - [12/Dec/2022:09:04:14 +0500] "GET /i/libraries/apex/minified/desktop.min.js?v=18.2.0.00.12 HTTP/1.1" 200 353354
194.226.162.30 - - [12/Dec/2022:09:04:14 +0500] "GET /i/app_ui/css/Theme-Standard.min.css?v=18.2.0.00.12 HTTP/1.1" 200 25242
194.226.162.30 - - [12/Dec/2022:09:04:15 +0500] "GET /ords/r/r/files/static/v74Y/autosuggest_inquisitor.css HTTP/1.1" 200 2786
194.226.162.30 - - [12/Dec/2022:09:04:16 +0500] "GET /i/libraries/apex/minified/legacy_18.min.js?v=18.2.0.00.12 HTTP/1.1" 200 17611
194.226.162.30 - - [12/Dec/2022:09:04:16 +0500] "GET /i/libraries/apex/minified/legacy_pre18.min.js?v=18.2.0.00.12 HTTP/1.1" 200 17984
194.226.162.30 - - [12/Dec/2022:09:04:16 +0500] "GET /ords/r/r/files/static/v74Y/esia_auth.js HTTP/1.1" 200 4791
194.226.162.30 - - [12/Dec/2022:09:04:16 +0500] "GET /ords/r/r/files/static/v74Y/bsn.AutoSuggest_2.1.3.js HTTP/1.1" 200 36099
195.222.149.195 - - [12/Dec/2022:09:04:17 +0500] "GET /ords/api.HTP_ASPVK_DATA?nPVK_ID=0&vST_DT=12.12.2022%2006:56:57&vEND_DT=12.12.2022%2007:06:57 HTTP/1.1" 200 121
194.226.162.30 - - [12/Dec/2022:09:04:18 +0500] "GET /ords/r/r/files/static/v74Y/softplus_101.js HTTP/1.1" 200 23382
46.146.210.91 - - [12/Dec/2022:09:04:18 +0500] "GET /ords/api.HTP_ASPVK_DATA?nPVK_ID=0&vST_DT=12.12.2022%2008:54:17&vEND_DT=12.12.2022%2009:04:17 HTTP/1.1" 200 121
194.226.162.30 - - [12/Dec/2022:09:04:20 +0500] "GET /i/legacy_ui/css/5.0.min.css?v=18.2.0.00.12 HTTP/1.1" 200 26003
194.226.162.30 - - [12/Dec/2022:09:04:21 +0500] "GET /i/libraries/jquery-ui/1.12.0/jquery-ui-apex.min.css?v=18.2.0.00.12 HTTP/1.1" 200 29497
195.222.149.195 - - [12/Dec/2022:09:04:26 +0500] "GET /ords/api.HTP_ASPVK_DATA?nPVK_ID=0&vST_DT=12.12.2022%2006:57:07&vEND_DT=12.12.2022%2007:07:07 HTTP/1.1" 200 121
46.146.210.91 - - [12/Dec/2022:09:04:28 +0500] "GET /ords/api.HTP_ASPVK_DATA?nPVK_ID=0&vST_DT=12.12.2022%2008:54:27&vEND_DT=12.12.2022%2009:04:27 HTTP/1.1" 200 121
194.226.162.30 - - [12/Dec/2022:09:04:30 +0500] "GET /ords/r/r/files/static/v74Y/Z_TECHNO_LOGO_white.png HTTP/1.1" 200 22182
194.226.162.30 - - [12/Dec/2022:09:04:30 +0500] "GET /i/f_spacer.gif HTTP/1.1" 200 49
195.222.149.195 - - [12/Dec/2022:09:04:36 +0500] "GET /ords/api.HTP_ASPVK_DATA?nPVK_ID=0&vST_DT=12.12.2022%2006:57:17&vEND_DT=12.12.2022%2007:07:17 HTTP/1.1" 200 121
46.146.210.91 - - [12/Dec/2022:09:04:40 +0500] "GET /ords/api.HTP_ASPVK_DATA?nPVK_ID=0&vST_DT=12.12.2022%2008:54:37&vEND_DT=12.12.2022%2009:04:37 HTTP/1.1" 200 121
194.226.162.30 - - [12/Dec/2022:09:04:41 +0500] "POST /ords/wwv_flow.accept HTTP/1.1" 302 5
194.226.162.30 - - [12/Dec/2022:09:04:41 +0500] "GET /ords/f?p=101:1:10255152352999::::: HTTP/1.1" 200 504
194.226.162.30 - - [12/Dec/2022:09:04:42 +0500] "GET /ords/f?p=101:1:10255152352999:::::&tz=5:00 HTTP/1.1" 200 17115
194.226.162.30 - - [12/Dec/2022:09:04:42 +0500] "GET /i/libraries/apex/minified/desktop.min.js?v=4.2.2.00.11 HTTP/1.1" 200 353354
194.226.162.30 - - [12/Dec/2022:09:04:42 +0500] "GET /i/libraries/apex/minified/legacy.min.js?v=4.2.2.00.11 HTTP/1.1" 200 18268
194.226.162.30 - - [12/Dec/2022:09:04:44 +0500] "GET /i/themes/theme_15/page_line_center.gif HTTP/1.1" 200 92
194.226.162.30 - - [12/Dec/2022:09:04:44 +0500] "GET /i/fndtip11.gif HTTP/1.1" 200 218
194.226.162.30 - - [12/Dec/2022:09:04:44 +0500] "GET /i/menu/memo_32.gif HTTP/1.1" 200 1535
194.226.162.30 - - [12/Dec/2022:09:04:44 +0500] "GET /i/menu/ui_32.gif HTTP/1.1" 200 1505
194.226.162.30 - - [12/Dec/2022:09:04:44 +0500] "GET /i/menu/client_32.gif HTTP/1.1" 200 1551
194.226.162.30 - - [12/Dec/2022:09:04:44 +0500] "GET /i/menu/report_32.gif HTTP/1.1" 200 1586
195.222.149.195 - - [12/Dec/2022:09:04:47 +0500] "GET /ords/api.HTP_ASPVK_DATA?nPVK_ID=0&vST_DT=12.12.2022%2006:57:27&vEND_DT=12.12.2022%2007:07:27 HTTP/1.1" 200 121
46.146.210.91 - - [12/Dec/2022:09:04:48 +0500] "GET /ords/api.HTP_ASPVK_DATA?nPVK_ID=0&vST_DT=12.12.2022%2008:54:47&vEND_DT=12.12.2022%2009:04:47 HTTP/1.1" 200 121
194.226.162.30 - - [12/Dec/2022:09:04:52 +0500] "GET /ords/r/r/files/static/v74Y/bg_perm_road.jpg HTTP/1.1" 500 106606
195.222.149.195 - - [12/Dec/2022:09:04:56 +0500] "GET /ords/api.HTP_ASPVK_DATA?nPVK_ID=0&vST_DT=12.12.2022%2006:57:37&vEND_DT=12.12.2022%2007:07:37 HTTP/1.1" 200 121
46.146.210.91 - - [12/Dec/2022:09:04:59 +0500] "GET /ords/api.HTP_ASPVK_DATA?nPVK_ID=0&vST_DT=12.12.2022%2008:54:57&vEND_DT=12.12.2022%2009:04:57 HTTP/1.1" 200 121
195.222.149.195 - - [12/Dec/2022:09:05:06 +0500] "GET /ords/api.HTP_ASPVK_DATA?nPVK_ID=0&vST_DT=12.12.2022%2006:57:47&vEND_DT=12.12.2022%2007:07:47 HTTP/1.1" 200 121
46.146.210.91 - - [12/Dec/2022:09:05:09 +0500] "GET /ords/api.HTP_ASPVK_DATA?nPVK_ID=0&vST_DT=12.12.2022%2008:55:07&vEND_DT=12.12.2022%2009:05:07 HTTP/1.1" 200 121
195.222.149.195 - - [12/Dec/2022:09:05:17 +0500] "GET /ords/api.HTP_ASPVK_DATA?nPVK_ID=0&vST_DT=12.12.2022%2006:57:57&vEND_DT=12.12.2022%2007:07:57 HTTP/1.1" 200 121
46.146.210.91 - - [12/Dec/2022:09:05:19 +0500] "GET /ords/api.HTP_ASPVK_DATA?nPVK_ID=0&vST_DT=12.12.2022%2008:55:17&vEND_DT=12.12.2022%2009:05:17 HTTP/1.1" 200 121
195.222.149.195 - - [12/Dec/2022:09:05:27 +0500] "GET /ords/api.HTP_ASPVK_DATA?nPVK_ID=0&vST_DT=12.12.2022%2006:58:07&vEND_DT=12.12.2022%2007:08:07 HTTP/1.1" 200 121
212.33.243.160 - - [12/Dec/2022:09:05:28 +0500] "GET / HTTP/1.1" 302 -
212.33.243.160 - - [12/Dec/2022:09:05:29 +0500] "GET /ords/f?p=101:210 HTTP/1.1" 200 453
46.146.210.91 - - [12/Dec/2022:09:05:29 +0500] "GET /ords/api.HTP_ASPVK_DATA?nPVK_ID=0&vST_DT=12.12.2022%2008:55:27&vEND_DT=12.12.2022%2009:05:27 HTTP/1.1" 200 121
212.33.243.160 - - [12/Dec/2022:09:05:30 +0500] "GET /ords/f?p=101:210:0:&tz=5:00 HTTP/1.1" 200 16255
212.33.243.160 - - [12/Dec/2022:09:05:33 +0500] "POST /ords/wwv_flow.accept HTTP/1.1" 302 5
212.33.243.160 - - [12/Dec/2022:09:05:33 +0500] "GET /ords/f?p=101:1:7581404511818::::: HTTP/1.1" 200 502
212.33.243.160 - - [12/Dec/2022:09:05:34 +0500] "GET /ords/f?p=101:1:7581404511818:::::&tz=5:00 HTTP/1.1" 200 13480
212.33.243.160 - - [12/Dec/2022:09:05:34 +0500] "GET /i/libraries/apex/minified/desktop.min.js?v=4.2.2.00.11 HTTP/1.1" 200 353354
212.33.243.160 - - [12/Dec/2022:09:05:34 +0500] "GET /i/libraries/apex/minified/legacy.min.js?v=4.2.2.00.11 HTTP/1.1" 200 18268
212.33.243.160 - - [12/Dec/2022:09:05:34 +0500] "GET /i/fndtip11.gif HTTP/1.1" 200 218
212.33.243.160 - - [12/Dec/2022:09:05:34 +0500] "GET /i/menu/report_32.gif HTTP/1.1" 200 1586
212.33.243.160 - - [12/Dec/2022:09:05:34 +0500] "GET /i/menu/client_32.gif HTTP/1.1" 200 1551
195.222.149.195 - - [12/Dec/2022:09:05:37 +0500] "GET /ords/api.HTP_ASPVK_DATA?nPVK_ID=0&vST_DT=12.12.2022%2006:58:18&vEND_DT=12.12.2022%2007:08:18 HTTP/1.1" 200 121
46.146.210.91 - - [12/Dec/2022:09:05:39 +0500] "GET /ords/api.HTP_ASPVK_DATA?nPVK_ID=0&vST_DT=12.12.2022%2008:55:37&vEND_DT=12.12.2022%2009:05:37 HTTP/1.1" 200 121
195.222.149.195 - - [12/Dec/2022:09:05:47 +0500] "GET /ords/api.HTP_ASPVK_DATA?nPVK_ID=0&vST_DT=12.12.2022%2006:58:28&vEND_DT=12.12.2022%2007:08:28 HTTP/1.1" 200 121
46.146.210.91 - - [12/Dec/2022:09:05:49 +0500] "GET /ords/api.HTP_ASPVK_DATA?nPVK_ID=0&vST_DT=12.12.2022%2008:55:47&vEND_DT=12.12.2022%2009:05:47 HTTP/1.1" 200 121
195.222.149.195 - - [12/Dec/2022:09:05:57 +0500] "GET /ords/api.HTP_ASPVK_DATA?nPVK_ID=0&vST_DT=12.12.2022%2006:58:38&vEND_DT=12.12.2022%2007:08:38 HTTP/1.1" 200 121
46.146.210.91 - - [12/Dec/2022:09:05:59 +0500] "GET /ords/api.HTP_ASPVK_DATA?nPVK_ID=0&vST_DT=12.12.2022%2008:55:57&vEND_DT=12.12.2022%2009:05:57 HTTP/1.1" 200 121
212.33.243.160 - - [12/Dec/2022:09:06:03 +0500] "GET /ords/f?p=137:38:7581404511818:::: HTTP/1.1" 200 89193
195.222.149.195 - - [12/Dec/2022:09:06:07 +0500] "GET /ords/api.HTP_ASPVK_DATA?nPVK_ID=0&vST_DT=12.12.2022%2006:58:48&vEND_DT=12.12.2022%2007:08:48 HTTP/1.1" 200 121
46.146.210.91 - - [12/Dec/2022:09:06:09 +0500] "GET /ords/api.HTP_ASPVK_DATA?nPVK_ID=0&vST_DT=12.12.2022%2008:56:07&vEND_DT=12.12.2022%2009:06:07 HTTP/1.1" 200 121
195.222.149.195 - - [12/Dec/2022:09:06:17 +0500] "GET /ords/api.HTP_ASPVK_DATA?nPVK_ID=0&vST_DT=12.12.2022%2006:58:58&vEND_DT=12.12.2022%2007:08:58 HTTP/1.1" 200 121
46.146.210.91 - - [12/Dec/2022:09:06:19 +0500] "GET /ords/api.HTP_ASPVK_DATA?nPVK_ID=0&vST_DT=12.12.2022%2008:56:17&vEND_DT=12.12.2022%2009:06:17 HTTP/1.1" 200 121
195.222.149.195 - - [12/Dec/2022:09:06:27 +0500] "GET /ords/api.HTP_ASPVK_DATA?nPVK_ID=0&vST_DT=12.12.2022%2006:59:08&vEND_DT=12.12.2022%2007:09:08 HTTP/1.1" 200 121
46.146.210.91 - - [12/Dec/2022:09:06:29 +0500] "GET /ords/api.HTP_ASPVK_DATA?nPVK_ID=0&vST_DT=12.12.2022%2008:56:27&vEND_DT=12.12.2022%2009:06:27 HTTP/1.1" 200 121
195.222.149.195 - - [12/Dec/2022:09:06:37 +0500] "GET /ords/api.HTP_ASPVK_DATA?nPVK_ID=0&vST_DT=12.12.2022%2006:59:18&vEND_DT=12.12.2022%2007:09:18 HTTP/1.1" 200 121
46.146.210.91 - - [12/Dec/2022:09:06:39 +0500] "GET /ords/api.HTP_ASPVK_DATA?nPVK_ID=0&vST_DT=12.12.2022%2008:56:37&vEND_DT=12.12.2022%2009:06:37 HTTP/1.1" 200 121
195.222.149.195 - - [12/Dec/2022:09:06:47 +0500] "GET /ords/api.HTP_ASPVK_DATA?nPVK_ID=0&vST_DT=12.12.2022%2006:59:28&vEND_DT=12.12.2022%2007:09:28 HTTP/1.1" 200 3125
46.146.210.91 - - [12/Dec/2022:09:06:49 +0500] "GET /ords/api.HTP_ASPVK_DATA?nPVK_ID=0&vST_DT=12.12.2022%2008:56:47&vEND_DT=12.12.2022%2009:06:47 HTTP/1.1" 200 6191
212.33.243.160 - - [12/Dec/2022:09:06:49 +0500] "GET /ords/f?p=137:2:7581404511818::NO::P2_ID,P2_COUNT_ALL,P2_EDIT_MODE:114811,7, HTTP/1.1" 200 114469
212.33.243.160 - - [12/Dec/2022:09:06:50 +0500] "POST /ords/wwv_flow.ajax HTTP/1.1" 200 1629
195.222.149.195 - - [12/Dec/2022:09:06:57 +0500] "GET /ords/api.HTP_ASPVK_DATA?nPVK_ID=0&vST_DT=12.12.2022%2006:59:38&vEND_DT=12.12.2022%2007:09:38 HTTP/1.1" 200 3125
46.146.210.91 - - [12/Dec/2022:09:06:59 +0500] "GET /ords/api.HTP_ASPVK_DATA?nPVK_ID=0&vST_DT=12.12.2022%2008:56:57&vEND_DT=12.12.2022%2009:06:57 HTTP/1.1" 200 6191
195.222.149.195 - - [12/Dec/2022:09:07:07 +0500] "GET /ords/api.HTP_ASPVK_DATA?nPVK_ID=0&vST_DT=12.12.2022%2006:59:48&vEND_DT=12.12.2022%2007:09:48 HTTP/1.1" 200 3125
46.146.210.91 - - [12/Dec/2022:09:07:09 +0500] "GET /ords/api.HTP_ASPVK_DATA?nPVK_ID=0&vST_DT=12.12.2022%2008:57:07&vEND_DT=12.12.2022%2009:07:07 HTTP/1.1" 200 4667
195.222.149.195 - - [12/Dec/2022:09:07:17 +0500] "GET /ords/api.HTP_ASPVK_DATA?nPVK_ID=0&vST_DT=12.12.2022%2006:59:58&vEND_DT=12.12.2022%2007:09:58 HTTP/1.1" 200 3125
46.146.210.91 - - [12/Dec/2022:09:07:19 +0500] "GET /ords/api.HTP_ASPVK_DATA?nPVK_ID=0&vST_DT=12.12.2022%2008:57:17&vEND_DT=12.12.2022%2009:07:17 HTTP/1.1" 200 4667
195.222.149.195 - - [12/Dec/2022:09:07:27 +0500] "GET /ords/api.HTP_ASPVK_DATA?nPVK_ID=0&vST_DT=12.12.2022%2007:00:08&vEND_DT=12.12.2022%2007:10:08 HTTP/1.1" 200 3125
46.146.210.91 - - [12/Dec/2022:09:07:29 +0500] "GET /ords/api.HTP_ASPVK_DATA?nPVK_ID=0&vST_DT=12.12.2022%2008:57:27&vEND_DT=12.12.2022%2009:07:27 HTTP/1.1" 200 6197
178.216.65.66 - - [12/Dec/2022:09:07:29 +0500] "POST /ords/wwv_flow.accept HTTP/1.1" 302 5
178.216.65.66 - - [12/Dec/2022:09:07:30 +0500] "GET /ords/f?p=137:1:15433530559097::::: HTTP/1.1" 302 5
212.33.243.160 - - [12/Dec/2022:09:07:30 +0500] "GET /ords/wwv_flow.show?p_request=APPLICATION_PROCESS%3DGET_SQL_RESULT&p_flow_id=555&p_flow_step_id=0&p_instance=7581404511818&p_arg_names=F_APPLICATION_ID&p_arg_values=137&p_arg_names=F_FILTER_TEXT&p_arg_values=&p_arg_names=F_LOV_NAME&p_arg_values=%D0%A1%D0%A2%D0%90%D0%A2%D0%A3%D0%A1%D0%AB_%D0%97%D0%90%D0%AF%D0%92%D0%9E%D0%9A&p_arg_names=F_FILTER_TEXT2&p_arg_values=&p_arg_names=F_RESULT_COUNT&p_arg_values=50 HTTP/1.1" 200 147
212.33.243.160 - - [12/Dec/2022:09:07:31 +0500] "GET /ords/r/r/files/static/v74Y/ui-anim_basic_16x16.gif HTTP/1.1" 404 5
195.222.149.195 - - [12/Dec/2022:09:07:38 +0500] "GET /ords/api.HTP_ASPVK_DATA?nPVK_ID=0&vST_DT=12.12.2022%2007:00:18&vEND_DT=12.12.2022%2007:10:18 HTTP/1.1" 200 3125
46.146.210.91 - - [12/Dec/2022:09:07:39 +0500] "GET /ords/api.HTP_ASPVK_DATA?nPVK_ID=0&vST_DT=12.12.2022%2008:57:37&vEND_DT=12.12.2022%2009:07:37 HTTP/1.1" 200 6197
195.222.149.195 - - [12/Dec/2022:09:07:47 +0500] "GET /ords/api.HTP_ASPVK_DATA?nPVK_ID=0&vST_DT=12.12.2022%2007:00:28&vEND_DT=12.12.2022%2007:10:28 HTTP/1.1" 200 3125
46.146.210.91 - - [12/Dec/2022:09:07:49 +0500] "GET /ords/api.HTP_ASPVK_DATA?nPVK_ID=0&vST_DT=12.12.2022%2008:57:47&vEND_DT=12.12.2022%2009:07:47 HTTP/1.1" 200 6197
178.216.65.66 - - [12/Dec/2022:09:07:52 +0500] "GET /ords/f?p=137:38:15433530559097::NO:RP:: HTTP/1.1" 200 86396
195.222.149.195 - - [12/Dec/2022:09:07:57 +0500] "GET /ords/api.HTP_ASPVK_DATA?nPVK_ID=0&vST_DT=12.12.2022%2007:00:38&vEND_DT=12.12.2022%2007:10:38 HTTP/1.1" 200 3125
46.146.210.91 - - [12/Dec/2022:09:07:59 +0500] "GET /ords/api.HTP_ASPVK_DATA?nPVK_ID=0&vST_DT=12.12.2022%2008:57:57&vEND_DT=12.12.2022%2009:07:57 HTTP/1.1" 200 6197
195.222.149.195 - - [12/Dec/2022:09:08:07 +0500] "GET /ords/api.HTP_ASPVK_DATA?nPVK_ID=0&vST_DT=12.12.2022%2007:00:48&vEND_DT=12.12.2022%2007:10:48 HTTP/1.1" 200 3125
212.33.243.160 - - [12/Dec/2022:09:08:08 +0500] "POST /ords/wwv_flow.accept HTTP/1.1" 302 5
46.146.210.91 - - [12/Dec/2022:09:08:09 +0500] "GET /ords/api.HTP_ASPVK_DATA?nPVK_ID=0&vST_DT=12.12.2022%2008:58:07&vEND_DT=12.12.2022%2009:08:07 HTTP/1.1" 200 6197
46.146.220.195 - - [12/Dec/2022:09:08:14 +0500] "GET / HTTP/1.1" 302 -
46.146.220.195 - - [12/Dec/2022:09:08:14 +0500] "GET /ords/f?p=101:210 HTTP/1.1" 200 453
195.222.149.195 - - [12/Dec/2022:09:08:17 +0500] "GET /ords/api.HTP_ASPVK_DATA?nPVK_ID=0&vST_DT=12.12.2022%2007:00:58&vEND_DT=12.12.2022%2007:10:58 HTTP/1.1" 200 3125
46.146.210.91 - - [12/Dec/2022:09:08:19 +0500] "GET /ords/api.HTP_ASPVK_DATA?nPVK_ID=0&vST_DT=12.12.2022%2008:58:17&vEND_DT=12.12.2022%2009:08:17 HTTP/1.1" 200 6197
46.146.220.195 - - [12/Dec/2022:09:08:21 +0500] "GET /ords/f?p=101:210:0:&tz=5:00 HTTP/1.1" 200 16252
188.17.152.148 - - [12/Dec/2022:09:08:25 +0500] "GET /ords/f?p=147:1:3888170339588:::: HTTP/1.1" 200 62170
178.216.65.66 - - [12/Dec/2022:09:08:26 +0500] "POST /ords/wwv_flow.accept HTTP/1.1" 302 5
188.17.152.148 - - [12/Dec/2022:09:08:27 +0500] "GET /ords/r/r/files/static/v74Y/favicon.ico HTTP/1.1" 404 5
195.222.149.195 - - [12/Dec/2022:09:08:27 +0500] "GET /ords/api.HTP_ASPVK_DATA?nPVK_ID=0&vST_DT=12.12.2022%2007:01:08&vEND_DT=12.12.2022%2007:11:08 HTTP/1.1" 200 3125
46.146.210.91 - - [12/Dec/2022:09:08:29 +0500] "GET /ords/api.HTP_ASPVK_DATA?nPVK_ID=0&vST_DT=12.12.2022%2008:58:27&vEND_DT=12.12.2022%2009:08:27 HTTP/1.1" 200 4667
188.17.152.148 - - [12/Dec/2022:09:08:31 +0500] "POST /ords/wwv_flow.accept HTTP/1.1" 302 5
46.146.220.195 - - [12/Dec/2022:09:08:33 +0500] "POST /ords/wwv_flow.accept HTTP/1.1" 302 5
46.146.220.195 - - [12/Dec/2022:09:08:34 +0500] "GET /ords/f?p=101:1:11382312284755::::: HTTP/1.1" 200 504
46.146.220.195 - - [12/Dec/2022:09:08:35 +0500] "GET /ords/f?p=101:1:11382312284755:::::&tz=5:00 HTTP/1.1" 200 10112
195.222.149.195 - - [12/Dec/2022:09:08:37 +0500] "GET /ords/api.HTP_ASPVK_DATA?nPVK_ID=0&vST_DT=12.12.2022%2007:01:18&vEND_DT=12.12.2022%2007:11:18 HTTP/1.1" 200 3125
46.146.210.91 - - [12/Dec/2022:09:08:39 +0500] "GET /ords/api.HTP_ASPVK_DATA?nPVK_ID=0&vST_DT=12.12.2022%2008:58:37&vEND_DT=12.12.2022%2009:08:37 HTTP/1.1" 200 3135
212.33.243.160 - - [12/Dec/2022:09:08:47 +0500] "GET /ords/f?p=137:2:7581404511818::NO:::&success_msg=xODt7fvlIOjn7OXt5e37Lg%7E%7E%2FP_VJh2aylOCE8ZulwQXWtbIhoIIcChmprUcIGa3LtnSoaxMTDgioGUrQfT0YdidYm5EXespSeAcE1piWZNSpXg HTTP/1.1" 200 114708
195.222.149.195 - - [12/Dec/2022:09:08:47 +0500] "GET /ords/api.HTP_ASPVK_DATA?nPVK_ID=0&vST_DT=12.12.2022%2007:01:28&vEND_DT=12.12.2022%2007:11:28 HTTP/1.1" 200 3125
212.33.243.160 - - [12/Dec/2022:09:08:47 +0500] "POST /ords/wwv_flow.ajax HTTP/1.1" 200 1629
178.216.65.66 - - [12/Dec/2022:09:08:47 +0500] "GET /ords/f?p=137:38:15433530559097::NO::: HTTP/1.1" 200 86329
46.146.210.91 - - [12/Dec/2022:09:08:49 +0500] "GET /ords/api.HTP_ASPVK_DATA?nPVK_ID=0&vST_DT=12.12.2022%2008:58:47&vEND_DT=12.12.2022%2009:08:47 HTTP/1.1" 200 3135
195.222.149.195 - - [12/Dec/2022:09:08:58 +0500] "GET /ords/api.HTP_ASPVK_DATA?nPVK_ID=0&vST_DT=12.12.2022%2007:01:38&vEND_DT=12.12.2022%2007:11:38 HTTP/1.1" 200 3125
46.146.210.91 - - [12/Dec/2022:09:08:59 +0500] "GET /ords/api.HTP_ASPVK_DATA?nPVK_ID=0&vST_DT=12.12.2022%2008:58:57&vEND_DT=12.12.2022%2009:08:57 HTTP/1.1" 200 3135
195.222.149.195 - - [12/Dec/2022:09:09:07 +0500] "GET /ords/api.HTP_ASPVK_DATA?nPVK_ID=0&vST_DT=12.12.2022%2007:01:48&vEND_DT=12.12.2022%2007:11:48 HTTP/1.1" 200 3125
46.146.210.91 - - [12/Dec/2022:09:09:09 +0500] "GET /ords/api.HTP_ASPVK_DATA?nPVK_ID=0&vST_DT=12.12.2022%2008:59:07&vEND_DT=12.12.2022%2009:09:07 HTTP/1.1" 200 3135
46.146.220.195 - - [12/Dec/2022:09:09:14 +0500] "GET /ords/f?p=137:38:11382312284755:::: HTTP/1.1" 200 90732
195.222.149.195 - - [12/Dec/2022:09:09:17 +0500] "GET /ords/api.HTP_ASPVK_DATA?nPVK_ID=0&vST_DT=12.12.2022%2007:01:58&vEND_DT=12.12.2022%2007:11:58 HTTP/1.1" 200 3125
46.146.210.91 - - [12/Dec/2022:09:09:19 +0500] "GET /ords/api.HTP_ASPVK_DATA?nPVK_ID=0&vST_DT=12.12.2022%2008:59:17&vEND_DT=12.12.2022%2009:09:17 HTTP/1.1" 200 3135
188.17.152.148 - - [12/Dec/2022:09:09:23 +0500] "GET /ords/f?p=147:1:3888170339588::NO::: HTTP/1.1" 200 62260
178.216.65.66 - - [12/Dec/2022:09:09:24 +0500] "POST /ords/wwv_flow.ajax HTTP/1.1" 200 49723
195.222.149.195 - - [12/Dec/2022:09:09:27 +0500] "GET /ords/api.HTP_ASPVK_DATA?nPVK_ID=0&vST_DT=12.12.2022%2007:02:08&vEND_DT=12.12.2022%2007:12:08 HTTP/1.1" 200 3125
46.146.210.91 - - [12/Dec/2022:09:09:29 +0500] "GET /ords/api.HTP_ASPVK_DATA?nPVK_ID=0&vST_DT=12.12.2022%2008:59:27&vEND_DT=12.12.2022%2009:09:27 HTTP/1.1" 200 3135
212.33.243.160 - - [12/Dec/2022:09:09:36 +0500] "POST /ords/wwv_flow.ajax HTTP/1.1" 200 47109
195.222.149.195 - - [12/Dec/2022:09:09:37 +0500] "GET /ords/api.HTP_ASPVK_DATA?nPVK_ID=0&vST_DT=12.12.2022%2007:02:18&vEND_DT=12.12.2022%2007:12:18 HTTP/1.1" 200 3125
46.146.210.91 - - [12/Dec/2022:09:09:39 +0500] "GET /ords/api.HTP_ASPVK_DATA?nPVK_ID=0&vST_DT=12.12.2022%2008:59:37&vEND_DT=12.12.2022%2009:09:37 HTTP/1.1" 200 3135
31.162.9.49 - - [12/Dec/2022:09:09:44 +0500] "GET /ords/f?p=147:2:2343932168737::NO::P2_ID,P2_COUNT_ALL,P2_EDIT_MODE:114317,4, HTTP/1.1" 200 96943
195.222.149.195 - - [12/Dec/2022:09:09:47 +0500] "GET /ords/api.HTP_ASPVK_DATA?nPVK_ID=0&vST_DT=12.12.2022%2007:02:28&vEND_DT=12.12.2022%2007:12:28 HTTP/1.1" 200 3125
212.33.243.160 - - [12/Dec/2022:09:09:47 +0500] "GET /ords/f?p=137:2:7581404511818::NO::P2_ID,P2_COUNT_ALL,P2_EDIT_MODE:114814,7, HTTP/1.1" 200 106950
212.33.243.160 - - [12/Dec/2022:09:09:48 +0500] "POST /ords/wwv_flow.ajax HTTP/1.1" 200 1629
46.146.210.91 - - [12/Dec/2022:09:09:49 +0500] "GET /ords/api.HTP_ASPVK_DATA?nPVK_ID=0&vST_DT=12.12.2022%2008:59:47&vEND_DT=12.12.2022%2009:09:47 HTTP/1.1" 200 3135
178.216.65.66 - - [12/Dec/2022:09:09:51 +0500] "POST /ords/wwv_flow.ajax HTTP/1.1" 200 49930
46.146.220.195 - - [12/Dec/2022:09:09:57 +0500] "POST /ords/wwv_flow.ajax HTTP/1.1" 200 900022
195.222.149.195 - - [12/Dec/2022:09:09:57 +0500] "GET /ords/api.HTP_ASPVK_DATA?nPVK_ID=0&vST_DT=12.12.2022%2007:02:38&vEND_DT=12.12.2022%2007:12:38 HTTP/1.1" 200 3125
46.146.210.91 - - [12/Dec/2022:09:09:59 +0500] "GET /ords/api.HTP_ASPVK_DATA?nPVK_ID=0&vST_DT=12.12.2022%2008:59:57&vEND_DT=12.12.2022%2009:09:57 HTTP/1.1" 200 3132
195.222.149.195 - - [12/Dec/2022:09:10:07 +0500] "GET /ords/api.HTP_ASPVK_DATA?nPVK_ID=0&vST_DT=12.12.2022%2007:02:48&vEND_DT=12.12.2022%2007:12:48 HTTP/1.1" 200 3125
46.146.210.91 - - [12/Dec/2022:09:10:09 +0500] "GET /ords/api.HTP_ASPVK_DATA?nPVK_ID=0&vST_DT=12.12.2022%2009:00:07&vEND_DT=12.12.2022%2009:10:07 HTTP/1.1" 200 3132
195.222.149.195 - - [12/Dec/2022:09:10:17 +0500] "GET /ords/api.HTP_ASPVK_DATA?nPVK_ID=0&vST_DT=12.12.2022%2007:02:58&vEND_DT=12.12.2022%2007:12:58 HTTP/1.1" 200 3125
46.146.210.91 - - [12/Dec/2022:09:10:19 +0500] "GET /ords/api.HTP_ASPVK_DATA?nPVK_ID=0&vST_DT=12.12.2022%2009:00:17&vEND_DT=12.12.2022%2009:10:17 HTTP/1.1" 200 3132
195.222.149.195 - - [12/Dec/2022:09:10:27 +0500] "GET /ords/api.HTP_ASPVK_DATA?nPVK_ID=0&vST_DT=12.12.2022%2007:03:08&vEND_DT=12.12.2022%2007:13:08 HTTP/1.1" 200 3125
46.146.210.91 - - [12/Dec/2022:09:10:29 +0500] "GET /ords/api.HTP_ASPVK_DATA?nPVK_ID=0&vST_DT=12.12.2022%2009:00:27&vEND_DT=12.12.2022%2009:10:27 HTTP/1.1" 200 3132
212.33.243.160 - - [12/Dec/2022:09:10:35 +0500] "GET /ords/f?p=137:4:7581404511818::NO::P4_ID:114814 HTTP/1.1" 200 862818
195.222.149.195 - - [12/Dec/2022:09:10:37 +0500] "GET /ords/api.HTP_ASPVK_DATA?nPVK_ID=0&vST_DT=12.12.2022%2007:03:18&vEND_DT=12.12.2022%2007:13:18 HTTP/1.1" 200 3125
46.146.210.91 - - [12/Dec/2022:09:10:39 +0500] "GET /ords/api.HTP_ASPVK_DATA?nPVK_ID=0&vST_DT=12.12.2022%2009:00:37&vEND_DT=12.12.2022%2009:10:37 HTTP/1.1" 200 3132
195.222.149.195 - - [12/Dec/2022:09:10:47 +0500] "GET /ords/api.HTP_ASPVK_DATA?nPVK_ID=0&vST_DT=12.12.2022%2007:03:28&vEND_DT=12.12.2022%2007:13:28 HTTP/1.1" 200 3125
46.146.210.91 - - [12/Dec/2022:09:10:49 +0500] "GET /ords/api.HTP_ASPVK_DATA?nPVK_ID=0&vST_DT=12.12.2022%2009:00:47&vEND_DT=12.12.2022%2009:10:47 HTTP/1.1" 200 3132
195.222.149.195 - - [12/Dec/2022:09:10:57 +0500] "GET /ords/api.HTP_ASPVK_DATA?nPVK_ID=0&vST_DT=12.12.2022%2007:03:38&vEND_DT=12.12.2022%2007:13:38 HTTP/1.1" 200 3125
46.146.210.91 - - [12/Dec/2022:09:10:59 +0500] "GET /ords/api.HTP_ASPVK_DATA?nPVK_ID=0&vST_DT=12.12.2022%2009:00:57&vEND_DT=12.12.2022%2009:10:57 HTTP/1.1" 200 3132
185.220.101.27 - - [12/Dec/2022:09:11:05 +0500] "GET / HTTP/1.1" 302 -
185.220.101.27 - - [12/Dec/2022:09:11:06 +0500] "GET / HTTP/1.1" 302 -
195.222.149.195 - - [12/Dec/2022:09:11:07 +0500] "GET /ords/api.HTP_ASPVK_DATA?nPVK_ID=0&vST_DT=12.12.2022%2007:03:48&vEND_DT=12.12.2022%2007:13:48 HTTP/1.1" 200 3125
185.220.101.27 - - [12/Dec/2022:09:11:08 +0500] "GET /ords/f?p=101:210 HTTP/1.1" 200 453
46.146.210.91 - - [12/Dec/2022:09:11:10 +0500] "GET /ords/api.HTP_ASPVK_DATA?nPVK_ID=0&vST_DT=12.12.2022%2009:01:07&vEND_DT=12.12.2022%2009:11:07 HTTP/1.1" 200 3132
195.222.149.195 - - [12/Dec/2022:09:11:17 +0500] "GET /ords/api.HTP_ASPVK_DATA?nPVK_ID=0&vST_DT=12.12.2022%2007:03:58&vEND_DT=12.12.2022%2007:13:58 HTTP/1.1" 200 3125
46.146.210.91 - - [12/Dec/2022:09:11:19 +0500] "GET /ords/api.HTP_ASPVK_DATA?nPVK_ID=0&vST_DT=12.12.2022%2009:01:17&vEND_DT=12.12.2022%2009:11:17 HTTP/1.1" 200 3132
195.222.149.195 - - [12/Dec/2022:09:11:27 +0500] "GET /ords/api.HTP_ASPVK_DATA?nPVK_ID=0&vST_DT=12.12.2022%2007:04:08&vEND_DT=12.12.2022%2007:14:08 HTTP/1.1" 200 3125
46.146.210.91 - - [12/Dec/2022:09:11:29 +0500] "GET /ords/api.HTP_ASPVK_DATA?nPVK_ID=0&vST_DT=12.12.2022%2009:01:27&vEND_DT=12.12.2022%2009:11:27 HTTP/1.1" 200 3132
195.222.149.195 - - [12/Dec/2022:09:11:37 +0500] "GET /ords/api.HTP_ASPVK_DATA?nPVK_ID=0&vST_DT=12.12.2022%2007:04:18&vEND_DT=12.12.2022%2007:14:18 HTTP/1.1" 200 3125
46.146.210.91 - - [12/Dec/2022:09:11:39 +0500] "GET /ords/api.HTP_ASPVK_DATA?nPVK_ID=0&vST_DT=12.12.2022%2009:01:37&vEND_DT=12.12.2022%2009:11:37 HTTP/1.1" 200 3132
195.222.149.195 - - [12/Dec/2022:09:11:47 +0500] "GET /ords/api.HTP_ASPVK_DATA?nPVK_ID=0&vST_DT=12.12.2022%2007:04:28&vEND_DT=12.12.2022%2007:14:28 HTTP/1.1" 200 3125
45.142.192.6 - - [12/Dec/2022:09:11:47 +0500] "GET / HTTP/1.1" 302 -
45.142.192.6 - - [12/Dec/2022:09:11:48 +0500] "GET /ords/f?p=101:210 HTTP/1.1" 200 453
46.146.210.91 - - [12/Dec/2022:09:11:49 +0500] "GET /ords/api.HTP_ASPVK_DATA?nPVK_ID=0&vST_DT=12.12.2022%2009:01:47&vEND_DT=12.12.2022%2009:11:47 HTTP/1.1" 200 3132
195.222.149.195 - - [12/Dec/2022:09:11:57 +0500] "GET /ords/api.HTP_ASPVK_DATA?nPVK_ID=0&vST_DT=12.12.2022%2007:04:38&vEND_DT=12.12.2022%2007:14:38 HTTP/1.1" 200 3125
212.33.243.160 - - [12/Dec/2022:09:11:58 +0500] "GET /ords/f?p=137:2:7581404511818::NO::P2_ID,P2_COUNT_ALL,P2_EDIT_MODE:114791,7, HTTP/1.1" 200 119326
46.146.210.91 - - [12/Dec/2022:09:11:59 +0500] "GET /ords/api.HTP_ASPVK_DATA?nPVK_ID=0&vST_DT=12.12.2022%2009:01:57&vEND_DT=12.12.2022%2009:11:57 HTTP/1.1" 200 3132
212.33.243.160 - - [12/Dec/2022:09:11:59 +0500] "POST /ords/wwv_flow.ajax HTTP/1.1" 200 1629
89.250.216.22 - - [12/Dec/2022:09:12:04 +0500] "GET / HTTP/1.1" 302 -
89.250.216.22 - - [12/Dec/2022:09:12:04 +0500] "GET /ords/f?p=101:210 HTTP/1.1" 200 453
89.250.216.22 - - [12/Dec/2022:09:12:06 +0500] "GET /ords/f?p=101:210:0:&tz=5:00 HTTP/1.1" 200 16245
195.222.149.195 - - [12/Dec/2022:09:12:07 +0500] "GET /ords/api.HTP_ASPVK_DATA?nPVK_ID=0&vST_DT=12.12.2022%2007:04:48&vEND_DT=12.12.2022%2007:14:48 HTTP/1.1" 200 3125
46.146.210.91 - - [12/Dec/2022:09:12:09 +0500] "GET /ords/api.HTP_ASPVK_DATA?nPVK_ID=0&vST_DT=12.12.2022%2009:02:07&vEND_DT=12.12.2022%2009:12:07 HTTP/1.1" 200 3132
89.250.216.22 - - [12/Dec/2022:09:12:15 +0500] "POST /ords/wwv_flow.accept HTTP/1.1" 302 5
31.162.9.49 - - [12/Dec/2022:09:12:15 +0500] "GET /ords/f?p=147:2:2343932168737::NO::P2_ID,P2_COUNT_ALL,P2_EDIT_MODE:114276,5, HTTP/1.1" 200 97067
89.250.216.22 - - [12/Dec/2022:09:12:15 +0500] "GET /ords/f?p=101:1:2930156283573::::: HTTP/1.1" 200 502
89.250.216.22 - - [12/Dec/2022:09:12:17 +0500] "GET /ords/f?p=101:1:2930156283573:::::&tz=5:00 HTTP/1.1" 200 13472
195.222.149.195 - - [12/Dec/2022:09:12:17 +0500] "GET /ords/api.HTP_ASPVK_DATA?nPVK_ID=0&vST_DT=12.12.2022%2007:04:58&vEND_DT=12.12.2022%2007:14:58 HTTP/1.1" 200 3125
46.146.210.91 - - [12/Dec/2022:09:12:19 +0500] "GET /ords/api.HTP_ASPVK_DATA?nPVK_ID=0&vST_DT=12.12.2022%2009:02:17&vEND_DT=12.12.2022%2009:12:17 HTTP/1.1" 200 6197
31.162.9.49 - - [12/Dec/2022:09:12:26 +0500] "POST /ords/wwv_flow.show HTTP/1.1" 200 12
195.222.149.195 - - [12/Dec/2022:09:12:29 +0500] "GET /ords/api.HTP_ASPVK_DATA?nPVK_ID=0&vST_DT=12.12.2022%2007:05:08&vEND_DT=12.12.2022%2007:15:08 HTTP/1.1" 200 3125
46.146.210.91 - - [12/Dec/2022:09:12:30 +0500] "GET /ords/api.HTP_ASPVK_DATA?nPVK_ID=0&vST_DT=12.12.2022%2009:02:27&vEND_DT=12.12.2022%2009:12:27 HTTP/1.1" 200 6197
178.216.65.66 - - [12/Dec/2022:09:12:31 +0500] "GET /ords/f?p=137:2:15433530559097::NO::P2_ID,P2_COUNT_ALL,P2_EDIT_MODE:114555,6, HTTP/1.1" 200 111440
178.216.65.66 - - [12/Dec/2022:09:12:32 +0500] "POST /ords/wwv_flow.ajax HTTP/1.1" 200 1551
195.222.149.195 - - [12/Dec/2022:09:12:37 +0500] "GET /ords/api.HTP_ASPVK_DATA?nPVK_ID=0&vST_DT=12.12.2022%2007:05:18&vEND_DT=12.12.2022%2007:15:18 HTTP/1.1" 200 1595
212.33.243.160 - - [12/Dec/2022:09:12:38 +0500] "GET /ords/f?p=137:4:7581404511818::NO::P4_ID:114791 HTTP/1.1" 200 1024404
46.146.210.91 - - [12/Dec/2022:09:12:40 +0500] "GET /ords/api.HTP_ASPVK_DATA?nPVK_ID=0&vST_DT=12.12.2022%2009:02:37&vEND_DT=12.12.2022%2009:12:37 HTTP/1.1" 200 8900
195.222.149.195 - - [12/Dec/2022:09:12:48 +0500] "GET /ords/api.HTP_ASPVK_DATA?nPVK_ID=0&vST_DT=12.12.2022%2007:05:28&vEND_DT=12.12.2022%2007:15:28 HTTP/1.1" 200 1595
46.146.210.91 - - [12/Dec/2022:09:12:49 +0500] "GET /ords/api.HTP_ASPVK_DATA?nPVK_ID=0&vST_DT=12.12.2022%2009:02:47&vEND_DT=12.12.2022%2009:12:47 HTTP/1.1" 200 8900
31.162.9.49 - - [12/Dec/2022:09:12:52 +0500] "POST /ords/wwv_flow.accept HTTP/1.1" 302 5
178.216.65.66 - - [12/Dec/2022:09:12:52 +0500] "GET /ords/f?p=137:2:15433530559097::NO::P2_ID,P2_COUNT_ALL,P2_EDIT_MODE:114556,6, HTTP/1.1" 200 111332
178.216.65.66 - - [12/Dec/2022:09:12:54 +0500] "POST /ords/wwv_flow.ajax HTTP/1.1" 200 1551
195.222.149.195 - - [12/Dec/2022:09:12:58 +0500] "GET /ords/api.HTP_ASPVK_DATA?nPVK_ID=0&vST_DT=12.12.2022%2007:05:38&vEND_DT=12.12.2022%2007:15:38 HTTP/1.1" 200 1595
46.146.210.91 - - [12/Dec/2022:09:12:59 +0500] "GET /ords/api.HTP_ASPVK_DATA?nPVK_ID=0&vST_DT=12.12.2022%2009:02:57&vEND_DT=12.12.2022%2009:12:57 HTTP/1.1" 200 8900
178.216.65.66 - - [12/Dec/2022:09:12:59 +0500] "GET /ords/f?p=137:2:15433530559097::NO::P2_ID,P2_COUNT_ALL,P2_EDIT_MODE:114557,6, HTTP/1.1" 200 111585
178.216.65.66 - - [12/Dec/2022:09:13:00 +0500] "GET /ords/f?p=137:2:15433530559097::NO::P2_ID,P2_COUNT_ALL,P2_EDIT_MODE:114558,6, HTTP/1.1" 200 111972
178.216.65.66 - - [12/Dec/2022:09:13:00 +0500] "POST /ords/wwv_flow.ajax HTTP/1.1" 200 1551
188.17.152.148 - - [12/Dec/2022:09:13:01 +0500] "POST /ords/wwv_flow.ajax HTTP/1.1" 200 17648
178.216.65.66 - - [12/Dec/2022:09:13:01 +0500] "POST /ords/wwv_flow.ajax HTTP/1.1" 200 1551
178.216.65.66 - - [12/Dec/2022:09:13:04 +0500] "GET /ords/f?p=137:2:15433530559097::NO::P2_ID,P2_COUNT_ALL,P2_EDIT_MODE:114559,6, HTTP/1.1" 200 112032
178.216.65.66 - - [12/Dec/2022:09:13:04 +0500] "POST /ords/wwv_flow.ajax HTTP/1.1" 200 1551
178.216.65.66 - - [12/Dec/2022:09:13:05 +0500] "GET /ords/f?p=137:2:15433530559097::NO::P2_ID,P2_COUNT_ALL,P2_EDIT_MODE:114560,6, HTTP/1.1" 200 111994
178.216.65.66 - - [12/Dec/2022:09:13:06 +0500] "POST /ords/wwv_flow.ajax HTTP/1.1" 200 1551
195.222.149.195 - - [12/Dec/2022:09:13:08 +0500] "GET /ords/api.HTP_ASPVK_DATA?nPVK_ID=0&vST_DT=12.12.2022%2007:05:48&vEND_DT=12.12.2022%2007:15:48 HTTP/1.1" 200 1595
46.146.210.91 - - [12/Dec/2022:09:13:09 +0500] "GET /ords/api.HTP_ASPVK_DATA?nPVK_ID=0&vST_DT=12.12.2022%2009:03:07&vEND_DT=12.12.2022%2009:13:07 HTTP/1.1" 200 8900
194.226.162.30 - - [12/Dec/2022:09:13:09 +0500] "GET / HTTP/1.1" 302 -
194.226.162.30 - - [12/Dec/2022:09:13:09 +0500] "GET /ords/f?p=101:210 HTTP/1.1" 200 453
194.226.162.30 - - [12/Dec/2022:09:13:10 +0500] "GET /ords/f?p=101:210 HTTP/1.1" 200 454
89.250.216.22 - - [12/Dec/2022:09:13:10 +0500] "GET /ords/f?p=137:38:2930156283573:::: HTTP/1.1" 200 86338
195.222.149.195 - - [12/Dec/2022:09:13:18 +0500] "GET /ords/api.HTP_ASPVK_DATA?nPVK_ID=0&vST_DT=12.12.2022%2007:05:58&vEND_DT=12.12.2022%2007:15:58 HTTP/1.1" 200 1595
178.216.65.66 - - [12/Dec/2022:09:13:18 +0500] "GET /ords/f?p=137:2:15433530559097::NO::P2_ID,P2_COUNT_ALL,P2_EDIT_MODE:114561,6, HTTP/1.1" 200 111499
178.216.65.66 - - [12/Dec/2022:09:13:18 +0500] "POST /ords/wwv_flow.ajax HTTP/1.1" 200 1551
46.146.210.91 - - [12/Dec/2022:09:13:19 +0500] "GET /ords/api.HTP_ASPVK_DATA?nPVK_ID=0&vST_DT=12.12.2022%2009:03:17&vEND_DT=12.12.2022%2009:13:17 HTTP/1.1" 200 8900
178.216.65.66 - - [12/Dec/2022:09:13:19 +0500] "GET /ords/f?p=137:2:15433530559097::NO::P2_ID,P2_COUNT_ALL,P2_EDIT_MODE:114562,6, HTTP/1.1" 200 110927
178.216.65.66 - - [12/Dec/2022:09:13:20 +0500] "POST /ords/wwv_flow.ajax HTTP/1.1" 200 1551
194.226.162.30 - - [12/Dec/2022:09:13:24 +0500] "GET /ords/f?p=101:210:0:&tz=5:00 HTTP/1.1" 200 16254
195.222.149.195 - - [12/Dec/2022:09:13:27 +0500] "GET /ords/api.HTP_ASPVK_DATA?nPVK_ID=0&vST_DT=12.12.2022%2007:06:08&vEND_DT=12.12.2022%2007:16:08 HTTP/1.1" 200 1595
46.146.210.91 - - [12/Dec/2022:09:13:29 +0500] "GET /ords/api.HTP_ASPVK_DATA?nPVK_ID=0&vST_DT=12.12.2022%2009:03:27&vEND_DT=12.12.2022%2009:13:27 HTTP/1.1" 200 8900
178.216.65.66 - - [12/Dec/2022:09:13:35 +0500] "GET /ords/f?p=137:2:15433530559097::NO::P2_ID,P2_COUNT_ALL,P2_EDIT_MODE:114564,6, HTTP/1.1" 200 110885
178.216.65.66 - - [12/Dec/2022:09:13:36 +0500] "POST /ords/wwv_flow.ajax HTTP/1.1" 200 1551
178.216.65.66 - - [12/Dec/2022:09:13:36 +0500] "GET /ords/f?p=137:2:15433530559097::NO::P2_ID,P2_COUNT_ALL,P2_EDIT_MODE:114565,6, HTTP/1.1" 200 112153
178.216.65.66 - - [12/Dec/2022:09:13:36 +0500] "POST /ords/wwv_flow.ajax HTTP/1.1" 200 1551
195.222.149.195 - - [12/Dec/2022:09:13:37 +0500] "GET /ords/api.HTP_ASPVK_DATA?nPVK_ID=0&vST_DT=12.12.2022%2007:06:18&vEND_DT=12.12.2022%2007:16:18 HTTP/1.1" 200 1595
46.146.210.91 - - [12/Dec/2022:09:13:39 +0500] "GET /ords/api.HTP_ASPVK_DATA?nPVK_ID=0&vST_DT=12.12.2022%2009:03:37&vEND_DT=12.12.2022%2009:13:37 HTTP/1.1" 200 8900
195.222.149.195 - - [12/Dec/2022:09:13:47 +0500] "GET /ords/api.HTP_ASPVK_DATA?nPVK_ID=0&vST_DT=12.12.2022%2007:06:28&vEND_DT=12.12.2022%2007:16:28 HTTP/1.1" 200 1595
46.146.210.91 - - [12/Dec/2022:09:13:49 +0500] "GET /ords/api.HTP_ASPVK_DATA?nPVK_ID=0&vST_DT=12.12.2022%2009:03:47&vEND_DT=12.12.2022%2009:13:47 HTTP/1.1" 200 8900
195.222.149.195 - - [12/Dec/2022:09:13:57 +0500] "GET /ords/api.HTP_ASPVK_DATA?nPVK_ID=0&vST_DT=12.12.2022%2007:06:38&vEND_DT=12.12.2022%2007:16:38 HTTP/1.1" 200 1595
46.146.210.91 - - [12/Dec/2022:09:13:59 +0500] "GET /ords/api.HTP_ASPVK_DATA?nPVK_ID=0&vST_DT=12.12.2022%2009:03:57&vEND_DT=12.12.2022%2009:13:57 HTTP/1.1" 200 8900
31.162.9.49 - - [12/Dec/2022:09:14:00 +0500] "GET /ords/f?p=147:2:2343932168737:::::&success_msg=xODt7fvlIOjn7OXt5e37Lg%7E%7E%2Fk7A_rho3CNQqeHVXTjpdNQMh0-UFt9iLfkSx8dU5oUFgcwIE8K1o2qVuuYpk-b0WnPF4ScgJ2ATQ6JynSSpEKg HTTP/1.1" 200 97637
195.222.149.195 - - [12/Dec/2022:09:14:07 +0500] "GET /ords/api.HTP_ASPVK_DATA?nPVK_ID=0&vST_DT=12.12.2022%2007:06:48&vEND_DT=12.12.2022%2007:16:48 HTTP/1.1" 200 1595
46.146.210.91 - - [12/Dec/2022:09:14:09 +0500] "GET /ords/api.HTP_ASPVK_DATA?nPVK_ID=0&vST_DT=12.12.2022%2009:04:07&vEND_DT=12.12.2022%2009:14:07 HTTP/1.1" 200 8900
46.146.210.91 - - [12/Dec/2022:09:14:14 +0500] "GET /ords/api.HTP_ASPVK_DATA?nPVK_ID=0&vST_DT=11.12.2022%2009:13:30&vEND_DT=12.12.2022%2009:13:30 HTTP/1.1" 500 12951
195.222.149.195 - - [12/Dec/2022:09:14:17 +0500] "GET /ords/api.HTP_ASPVK_DATA?nPVK_ID=0&vST_DT=12.12.2022%2007:06:58&vEND_DT=12.12.2022%2007:16:58 HTTP/1.1" 200 121
194.226.162.30 - - [12/Dec/2022:09:14:19 +0500] "POST /ords/wwv_flow.accept HTTP/1.1" 302 5
194.226.162.30 - - [12/Dec/2022:09:14:19 +0500] "POST /ords/wwv_flow.accept HTTP/1.1" 302 5
194.226.162.30 - - [12/Dec/2022:09:14:19 +0500] "GET /ords/f?p=101:1:12111983733066::::: HTTP/1.1" 200 504
46.146.210.91 - - [12/Dec/2022:09:14:20 +0500] "GET /ords/api.HTP_ASPVK_DATA?nPVK_ID=0&vST_DT=12.12.2022%2009:04:17&vEND_DT=12.12.2022%2009:14:17 HTTP/1.1" 200 8900
194.226.162.30 - - [12/Dec/2022:09:14:20 +0500] "GET /ords/f?p=101:1:12111983733066:::::&tz=5:00 HTTP/1.1" 200 15265
178.216.65.66 - - [12/Dec/2022:09:14:25 +0500] "GET /ords/wwv_flow.show?p_request=APPLICATION_PROCESS%3DGET_SQL_RESULT&p_flow_id=555&p_flow_step_id=0&p_instance=15433530559097&p_arg_names=F_APPLICATION_ID&p_arg_values=137&p_arg_names=F_FILTER_TEXT&p_arg_values=&p_arg_names=F_LOV_NAME&p_arg_values=%D0%A1%D0%A2%D0%90%D0%A2%D0%A3%D0%A1%D0%AB_%D0%97%D0%90%D0%AF%D0%92%D0%9E%D0%9A&p_arg_names=F_FILTER_TEXT2&p_arg_values=&p_arg_names=F_RESULT_COUNT&p_arg_values=50 HTTP/1.1" 200 147
178.216.65.66 - - [12/Dec/2022:09:14:26 +0500] "GET /ords/r/r/files/static/v74Y/ui-anim_basic_16x16.gif HTTP/1.1" 404 5
195.222.149.195 - - [12/Dec/2022:09:14:28 +0500] "GET /ords/api.HTP_ASPVK_DATA?nPVK_ID=0&vST_DT=12.12.2022%2007:07:08&vEND_DT=12.12.2022%2007:17:08 HTTP/1.1" 200 121
46.146.210.91 - - [12/Dec/2022:09:14:29 +0500] "GET /ords/api.HTP_ASPVK_DATA?nPVK_ID=0&vST_DT=12.12.2022%2009:04:27&vEND_DT=12.12.2022%2009:14:27 HTTP/1.1" 200 8900
195.222.149.195 - - [12/Dec/2022:09:14:37 +0500] "GET /ords/api.HTP_ASPVK_DATA?nPVK_ID=0&vST_DT=12.12.2022%2007:07:18&vEND_DT=12.12.2022%2007:17:18 HTTP/1.1" 200 121
46.146.210.91 - - [12/Dec/2022:09:14:39 +0500] "GET /ords/api.HTP_ASPVK_DATA?nPVK_ID=0&vST_DT=12.12.2022%2009:04:37&vEND_DT=12.12.2022%2009:14:37 HTTP/1.1" 200 8900
178.216.65.66 - - [12/Dec/2022:09:14:45 +0500] "GET /ords/wwv_flow.show?p_request=APPLICATION_PROCESS%3DGET_SQL_RESULT&p_flow_id=555&p_flow_step_id=0&p_instance=15433530559097&p_arg_names=F_APPLICATION_ID&p_arg_values=137&p_arg_names=F_FILTER_TEXT&p_arg_values=&p_arg_names=F_LOV_NAME&p_arg_values=%D0%A1%D0%A2%D0%90%D0%A2%D0%A3%D0%A1%D0%AB_%D0%97%D0%90%D0%AF%D0%92%D0%9E%D0%9A&p_arg_names=F_FILTER_TEXT2&p_arg_values=&p_arg_names=F_RESULT_COUNT&p_arg_values=50 HTTP/1.1" 200 147
178.216.65.66 - - [12/Dec/2022:09:14:46 +0500] "GET /ords/r/r/files/static/v74Y/ui-anim_basic_16x16.gif HTTP/1.1" 404 5
195.222.149.195 - - [12/Dec/2022:09:14:47 +0500] "GET /ords/api.HTP_ASPVK_DATA?nPVK_ID=0&vST_DT=12.12.2022%2007:07:28&vEND_DT=12.12.2022%2007:17:28 HTTP/1.1" 200 121
46.146.210.91 - - [12/Dec/2022:09:14:49 +0500] "GET /ords/api.HTP_ASPVK_DATA?nPVK_ID=0&vST_DT=12.12.2022%2009:04:47&vEND_DT=12.12.2022%2009:14:47 HTTP/1.1" 200 8900
212.33.243.160 - - [12/Dec/2022:09:14:49 +0500] "POST /ords/wwv_flow.ajax HTTP/1.1" 200 39
212.33.243.160 - - [12/Dec/2022:09:14:50 +0500] "POST /ords/wwv_flow.accept HTTP/1.1" 302 5
195.222.149.195 - - [12/Dec/2022:09:14:57 +0500] "GET /ords/api.HTP_ASPVK_DATA?nPVK_ID=0&vST_DT=12.12.2022%2007:07:38&vEND_DT=12.12.2022%2007:17:38 HTTP/1.1" 200 121
212.33.243.160 - - [12/Dec/2022:09:14:59 +0500] "GET /ords/f?p=137:4:7581404511818::NO::: HTTP/1.1" 200 999882
46.146.210.91 - - [12/Dec/2022:09:14:59 +0500] "GET /ords/api.HTP_ASPVK_DATA?nPVK_ID=0&vST_DT=12.12.2022%2009:04:57&vEND_DT=12.12.2022%2009:14:57 HTTP/1.1" 200 8900
178.216.65.66 - - [12/Dec/2022:09:15:05 +0500] "POST /ords/wwv_flow.accept HTTP/1.1" 302 5
195.222.149.195 - - [12/Dec/2022:09:15:07 +0500] "GET /ords/api.HTP_ASPVK_DATA?nPVK_ID=0&vST_DT=12.12.2022%2007:07:48&vEND_DT=12.12.2022%2007:17:48 HTTP/1.1" 200 121
46.146.210.91 - - [12/Dec/2022:09:15:09 +0500] "GET /ords/api.HTP_ASPVK_DATA?nPVK_ID=0&vST_DT=12.12.2022%2009:05:07&vEND_DT=12.12.2022%2009:15:07 HTTP/1.1" 200 8900
178.216.65.66 - - [12/Dec/2022:09:15:14 +0500] "GET /ords/wwv_flow.show?p_request=APPLICATION_PROCESS%3DGET_SQL_RESULT&p_flow_id=555&p_flow_step_id=0&p_instance=15433530559097&p_arg_names=F_APPLICATION_ID&p_arg_values=137&p_arg_names=F_FILTER_TEXT&p_arg_values=&p_arg_names=F_LOV_NAME&p_arg_values=%D0%A1%D0%A2%D0%90%D0%A2%D0%A3%D0%A1%D0%AB_%D0%97%D0%90%D0%AF%D0%92%D0%9E%D0%9A&p_arg_names=F_FILTER_TEXT2&p_arg_values=&p_arg_names=F_RESULT_COUNT&p_arg_values=50 HTTP/1.1" 200 147
178.216.65.66 - - [12/Dec/2022:09:15:14 +0500] "GET /ords/r/r/files/static/v74Y/ui-anim_basic_16x16.gif HTTP/1.1" 404 5
195.222.149.195 - - [12/Dec/2022:09:15:17 +0500] "GET /ords/api.HTP_ASPVK_DATA?nPVK_ID=0&vST_DT=12.12.2022%2007:07:58&vEND_DT=12.12.2022%2007:17:58 HTTP/1.1" 200 121
31.162.9.49 - - [12/Dec/2022:09:15:18 +0500] "POST /ords/wwv_flow.show HTTP/1.1" 200 12
46.146.210.91 - - [12/Dec/2022:09:15:19 +0500] "GET /ords/api.HTP_ASPVK_DATA?nPVK_ID=0&vST_DT=12.12.2022%2009:05:17&vEND_DT=12.12.2022%2009:15:17 HTTP/1.1" 200 8900
178.216.65.66 - - [12/Dec/2022:09:15:24 +0500] "POST /ords/wwv_flow.accept HTTP/1.1" 302 5
195.222.149.195 - - [12/Dec/2022:09:15:27 +0500] "GET /ords/api.HTP_ASPVK_DATA?nPVK_ID=0&vST_DT=12.12.2022%2007:08:08&vEND_DT=12.12.2022%2007:18:08 HTTP/1.1" 200 121
46.146.210.91 - - [12/Dec/2022:09:15:29 +0500] "GET /ords/api.HTP_ASPVK_DATA?nPVK_ID=0&vST_DT=12.12.2022%2009:05:27&vEND_DT=12.12.2022%2009:15:27 HTTP/1.1" 200 8900
194.226.162.30 - - [12/Dec/2022:09:15:31 +0500] "GET /i/sp/aspvk/30/98/0307930985384485_lpif.jpg HTTP/1.1" 200 2401
194.226.162.30 - - [12/Dec/2022:09:15:31 +0500] "GET /i/sp/aspvk/30/98/0307930985384485_oi.jpg HTTP/1.1" 200 115933
194.226.162.30 - - [12/Dec/2022:09:15:31 +0500] "GET /i/sp/aspvk/31/08/0307931081686361_lpif.jpg HTTP/1.1" 200 3070
194.226.162.30 - - [12/Dec/2022:09:15:32 +0500] "GET /ords/DISPLAY_IMAGE?inID=19 HTTP/1.1" 200 3657
194.226.162.30 - - [12/Dec/2022:09:15:32 +0500] "GET /ords/DISPLAY_IMAGE?inID=25 HTTP/1.1" 200 5175
195.222.149.195 - - [12/Dec/2022:09:15:37 +0500] "GET /ords/api.HTP_ASPVK_DATA?nPVK_ID=0&vST_DT=12.12.2022%2007:08:18&vEND_DT=12.12.2022%2007:18:18 HTTP/1.1" 200 121
31.162.9.49 - - [12/Dec/2022:09:15:38 +0500] "POST /ords/wwv_flow.accept HTTP/1.1" 302 5
46.146.210.91 - - [12/Dec/2022:09:15:39 +0500] "GET /ords/api.HTP_ASPVK_DATA?nPVK_ID=0&vST_DT=12.12.2022%2009:05:37&vEND_DT=12.12.2022%2009:15:37 HTTP/1.1" 200 8900
195.222.149.195 - - [12/Dec/2022:09:15:48 +0500] "GET /ords/api.HTP_ASPVK_DATA?nPVK_ID=0&vST_DT=12.12.2022%2007:08:28&vEND_DT=12.12.2022%2007:18:28 HTTP/1.1" 200 121
212.33.243.160 - - [12/Dec/2022:09:15:48 +0500] "GET /ords/f?p=137:2:7581404511818::NO::: HTTP/1.1" 200 119328
31.162.9.49 - - [12/Dec/2022:09:15:48 +0500] "GET /ords/f?p=147:2:2343932168737::NO::P2_ID,P2_COUNT_ALL,P2_EDIT_MODE:114275,5, HTTP/1.1" 200 97067
212.33.243.160 - - [12/Dec/2022:09:15:49 +0500] "POST /ords/wwv_flow.ajax HTTP/1.1" 200 1629
178.216.65.66 - - [12/Dec/2022:09:15:49 +0500] "GET /ords/wwv_flow.show?p_request=APPLICATION_PROCESS%3DGET_SQL_RESULT&p_flow_id=555&p_flow_step_id=0&p_instance=15433530559097&p_arg_names=F_APPLICATION_ID&p_arg_values=137&p_arg_names=F_FILTER_TEXT&p_arg_values=&p_arg_names=F_LOV_NAME&p_arg_values=%D0%A1%D0%A2%D0%90%D0%A2%D0%A3%D0%A1%D0%AB_%D0%97%D0%90%D0%AF%D0%92%D0%9E%D0%9A&p_arg_names=F_FILTER_TEXT2&p_arg_values=&p_arg_names=F_RESULT_COUNT&p_arg_values=50 HTTP/1.1" 200 147
46.146.210.91 - - [12/Dec/2022:09:15:49 +0500] "GET /ords/api.HTP_ASPVK_DATA?nPVK_ID=0&vST_DT=12.12.2022%2009:05:47&vEND_DT=12.12.2022%2009:15:47 HTTP/1.1" 200 8900
178.216.65.66 - - [12/Dec/2022:09:15:49 +0500] "GET /ords/r/r/files/static/v74Y/ui-anim_basic_16x16.gif HTTP/1.1" 404 5
178.216.65.66 - - [12/Dec/2022:09:15:50 +0500] "GET /ords/f?p=137:2:15433530559097::NO:::&success_msg=xODt7fvlIOjn7OXt5e37Lg%7E%7E%2FgeU-h4oYRoj4X-kaPyR91UI4mfZX0jYlQbJQS3skicntDg3-gknf1eF4GwlgbcBLskhblyH_UKk9dnCQwUvbhg HTTP/1.1" 200 111514
178.216.65.66 - - [12/Dec/2022:09:15:50 +0500] "POST /ords/wwv_flow.ajax HTTP/1.1" 200 1551
195.222.149.195 - - [12/Dec/2022:09:15:58 +0500] "GET /ords/api.HTP_ASPVK_DATA?nPVK_ID=0&vST_DT=12.12.2022%2007:08:38&vEND_DT=12.12.2022%2007:18:38 HTTP/1.1" 200 121
178.216.65.66 - - [12/Dec/2022:09:15:58 +0500] "POST /ords/wwv_flow.accept HTTP/1.1" 302 5
46.146.210.91 - - [12/Dec/2022:09:15:59 +0500] "GET /ords/api.HTP_ASPVK_DATA?nPVK_ID=0&vST_DT=12.12.2022%2009:05:57&vEND_DT=12.12.2022%2009:15:57 HTTP/1.1" 200 8900
178.216.65.66 - - [12/Dec/2022:09:16:04 +0500] "GET /ords/wwv_flow.show?p_request=APPLICATION_PROCESS%3DGET_SQL_RESULT&p_flow_id=555&p_flow_step_id=0&p_instance=15433530559097&p_arg_names=F_APPLICATION_ID&p_arg_values=137&p_arg_names=F_FILTER_TEXT&p_arg_values=&p_arg_names=F_LOV_NAME&p_arg_values=%D0%A1%D0%A2%D0%90%D0%A2%D0%A3%D0%A1%D0%AB_%D0%97%D0%90%D0%AF%D0%92%D0%9E%D0%9A&p_arg_names=F_FILTER_TEXT2&p_arg_values=&p_arg_names=F_RESULT_COUNT&p_arg_values=50 HTTP/1.1" 200 147
178.216.65.66 - - [12/Dec/2022:09:16:05 +0500] "GET /ords/r/r/files/static/v74Y/ui-anim_basic_16x16.gif HTTP/1.1" 404 5
195.222.149.195 - - [12/Dec/2022:09:16:07 +0500] "GET /ords/api.HTP_ASPVK_DATA?nPVK_ID=0&vST_DT=12.12.2022%2007:08:48&vEND_DT=12.12.2022%2007:18:48 HTTP/1.1" 200 121
46.146.210.91 - - [12/Dec/2022:09:16:09 +0500] "GET /ords/api.HTP_ASPVK_DATA?nPVK_ID=0&vST_DT=12.12.2022%2009:06:07&vEND_DT=12.12.2022%2009:16:07 HTTP/1.1" 200 8900
195.222.149.195 - - [12/Dec/2022:09:16:17 +0500] "GET /ords/api.HTP_ASPVK_DATA?nPVK_ID=0&vST_DT=12.12.2022%2007:08:58&vEND_DT=12.12.2022%2007:18:58 HTTP/1.1" 200 121
46.146.210.91 - - [12/Dec/2022:09:16:19 +0500] "GET /ords/api.HTP_ASPVK_DATA?nPVK_ID=0&vST_DT=12.12.2022%2009:06:17&vEND_DT=12.12.2022%2009:16:17 HTTP/1.1" 200 8900
178.216.65.66 - - [12/Dec/2022:09:16:22 +0500] "GET /ords/f?p=137:2:15433530559097::NO:::&success_msg=xODt7fvlIOjn7OXt5e37Lg%7E%7E%2FgeU-h4oYRoj4X-kaPyR91UI4mfZX0jYlQbJQS3skicntDg3-gknf1eF4GwlgbcBLskhblyH_UKk9dnCQwUvbhg HTTP/1.1" 200 111767
178.216.65.66 - - [12/Dec/2022:09:16:23 +0500] "POST /ords/wwv_flow.ajax HTTP/1.1" 200 1551
194.226.162.30 - - [12/Dec/2022:09:16:26 +0500] "GET /i/sp/aspvk/31/09/0307931095384488_lpif.jpg HTTP/1.1" 200 2257
194.226.162.30 - - [12/Dec/2022:09:16:26 +0500] "GET /i/sp/aspvk/31/08/0307931081686361_oi.jpg HTTP/1.1" 200 218668
194.226.162.30 - - [12/Dec/2022:09:16:26 +0500] "GET /i/sp/aspvk/31/09/0307931095384488_oi.jpg HTTP/1.1" 200 125580
194.226.162.30 - - [12/Dec/2022:09:16:26 +0500] "GET /i/sp/aspvk/31/33/0307931335384498_lpif.jpg HTTP/1.1" 200 104017
