194.226.162.30 - - [21/Dec/2022:10:19:48 +0500] "GET /ords/f?p=101:210 HTTP/1.1" 200 453
46.146.210.91 - - [21/Dec/2022:10:19:49 +0500] "GET /ords/api.HTP_ASPVK_DATA?nPVK_ID=0&vST_DT=21.12.2022%2010:09:47&vEND_DT=21.12.2022%2010:19:47 HTTP/1.1" 200 4566
194.226.162.30 - - [21/Dec/2022:10:19:49 +0500] "GET /ords/f?p=101:210:0:&tz=5:00 HTTP/1.1" 200 16251
195.222.149.195 - - [21/Dec/2022:10:19:51 +0500] "GET /ords/api.HTP_ASPVK_DATA?nPVK_ID=0&vST_DT=21.12.2022%2008:12:39&vEND_DT=21.12.2022%2008:22:39 HTTP/1.1" 200 5909
178.161.254.155 - - [21/Dec/2022:10:19:56 +0500] "GET /ords/f?p=147:2:14631458576664::NO::P2_ID,P2_COUNT_ALL,P2_EDIT_MODE:115686,3, HTTP/1.1" 200 102272
46.146.210.91 - - [21/Dec/2022:10:19:59 +0500] "GET /ords/api.HTP_ASPVK_DATA?nPVK_ID=0&vST_DT=21.12.2022%2010:09:57&vEND_DT=21.12.2022%2010:19:57 HTTP/1.1" 200 4566
195.222.149.195 - - [21/Dec/2022:10:20:02 +0500] "GET /ords/api.HTP_ASPVK_DATA?nPVK_ID=0&vST_DT=21.12.2022%2008:12:49&vEND_DT=21.12.2022%2008:22:49 HTTP/1.1" 200 5909
46.146.210.91 - - [21/Dec/2022:10:20:09 +0500] "GET /ords/api.HTP_ASPVK_DATA?nPVK_ID=0&vST_DT=21.12.2022%2010:10:07&vEND_DT=21.12.2022%2010:20:07 HTTP/1.1" 200 4566
194.226.162.30 - - [21/Dec/2022:10:20:11 +0500] "POST /ords/wwv_flow.accept HTTP/1.1" 302 5
194.226.162.30 - - [21/Dec/2022:10:20:11 +0500] "GET /ords/f?p=101:1:9032472642149::::: HTTP/1.1" 200 502
195.222.149.195 - - [21/Dec/2022:10:20:11 +0500] "GET /ords/api.HTP_ASPVK_DATA?nPVK_ID=0&vST_DT=21.12.2022%2008:12:59&vEND_DT=21.12.2022%2008:22:59 HTTP/1.1" 200 5909
194.226.162.30 - - [21/Dec/2022:10:20:12 +0500] "GET /ords/f?p=101:1:9032472642149:::::&tz=5:00 HTTP/1.1" 200 15244
46.146.210.91 - - [21/Dec/2022:10:20:21 +0500] "GET /ords/api.HTP_ASPVK_DATA?nPVK_ID=0&vST_DT=21.12.2022%2010:10:17&vEND_DT=21.12.2022%2010:20:17 HTTP/1.1" 503 12947
195.222.149.195 - - [21/Dec/2022:10:20:24 +0500] "GET /ords/api.HTP_ASPVK_DATA?nPVK_ID=0&vST_DT=21.12.2022%2008:13:09&vEND_DT=21.12.2022%2008:23:09 HTTP/1.1" 503 12947
45.142.192.6 - - [21/Dec/2022:10:20:25 +0500] "GET / HTTP/1.1" 302 -
45.142.192.6 - - [21/Dec/2022:10:20:28 +0500] "GET /ords/f?p=101:210 HTTP/1.1" 503 12947
194.226.162.30 - - [21/Dec/2022:10:20:31 +0500] "POST /ords/wwv_flow.accept HTTP/1.1" 302 5
188.120.251.252 - - [21/Dec/2022:10:20:43 +0500] "GET / HTTP/1.1" 302 -
188.120.251.252 - - [21/Dec/2022:10:20:44 +0500] "GET / HTTP/1.1" 302 -
188.120.251.252 - - [21/Dec/2022:10:20:47 +0500] "GET /ords/f?p=101:210 HTTP/1.1" 503 12947
188.120.251.252 - - [21/Dec/2022:10:20:47 +0500] "GET / HTTP/1.1" 302 -
188.120.251.252 - - [21/Dec/2022:10:20:51 +0500] "GET /ords/f?p=101:210 HTTP/1.1" 503 12947
46.146.210.91 - - [21/Dec/2022:10:20:51 +0500] "GET /ords/api.HTP_ASPVK_DATA?nPVK_ID=0&vST_DT=21.12.2022%2010:10:48&vEND_DT=21.12.2022%2010:20:48 HTTP/1.1" 503 12947
195.222.149.195 - - [21/Dec/2022:10:20:54 +0500] "GET /ords/api.HTP_ASPVK_DATA?nPVK_ID=0&vST_DT=21.12.2022%2008:13:39&vEND_DT=21.12.2022%2008:23:39 HTTP/1.1" 503 12947
212.33.229.110 - - [21/Dec/2022:10:20:54 +0500] "GET / HTTP/1.1" 302 -
212.33.229.110 - - [21/Dec/2022:10:20:57 +0500] "GET /ords/f?p=101:210 HTTP/1.1" 503 12947
194.226.162.30 - - [21/Dec/2022:10:21:19 +0500] "GET /ords/f?p=137:38:9032472642149:::: HTTP/1.1" 200 96241
46.146.210.91 - - [21/Dec/2022:10:21:20 +0500] "GET /ords/api.HTP_ASPVK_DATA?nPVK_ID=0&vST_DT=21.12.2022%2010:11:18&vEND_DT=21.12.2022%2010:21:18 HTTP/1.1" 200 6102
194.226.162.30 - - [21/Dec/2022:10:21:20 +0500] "GET /ords/f?p=137:2:2110218658023::NO:::&success_msg=xODt7fvlIOjn7OXt5e37Lg%7E%7E%2F1lsfBmMH4KGn0YnCKUasBTlY8SACG1kcHIdLTupSl0J3J6uWUzT9wwQsF1SZB84AP8F4GaGaQatn03AtwKxw5g HTTP/1.1" 200 128971
194.226.162.30 - - [21/Dec/2022:10:21:20 +0500] "GET /i/ HTTP/1.1" 404 998
194.226.162.30 - - [21/Dec/2022:10:21:20 +0500] "POST /ords/wwv_flow.ajax HTTP/1.1" 200 1635
194.226.162.30 - - [21/Dec/2022:10:21:21 +0500] "GET /i/ HTTP/1.1" 404 998
195.222.149.195 - - [21/Dec/2022:10:21:21 +0500] "GET /ords/api.HTP_ASPVK_DATA?nPVK_ID=0&vST_DT=21.12.2022%2008:14:09&vEND_DT=21.12.2022%2008:24:09 HTTP/1.1" 200 5909
46.146.210.91 - - [21/Dec/2022:10:21:29 +0500] "GET /ords/api.HTP_ASPVK_DATA?nPVK_ID=0&vST_DT=21.12.2022%2010:11:28&vEND_DT=21.12.2022%2010:21:28 HTTP/1.1" 200 6102
195.222.149.195 - - [21/Dec/2022:10:21:31 +0500] "GET /ords/api.HTP_ASPVK_DATA?nPVK_ID=0&vST_DT=21.12.2022%2008:14:19&vEND_DT=21.12.2022%2008:24:19 HTTP/1.1" 200 4384
46.146.210.91 - - [21/Dec/2022:10:21:39 +0500] "GET /ords/api.HTP_ASPVK_DATA?nPVK_ID=0&vST_DT=21.12.2022%2010:11:38&vEND_DT=21.12.2022%2010:21:38 HTTP/1.1" 200 6102
162.142.125.222 - - [21/Dec/2022:10:21:41 +0500] "GET / HTTP/1.1" 302 -
195.222.149.195 - - [21/Dec/2022:10:21:41 +0500] "GET /ords/api.HTP_ASPVK_DATA?nPVK_ID=0&vST_DT=21.12.2022%2008:14:29&vEND_DT=21.12.2022%2008:24:29 HTTP/1.1" 200 4384
162.142.125.222 - - [21/Dec/2022:10:21:41 +0500] "GET / HTTP/1.1" 302 -
162.142.125.222 - - [21/Dec/2022:10:21:41 +0500] "PRI * HTTP/2.0" 505 -
162.142.125.222 - - [21/Dec/2022:10:21:42 +0500] "GET /ords/f HTTP/1.1" 200 4993
162.142.125.222 - - [21/Dec/2022:10:21:42 +0500] "PRI * HTTP/2.0" 505 -
162.142.125.222 - - [21/Dec/2022:10:21:43 +0500] "GET /favicon.ico HTTP/1.1" 200 21630
46.146.210.91 - - [21/Dec/2022:10:21:49 +0500] "GET /ords/api.HTP_ASPVK_DATA?nPVK_ID=0&vST_DT=21.12.2022%2010:11:48&vEND_DT=21.12.2022%2010:21:48 HTTP/1.1" 200 6102
195.222.149.195 - - [21/Dec/2022:10:21:51 +0500] "GET /ords/api.HTP_ASPVK_DATA?nPVK_ID=0&vST_DT=21.12.2022%2008:14:39&vEND_DT=21.12.2022%2008:24:39 HTTP/1.1" 200 4384
43.128.232.139 - - [21/Dec/2022:10:21:58 +0500] "GET / HTTP/1.1" 302 -
46.146.210.91 - - [21/Dec/2022:10:21:59 +0500] "GET /ords/api.HTP_ASPVK_DATA?nPVK_ID=0&vST_DT=21.12.2022%2010:11:58&vEND_DT=21.12.2022%2010:21:58 HTTP/1.1" 200 6102
195.222.149.195 - - [21/Dec/2022:10:22:02 +0500] "GET /ords/api.HTP_ASPVK_DATA?nPVK_ID=0&vST_DT=21.12.2022%2008:14:49&vEND_DT=21.12.2022%2008:24:49 HTTP/1.1" 200 4384
46.146.210.91 - - [21/Dec/2022:10:22:12 +0500] "GET /ords/api.HTP_ASPVK_DATA?nPVK_ID=0&vST_DT=21.12.2022%2010:12:08&vEND_DT=21.12.2022%2010:22:08 HTTP/1.1" 503 12947
46.146.220.195 - - [21/Dec/2022:10:22:14 +0500] "GET /ords/f?p=137:2:9077921933203::NO::P2_ID,P2_COUNT_ALL,P2_EDIT_MODE:115874,6, HTTP/1.1" 503 12947
195.222.149.195 - - [21/Dec/2022:10:22:14 +0500] "GET /ords/api.HTP_ASPVK_DATA?nPVK_ID=0&vST_DT=21.12.2022%2008:14:59&vEND_DT=21.12.2022%2008:24:59 HTTP/1.1" 503 12947
46.146.220.195 - - [21/Dec/2022:10:22:17 +0500] "GET /ords/f?p=137:2:9077921933203::NO::P2_ID,P2_COUNT_ALL,P2_EDIT_MODE:115873,6, HTTP/1.1" 503 12947
46.146.210.91 - - [21/Dec/2022:10:22:42 +0500] "GET /ords/api.HTP_ASPVK_DATA?nPVK_ID=0&vST_DT=21.12.2022%2010:12:38&vEND_DT=21.12.2022%2010:22:38 HTTP/1.1" 503 12947
46.146.220.195 - - [21/Dec/2022:10:22:42 +0500] "GET /ords/f?p=137:2:9077921933203::NO::P2_ID,P2_COUNT_ALL,P2_EDIT_MODE:115879,6, HTTP/1.1" 200 117268
195.222.149.195 - - [21/Dec/2022:10:22:42 +0500] "GET /ords/api.HTP_ASPVK_DATA?nPVK_ID=0&vST_DT=21.12.2022%2008:15:29&vEND_DT=21.12.2022%2008:25:29 HTTP/1.1" 200 1607
46.146.220.195 - - [21/Dec/2022:10:22:42 +0500] "POST /ords/wwv_flow.ajax HTTP/1.1" 200 1476
46.146.220.195 - - [21/Dec/2022:10:22:44 +0500] "GET /ords/f?p=137:2:9077921933203::NO::P2_ID,P2_COUNT_ALL,P2_EDIT_MODE:115878,6, HTTP/1.1" 200 117231
46.146.220.195 - - [21/Dec/2022:10:22:44 +0500] "POST /ords/wwv_flow.ajax HTTP/1.1" 200 1476
195.222.149.195 - - [21/Dec/2022:10:22:54 +0500] "GET /ords/api.HTP_ASPVK_DATA?nPVK_ID=0&vST_DT=21.12.2022%2008:15:39&vEND_DT=21.12.2022%2008:25:39 HTTP/1.1" 503 12947
46.146.220.195 - - [21/Dec/2022:10:23:04 +0500] "POST /ords/wwv_flow.show HTTP/1.1" 200 12
46.146.220.195 - - [21/Dec/2022:10:23:06 +0500] "POST /ords/wwv_flow.show HTTP/1.1" 200 12
46.146.210.91 - - [21/Dec/2022:10:23:09 +0500] "GET /ords/api.HTP_ASPVK_DATA?nPVK_ID=0&vST_DT=21.12.2022%2010:13:08&vEND_DT=21.12.2022%2010:23:08 HTTP/1.1" 200 6102
46.146.210.91 - - [21/Dec/2022:10:23:19 +0500] "GET /ords/api.HTP_ASPVK_DATA?nPVK_ID=0&vST_DT=21.12.2022%2010:13:18&vEND_DT=21.12.2022%2010:23:18 HTTP/1.1" 200 6102
195.222.149.195 - - [21/Dec/2022:10:23:21 +0500] "GET /ords/api.HTP_ASPVK_DATA?nPVK_ID=0&vST_DT=21.12.2022%2008:16:09&vEND_DT=21.12.2022%2008:26:09 HTTP/1.1" 200 3137
46.146.210.91 - - [21/Dec/2022:10:23:29 +0500] "GET /ords/api.HTP_ASPVK_DATA?nPVK_ID=0&vST_DT=21.12.2022%2010:13:28&vEND_DT=21.12.2022%2010:23:28 HTTP/1.1" 200 6102
195.222.149.195 - - [21/Dec/2022:10:23:31 +0500] "GET /ords/api.HTP_ASPVK_DATA?nPVK_ID=0&vST_DT=21.12.2022%2008:16:19&vEND_DT=21.12.2022%2008:26:19 HTTP/1.1" 200 3137
194.226.162.30 - - [21/Dec/2022:10:23:36 +0500] "POST /ords/wwv_flow.accept HTTP/1.1" 302 5
46.146.210.91 - - [21/Dec/2022:10:23:42 +0500] "GET /ords/api.HTP_ASPVK_DATA?nPVK_ID=0&vST_DT=21.12.2022%2010:13:38&vEND_DT=21.12.2022%2010:23:38 HTTP/1.1" 503 12947
195.222.149.195 - - [21/Dec/2022:10:23:44 +0500] "GET /ords/api.HTP_ASPVK_DATA?nPVK_ID=0&vST_DT=21.12.2022%2008:16:29&vEND_DT=21.12.2022%2008:26:29 HTTP/1.1" 503 12947
194.226.162.30 - - [21/Dec/2022:10:23:47 +0500] "GET /ords/f?p=137:2:2110218658023::NO::P2_ID,P2_COUNT_ALL,P2_EDIT_MODE:113984,6, HTTP/1.1" 503 12947
194.226.162.30 - - [21/Dec/2022:10:23:56 +0500] "GET /ords/f?p=137:2:2110218658023::NO::P2_ID,P2_COUNT_ALL,P2_EDIT_MODE:113984,6, HTTP/1.1" 503 12947
195.222.149.195 - - [21/Dec/2022:10:24:02 +0500] "GET /ords/api.HTP_ASPVK_DATA?nPVK_ID=0&vST_DT=20.12.2022%2008:26:46&vEND_DT=21.12.2022%2008:26:46 HTTP/1.1" 503 12947
46.146.210.91 - - [21/Dec/2022:10:24:12 +0500] "GET /ords/api.HTP_ASPVK_DATA?nPVK_ID=0&vST_DT=21.12.2022%2010:14:08&vEND_DT=21.12.2022%2010:24:08 HTTP/1.1" 503 12947
195.222.149.195 - - [21/Dec/2022:10:24:14 +0500] "GET /ords/api.HTP_ASPVK_DATA?nPVK_ID=0&vST_DT=21.12.2022%2008:16:59&vEND_DT=21.12.2022%2008:26:59 HTTP/1.1" 503 12947
178.161.254.155 - - [21/Dec/2022:10:24:41 +0500] "GET /ords/f?p=147:2:14631458576664::NO::P2_ID,P2_COUNT_ALL,P2_EDIT_MODE:115686,3, HTTP/1.1" 200 102274
46.146.210.91 - - [21/Dec/2022:10:24:41 +0500] "GET /ords/api.HTP_ASPVK_DATA?nPVK_ID=0&vST_DT=21.12.2022%2010:14:38&vEND_DT=21.12.2022%2010:24:38 HTTP/1.1" 200 4570
195.222.149.195 - - [21/Dec/2022:10:24:44 +0500] "GET /ords/api.HTP_ASPVK_DATA?nPVK_ID=0&vST_DT=21.12.2022%2008:17:29&vEND_DT=21.12.2022%2008:27:29 HTTP/1.1" 503 12947
178.161.254.155 - - [21/Dec/2022:10:24:50 +0500] "GET /ords/f?p=147:1:14631458576664:::: HTTP/1.1" 503 12947
46.146.210.91 - - [21/Dec/2022:10:24:52 +0500] "GET /ords/api.HTP_ASPVK_DATA?nPVK_ID=0&vST_DT=21.12.2022%2010:14:48&vEND_DT=21.12.2022%2010:24:48 HTTP/1.1" 503 12947
178.161.254.155 - - [21/Dec/2022:10:24:59 +0500] "GET /ords/f?p=147:1:14631458576664:::: HTTP/1.1" 503 12947
195.222.149.195 - - [21/Dec/2022:10:25:14 +0500] "GET /ords/api.HTP_ASPVK_DATA?nPVK_ID=0&vST_DT=21.12.2022%2008:17:59&vEND_DT=21.12.2022%2008:27:59 HTTP/1.1" 503 12947
81.4.255.137 - - [21/Dec/2022:10:25:15 +0500] "GET /ords/f?p=137:2:12419048767444::NO::P2_ID,P2_COUNT_ALL,P2_EDIT_MODE:116354,7, HTTP/1.1" 503 12947
194.226.162.30 - - [21/Dec/2022:10:25:20 +0500] "POST /ords/wwv_flow.accept HTTP/1.1" 503 12947
194.226.162.30 - - [21/Dec/2022:10:25:21 +0500] "GET /ords/f?p=137:2:2110218658023::NO::P2_ID,P2_COUNT_ALL,P2_EDIT_MODE:113984,6, HTTP/1.1" 200 129790
46.146.210.91 - - [21/Dec/2022:10:25:21 +0500] "GET /ords/api.HTP_ASPVK_DATA?nPVK_ID=0&vST_DT=21.12.2022%2010:15:18&vEND_DT=21.12.2022%2010:25:18 HTTP/1.1" 200 4570
194.226.162.30 - - [21/Dec/2022:10:25:21 +0500] "GET /i/ HTTP/1.1" 404 998
194.226.162.30 - - [21/Dec/2022:10:25:21 +0500] "POST /ords/wwv_flow.ajax HTTP/1.1" 200 1635
194.226.162.30 - - [21/Dec/2022:10:25:22 +0500] "GET /i/ HTTP/1.1" 404 998
178.161.254.155 - - [21/Dec/2022:10:25:22 +0500] "GET / HTTP/1.1" 302 -
178.161.254.155 - - [21/Dec/2022:10:25:22 +0500] "GET /ords/f?p=101:210 HTTP/1.1" 200 453
178.161.254.155 - - [21/Dec/2022:10:25:23 +0500] "GET /ords/f?p=101:210:0:&tz=5:00 HTTP/1.1" 200 16245
178.161.254.155 - - [21/Dec/2022:10:25:25 +0500] "POST /ords/wwv_flow.accept HTTP/1.1" 302 5
194.226.162.30 - - [21/Dec/2022:10:25:28 +0500] "GET /ords/f?p=137:47:2110218658023:::: HTTP/1.1" 503 12947
178.161.254.155 - - [21/Dec/2022:10:25:28 +0500] "GET /ords/f?p=101:1:5636981286904::::: HTTP/1.1" 503 12947
194.226.162.30 - - [21/Dec/2022:10:25:29 +0500] "GET /ords/f?p=101:1:2110218658023:::::&tz=5%3A00 HTTP/1.1" 503 12947
188.17.152.148 - - [21/Dec/2022:10:25:30 +0500] "GET /ords/f?p=147:1:4283606429681:::: HTTP/1.1" 503 12947
46.146.210.91 - - [21/Dec/2022:10:25:32 +0500] "GET /ords/api.HTP_ASPVK_DATA?nPVK_ID=0&vST_DT=21.12.2022%2010:15:28&vEND_DT=21.12.2022%2010:25:28 HTTP/1.1" 503 12947
188.17.152.148 - - [21/Dec/2022:10:25:35 +0500] "GET /ords/f?p=147:1:4283606429681:::: HTTP/1.1" 503 12947
46.146.220.195 - - [21/Dec/2022:10:25:41 +0500] "POST /ords/wwv_flow.accept HTTP/1.1" 503 12947
46.146.220.195 - - [21/Dec/2022:10:25:43 +0500] "POST /ords/wwv_flow.accept HTTP/1.1" 503 12947
195.222.149.195 - - [21/Dec/2022:10:25:44 +0500] "GET /ords/api.HTP_ASPVK_DATA?nPVK_ID=0&vST_DT=21.12.2022%2008:18:29&vEND_DT=21.12.2022%2008:28:29 HTTP/1.1" 503 12947
194.226.162.30 - - [21/Dec/2022:10:25:48 +0500] "GET /ords/f?p=137:38:9032472642149::NO::: HTTP/1.1" 200 97935
46.146.220.195 - - [21/Dec/2022:10:25:53 +0500] "POST /ords/wwv_flow.accept HTTP/1.1" 503 12947
194.226.162.30 - - [21/Dec/2022:10:25:58 +0500] "POST /ords/wwv_flow.ajax HTTP/1.1" 503 12947
46.146.220.195 - - [21/Dec/2022:10:25:58 +0500] "GET /ords/f?p=137:2:9077921933203::NO::P2_ID,P2_COUNT_ALL,P2_EDIT_MODE:115796,6, HTTP/1.1" 503 12947
46.146.220.195 - - [21/Dec/2022:10:26:00 +0500] "GET /ords/f?p=137:2:9077921933203::NO::P2_ID,P2_COUNT_ALL,P2_EDIT_MODE:115797,6, HTTP/1.1" 503 12947
194.226.162.30 - - [21/Dec/2022:10:26:01 +0500] "GET /ords/f?p=137:38:9032472642149::NO::: HTTP/1.1" 503 12947
46.146.210.91 - - [21/Dec/2022:10:26:02 +0500] "GET /ords/api.HTP_ASPVK_DATA?nPVK_ID=0&vST_DT=21.12.2022%2010:15:58&vEND_DT=21.12.2022%2010:25:58 HTTP/1.1" 503 12947
81.4.255.137 - - [21/Dec/2022:10:26:05 +0500] "GET /ords/f?p=137:2:12419048767444::NO::P2_ID,P2_COUNT_ALL,P2_EDIT_MODE:116354,7, HTTP/1.1" 200 112783
194.226.162.30 - - [21/Dec/2022:10:26:05 +0500] "GET /ords/f?p=101:1:6002046056955:::::&tz=5:00 HTTP/1.1" 302 5
81.4.255.137 - - [21/Dec/2022:10:26:06 +0500] "GET /ords/r/r/files/static/v74Y/ecp_cadesplugin_api.js HTTP/1.1" 200 20706
81.4.255.137 - - [21/Dec/2022:10:26:06 +0500] "GET /ords/r/r/files/static/v74Y/zip-ext.js HTTP/1.1" 200 7337
81.4.255.137 - - [21/Dec/2022:10:26:06 +0500] "GET /ords/r/r/files/static/v74Y/jquery.maskedinput-1.3.min.js HTTP/1.1" 200 4337
81.4.255.137 - - [21/Dec/2022:10:26:06 +0500] "GET /ords/r/r/files/static/v74Y/balloon.js HTTP/1.1" 200 15291
81.4.255.137 - - [21/Dec/2022:10:26:06 +0500] "GET /ords/r/r/files/static/v74Y/zip.js HTTP/1.1" 200 30612
81.4.255.137 - - [21/Dec/2022:10:26:06 +0500] "GET /ords/r/r/files/static/v74Y/ecp_code.js HTTP/1.1" 200 43396
81.4.255.137 - - [21/Dec/2022:10:26:06 +0500] "GET /ords/r/r/files/static/v74Y/savefiles.js HTTP/1.1" 200 4957
81.4.255.137 - - [21/Dec/2022:10:26:06 +0500] "GET /ords/r/r/files/static/v74Y/smev3Obj.js HTTP/1.1" 200 13059
81.4.255.137 - - [21/Dec/2022:10:26:06 +0500] "GET /i/libraries/apex/minified/widget.timepicker.min.js?v=18.2.0.00.12 HTTP/1.1" 200 25373
81.4.255.137 - - [21/Dec/2022:10:26:06 +0500] "GET /i/libraries/apex/minified/widget.report.min.js?v=18.2.0.00.12 HTTP/1.1" 200 2085
81.4.255.137 - - [21/Dec/2022:10:26:06 +0500] "GET /i/themes/theme_15/requiredicon_status2.gif HTTP/1.1" 200 80
81.4.255.137 - - [21/Dec/2022:10:26:06 +0500] "GET /i/delete.gif HTTP/1.1" 200 62
46.146.220.195 - - [21/Dec/2022:10:26:07 +0500] "POST /ords/wwv_flow.accept HTTP/1.1" 302 5
194.226.162.30 - - [21/Dec/2022:10:26:07 +0500] "GET /ords/f?p=101:210:::::: HTTP/1.1" 200 16254
81.4.255.137 - - [21/Dec/2022:10:26:08 +0500] "POST /ords/wwv_flow.ajax HTTP/1.1" 200 1635
81.4.255.137 - - [21/Dec/2022:10:26:08 +0500] "GET /ords/r/r/files/static/v74Y/ecp_async_code.js HTTP/1.1" 200 53505
195.222.149.195 - - [21/Dec/2022:10:26:14 +0500] "GET /ords/api.HTP_ASPVK_DATA?nPVK_ID=0&vST_DT=21.12.2022%2008:18:59&vEND_DT=21.12.2022%2008:28:59 HTTP/1.1" 503 12947
81.4.255.137 - - [21/Dec/2022:10:26:18 +0500] "POST /ords/wwv_flow.accept HTTP/1.1" 503 12947
194.226.162.30 - - [21/Dec/2022:10:26:21 +0500] "GET /ords/f?p=101:210 HTTP/1.1" 503 12947
81.4.255.137 - - [21/Dec/2022:10:26:29 +0500] "GET /ords/f?p=137:2:12419048767444::NO::P2_ID,P2_COUNT_ALL,P2_EDIT_MODE:116354,7, HTTP/1.1" 503 12947
46.146.210.91 - - [21/Dec/2022:10:26:32 +0500] "GET /ords/api.HTP_ASPVK_DATA?nPVK_ID=0&vST_DT=21.12.2022%2010:16:28&vEND_DT=21.12.2022%2010:26:28 HTTP/1.1" 503 12947
178.161.254.155 - - [21/Dec/2022:10:26:33 +0500] "GET /ords/f?p=147:1:14631458576664:::: HTTP/1.1" 503 12947
81.4.255.137 - - [21/Dec/2022:10:26:38 +0500] "GET /ords/f?p=137:2:12419048767444::NO::P2_ID,P2_COUNT_ALL,P2_EDIT_MODE:116354,7, HTTP/1.1" 503 12947
46.146.220.195 - - [21/Dec/2022:10:26:42 +0500] "GET /ords/f?p=137:2:9077921933203::NO::P2_ID,P2_COUNT_ALL,P2_EDIT_MODE:115809,6, HTTP/1.1" 200 118422
195.222.149.195 - - [21/Dec/2022:10:26:43 +0500] "GET /ords/api.HTP_ASPVK_DATA?nPVK_ID=0&vST_DT=21.12.2022%2008:19:29&vEND_DT=21.12.2022%2008:29:29 HTTP/1.1" 200 4668
46.146.220.195 - - [21/Dec/2022:10:26:43 +0500] "GET /ords/f?p=137:2:9077921933203::NO:::&success_msg=z_Do8eLu5e0g4vUuIO3u7OXwLiA%7E%2FlN9EvpI6ajUkog0RlNeEPoALnWmv_AYYZKwZSSE8XkF2USEA2w4XTaBPNciV9-fuY1k6p-dG6knpmdFtXfxKdg HTTP/1.1" 200 118589
46.146.220.195 - - [21/Dec/2022:10:26:43 +0500] "POST /ords/wwv_flow.ajax HTTP/1.1" 200 1476
46.146.220.195 - - [21/Dec/2022:10:26:47 +0500] "POST /ords/wwv_flow.ajax HTTP/1.1" 503 12947
46.146.220.195 - - [21/Dec/2022:10:26:50 +0500] "POST /ords/wwv_flow.show HTTP/1.1" 503 12947
195.222.149.195 - - [21/Dec/2022:10:26:54 +0500] "GET /ords/api.HTP_ASPVK_DATA?nPVK_ID=0&vST_DT=21.12.2022%2008:19:39&vEND_DT=21.12.2022%2008:29:39 HTTP/1.1" 503 12947
46.146.210.91 - - [21/Dec/2022:10:27:02 +0500] "GET /ords/api.HTP_ASPVK_DATA?nPVK_ID=0&vST_DT=21.12.2022%2010:16:58&vEND_DT=21.12.2022%2010:26:58 HTTP/1.1" 503 12947
46.146.220.195 - - [21/Dec/2022:10:27:04 +0500] "POST /ords/wwv_flow.show HTTP/1.1" 200 12
81.4.255.137 - - [21/Dec/2022:10:27:18 +0500] "GET /ords/f?p=137:2:12419048767444::NO::P2_ID,P2_COUNT_ALL,P2_EDIT_MODE:116354,7, HTTP/1.1" 200 112931
81.4.255.137 - - [21/Dec/2022:10:27:20 +0500] "POST /ords/wwv_flow.ajax HTTP/1.1" 200 1635
195.222.149.195 - - [21/Dec/2022:10:27:21 +0500] "GET /ords/api.HTP_ASPVK_DATA?nPVK_ID=0&vST_DT=21.12.2022%2008:20:09&vEND_DT=21.12.2022%2008:30:09 HTTP/1.1" 200 6193
46.146.210.91 - - [21/Dec/2022:10:27:29 +0500] "GET /ords/api.HTP_ASPVK_DATA?nPVK_ID=0&vST_DT=21.12.2022%2010:17:28&vEND_DT=21.12.2022%2010:27:28 HTTP/1.1" 200 9989
195.222.149.195 - - [21/Dec/2022:10:27:31 +0500] "GET /ords/api.HTP_ASPVK_DATA?nPVK_ID=0&vST_DT=21.12.2022%2008:20:19&vEND_DT=21.12.2022%2008:30:19 HTTP/1.1" 200 7706
46.146.210.91 - - [21/Dec/2022:10:27:39 +0500] "GET /ords/api.HTP_ASPVK_DATA?nPVK_ID=0&vST_DT=21.12.2022%2010:17:38&vEND_DT=21.12.2022%2010:27:38 HTTP/1.1" 200 7019
81.4.255.137 - - [21/Dec/2022:10:27:40 +0500] "POST /ords/wwv_flow.accept HTTP/1.1" 302 5
195.222.149.195 - - [21/Dec/2022:10:27:42 +0500] "GET /ords/api.HTP_ASPVK_DATA?nPVK_ID=0&vST_DT=21.12.2022%2008:20:29&vEND_DT=21.12.2022%2008:30:29 HTTP/1.1" 200 42850
46.146.210.91 - - [21/Dec/2022:10:27:49 +0500] "GET /ords/api.HTP_ASPVK_DATA?nPVK_ID=0&vST_DT=21.12.2022%2010:17:48&vEND_DT=21.12.2022%2010:27:48 HTTP/1.1" 200 7019
195.222.149.195 - - [21/Dec/2022:10:27:52 +0500] "GET /ords/api.HTP_ASPVK_DATA?nPVK_ID=0&vST_DT=21.12.2022%2008:20:39&vEND_DT=21.12.2022%2008:30:39 HTTP/1.1" 200 41336
46.146.210.91 - - [21/Dec/2022:10:27:59 +0500] "GET /ords/api.HTP_ASPVK_DATA?nPVK_ID=0&vST_DT=21.12.2022%2010:17:58&vEND_DT=21.12.2022%2010:27:58 HTTP/1.1" 200 7019
46.146.220.195 - - [21/Dec/2022:10:28:04 +0500] "GET /ords/f?p=137:2:9077921933203::NO::P2_ID,P2_COUNT_ALL,P2_EDIT_MODE:115797,6, HTTP/1.1" 503 12947
195.222.149.195 - - [21/Dec/2022:10:28:04 +0500] "GET /ords/api.HTP_ASPVK_DATA?nPVK_ID=0&vST_DT=21.12.2022%2008:20:49&vEND_DT=21.12.2022%2008:30:49 HTTP/1.1" 503 12947
46.146.210.91 - - [21/Dec/2022:10:28:12 +0500] "GET /ords/api.HTP_ASPVK_DATA?nPVK_ID=0&vST_DT=21.12.2022%2010:18:08&vEND_DT=21.12.2022%2010:28:08 HTTP/1.1" 503 12947
81.4.255.137 - - [21/Dec/2022:10:28:19 +0500] "GET /ords/f?p=137:2:12419048767444::NO:::&success_msg=x-D_4urgIPHq7u_o8O7i4O3g%2FsBIkDntZLgDdfCSS9nUkVoBTIvO-U2tA2QT1Jhp_2njwcvva9QMoDoS5WDB-MXAVG8K9Pav-DnVyNogbgQy8XA HTTP/1.1" 200 106701
81.4.255.137 - - [21/Dec/2022:10:28:20 +0500] "POST /ords/wwv_flow.ajax HTTP/1.1" 200 1635
81.4.234.170 - - [21/Dec/2022:10:28:25 +0500] "GET / HTTP/1.1" 302 -
81.4.234.170 - - [21/Dec/2022:10:28:25 +0500] "GET /ords/f?p=101:210 HTTP/1.1" 200 453
81.4.234.170 - - [21/Dec/2022:10:28:26 +0500] "GET /ords/f?p=101:210:0:&tz=5:00 HTTP/1.1" 200 16249
81.4.234.170 - - [21/Dec/2022:10:28:27 +0500] "GET /ords/r/r/files/static/v74Y/Z_TECHNO_FAV.ico HTTP/1.1" 200 15107
81.4.234.170 - - [21/Dec/2022:10:28:28 +0500] "POST /ords/wwv_flow.accept HTTP/1.1" 302 5
81.4.234.170 - - [21/Dec/2022:10:28:28 +0500] "GET /ords/f?p=101:1:1136620714811::::: HTTP/1.1" 200 502
81.4.234.170 - - [21/Dec/2022:10:28:29 +0500] "GET /ords/f?p=101:1:1136620714811:::::&tz=5:00 HTTP/1.1" 200 10153
81.4.255.137 - - [21/Dec/2022:10:28:30 +0500] "GET /i/libraries/jquery-ui/1.12.0/images/ui-icons_444444_256x240.png HTTP/1.1" 200 7006
212.33.243.160 - - [21/Dec/2022:10:28:30 +0500] "GET /ords/f?p=101:210:0:::::&tz=5:00 HTTP/1.1" 200 16258
212.33.243.160 - - [21/Dec/2022:10:28:31 +0500] "GET /ords/r/r/files/static/v74Y/Z_TECHNO_FAV.ico HTTP/1.1" 200 15107
46.146.220.195 - - [21/Dec/2022:10:28:34 +0500] "GET /ords/f?p=137:2:9077921933203::NO::P2_ID,P2_COUNT_ALL,P2_EDIT_MODE:115796,6, HTTP/1.1" 200 118334
195.222.149.195 - - [21/Dec/2022:10:28:35 +0500] "GET /ords/api.HTP_ASPVK_DATA?nPVK_ID=0&vST_DT=21.12.2022%2008:21:19&vEND_DT=21.12.2022%2008:31:19 HTTP/1.1" 200 37873
212.33.243.160 - - [21/Dec/2022:10:28:35 +0500] "POST /ords/wwv_flow.accept HTTP/1.1" 302 5
46.146.220.195 - - [21/Dec/2022:10:28:35 +0500] "POST /ords/wwv_flow.ajax HTTP/1.1" 200 1476
212.33.243.160 - - [21/Dec/2022:10:28:36 +0500] "GET /ords/f?p=101:1:11218255189763::::: HTTP/1.1" 200 13484
81.4.234.170 - - [21/Dec/2022:10:28:41 +0500] "GET / HTTP/1.1" 302 -
46.146.210.91 - - [21/Dec/2022:10:28:42 +0500] "GET /ords/api.HTP_ASPVK_DATA?nPVK_ID=0&vST_DT=21.12.2022%2010:18:38&vEND_DT=21.12.2022%2010:28:38 HTTP/1.1" 503 12947
212.33.243.160 - - [21/Dec/2022:10:28:42 +0500] "GET /ords/f?p=137:38:11218255189763:::: HTTP/1.1" 503 12947
195.222.149.195 - - [21/Dec/2022:10:28:44 +0500] "GET /ords/api.HTP_ASPVK_DATA?nPVK_ID=0&vST_DT=21.12.2022%2008:21:29&vEND_DT=21.12.2022%2008:31:29 HTTP/1.1" 503 12947
81.4.234.170 - - [21/Dec/2022:10:28:44 +0500] "GET /ords/f?p=101:210 HTTP/1.1" 503 12947
194.226.162.30 - - [21/Dec/2022:10:28:45 +0500] "POST /ords/wwv_flow.accept HTTP/1.1" 503 12947
81.4.234.170 - - [21/Dec/2022:10:28:48 +0500] "GET / HTTP/1.1" 302 -
81.4.234.170 - - [21/Dec/2022:10:28:51 +0500] "GET /ords/f?p=101:210 HTTP/1.1" 503 12947
212.33.243.160 - - [21/Dec/2022:10:28:53 +0500] "GET /ords/f?p=137:38:11218255189763:::: HTTP/1.1" 503 12947
46.146.220.195 - - [21/Dec/2022:10:28:56 +0500] "POST /ords/wwv_flow.show HTTP/1.1" 200 12
81.4.234.170 - - [21/Dec/2022:10:28:58 +0500] "GET /ords/f?p=101:210:0:::::&tz=5:00 HTTP/1.1" 200 16252
212.33.243.160 - - [21/Dec/2022:10:29:00 +0500] "GET /ords/f?p=101:210:0:::::&tz=5:00 HTTP/1.1" 200 16256
212.33.243.160 - - [21/Dec/2022:10:29:03 +0500] "POST /ords/wwv_flow.accept HTTP/1.1" 302 5
212.33.243.160 - - [21/Dec/2022:10:29:03 +0500] "GET /ords/f?p=101:1:14305507938381::::: HTTP/1.1" 200 13486
81.4.234.170 - - [21/Dec/2022:10:29:04 +0500] "POST /ords/wwv_flow.accept HTTP/1.1" 302 5
81.4.234.170 - - [21/Dec/2022:10:29:05 +0500] "GET /ords/f?p=101:1:16119847876662::::: HTTP/1.1" 200 10158
81.4.234.170 - - [21/Dec/2022:10:29:12 +0500] "GET /ords/f?p=147:1:16119847876662:::: HTTP/1.1" 503 12947
46.146.210.91 - - [21/Dec/2022:10:29:12 +0500] "GET /ords/api.HTP_ASPVK_DATA?nPVK_ID=0&vST_DT=21.12.2022%2010:19:08&vEND_DT=21.12.2022%2010:29:08 HTTP/1.1" 503 12947
81.4.234.170 - - [21/Dec/2022:10:29:14 +0500] "GET / HTTP/1.1" 302 -
195.222.149.195 - - [21/Dec/2022:10:29:14 +0500] "GET /ords/api.HTP_ASPVK_DATA?nPVK_ID=0&vST_DT=21.12.2022%2008:21:59&vEND_DT=21.12.2022%2008:31:59 HTTP/1.1" 503 12947
81.4.234.170 - - [21/Dec/2022:10:29:17 +0500] "GET /ords/f?p=101:210 HTTP/1.1" 503 12947
46.146.220.195 - - [21/Dec/2022:10:29:18 +0500] "POST /ords/wwv_flow.show HTTP/1.1" 503 12947
81.4.255.137 - - [21/Dec/2022:10:29:19 +0500] "POST /ords/wwv_flow.accept HTTP/1.1" 503 12947
81.4.234.170 - - [21/Dec/2022:10:29:24 +0500] "GET /ords/f?p=147:1:1136620714811:::: HTTP/1.1" 200 58437
178.161.254.155 - - [21/Dec/2022:10:29:24 +0500] "GET /ords/f?p=147:1:14631458576664:::: HTTP/1.1" 302 5
178.161.254.155 - - [21/Dec/2022:10:29:24 +0500] "GET /ords/f?p=101:210:::::: HTTP/1.1" 200 482
178.161.254.155 - - [21/Dec/2022:10:29:24 +0500] "GET /ords/f?p=101:210:0:::::&tz=5:00 HTTP/1.1" 200 16245
81.4.234.170 - - [21/Dec/2022:10:29:26 +0500] "GET /ords/f?p=101:210 HTTP/1.1" 200 453
81.4.234.170 - - [21/Dec/2022:10:29:27 +0500] "GET /ords/f?p=101:210:0:&tz=5:00 HTTP/1.1" 200 16252
81.4.234.170 - - [21/Dec/2022:10:29:27 +0500] "GET /i/app_ui/css/Core.min.css?v=18.2.0.00.12 HTTP/1.1" 200 127295
81.4.234.170 - - [21/Dec/2022:10:29:27 +0500] "GET /ords/r/r/files/static/v74Y/autosuggest_inquisitor.css HTTP/1.1" 200 2786
81.4.234.170 - - [21/Dec/2022:10:29:27 +0500] "GET /i/themes/theme_15/theme_4_0.css HTTP/1.1" 200 38280
81.4.234.170 - - [21/Dec/2022:10:29:27 +0500] "GET /i/app_ui/css/Theme-Standard.min.css?v=18.2.0.00.12 HTTP/1.1" 200 25242
81.4.234.170 - - [21/Dec/2022:10:29:28 +0500] "GET /i/libraries/jquery-ui/1.12.0/jquery-ui-apex.min.css?v=18.2.0.00.12 HTTP/1.1" 200 29497
212.33.243.160 - - [21/Dec/2022:10:29:28 +0500] "GET /ords/f?p=137:38:14305507938381:::: HTTP/1.1" 200 89304
81.4.234.170 - - [21/Dec/2022:10:29:28 +0500] "GET /i/legacy_ui/css/5.0.min.css?v=18.2.0.00.12 HTTP/1.1" 200 26003
178.161.254.155 - - [21/Dec/2022:10:29:28 +0500] "POST /ords/wwv_flow.accept HTTP/1.1" 302 5
81.4.234.170 - - [21/Dec/2022:10:29:28 +0500] "GET /i/libraries/apex/minified/desktop.min.js?v=18.2.0.00.12 HTTP/1.1" 200 353354
81.4.234.170 - - [21/Dec/2022:10:29:28 +0500] "GET /i/libraries/apex/minified/legacy_18.min.js?v=18.2.0.00.12 HTTP/1.1" 200 17611
81.4.234.170 - - [21/Dec/2022:10:29:28 +0500] "GET /i/libraries/apex/minified/legacy_pre18.min.js?v=18.2.0.00.12 HTTP/1.1" 200 17984
81.4.234.170 - - [21/Dec/2022:10:29:29 +0500] "GET /ords/r/r/files/static/v74Y/esia_auth.js HTTP/1.1" 200 4791
81.4.234.170 - - [21/Dec/2022:10:29:29 +0500] "GET /ords/r/r/files/static/v74Y/bsn.AutoSuggest_2.1.3.js HTTP/1.1" 200 36099
81.4.234.170 - - [21/Dec/2022:10:29:30 +0500] "GET /ords/r/r/files/static/v74Y/softplus_101.js HTTP/1.1" 200 23382
81.4.234.170 - - [21/Dec/2022:10:29:30 +0500] "GET /ords/r/r/files/static/v74Y/Z_TECHNO_LOGO_white.png HTTP/1.1" 200 22182
81.4.234.170 - - [21/Dec/2022:10:29:30 +0500] "GET /i/f_spacer.gif HTTP/1.1" 200 49
81.4.234.170 - - [21/Dec/2022:10:29:35 +0500] "GET /ords/r/r/files/static/v74Y/bg_perm_road.jpg HTTP/1.1" 200 976540
91.218.103.75 - - [21/Dec/2022:10:29:37 +0500] "GET / HTTP/1.1" 302 -
91.218.103.75 - - [21/Dec/2022:10:29:40 +0500] "GET /ords/f?p=101:210 HTTP/1.1" 503 12947
81.4.234.170 - - [21/Dec/2022:10:29:41 +0500] "GET /ords/f?p=147:2:1136620714811::NO::P2_ID,P2_COUNT_ALL,P2_EDIT_MODE:115917,6, HTTP/1.1" 503 12947
46.146.210.91 - - [21/Dec/2022:10:29:42 +0500] "GET /ords/api.HTP_ASPVK_DATA?nPVK_ID=0&vST_DT=21.12.2022%2010:19:38&vEND_DT=21.12.2022%2010:29:38 HTTP/1.1" 503 12947
81.4.234.170 - - [21/Dec/2022:10:29:42 +0500] "POST /ords/wwv_flow.accept HTTP/1.1" 503 12947
195.222.149.195 - - [21/Dec/2022:10:29:44 +0500] "GET /ords/api.HTP_ASPVK_DATA?nPVK_ID=0&vST_DT=21.12.2022%2008:22:29&vEND_DT=21.12.2022%2008:32:29 HTTP/1.1" 503 12947
212.33.243.160 - - [21/Dec/2022:10:29:45 +0500] "POST /ords/wwv_flow.ajax HTTP/1.1" 503 12947
212.33.243.160 - - [21/Dec/2022:10:29:48 +0500] "GET /ords/f?p=137:38:14305507938381:::: HTTP/1.1" 503 12947
81.4.234.170 - - [21/Dec/2022:10:29:56 +0500] "POST /ords/wwv_flow.ajax HTTP/1.1" 503 12947
212.33.243.160 - - [21/Dec/2022:10:29:56 +0500] "POST /ords/wwv_flow.ajax HTTP/1.1" 503 12947
81.4.234.170 - - [21/Dec/2022:10:29:59 +0500] "GET /ords/f?p=147:1:1136620714811:::: HTTP/1.1" 503 12947
212.33.243.160 - - [21/Dec/2022:10:29:59 +0500] "GET /ords/f?p=137:38:14305507938381:::: HTTP/1.1" 503 12947
81.4.255.137 - - [21/Dec/2022:10:30:00 +0500] "POST /ords/wwv_flow.accept HTTP/1.1" 302 5
81.4.255.137 - - [21/Dec/2022:10:30:03 +0500] "GET /ords/f?p=137:2:12419048767444::NO:::&success_msg=xODt7fvlIOjn7OXt5e37Lg%7E%7E%2FbiWNyKjKWMR6aW8p_lQGfbtjwicScOTpJlLXf5k-99mgiTgP_EY4w_hWuLbRkJXNmnkQi6xQ_JIi6FVHosQXYA HTTP/1.1" 503 12947
212.33.243.160 - - [21/Dec/2022:10:30:06 +0500] "POST /ords/wwv_flow.ajax HTTP/1.1" 503 12947
212.33.243.160 - - [21/Dec/2022:10:30:09 +0500] "GET /ords/f?p=137:38:14305507938381:::: HTTP/1.1" 503 12947
81.4.255.137 - - [21/Dec/2022:10:30:11 +0500] "GET /ords/f?p=137:2:12419048767444::NO:::&success_msg=xODt7fvlIOjn7OXt5e37Lg%7E%7E%2FbiWNyKjKWMR6aW8p_lQGfbtjwicScOTpJlLXf5k-99mgiTgP_EY4w_hWuLbRkJXNmnkQi6xQ_JIi6FVHosQXYA HTTP/1.1" 503 12947
46.146.210.91 - - [21/Dec/2022:10:30:12 +0500] "GET /ords/api.HTP_ASPVK_DATA?nPVK_ID=0&vST_DT=21.12.2022%2010:20:08&vEND_DT=21.12.2022%2010:30:08 HTTP/1.1" 503 12947
195.222.149.195 - - [21/Dec/2022:10:30:14 +0500] "GET /ords/api.HTP_ASPVK_DATA?nPVK_ID=0&vST_DT=21.12.2022%2008:22:59&vEND_DT=21.12.2022%2008:32:59 HTTP/1.1" 503 12947
212.33.243.160 - - [21/Dec/2022:10:30:17 +0500] "POST /ords/wwv_flow.ajax HTTP/1.1" 503 12947
212.33.243.160 - - [21/Dec/2022:10:30:20 +0500] "GET /ords/f?p=137:38:14305507938381:::: HTTP/1.1" 503 12947
178.161.254.155 - - [21/Dec/2022:10:30:23 +0500] "GET /ords/f?p=147:1:2988946658517::::: HTTP/1.1" 200 56930
212.33.243.160 - - [21/Dec/2022:10:30:23 +0500] "POST /ords/wwv_flow.accept HTTP/1.1" 302 5
81.4.234.170 - - [21/Dec/2022:10:30:24 +0500] "POST /ords/wwv_flow.ajax HTTP/1.1" 200 29745
46.146.210.91 - - [21/Dec/2022:10:30:42 +0500] "GET /ords/api.HTP_ASPVK_DATA?nPVK_ID=0&vST_DT=21.12.2022%2010:20:38&vEND_DT=21.12.2022%2010:30:38 HTTP/1.1" 503 12947
195.222.149.195 - - [21/Dec/2022:10:30:44 +0500] "GET /ords/api.HTP_ASPVK_DATA?nPVK_ID=0&vST_DT=21.12.2022%2008:23:29&vEND_DT=21.12.2022%2008:33:29 HTTP/1.1" 503 12947
212.33.243.160 - - [21/Dec/2022:10:30:46 +0500] "GET /ords/f?p=137:38:14305507938381::NO::: HTTP/1.1" 200 88840
85.140.14.165 - - [21/Dec/2022:10:30:56 +0500] "POST /ords/wwv_flow.show HTTP/1.1" 200 14
85.140.14.165 - - [21/Dec/2022:10:30:57 +0500] "POST /ords/wwv_flow.show HTTP/1.1" 200 14
46.146.210.91 - - [21/Dec/2022:10:31:09 +0500] "GET /ords/api.HTP_ASPVK_DATA?nPVK_ID=0&vST_DT=21.12.2022%2010:21:08&vEND_DT=21.12.2022%2010:31:08 HTTP/1.1" 200 7019
195.222.149.195 - - [21/Dec/2022:10:31:13 +0500] "GET /ords/api.HTP_ASPVK_DATA?nPVK_ID=0&vST_DT=21.12.2022%2008:23:59&vEND_DT=21.12.2022%2008:33:59 HTTP/1.1" 200 63884
46.146.210.91 - - [21/Dec/2022:10:31:19 +0500] "GET /ords/api.HTP_ASPVK_DATA?nPVK_ID=0&vST_DT=21.12.2022%2010:21:18&vEND_DT=21.12.2022%2010:31:18 HTTP/1.1" 200 7005
195.222.149.195 - - [21/Dec/2022:10:31:23 +0500] "GET /ords/api.HTP_ASPVK_DATA?nPVK_ID=0&vST_DT=21.12.2022%2008:24:09&vEND_DT=21.12.2022%2008:34:09 HTTP/1.1" 200 59319
46.146.210.91 - - [21/Dec/2022:10:31:29 +0500] "GET /ords/api.HTP_ASPVK_DATA?nPVK_ID=0&vST_DT=21.12.2022%2010:21:28&vEND_DT=21.12.2022%2010:31:28 HTTP/1.1" 200 7005
46.146.220.195 - - [21/Dec/2022:10:31:30 +0500] "POST /ords/wwv_flow.show HTTP/1.1" 200 51
195.222.149.195 - - [21/Dec/2022:10:31:32 +0500] "GET /ords/api.HTP_ASPVK_DATA?nPVK_ID=0&vST_DT=21.12.2022%2008:24:19&vEND_DT=21.12.2022%2008:34:19 HTTP/1.1" 200 59320
178.161.254.155 - - [21/Dec/2022:10:31:34 +0500] "GET /ords/f?p=147:2:2988946658517::NO::P2_ID,P2_COUNT_ALL,P2_EDIT_MODE:115633,3, HTTP/1.1" 200 101978
46.146.210.91 - - [21/Dec/2022:10:31:39 +0500] "GET /ords/api.HTP_ASPVK_DATA?nPVK_ID=0&vST_DT=21.12.2022%2010:21:38&vEND_DT=21.12.2022%2010:31:38 HTTP/1.1" 200 7005
195.222.149.195 - - [21/Dec/2022:10:31:42 +0500] "GET /ords/api.HTP_ASPVK_DATA?nPVK_ID=0&vST_DT=21.12.2022%2008:24:29&vEND_DT=21.12.2022%2008:34:29 HTTP/1.1" 200 59320
46.146.210.91 - - [21/Dec/2022:10:31:49 +0500] "GET /ords/api.HTP_ASPVK_DATA?nPVK_ID=0&vST_DT=21.12.2022%2010:21:48&vEND_DT=21.12.2022%2010:31:48 HTTP/1.1" 200 7005
195.222.149.195 - - [21/Dec/2022:10:31:53 +0500] "GET /ords/api.HTP_ASPVK_DATA?nPVK_ID=0&vST_DT=21.12.2022%2008:24:39&vEND_DT=21.12.2022%2008:34:39 HTTP/1.1" 200 60834
85.140.14.165 - - [21/Dec/2022:10:31:55 +0500] "POST /ords/wwv_flow.show HTTP/1.1" 200 14
85.140.14.165 - - [21/Dec/2022:10:31:59 +0500] "POST /ords/wwv_flow.show HTTP/1.1" 200 14
46.146.210.91 - - [21/Dec/2022:10:31:59 +0500] "GET /ords/api.HTP_ASPVK_DATA?nPVK_ID=0&vST_DT=21.12.2022%2010:21:58&vEND_DT=21.12.2022%2010:31:58 HTTP/1.1" 200 7005
178.161.254.155 - - [21/Dec/2022:10:32:03 +0500] "POST /ords/wwv_flow.accept HTTP/1.1" 302 5
85.140.14.165 - - [21/Dec/2022:10:32:03 +0500] "POST /ords/wwv_flow.show HTTP/1.1" 200 14
195.222.149.195 - - [21/Dec/2022:10:32:04 +0500] "GET /ords/api.HTP_ASPVK_DATA?nPVK_ID=0&vST_DT=21.12.2022%2008:24:49&vEND_DT=21.12.2022%2008:34:49 HTTP/1.1" 200 60834
46.146.220.195 - - [21/Dec/2022:10:32:09 +0500] "POST /ords/wwv_flow.show HTTP/1.1" 503 12947
46.146.210.91 - - [21/Dec/2022:10:32:12 +0500] "GET /ords/api.HTP_ASPVK_DATA?nPVK_ID=0&vST_DT=21.12.2022%2010:22:08&vEND_DT=21.12.2022%2010:32:08 HTTP/1.1" 503 12947
195.222.149.195 - - [21/Dec/2022:10:32:14 +0500] "GET /ords/api.HTP_ASPVK_DATA?nPVK_ID=0&vST_DT=21.12.2022%2008:24:59&vEND_DT=21.12.2022%2008:34:59 HTTP/1.1" 503 12947
46.146.220.195 - - [21/Dec/2022:10:32:15 +0500] "POST /ords/wwv_flow.show HTTP/1.1" 503 12947
85.140.14.165 - - [21/Dec/2022:10:32:37 +0500] "POST /ords/wwv_flow.accept HTTP/1.1" 302 5
85.140.14.165 - - [21/Dec/2022:10:32:41 +0500] "GET /ords/f?p=137:2:13197629112394::NO:::&success_msg=xODt7fvlIOjn7OXt5e37Lg%7E%7E%2Feq28ewEY-jbytdzD_yZ8fjtzTGDVxcYfIzGgJoAIWm8QstdR7ZUgipGzP7oYRAklRMWHg7WK4sKi_6MCSjL5Ag HTTP/1.1" 503 12947
46.146.210.91 - - [21/Dec/2022:10:32:42 +0500] "GET /ords/api.HTP_ASPVK_DATA?nPVK_ID=0&vST_DT=21.12.2022%2010:22:38&vEND_DT=21.12.2022%2010:32:38 HTTP/1.1" 503 12947
195.222.149.195 - - [21/Dec/2022:10:32:44 +0500] "GET /ords/api.HTP_ASPVK_DATA?nPVK_ID=0&vST_DT=21.12.2022%2008:25:29&vEND_DT=21.12.2022%2008:35:29 HTTP/1.1" 503 12947
85.140.14.165 - - [21/Dec/2022:10:32:45 +0500] "GET /ords/f?p=137:2:13197629112394::NO:::&success_msg=xODt7fvlIOjn7OXt5e37Lg%7E%7E%2Feq28ewEY-jbytdzD_yZ8fjtzTGDVxcYfIzGgJoAIWm8QstdR7ZUgipGzP7oYRAklRMWHg7WK4sKi_6MCSjL5Ag HTTP/1.1" 503 12947
89.185.71.78 - - [21/Dec/2022:10:32:58 +0500] "GET /ords/f?p=137:38:16831494950762::NO::: HTTP/1.1" 503 12947
81.4.234.170 - - [21/Dec/2022:10:33:01 +0500] "GET /ords/f?p=147:2:1136620714811::NO::P2_ID,P2_COUNT_ALL,P2_EDIT_MODE:115978,6, HTTP/1.1" 503 12947
89.185.71.78 - - [21/Dec/2022:10:33:05 +0500] "GET /ords/f?p=137:38:16831494950762::NO:RP:: HTTP/1.1" 503 12947
178.161.254.155 - - [21/Dec/2022:10:33:07 +0500] "GET /ords/f?p=147:2:2988946658517:::::&success_msg=xODt7fvlIOjn7OXt5e37Lg%7E%7E%2FHxc-a_crSGCohl_HkMuO_X2HL9fkUF7fxAibFrQQGuoHUOHNSX5cWdV_O9JgFWUf8unwOz_BK6pUww-3v8yjnQ HTTP/1.1" 200 101934
46.146.210.91 - - [21/Dec/2022:10:33:12 +0500] "GET /ords/api.HTP_ASPVK_DATA?nPVK_ID=0&vST_DT=21.12.2022%2010:23:08&vEND_DT=21.12.2022%2010:33:08 HTTP/1.1" 503 12947
178.161.254.155 - - [21/Dec/2022:10:33:13 +0500] "GET /ords/f?p=147:33:2988946658517::NO::P33_ID,P33_BEG_ROUTE,P33_END_ROUTE,P33_MID1_ROUTE,P33_MID2_ROUTE,P33_MID3_ROUTE,P33_MID4_ROUTE,P33_MID5_ROUTE:115633,,,,,,, HTTP/1.1" 503 12947
81.4.255.137 - - [21/Dec/2022:10:33:14 +0500] "GET /ords/f?p=137:2:12419048767444::NO:::&success_msg=xODt7fvlIOjn7OXt5e37Lg%7E%7E%2FbiWNyKjKWMR6aW8p_lQGfbtjwicScOTpJlLXf5k-99mgiTgP_EY4w_hWuLbRkJXNmnkQi6xQ_JIi6FVHosQXYA HTTP/1.1" 200 106685
195.222.149.195 - - [21/Dec/2022:10:33:15 +0500] "GET /ords/api.HTP_ASPVK_DATA?nPVK_ID=0&vST_DT=21.12.2022%2008:25:59&vEND_DT=21.12.2022%2008:35:59 HTTP/1.1" 200 60805
81.4.255.137 - - [21/Dec/2022:10:33:15 +0500] "POST /ords/wwv_flow.ajax HTTP/1.1" 200 1635
195.222.149.195 - - [21/Dec/2022:10:33:25 +0500] "GET /ords/api.HTP_ASPVK_DATA?nPVK_ID=0&vST_DT=21.12.2022%2008:26:09&vEND_DT=21.12.2022%2008:36:09 HTTP/1.1" 503 12947
81.4.234.170 - - [21/Dec/2022:10:33:31 +0500] "GET /ords/f?p=147:2:1136620714811::NO::P2_ID,P2_COUNT_ALL,P2_EDIT_MODE:115978,6, HTTP/1.1" 503 12947
81.4.234.170 - - [21/Dec/2022:10:33:32 +0500] "GET /ords/f?p=147:2:1136620714811::NO::P2_ID,P2_COUNT_ALL,P2_EDIT_MODE:115978,6, HTTP/1.1" 503 12947
46.146.220.195 - - [21/Dec/2022:10:33:35 +0500] "GET /ords/f?p=137:2:9077921933203::NO::P2_ID,P2_COUNT_ALL,P2_EDIT_MODE:115809,6, HTTP/1.1" 503 12947
46.146.210.91 - - [21/Dec/2022:10:33:42 +0500] "GET /ords/api.HTP_ASPVK_DATA?nPVK_ID=0&vST_DT=21.12.2022%2010:23:38&vEND_DT=21.12.2022%2010:33:38 HTTP/1.1" 503 12947
46.146.220.195 - - [21/Dec/2022:10:33:52 +0500] "GET /ords/f?p=137:2:9077921933203::NO::P2_ID,P2_COUNT_ALL,P2_EDIT_MODE:115797,6, HTTP/1.1" 200 118360
195.222.149.195 - - [21/Dec/2022:10:33:53 +0500] "GET /ords/api.HTP_ASPVK_DATA?nPVK_ID=0&vST_DT=21.12.2022%2008:26:39&vEND_DT=21.12.2022%2008:36:39 HTTP/1.1" 200 60306
46.146.220.195 - - [21/Dec/2022:10:33:53 +0500] "POST /ords/wwv_flow.ajax HTTP/1.1" 200 1476
81.4.255.137 - - [21/Dec/2022:10:33:59 +0500] "GET /ords/f?p=137:4:12419048767444::NO::P4_ID:116358 HTTP/1.1" 503 12947
195.222.149.195 - - [21/Dec/2022:10:34:05 +0500] "GET /ords/api.HTP_ASPVK_DATA?nPVK_ID=0&vST_DT=21.12.2022%2008:26:49&vEND_DT=21.12.2022%2008:36:49 HTTP/1.1" 503 12947
81.4.255.137 - - [21/Dec/2022:10:34:05 +0500] "GET /ords/f?p=137:4:12419048767444::NO::P4_ID:116358 HTTP/1.1" 503 12947
81.4.255.137 - - [21/Dec/2022:10:34:12 +0500] "GET /ords/f?p=137:4:12419048767444::NO::P4_ID:116358 HTTP/1.1" 503 12947
46.146.210.91 - - [21/Dec/2022:10:34:12 +0500] "GET /ords/api.HTP_ASPVK_DATA?nPVK_ID=0&vST_DT=21.12.2022%2010:24:08&vEND_DT=21.12.2022%2010:34:08 HTTP/1.1" 503 12947
85.140.14.165 - - [21/Dec/2022:10:34:13 +0500] "GET /ords/f?p=137:2:13197629112394::NO::P2_ID,P2_COUNT_ALL,P2_EDIT_MODE:116059,8, HTTP/1.1" 503 12947
81.4.234.170 - - [21/Dec/2022:10:34:14 +0500] "GET /ords/f?p=147:2:1136620714811::NO::P2_ID,P2_COUNT_ALL,P2_EDIT_MODE:115978,6, HTTP/1.1" 200 8206
46.146.220.195 - - [21/Dec/2022:10:34:14 +0500] "POST /ords/wwv_flow.show HTTP/1.1" 200 12
81.4.255.137 - - [21/Dec/2022:10:34:22 +0500] "GET /ords/f?p=137:4:12419048767444::NO::P4_ID:116358 HTTP/1.1" 200 648601
81.4.255.137 - - [21/Dec/2022:10:34:28 +0500] "GET /i/libraries/apex/minified/widget.tabular.min.js?v=18.2.0.00.12 HTTP/1.1" 200 4115
195.222.149.195 - - [21/Dec/2022:10:34:33 +0500] "GET /ords/api.HTP_ASPVK_DATA?nPVK_ID=0&vST_DT=21.12.2022%2008:27:19&vEND_DT=21.12.2022%2008:37:19 HTTP/1.1" 200 58778
46.146.210.91 - - [21/Dec/2022:10:34:39 +0500] "GET /ords/api.HTP_ASPVK_DATA?nPVK_ID=0&vST_DT=21.12.2022%2010:24:38&vEND_DT=21.12.2022%2010:34:38 HTTP/1.1" 200 13394
195.222.149.195 - - [21/Dec/2022:10:34:42 +0500] "GET /ords/api.HTP_ASPVK_DATA?nPVK_ID=0&vST_DT=21.12.2022%2008:27:29&vEND_DT=21.12.2022%2008:37:29 HTTP/1.1" 200 58778
46.146.210.91 - - [21/Dec/2022:10:34:49 +0500] "GET /ords/api.HTP_ASPVK_DATA?nPVK_ID=0&vST_DT=21.12.2022%2010:24:48&vEND_DT=21.12.2022%2010:34:48 HTTP/1.1" 200 13394
85.140.14.165 - - [21/Dec/2022:10:34:53 +0500] "GET /ords/f?p=137:2:13197629112394::NO::P2_ID,P2_COUNT_ALL,P2_EDIT_MODE:116059,8, HTTP/1.1" 200 111470
195.222.149.195 - - [21/Dec/2022:10:34:53 +0500] "GET /ords/api.HTP_ASPVK_DATA?nPVK_ID=0&vST_DT=21.12.2022%2008:27:39&vEND_DT=21.12.2022%2008:37:39 HTTP/1.1" 200 61475
46.146.210.91 - - [21/Dec/2022:10:34:59 +0500] "GET /ords/api.HTP_ASPVK_DATA?nPVK_ID=0&vST_DT=21.12.2022%2010:24:58&vEND_DT=21.12.2022%2010:34:58 HTTP/1.1" 200 13394
46.146.220.195 - - [21/Dec/2022:10:35:00 +0500] "POST /ords/wwv_flow.show HTTP/1.1" 200 51
46.146.220.195 - - [21/Dec/2022:10:35:02 +0500] "POST /ords/wwv_flow.show HTTP/1.1" 200 13
195.222.149.195 - - [21/Dec/2022:10:35:03 +0500] "GET /ords/api.HTP_ASPVK_DATA?nPVK_ID=0&vST_DT=21.12.2022%2008:27:49&vEND_DT=21.12.2022%2008:37:49 HTTP/1.1" 200 58432
46.146.210.91 - - [21/Dec/2022:10:35:09 +0500] "GET /ords/api.HTP_ASPVK_DATA?nPVK_ID=0&vST_DT=21.12.2022%2010:25:08&vEND_DT=21.12.2022%2010:35:08 HTTP/1.1" 200 13394
195.222.149.195 - - [21/Dec/2022:10:35:13 +0500] "GET /ords/api.HTP_ASPVK_DATA?nPVK_ID=0&vST_DT=21.12.2022%2008:27:59&vEND_DT=21.12.2022%2008:37:59 HTTP/1.1" 200 58432
178.161.254.155 - - [21/Dec/2022:10:35:14 +0500] "GET /ords/f?p=147:1:14631458576664:::: HTTP/1.1" 302 5
178.161.254.155 - - [21/Dec/2022:10:35:14 +0500] "GET /ords/f?p=101:210:::::: HTTP/1.1" 200 482
178.161.254.155 - - [21/Dec/2022:10:35:14 +0500] "GET /ords/f?p=101:210:0:::::&tz=5:00 HTTP/1.1" 200 16246
178.161.254.155 - - [21/Dec/2022:10:35:16 +0500] "POST /ords/wwv_flow.accept HTTP/1.1" 302 5
85.140.14.165 - - [21/Dec/2022:10:35:16 +0500] "POST /ords/wwv_flow.ajax HTTP/1.1" 200 1575
81.4.234.170 - - [21/Dec/2022:10:35:20 +0500] "GET /ords/f?p=147:1:16119847876662:::: HTTP/1.1" 503 12947
46.146.210.91 - - [21/Dec/2022:10:35:22 +0500] "GET /ords/api.HTP_ASPVK_DATA?nPVK_ID=0&vST_DT=21.12.2022%2010:25:18&vEND_DT=21.12.2022%2010:35:18 HTTP/1.1" 503 12947
195.222.149.195 - - [21/Dec/2022:10:35:25 +0500] "GET /ords/api.HTP_ASPVK_DATA?nPVK_ID=0&vST_DT=21.12.2022%2008:28:09&vEND_DT=21.12.2022%2008:38:09 HTTP/1.1" 503 12947
193.150.52.182 - - [21/Dec/2022:10:35:26 +0500] "GET /ords/f?p=137:38:11888619527976:::: HTTP/1.1" 503 12947
46.146.220.195 - - [21/Dec/2022:10:35:27 +0500] "POST /ords/wwv_flow.show HTTP/1.1" 503 12947
81.4.234.170 - - [21/Dec/2022:10:35:29 +0500] "GET / HTTP/1.1" 302 -
178.47.142.68 - - [21/Dec/2022:10:35:32 +0500] "GET /ords/f?p=101:1:3930953951089:::::&tz=5%3A00 HTTP/1.1" 503 12947
81.4.234.170 - - [21/Dec/2022:10:35:32 +0500] "GET /ords/f?p=101:210 HTTP/1.1" 503 12947
193.150.52.182 - - [21/Dec/2022:10:35:42 +0500] "GET /ords/f?p=137:4:11888619527976::NO::P4_ID: HTTP/1.1" 503 12947
178.47.142.68 - - [21/Dec/2022:10:35:43 +0500] "GET / HTTP/1.1" 302 -
178.47.142.68 - - [21/Dec/2022:10:35:46 +0500] "GET /ords/f?p=101:210 HTTP/1.1" 503 12947
193.150.52.182 - - [21/Dec/2022:10:35:48 +0500] "GET /ords/f?p=137:4:11888619527976::NO::P4_ID: HTTP/1.1" 503 12947
178.46.184.35 - - [21/Dec/2022:10:35:49 +0500] "GET / HTTP/1.1" 302 -
46.146.210.91 - - [21/Dec/2022:10:35:52 +0500] "GET /ords/api.HTP_ASPVK_DATA?nPVK_ID=0&vST_DT=21.12.2022%2010:25:48&vEND_DT=21.12.2022%2010:35:48 HTTP/1.1" 503 12947
178.46.184.35 - - [21/Dec/2022:10:35:52 +0500] "GET /ords/f?p=101:210 HTTP/1.1" 503 12947
193.150.52.182 - - [21/Dec/2022:10:35:54 +0500] "GET /ords/f?p=137:38:11888619527976:::: HTTP/1.1" 503 12947
195.222.149.195 - - [21/Dec/2022:10:35:55 +0500] "GET /ords/api.HTP_ASPVK_DATA?nPVK_ID=0&vST_DT=21.12.2022%2008:28:39&vEND_DT=21.12.2022%2008:38:39 HTTP/1.1" 503 12947
193.150.52.182 - - [21/Dec/2022:10:35:59 +0500] "GET /ords/f?p=137:38:11888619527976:::: HTTP/1.1" 503 12947
178.161.254.155 - - [21/Dec/2022:10:36:07 +0500] "GET /ords/f?p=147:2:2988946658517::NO::P2_ID,P2_COUNT_ALL,P2_EDIT_MODE:115633,3, HTTP/1.1" 200 101774
178.161.254.155 - - [21/Dec/2022:10:36:13 +0500] "GET /ords/f?p=147:1:16307644981926::::: HTTP/1.1" 200 56949
46.146.210.91 - - [21/Dec/2022:10:36:19 +0500] "GET /ords/api.HTP_ASPVK_DATA?nPVK_ID=0&vST_DT=21.12.2022%2010:26:18&vEND_DT=21.12.2022%2010:36:18 HTTP/1.1" 200 13394
195.222.149.195 - - [21/Dec/2022:10:36:23 +0500] "GET /ords/api.HTP_ASPVK_DATA?nPVK_ID=0&vST_DT=21.12.2022%2008:29:10&vEND_DT=21.12.2022%2008:39:10 HTTP/1.1" 200 64113
46.146.210.91 - - [21/Dec/2022:10:36:29 +0500] "GET /ords/api.HTP_ASPVK_DATA?nPVK_ID=0&vST_DT=21.12.2022%2010:26:28&vEND_DT=21.12.2022%2010:36:28 HTTP/1.1" 200 13394
193.150.52.182 - - [21/Dec/2022:10:36:31 +0500] "GET /ords/f?p=137:38:11888619527976:::: HTTP/1.1" 200 8206
195.222.149.195 - - [21/Dec/2022:10:36:33 +0500] "GET /ords/api.HTP_ASPVK_DATA?nPVK_ID=0&vST_DT=21.12.2022%2008:29:20&vEND_DT=21.12.2022%2008:39:20 HTTP/1.1" 200 67168
46.146.210.91 - - [21/Dec/2022:10:36:39 +0500] "GET /ords/api.HTP_ASPVK_DATA?nPVK_ID=0&vST_DT=21.12.2022%2010:26:38&vEND_DT=21.12.2022%2010:36:38 HTTP/1.1" 200 13394
195.222.149.195 - - [21/Dec/2022:10:36:43 +0500] "GET /ords/api.HTP_ASPVK_DATA?nPVK_ID=0&vST_DT=21.12.2022%2008:29:30&vEND_DT=21.12.2022%2008:39:30 HTTP/1.1" 200 67168
46.146.210.91 - - [21/Dec/2022:10:36:49 +0500] "GET /ords/api.HTP_ASPVK_DATA?nPVK_ID=0&vST_DT=21.12.2022%2010:26:48&vEND_DT=21.12.2022%2010:36:48 HTTP/1.1" 200 13394
85.140.14.165 - - [21/Dec/2022:10:36:51 +0500] "GET /ords/wwv_flow.show?p_request=APPLICATION_PROCESS%3DGET_SQL_RESULT&p_flow_id=555&p_flow_step_id=0&p_instance=13197629112394&p_arg_names=F_APPLICATION_ID&p_arg_values=137&p_arg_names=F_FILTER_TEXT&p_arg_values=&p_arg_names=F_LOV_NAME&p_arg_values=%D0%A1%D0%A2%D0%90%D0%A2%D0%A3%D0%A1%D0%AB_%D0%97%D0%90%D0%AF%D0%92%D0%9E%D0%9A&p_arg_names=F_FILTER_TEXT2&p_arg_values=&p_arg_names=F_RESULT_COUNT&p_arg_values=50 HTTP/1.1" 200 147
85.140.14.165 - - [21/Dec/2022:10:36:51 +0500] "GET /ords/r/r/files/static/v74Y/ui-anim_basic_16x16.gif HTTP/1.1" 404 5
195.222.149.195 - - [21/Dec/2022:10:36:55 +0500] "GET /ords/api.HTP_ASPVK_DATA?nPVK_ID=0&vST_DT=21.12.2022%2008:29:40&vEND_DT=21.12.2022%2008:39:40 HTTP/1.1" 503 12947
85.140.14.165 - - [21/Dec/2022:10:36:57 +0500] "POST /ords/wwv_flow.accept HTTP/1.1" 503 12947
81.4.234.170 - - [21/Dec/2022:10:36:57 +0500] "GET /ords/f?p=147:1:1136620714811:::: HTTP/1.1" 503 12947
46.146.210.91 - - [21/Dec/2022:10:37:02 +0500] "GET /ords/api.HTP_ASPVK_DATA?nPVK_ID=0&vST_DT=21.12.2022%2010:26:58&vEND_DT=21.12.2022%2010:36:58 HTTP/1.1" 503 12947
81.4.234.170 - - [21/Dec/2022:10:37:02 +0500] "GET /ords/f?p=147:1:1136620714811:::: HTTP/1.1" 503 12947
85.140.14.165 - - [21/Dec/2022:10:37:06 +0500] "GET /ords/f?p=137:2:13197629112394::NO::P2_ID,P2_COUNT_ALL,P2_EDIT_MODE:116059,8, HTTP/1.1" 503 12947
85.140.14.165 - - [21/Dec/2022:10:37:13 +0500] "GET /ords/f?p=137:2:13197629112394::NO::P2_ID,P2_COUNT_ALL,P2_EDIT_MODE:116059,8, HTTP/1.1" 503 12947
195.222.149.195 - - [21/Dec/2022:10:37:25 +0500] "GET /ords/api.HTP_ASPVK_DATA?nPVK_ID=0&vST_DT=21.12.2022%2008:30:10&vEND_DT=21.12.2022%2008:40:10 HTTP/1.1" 503 12947
178.161.254.155 - - [21/Dec/2022:10:37:27 +0500] "GET /ords/f?p=147:33:2988946658517::NO::P33_ID,P33_BEG_ROUTE,P33_END_ROUTE,P33_MID1_ROUTE,P33_MID2_ROUTE,P33_MID3_ROUTE,P33_MID4_ROUTE,P33_MID5_ROUTE:115633,,,,,,, HTTP/1.1" 503 12947
85.140.14.165 - - [21/Dec/2022:10:37:32 +0500] "GET /ords/f?p=137:2:13197629112394::NO::P2_ID,P2_COUNT_ALL,P2_EDIT_MODE:116059,8, HTTP/1.1" 503 12947
46.146.210.91 - - [21/Dec/2022:10:37:32 +0500] "GET /ords/api.HTP_ASPVK_DATA?nPVK_ID=0&vST_DT=21.12.2022%2010:27:28&vEND_DT=21.12.2022%2010:37:28 HTTP/1.1" 503 12947
85.140.14.165 - - [21/Dec/2022:10:37:37 +0500] "GET /ords/f?p=137:2:13197629112394::NO::P2_ID,P2_COUNT_ALL,P2_EDIT_MODE:116059,8, HTTP/1.1" 503 12947
85.140.14.165 - - [21/Dec/2022:10:37:40 +0500] "GET /ords/f?p=137:2:13197629112394::NO::P2_ID,P2_COUNT_ALL,P2_EDIT_MODE:116059,8, HTTP/1.1" 503 12947
212.33.243.160 - - [21/Dec/2022:10:37:40 +0500] "GET /ords/f?p=137:2:14305507938381::NO::P2_ID,P2_COUNT_ALL,P2_EDIT_MODE:116351,7, HTTP/1.1" 503 12947
217.151.131.77 - - [21/Dec/2022:10:37:45 +0500] "POST /ords/wwv_flow.accept HTTP/1.1" 503 12947
193.169.110.189 - - [21/Dec/2022:10:37:48 +0500] "GET /ords/f?p=147:2:5213760536325::NO::P2_ID,P2_COUNT_ALL,P2_EDIT_MODE:116101,6, HTTP/1.1" 200 8206
217.151.131.77 - - [21/Dec/2022:10:37:52 +0500] "GET /ords/f?p=137:38:13097526440995:::: HTTP/1.1" 503 12947
195.222.149.195 - - [21/Dec/2022:10:37:55 +0500] "GET /ords/api.HTP_ASPVK_DATA?nPVK_ID=0&vST_DT=21.12.2022%2008:30:40&vEND_DT=21.12.2022%2008:40:40 HTTP/1.1" 503 12947
193.169.110.189 - - [21/Dec/2022:10:37:57 +0500] "GET /ords/f?p=147:2:5213760536325::NO::P2_ID,P2_COUNT_ALL,P2_EDIT_MODE:116101,6, HTTP/1.1" 200 104022
212.33.243.160 - - [21/Dec/2022:10:37:58 +0500] "GET / HTTP/1.1" 302 -
212.33.243.160 - - [21/Dec/2022:10:38:01 +0500] "GET /ords/f?p=101:210 HTTP/1.1" 503 12947
46.146.210.91 - - [21/Dec/2022:10:38:02 +0500] "GET /ords/api.HTP_ASPVK_DATA?nPVK_ID=0&vST_DT=21.12.2022%2010:27:58&vEND_DT=21.12.2022%2010:37:58 HTTP/1.1" 503 12947
193.169.110.189 - - [21/Dec/2022:10:38:04 +0500] "POST /ords/wwv_flow.show HTTP/1.1" 503 12947
46.146.220.195 - - [21/Dec/2022:10:38:04 +0500] "POST /ords/wwv_flow.show HTTP/1.1" 503 12947
217.151.131.77 - - [21/Dec/2022:10:38:14 +0500] "GET /ords/f?p=137:38:13097526440995:::: HTTP/1.1" 200 54492
46.146.220.195 - - [21/Dec/2022:10:38:23 +0500] "POST /ords/wwv_flow.show HTTP/1.1" 503 12947
195.222.149.195 - - [21/Dec/2022:10:38:25 +0500] "GET /ords/api.HTP_ASPVK_DATA?nPVK_ID=0&vST_DT=21.12.2022%2008:31:10&vEND_DT=21.12.2022%2008:41:10 HTTP/1.1" 503 12947
193.169.110.189 - - [21/Dec/2022:10:38:28 +0500] "POST /ords/wwv_flow.show HTTP/1.1" 503 12947
46.146.210.91 - - [21/Dec/2022:10:38:32 +0500] "GET /ords/api.HTP_ASPVK_DATA?nPVK_ID=0&vST_DT=21.12.2022%2010:28:28&vEND_DT=21.12.2022%2010:38:28 HTTP/1.1" 503 12947
85.140.14.165 - - [21/Dec/2022:10:38:34 +0500] "GET /ords/f?p=137:2:13197629112394::NO::P2_ID,P2_COUNT_ALL,P2_EDIT_MODE:116059,8, HTTP/1.1" 200 111559
81.4.255.137 - - [21/Dec/2022:10:38:36 +0500] "GET /ords/r/r/files/static/v74Y/ui-anim_basic_16x16.gif HTTP/1.1" 404 5
