194.226.162.30 - - [20/Dec/2022:10:24:10 +0500] "GET /i/sp/aspvk/76/85/0308676855417838_oi.jpg HTTP/1.1" 200 83650
194.226.162.30 - - [20/Dec/2022:10:24:10 +0500] "GET /i/sp/aspvk/76/85/0308676855417838_lpif.jpg HTTP/1.1" 200 40192
194.226.162.30 - - [20/Dec/2022:10:24:11 +0500] "GET /i/sp/aspvk/76/95/0308676955417843_lpif.jpg HTTP/1.1" 200 2201
194.226.162.30 - - [20/Dec/2022:10:24:11 +0500] "GET /i/sp/aspvk/75/59/0308675595417780_oi.jpg HTTP/1.1" 200 73768
195.222.149.195 - - [20/Dec/2022:10:24:11 +0500] "GET /ords/api.HTP_ASPVK_DATA?nPVK_ID=0&vST_DT=20.12.2022%2008:16:57&vEND_DT=20.12.2022%2008:26:57 HTTP/1.1" 200 7791
194.226.162.30 - - [20/Dec/2022:10:24:11 +0500] "GET /i/sp/aspvk/76/95/0308676955417843_oi.jpg HTTP/1.1" 200 77673
194.226.162.30 - - [20/Dec/2022:10:24:11 +0500] "GET /i/sp/aspvk/77/25/0308677255417853_oi.jpg HTTP/1.1" 200 83164
194.226.162.30 - - [20/Dec/2022:10:24:11 +0500] "GET /i/sp/aspvk/77/25/0308677255417853_lpif.jpg HTTP/1.1" 200 2226
194.226.162.30 - - [20/Dec/2022:10:24:11 +0500] "GET /i/sp/aspvk/78/01/0308678015417893_lpif.jpg HTTP/1.1" 200 80507
194.226.162.30 - - [20/Dec/2022:10:24:11 +0500] "GET /i/sp/aspvk/78/01/0308678015417893_oi.jpg HTTP/1.1" 200 103682
194.226.162.30 - - [20/Dec/2022:10:24:11 +0500] "GET /i/sp/aspvk/78/02/0308678025417894_lpif.jpg HTTP/1.1" 200 2201
194.226.162.30 - - [20/Dec/2022:10:24:11 +0500] "GET /i/sp/aspvk/78/02/0308678025417894_oi.jpg HTTP/1.1" 200 93304
194.226.162.30 - - [20/Dec/2022:10:24:11 +0500] "GET /i/sp/aspvk/78/39/0308678395417909_oi.jpg HTTP/1.1" 200 87939
194.226.162.30 - - [20/Dec/2022:10:24:11 +0500] "GET /i/sp/aspvk/78/39/0308678395417909_lpif.jpg HTTP/1.1" 200 38603
194.226.162.30 - - [20/Dec/2022:10:24:11 +0500] "GET /i/sp/aspvk/78/66/0308678665417915_lpif.jpg HTTP/1.1" 200 78702
194.226.162.30 - - [20/Dec/2022:10:24:11 +0500] "GET /i/sp/aspvk/78/66/0308678665417915_oi.jpg HTTP/1.1" 200 55903
194.226.162.30 - - [20/Dec/2022:10:24:11 +0500] "GET /i/sp/aspvk/78/68/0308678685417917_lpif.jpg HTTP/1.1" 200 87613
194.226.162.30 - - [20/Dec/2022:10:24:11 +0500] "GET /i/sp/aspvk/78/68/0308678685417917_oi.jpg HTTP/1.1" 200 64716
194.226.162.30 - - [20/Dec/2022:10:24:12 +0500] "GET /i/sp/aspvk/79/38/0308679385417953_lpif.jpg HTTP/1.1" 200 2292
194.226.162.30 - - [20/Dec/2022:10:24:12 +0500] "GET /i/sp/aspvk/79/38/0308679385417953_oi.jpg HTTP/1.1" 200 73836
194.226.162.30 - - [20/Dec/2022:10:24:12 +0500] "GET /i/sp/aspvk/79/88/0308679885417976_oi.jpg HTTP/1.1" 200 81795
194.226.162.30 - - [20/Dec/2022:10:24:12 +0500] "GET /i/sp/aspvk/79/88/0308679885417976_lpif.jpg HTTP/1.1" 200 39224
194.226.162.30 - - [20/Dec/2022:10:24:12 +0500] "GET /i/sp/aspvk/80/15/0308680155417990_lpif.jpg HTTP/1.1" 200 2236
194.226.162.30 - - [20/Dec/2022:10:24:12 +0500] "GET /i/sp/aspvk/80/52/0308680525418001_lpif.jpg HTTP/1.1" 200 1925
194.226.162.30 - - [20/Dec/2022:10:24:12 +0500] "GET /i/sp/aspvk/80/15/0308680155417990_oi.jpg HTTP/1.1" 200 96059
194.226.162.30 - - [20/Dec/2022:10:24:12 +0500] "GET /i/sp/aspvk/80/52/0308680525418001_oi.jpg HTTP/1.1" 200 71196
194.226.162.30 - - [20/Dec/2022:10:24:12 +0500] "GET /i/sp/aspvk/80/93/0308680935418020_oi.jpg HTTP/1.1" 200 84380
194.226.162.30 - - [20/Dec/2022:10:24:12 +0500] "GET /i/sp/aspvk/80/93/0308680935418020_lpif.jpg HTTP/1.1" 200 37301
194.226.162.30 - - [20/Dec/2022:10:24:12 +0500] "GET /i/sp/aspvk/80/98/0308680985418025_oi.jpg HTTP/1.1" 200 73534
194.226.162.30 - - [20/Dec/2022:10:24:12 +0500] "GET /i/sp/aspvk/82/15/0308682155418034_lpif.jpg HTTP/1.1" 200 38952
194.226.162.30 - - [20/Dec/2022:10:24:12 +0500] "GET /i/sp/aspvk/80/98/0308680985418025_lpif.jpg HTTP/1.1" 200 40563
194.226.162.30 - - [20/Dec/2022:10:24:12 +0500] "GET /i/sp/aspvk/82/15/0308682155418034_oi.jpg HTTP/1.1" 200 81720
194.226.162.30 - - [20/Dec/2022:10:24:12 +0500] "GET /i/sp/aspvk/82/33/0308682335418053_oi.jpg HTTP/1.1" 200 72150
194.226.162.30 - - [20/Dec/2022:10:24:12 +0500] "GET /i/sp/aspvk/82/33/0308682335418053_lpif.jpg HTTP/1.1" 200 34426
194.226.162.30 - - [20/Dec/2022:10:24:12 +0500] "GET /i/sp/aspvk/82/35/0308682355418055_lpif.jpg HTTP/1.1" 200 2316
194.226.162.30 - - [20/Dec/2022:10:24:12 +0500] "GET /i/sp/aspvk/82/58/0308682585418079_lpif.jpg HTTP/1.1" 200 34893
194.226.162.30 - - [20/Dec/2022:10:24:12 +0500] "GET /i/sp/aspvk/82/35/0308682355418055_oi.jpg HTTP/1.1" 200 68672
194.226.162.30 - - [20/Dec/2022:10:24:12 +0500] "GET /i/sp/aspvk/82/58/0308682585418079_oi.jpg HTTP/1.1" 200 73654
194.226.162.30 - - [20/Dec/2022:10:24:12 +0500] "GET /i/sp/aspvk/82/73/0308682735418095_lpif.jpg HTTP/1.1" 200 42439
194.226.162.30 - - [20/Dec/2022:10:24:12 +0500] "GET /i/sp/aspvk/82/73/0308682735418095_oi.jpg HTTP/1.1" 200 81953
194.226.162.30 - - [20/Dec/2022:10:24:12 +0500] "GET /i/sp/aspvk/82/93/0308682935418115_lpif.jpg HTTP/1.1" 200 2372
194.226.162.30 - - [20/Dec/2022:10:24:12 +0500] "GET /i/sp/aspvk/82/93/0308682935418115_oi.jpg HTTP/1.1" 200 85385
46.146.220.195 - - [20/Dec/2022:10:24:12 +0500] "GET /ords/f?p=137:2:5746755310038::NO::P2_ID,P2_COUNT_ALL,P2_EDIT_MODE:115635,3, HTTP/1.1" 200 115708
194.226.162.30 - - [20/Dec/2022:10:24:13 +0500] "GET /i/sp/aspvk/83/05/0308683055418127_oi.jpg HTTP/1.1" 200 78910
46.146.220.195 - - [20/Dec/2022:10:24:13 +0500] "GET /ords/f?p=137:2:5746755310038::NO::P2_ID,P2_COUNT_ALL,P2_EDIT_MODE:115647,3, HTTP/1.1" 200 115518
194.226.162.30 - - [20/Dec/2022:10:24:13 +0500] "GET /i/sp/aspvk/83/05/0308683055418127_lpif.jpg HTTP/1.1" 200 2228
46.146.220.195 - - [20/Dec/2022:10:24:14 +0500] "POST /ords/wwv_flow.ajax HTTP/1.1" 200 1476
46.146.220.195 - - [20/Dec/2022:10:24:14 +0500] "POST /ords/wwv_flow.ajax HTTP/1.1" 200 1476
194.226.162.30 - - [20/Dec/2022:10:24:14 +0500] "GET /ords/DISPLAY_IMAGE?inID=24 HTTP/1.1" 200 3952
194.226.162.30 - - [20/Dec/2022:10:24:14 +0500] "GET /ords/DISPLAY_IMAGE?inID=13 HTTP/1.1" 200 4616
46.146.210.91 - - [20/Dec/2022:10:24:18 +0500] "GET /ords/api.HTP_ASPVK_DATA?nPVK_ID=0&vST_DT=20.12.2022%2010:14:17&vEND_DT=20.12.2022%2010:24:17 HTTP/1.1" 200 5065
195.222.149.195 - - [20/Dec/2022:10:24:21 +0500] "GET /ords/api.HTP_ASPVK_DATA?nPVK_ID=0&vST_DT=20.12.2022%2008:17:07&vEND_DT=20.12.2022%2008:27:07 HTTP/1.1" 200 7791
212.120.180.146 - - [20/Dec/2022:10:24:21 +0500] "GET /ords/f?p=101:1:17486995313098::::: HTTP/1.1" 302 5
212.120.180.146 - - [20/Dec/2022:10:24:22 +0500] "GET /ords/f?p=101:210:0:::::&tz=5:00 HTTP/1.1" 200 16248
194.226.162.30 - - [20/Dec/2022:10:24:27 +0500] "GET /i/sp/aspvk/07/40/0308607405414695_lpib.jpg HTTP/1.1" 200 78456
194.226.162.30 - - [20/Dec/2022:10:24:27 +0500] "GET /i/sp/aspvk/07/40/0308607405414695_dif.jpg HTTP/1.1" 200 151521
194.226.162.30 - - [20/Dec/2022:10:24:27 +0500] "GET /i/sp/aspvk/07/40/0308607405414695_dib.jpg HTTP/1.1" 200 78456
194.226.162.30 - - [20/Dec/2022:10:24:27 +0500] "GET /i/sp/aspvk/07/40/0308607405414695_oib.jpg HTTP/1.1" 200 111511
46.146.210.91 - - [20/Dec/2022:10:24:29 +0500] "GET /ords/api.HTP_ASPVK_DATA?nPVK_ID=0&vST_DT=20.12.2022%2010:14:27&vEND_DT=20.12.2022%2010:24:27 HTTP/1.1" 200 5065
195.222.149.195 - - [20/Dec/2022:10:24:31 +0500] "GET /ords/api.HTP_ASPVK_DATA?nPVK_ID=0&vST_DT=20.12.2022%2008:17:17&vEND_DT=20.12.2022%2008:27:17 HTTP/1.1" 200 7791
46.146.210.91 - - [20/Dec/2022:10:24:39 +0500] "GET /ords/api.HTP_ASPVK_DATA?nPVK_ID=0&vST_DT=20.12.2022%2010:14:37&vEND_DT=20.12.2022%2010:24:37 HTTP/1.1" 200 5065
46.146.220.195 - - [20/Dec/2022:10:24:39 +0500] "POST /ords/wwv_flow.show HTTP/1.1" 200 12
46.146.220.195 - - [20/Dec/2022:10:24:39 +0500] "POST /ords/wwv_flow.show HTTP/1.1" 200 12
195.222.149.195 - - [20/Dec/2022:10:24:41 +0500] "GET /ords/api.HTP_ASPVK_DATA?nPVK_ID=0&vST_DT=20.12.2022%2008:17:27&vEND_DT=20.12.2022%2008:27:27 HTTP/1.1" 200 7791
194.226.162.30 - - [20/Dec/2022:10:24:43 +0500] "GET /i/sp/aspvk/10/50/0308610505414856_dib.jpg HTTP/1.1" 200 129445
194.226.162.30 - - [20/Dec/2022:10:24:43 +0500] "GET /i/sp/aspvk/10/50/0308610505414856_lpib.jpg HTTP/1.1" 200 129445
194.226.162.30 - - [20/Dec/2022:10:24:43 +0500] "GET /i/sp/aspvk/10/50/0308610505414856_oib.jpg HTTP/1.1" 200 76146
194.226.162.30 - - [20/Dec/2022:10:24:43 +0500] "GET /i/sp/aspvk/10/50/0308610505414856_dif.jpg HTTP/1.1" 200 36015
46.146.210.91 - - [20/Dec/2022:10:24:49 +0500] "GET /ords/api.HTP_ASPVK_DATA?nPVK_ID=0&vST_DT=20.12.2022%2010:14:47&vEND_DT=20.12.2022%2010:24:47 HTTP/1.1" 200 5065
195.222.149.195 - - [20/Dec/2022:10:24:50 +0500] "GET /ords/api.HTP_ASPVK_DATA?nPVK_ID=0&vST_DT=19.12.2022%2008:26:46&vEND_DT=20.12.2022%2008:26:46 HTTP/1.1" 500 12951
195.222.149.195 - - [20/Dec/2022:10:24:51 +0500] "GET /ords/api.HTP_ASPVK_DATA?nPVK_ID=0&vST_DT=20.12.2022%2008:17:37&vEND_DT=20.12.2022%2008:27:37 HTTP/1.1" 200 5845
212.120.180.146 - - [20/Dec/2022:10:24:51 +0500] "POST /ords/wwv_flow.accept HTTP/1.1" 302 5
212.120.180.146 - - [20/Dec/2022:10:24:51 +0500] "GET /ords/f?p=101:1:10699430719985::::: HTTP/1.1" 200 504
194.226.162.30 - - [20/Dec/2022:10:24:51 +0500] "GET /i/sp/aspvk/11/03/0308611035414882_dif.jpg HTTP/1.1" 200 37932
194.226.162.30 - - [20/Dec/2022:10:24:51 +0500] "GET /i/sp/aspvk/11/03/0308611035414882_dib.jpg HTTP/1.1" 200 128263
194.226.162.30 - - [20/Dec/2022:10:24:51 +0500] "GET /i/sp/aspvk/11/03/0308611035414882_lpib.jpg HTTP/1.1" 200 128263
194.226.162.30 - - [20/Dec/2022:10:24:51 +0500] "GET /i/sp/aspvk/11/03/0308611035414882_oib.jpg HTTP/1.1" 200 65817
212.120.180.146 - - [20/Dec/2022:10:24:54 +0500] "GET /ords/f?p=101:1:10699430719985:::::&tz=5:00 HTTP/1.1" 200 10152
46.146.210.91 - - [20/Dec/2022:10:24:59 +0500] "GET /ords/api.HTP_ASPVK_DATA?nPVK_ID=0&vST_DT=20.12.2022%2010:14:57&vEND_DT=20.12.2022%2010:24:57 HTTP/1.1" 200 5065
195.222.149.195 - - [20/Dec/2022:10:25:01 +0500] "GET /ords/api.HTP_ASPVK_DATA?nPVK_ID=0&vST_DT=20.12.2022%2008:17:48&vEND_DT=20.12.2022%2008:27:48 HTTP/1.1" 200 5845
194.226.162.30 - - [20/Dec/2022:10:25:01 +0500] "GET /i/sp/aspvk/11/54/0308611545414909_dib.jpg HTTP/1.1" 200 109931
194.226.162.30 - - [20/Dec/2022:10:25:01 +0500] "GET /i/sp/aspvk/11/54/0308611545414909_lpib.jpg HTTP/1.1" 200 109931
194.226.162.30 - - [20/Dec/2022:10:25:01 +0500] "GET /i/sp/aspvk/11/54/0308611545414909_oib.jpg HTTP/1.1" 200 77015
194.226.162.30 - - [20/Dec/2022:10:25:01 +0500] "GET /i/sp/aspvk/11/54/0308611545414909_dif.jpg HTTP/1.1" 200 38330
46.146.220.195 - - [20/Dec/2022:10:25:07 +0500] "POST /ords/wwv_flow.accept HTTP/1.1" 302 5
46.146.210.91 - - [20/Dec/2022:10:25:09 +0500] "GET /ords/api.HTP_ASPVK_DATA?nPVK_ID=0&vST_DT=20.12.2022%2010:15:07&vEND_DT=20.12.2022%2010:25:07 HTTP/1.1" 200 5065
195.222.149.195 - - [20/Dec/2022:10:25:11 +0500] "GET /ords/api.HTP_ASPVK_DATA?nPVK_ID=0&vST_DT=20.12.2022%2008:17:58&vEND_DT=20.12.2022%2008:27:58 HTTP/1.1" 200 5845
194.226.162.30 - - [20/Dec/2022:10:25:11 +0500] "GET /i/sp/aspvk/13/15/0308613155414982_dib.jpg HTTP/1.1" 200 115567
194.226.162.30 - - [20/Dec/2022:10:25:11 +0500] "GET /i/sp/aspvk/13/15/0308613155414982_lpib.jpg HTTP/1.1" 200 115567
194.226.162.30 - - [20/Dec/2022:10:25:11 +0500] "GET /i/sp/aspvk/13/15/0308613155414982_oib.jpg HTTP/1.1" 200 62911
194.226.162.30 - - [20/Dec/2022:10:25:11 +0500] "GET /i/sp/aspvk/13/15/0308613155414982_dif.jpg HTTP/1.1" 200 39187
46.146.210.91 - - [20/Dec/2022:10:25:19 +0500] "GET /ords/api.HTP_ASPVK_DATA?nPVK_ID=0&vST_DT=20.12.2022%2010:15:17&vEND_DT=20.12.2022%2010:25:17 HTTP/1.1" 200 6602
46.146.220.195 - - [20/Dec/2022:10:25:19 +0500] "GET /ords/f?p=137:2:5746755310038::NO::P2_ID,P2_COUNT_ALL,P2_EDIT_MODE:115597,7, HTTP/1.1" 200 117695
46.146.220.195 - - [20/Dec/2022:10:25:20 +0500] "POST /ords/wwv_flow.ajax HTTP/1.1" 200 1476
195.222.149.195 - - [20/Dec/2022:10:25:21 +0500] "GET /ords/api.HTP_ASPVK_DATA?nPVK_ID=0&vST_DT=20.12.2022%2008:18:08&vEND_DT=20.12.2022%2008:28:08 HTTP/1.1" 200 5845
194.226.162.30 - - [20/Dec/2022:10:25:21 +0500] "GET /i/sp/aspvk/14/00/0308614005415030_dib.jpg HTTP/1.1" 200 112900
194.226.162.30 - - [20/Dec/2022:10:25:21 +0500] "GET /i/sp/aspvk/14/00/0308614005415030_dif.jpg HTTP/1.1" 200 39074
194.226.162.30 - - [20/Dec/2022:10:25:21 +0500] "GET /i/sp/aspvk/14/00/0308614005415030_oib.jpg HTTP/1.1" 200 59553
194.226.162.30 - - [20/Dec/2022:10:25:21 +0500] "GET /i/sp/aspvk/14/00/0308614005415030_lpib.jpg HTTP/1.1" 200 112900
46.146.220.195 - - [20/Dec/2022:10:25:23 +0500] "GET /ords/f?p=137:2:5746755310038::NO::P2_ID,P2_COUNT_ALL,P2_EDIT_MODE:115596,7, HTTP/1.1" 200 117708
46.146.220.195 - - [20/Dec/2022:10:25:24 +0500] "POST /ords/wwv_flow.ajax HTTP/1.1" 200 1476
194.226.162.30 - - [20/Dec/2022:10:25:26 +0500] "GET /ords/f?p=137:38:10670722199571::NO::: HTTP/1.1" 200 98259
194.226.162.30 - - [20/Dec/2022:10:25:27 +0500] "GET /i/sp/aspvk/14/73/0308614735415075_lpib.jpg HTTP/1.1" 200 123652
194.226.162.30 - - [20/Dec/2022:10:25:27 +0500] "GET /i/sp/aspvk/14/73/0308614735415075_oib.jpg HTTP/1.1" 200 73234
194.226.162.30 - - [20/Dec/2022:10:25:28 +0500] "GET /i/sp/aspvk/14/73/0308614735415075_dib.jpg HTTP/1.1" 200 123652
194.226.162.30 - - [20/Dec/2022:10:25:28 +0500] "GET /i/sp/aspvk/14/73/0308614735415075_dif.jpg HTTP/1.1" 200 37615
46.146.220.195 - - [20/Dec/2022:10:25:28 +0500] "POST /ords/wwv_flow.accept HTTP/1.1" 302 5
46.146.210.91 - - [20/Dec/2022:10:25:29 +0500] "GET /ords/api.HTP_ASPVK_DATA?nPVK_ID=0&vST_DT=20.12.2022%2010:15:27&vEND_DT=20.12.2022%2010:25:27 HTTP/1.1" 200 6602
194.226.162.30 - - [20/Dec/2022:10:25:30 +0500] "GET /ords/f?p=137:38:6862131391690::NO::: HTTP/1.1" 200 98216
195.222.149.195 - - [20/Dec/2022:10:25:31 +0500] "GET /ords/api.HTP_ASPVK_DATA?nPVK_ID=0&vST_DT=20.12.2022%2008:18:18&vEND_DT=20.12.2022%2008:28:18 HTTP/1.1" 200 3136
194.226.162.30 - - [20/Dec/2022:10:25:38 +0500] "GET /ords/f?p=137:38:16035146788191::NO::: HTTP/1.1" 200 98241
46.146.220.195 - - [20/Dec/2022:10:25:39 +0500] "GET /ords/f?p=137:2:11233062034954::NO::P2_ID,P2_COUNT_ALL,P2_EDIT_MODE:115592,6, HTTP/1.1" 200 117309
46.146.210.91 - - [20/Dec/2022:10:25:39 +0500] "GET /ords/api.HTP_ASPVK_DATA?nPVK_ID=0&vST_DT=20.12.2022%2010:15:37&vEND_DT=20.12.2022%2010:25:37 HTTP/1.1" 200 6602
46.146.220.195 - - [20/Dec/2022:10:25:40 +0500] "POST /ords/wwv_flow.ajax HTTP/1.1" 200 1446
46.146.220.195 - - [20/Dec/2022:10:25:40 +0500] "GET /ords/f?p=137:2:11233062034954::NO::P2_ID,P2_COUNT_ALL,P2_EDIT_MODE:115593,6, HTTP/1.1" 200 117593
46.146.220.195 - - [20/Dec/2022:10:25:42 +0500] "POST /ords/wwv_flow.ajax HTTP/1.1" 200 1446
195.222.149.195 - - [20/Dec/2022:10:25:42 +0500] "GET /ords/api.HTP_ASPVK_DATA?nPVK_ID=0&vST_DT=20.12.2022%2008:18:28&vEND_DT=20.12.2022%2008:28:28 HTTP/1.1" 200 3136
81.4.234.170 - - [20/Dec/2022:10:25:46 +0500] "GET / HTTP/1.1" 302 -
81.4.234.170 - - [20/Dec/2022:10:25:46 +0500] "GET /ords/f?p=101:210 HTTP/1.1" 200 453
81.4.234.170 - - [20/Dec/2022:10:25:48 +0500] "GET /ords/f?p=101:210:0:&tz=5:00 HTTP/1.1" 200 16249
46.146.220.195 - - [20/Dec/2022:10:25:49 +0500] "POST /ords/wwv_flow.show HTTP/1.1" 200 12
46.146.210.91 - - [20/Dec/2022:10:25:50 +0500] "GET /ords/api.HTP_ASPVK_DATA?nPVK_ID=0&vST_DT=20.12.2022%2010:15:47&vEND_DT=20.12.2022%2010:25:47 HTTP/1.1" 200 6602
194.226.162.30 - - [20/Dec/2022:10:25:50 +0500] "GET /i/sp/aspvk/16/29/0308616295415151_dib.jpg HTTP/1.1" 200 113462
194.226.162.30 - - [20/Dec/2022:10:25:50 +0500] "GET /i/sp/aspvk/16/29/0308616295415151_lpib.jpg HTTP/1.1" 200 113462
194.226.162.30 - - [20/Dec/2022:10:25:50 +0500] "GET /i/sp/aspvk/16/29/0308616295415151_oib.jpg HTTP/1.1" 200 61008
194.226.162.30 - - [20/Dec/2022:10:25:50 +0500] "GET /i/sp/aspvk/16/29/0308616295415151_dif.jpg HTTP/1.1" 200 49011
195.222.149.195 - - [20/Dec/2022:10:25:51 +0500] "GET /ords/api.HTP_ASPVK_DATA?nPVK_ID=0&vST_DT=20.12.2022%2008:18:38&vEND_DT=20.12.2022%2008:28:38 HTTP/1.1" 200 3136
46.146.220.195 - - [20/Dec/2022:10:25:52 +0500] "GET /ords/f?p=137:2:5746755310038::NO:::&success_msg=z_Do8eLu5e0g4vUuIO3u7OXwLiA%7E%2FNRVtLaQ1cIaOHOLQXRjONvPdX1QgBvumZG6BkpmuWulo6__mwR5OZz2J4qfRZ3POUqnpLAAHaRC3Q_ndfAQMrw HTTP/1.1" 200 115739
46.146.220.195 - - [20/Dec/2022:10:25:53 +0500] "POST /ords/wwv_flow.ajax HTTP/1.1" 200 1476
46.146.220.195 - - [20/Dec/2022:10:25:55 +0500] "POST /ords/wwv_flow.show HTTP/1.1" 200 12
81.4.234.170 - - [20/Dec/2022:10:25:56 +0500] "POST /ords/wwv_flow.accept HTTP/1.1" 302 5
81.4.234.170 - - [20/Dec/2022:10:25:56 +0500] "GET /ords/f?p=101:1:4023364592508::::: HTTP/1.1" 200 502
46.146.210.91 - - [20/Dec/2022:10:25:59 +0500] "GET /ords/api.HTP_ASPVK_DATA?nPVK_ID=0&vST_DT=20.12.2022%2010:15:57&vEND_DT=20.12.2022%2010:25:57 HTTP/1.1" 200 6602
81.4.234.170 - - [20/Dec/2022:10:26:00 +0500] "GET /ords/f?p=101:1:4023364592508:::::&tz=5:00 HTTP/1.1" 200 10153
194.226.162.30 - - [20/Dec/2022:10:26:01 +0500] "GET /i/sp/aspvk/17/93/0308617935415216_dib.jpg HTTP/1.1" 200 143668
81.4.234.170 - - [20/Dec/2022:10:26:01 +0500] "GET /ords/f?p=101:210:0:::::&tz=5:00 HTTP/1.1" 200 16252
194.226.162.30 - - [20/Dec/2022:10:26:01 +0500] "GET /i/sp/aspvk/17/93/0308617935415216_lpib.jpg HTTP/1.1" 200 143668
194.226.162.30 - - [20/Dec/2022:10:26:01 +0500] "GET /i/sp/aspvk/17/93/0308617935415216_oib.jpg HTTP/1.1" 200 65433
195.222.149.195 - - [20/Dec/2022:10:26:02 +0500] "GET /ords/api.HTP_ASPVK_DATA?nPVK_ID=0&vST_DT=20.12.2022%2008:18:48&vEND_DT=20.12.2022%2008:28:48 HTTP/1.1" 200 3136
194.226.162.30 - - [20/Dec/2022:10:26:08 +0500] "GET /i/sp/aspvk/17/93/0308617935415216_dif.jpg HTTP/1.1" 200 45498
46.146.210.91 - - [20/Dec/2022:10:26:09 +0500] "GET /ords/api.HTP_ASPVK_DATA?nPVK_ID=0&vST_DT=20.12.2022%2010:16:07&vEND_DT=20.12.2022%2010:26:07 HTTP/1.1" 200 6602
195.222.149.195 - - [20/Dec/2022:10:26:11 +0500] "GET /ords/api.HTP_ASPVK_DATA?nPVK_ID=0&vST_DT=20.12.2022%2008:18:58&vEND_DT=20.12.2022%2008:28:58 HTTP/1.1" 200 3136
46.146.220.195 - - [20/Dec/2022:10:26:11 +0500] "POST /ords/wwv_flow.show HTTP/1.1" 200 12
194.226.162.30 - - [20/Dec/2022:10:26:11 +0500] "GET /i/sp/aspvk/18/62/0308618625415261_lpib.jpg HTTP/1.1" 200 109998
194.226.162.30 - - [20/Dec/2022:10:26:11 +0500] "GET /i/sp/aspvk/18/62/0308618625415261_dib.jpg HTTP/1.1" 200 109998
194.226.162.30 - - [20/Dec/2022:10:26:11 +0500] "GET /i/sp/aspvk/18/62/0308618625415261_oib.jpg HTTP/1.1" 200 59467
194.226.162.30 - - [20/Dec/2022:10:26:11 +0500] "GET /i/sp/aspvk/18/62/0308618625415261_dif.jpg HTTP/1.1" 200 40761
46.146.220.195 - - [20/Dec/2022:10:26:12 +0500] "POST /ords/wwv_flow.show HTTP/1.1" 200 12
194.226.162.30 - - [20/Dec/2022:10:26:16 +0500] "GET /i/sp/aspvk/18/87/0308618875415273_dib.jpg HTTP/1.1" 200 119999
194.226.162.30 - - [20/Dec/2022:10:26:16 +0500] "GET /i/sp/aspvk/18/87/0308618875415273_dif.jpg HTTP/1.1" 200 65609
194.226.162.30 - - [20/Dec/2022:10:26:16 +0500] "GET /i/sp/aspvk/18/87/0308618875415273_oib.jpg HTTP/1.1" 200 63582
194.226.162.30 - - [20/Dec/2022:10:26:16 +0500] "GET /i/sp/aspvk/18/87/0308618875415273_lpib.jpg HTTP/1.1" 200 119999
46.146.210.91 - - [20/Dec/2022:10:26:19 +0500] "GET /ords/api.HTP_ASPVK_DATA?nPVK_ID=0&vST_DT=20.12.2022%2010:16:17&vEND_DT=20.12.2022%2010:26:17 HTTP/1.1" 200 6602
46.146.220.195 - - [20/Dec/2022:10:26:20 +0500] "POST /ords/wwv_flow.show HTTP/1.1" 200 12
195.222.149.195 - - [20/Dec/2022:10:26:21 +0500] "GET /ords/api.HTP_ASPVK_DATA?nPVK_ID=0&vST_DT=20.12.2022%2008:19:08&vEND_DT=20.12.2022%2008:29:08 HTTP/1.1" 200 3136
46.146.210.91 - - [20/Dec/2022:10:26:29 +0500] "GET /ords/api.HTP_ASPVK_DATA?nPVK_ID=0&vST_DT=20.12.2022%2010:16:27&vEND_DT=20.12.2022%2010:26:27 HTTP/1.1" 200 6602
195.222.149.195 - - [20/Dec/2022:10:26:31 +0500] "GET /ords/api.HTP_ASPVK_DATA?nPVK_ID=0&vST_DT=20.12.2022%2008:19:18&vEND_DT=20.12.2022%2008:29:18 HTTP/1.1" 200 3136
46.146.220.195 - - [20/Dec/2022:10:26:32 +0500] "GET /ords/f?p=137:2:5746755310038::NO:::&success_msg=z_Do8eLu5e0g4vUuIO3u7OXwLiA%7E%2FNRVtLaQ1cIaOHOLQXRjONvPdX1QgBvumZG6BkpmuWulo6__mwR5OZz2J4qfRZ3POUqnpLAAHaRC3Q_ndfAQMrw HTTP/1.1" 200 115454
46.146.220.195 - - [20/Dec/2022:10:26:33 +0500] "POST /ords/wwv_flow.ajax HTTP/1.1" 200 1476
46.146.210.91 - - [20/Dec/2022:10:26:38 +0500] "GET /ords/api.HTP_ASPVK_DATA?nPVK_ID=0&vST_DT=20.12.2022%2010:16:37&vEND_DT=20.12.2022%2010:26:37 HTTP/1.1" 200 6602
195.222.149.195 - - [20/Dec/2022:10:26:41 +0500] "GET /ords/api.HTP_ASPVK_DATA?nPVK_ID=0&vST_DT=20.12.2022%2008:19:28&vEND_DT=20.12.2022%2008:29:28 HTTP/1.1" 200 3136
46.146.220.195 - - [20/Dec/2022:10:26:42 +0500] "POST /ords/wwv_flow.accept HTTP/1.1" 302 5
194.226.162.30 - - [20/Dec/2022:10:26:46 +0500] "GET /i/sp/aspvk/19/28/0308619285415291_dif.jpg HTTP/1.1" 200 55668
194.226.162.30 - - [20/Dec/2022:10:26:46 +0500] "GET /i/sp/aspvk/19/28/0308619285415291_dib.jpg HTTP/1.1" 200 143322
194.226.162.30 - - [20/Dec/2022:10:26:46 +0500] "GET /i/sp/aspvk/19/28/0308619285415291_lpib.jpg HTTP/1.1" 200 143322
194.226.162.30 - - [20/Dec/2022:10:26:47 +0500] "GET /i/sp/aspvk/19/28/0308619285415291_oib.jpg HTTP/1.1" 200 66625
46.146.210.91 - - [20/Dec/2022:10:26:48 +0500] "GET /ords/api.HTP_ASPVK_DATA?nPVK_ID=0&vST_DT=20.12.2022%2010:16:47&vEND_DT=20.12.2022%2010:26:47 HTTP/1.1" 200 6602
195.222.149.195 - - [20/Dec/2022:10:26:51 +0500] "GET /ords/api.HTP_ASPVK_DATA?nPVK_ID=0&vST_DT=20.12.2022%2008:19:38&vEND_DT=20.12.2022%2008:29:38 HTTP/1.1" 200 3136
194.226.162.30 - - [20/Dec/2022:10:26:52 +0500] "GET /i/sp/aspvk/19/30/0308619305415293_dib.jpg HTTP/1.1" 200 124529
194.226.162.30 - - [20/Dec/2022:10:26:52 +0500] "GET /i/sp/aspvk/19/30/0308619305415293_dif.jpg HTTP/1.1" 200 45572
194.226.162.30 - - [20/Dec/2022:10:26:52 +0500] "GET /i/sp/aspvk/19/30/0308619305415293_oib.jpg HTTP/1.1" 200 58669
194.226.162.30 - - [20/Dec/2022:10:26:52 +0500] "GET /i/sp/aspvk/19/30/0308619305415293_lpib.jpg HTTP/1.1" 200 124529
46.146.220.195 - - [20/Dec/2022:10:26:58 +0500] "POST /ords/wwv_flow.show HTTP/1.1" 200 12
194.226.162.30 - - [20/Dec/2022:10:26:58 +0500] "GET /i/sp/aspvk/19/83/0308619835415325_dib.jpg HTTP/1.1" 200 50843
194.226.162.30 - - [20/Dec/2022:10:26:59 +0500] "GET /i/sp/aspvk/19/83/0308619835415325_lpib.jpg HTTP/1.1" 200 50843
46.146.210.91 - - [20/Dec/2022:10:26:59 +0500] "GET /ords/api.HTP_ASPVK_DATA?nPVK_ID=0&vST_DT=20.12.2022%2010:16:57&vEND_DT=20.12.2022%2010:26:57 HTTP/1.1" 200 6602
194.226.162.30 - - [20/Dec/2022:10:26:59 +0500] "GET /i/sp/aspvk/19/83/0308619835415325_dif.jpg HTTP/1.1" 200 191002
194.226.162.30 - - [20/Dec/2022:10:26:59 +0500] "GET /i/sp/aspvk/19/83/0308619835415325_oib.jpg HTTP/1.1" 200 69972
195.222.149.195 - - [20/Dec/2022:10:27:01 +0500] "GET /ords/api.HTP_ASPVK_DATA?nPVK_ID=0&vST_DT=20.12.2022%2008:19:48&vEND_DT=20.12.2022%2008:29:48 HTTP/1.1" 200 3136
46.146.220.195 - - [20/Dec/2022:10:27:02 +0500] "POST /ords/wwv_flow.accept HTTP/1.1" 302 5
46.146.210.91 - - [20/Dec/2022:10:27:08 +0500] "GET /ords/api.HTP_ASPVK_DATA?nPVK_ID=0&vST_DT=20.12.2022%2010:17:07&vEND_DT=20.12.2022%2010:27:07 HTTP/1.1" 200 6602
81.4.234.170 - - [20/Dec/2022:10:27:09 +0500] "GET /ords/f?p=147:1:4023364592508:::: HTTP/1.1" 200 58346
195.222.149.195 - - [20/Dec/2022:10:27:11 +0500] "GET /ords/api.HTP_ASPVK_DATA?nPVK_ID=0&vST_DT=20.12.2022%2008:19:58&vEND_DT=20.12.2022%2008:29:58 HTTP/1.1" 200 3136
46.146.210.91 - - [20/Dec/2022:10:27:18 +0500] "GET /ords/api.HTP_ASPVK_DATA?nPVK_ID=0&vST_DT=20.12.2022%2010:17:17&vEND_DT=20.12.2022%2010:27:17 HTTP/1.1" 200 6602
195.222.149.195 - - [20/Dec/2022:10:27:21 +0500] "GET /ords/api.HTP_ASPVK_DATA?nPVK_ID=0&vST_DT=20.12.2022%2008:20:08&vEND_DT=20.12.2022%2008:30:08 HTTP/1.1" 200 1601
46.146.220.195 - - [20/Dec/2022:10:27:21 +0500] "POST /ords/wwv_flow.accept HTTP/1.1" 302 5
194.226.162.30 - - [20/Dec/2022:10:27:22 +0500] "GET /i/sp/aspvk/19/95/0308619955415334_dib.jpg HTTP/1.1" 200 118866
194.226.162.30 - - [20/Dec/2022:10:27:22 +0500] "GET /i/sp/aspvk/19/95/0308619955415334_lpib.jpg HTTP/1.1" 200 118866
194.226.162.30 - - [20/Dec/2022:10:27:22 +0500] "GET /i/sp/aspvk/19/95/0308619955415334_oib.jpg HTTP/1.1" 200 70798
194.226.162.30 - - [20/Dec/2022:10:27:24 +0500] "GET /i/sp/aspvk/19/95/0308619955415334_dif.jpg HTTP/1.1" 200 44559
46.146.220.195 - - [20/Dec/2022:10:27:24 +0500] "GET /ords/f?p=137:2:5746755310038::NO:::&success_msg=z_Do8eLu5e0g4vUuIO3u7OXwLiA%7E%2FNRVtLaQ1cIaOHOLQXRjONvPdX1QgBvumZG6BkpmuWulo6__mwR5OZz2J4qfRZ3POUqnpLAAHaRC3Q_ndfAQMrw HTTP/1.1" 200 117881
46.146.220.195 - - [20/Dec/2022:10:27:25 +0500] "POST /ords/wwv_flow.ajax HTTP/1.1" 200 1476
194.226.162.30 - - [20/Dec/2022:10:27:27 +0500] "POST /ords/wwv_flow.ajax HTTP/1.1" 200 2681911
46.146.210.91 - - [20/Dec/2022:10:27:28 +0500] "GET /ords/api.HTP_ASPVK_DATA?nPVK_ID=0&vST_DT=20.12.2022%2010:17:27&vEND_DT=20.12.2022%2010:27:27 HTTP/1.1" 200 6602
195.222.149.195 - - [20/Dec/2022:10:27:31 +0500] "GET /ords/api.HTP_ASPVK_DATA?nPVK_ID=0&vST_DT=20.12.2022%2008:20:18&vEND_DT=20.12.2022%2008:30:18 HTTP/1.1" 200 1601
194.226.162.30 - - [20/Dec/2022:10:27:31 +0500] "POST /ords/wwv_flow.ajax HTTP/1.1" 200 2680904
46.146.210.91 - - [20/Dec/2022:10:27:38 +0500] "GET /ords/api.HTP_ASPVK_DATA?nPVK_ID=0&vST_DT=20.12.2022%2010:17:37&vEND_DT=20.12.2022%2010:27:37 HTTP/1.1" 200 6602
46.146.220.195 - - [20/Dec/2022:10:27:40 +0500] "POST /ords/wwv_flow.accept HTTP/1.1" 302 5
195.222.149.195 - - [20/Dec/2022:10:27:41 +0500] "GET /ords/api.HTP_ASPVK_DATA?nPVK_ID=0&vST_DT=20.12.2022%2008:20:28&vEND_DT=20.12.2022%2008:30:28 HTTP/1.1" 200 1601
194.226.162.30 - - [20/Dec/2022:10:27:44 +0500] "POST /ords/wwv_flow.ajax HTTP/1.1" 200 2682430
46.146.220.195 - - [20/Dec/2022:10:27:47 +0500] "POST /ords/wwv_flow.show HTTP/1.1" 200 12
46.146.210.91 - - [20/Dec/2022:10:27:48 +0500] "GET /ords/api.HTP_ASPVK_DATA?nPVK_ID=0&vST_DT=20.12.2022%2010:17:47&vEND_DT=20.12.2022%2010:27:47 HTTP/1.1" 200 6602
195.222.149.195 - - [20/Dec/2022:10:27:51 +0500] "GET /ords/api.HTP_ASPVK_DATA?nPVK_ID=0&vST_DT=20.12.2022%2008:20:38&vEND_DT=20.12.2022%2008:30:38 HTTP/1.1" 200 1601
46.146.210.91 - - [20/Dec/2022:10:27:58 +0500] "GET /ords/api.HTP_ASPVK_DATA?nPVK_ID=0&vST_DT=20.12.2022%2010:17:57&vEND_DT=20.12.2022%2010:27:57 HTTP/1.1" 200 6602
195.222.149.195 - - [20/Dec/2022:10:28:01 +0500] "GET /ords/api.HTP_ASPVK_DATA?nPVK_ID=0&vST_DT=20.12.2022%2008:20:48&vEND_DT=20.12.2022%2008:30:48 HTTP/1.1" 200 1601
46.146.220.195 - - [20/Dec/2022:10:28:01 +0500] "GET /ords/f?p=137:2:11233062034954::NO:::&success_msg=z_Do8eLu5e0g4vUuIO3u7OXwLiA%7E%2FjZNNngvqQ4FwtmFz2TcvdT9rfpb2CAfXb4n9DmYt6nfc8CDl4dz8x-9ykAtaB1KB8F5a42OeSI3TC4sexn7Ohw HTTP/1.1" 200 117546
46.146.220.195 - - [20/Dec/2022:10:28:01 +0500] "GET /ords/f?p=137:2:5746755310038::NO:::&success_msg=z_Do8eLu5e0g4vUuIO3u7OXwLiA%7E%2FNRVtLaQ1cIaOHOLQXRjONvPdX1QgBvumZG6BkpmuWulo6__mwR5OZz2J4qfRZ3POUqnpLAAHaRC3Q_ndfAQMrw HTTP/1.1" 200 117597
46.146.220.195 - - [20/Dec/2022:10:28:02 +0500] "POST /ords/wwv_flow.ajax HTTP/1.1" 200 1446
46.146.220.195 - - [20/Dec/2022:10:28:02 +0500] "POST /ords/wwv_flow.ajax HTTP/1.1" 200 1476
46.146.210.91 - - [20/Dec/2022:10:28:08 +0500] "GET /ords/api.HTP_ASPVK_DATA?nPVK_ID=0&vST_DT=20.12.2022%2010:18:07&vEND_DT=20.12.2022%2010:28:07 HTTP/1.1" 200 6602
194.226.162.30 - - [20/Dec/2022:10:28:09 +0500] "POST /ords/wwv_flow.ajax HTTP/1.1" 200 1772
194.226.162.30 - - [20/Dec/2022:10:28:11 +0500] "POST /ords/wwv_flow.ajax HTTP/1.1" 200 1961
195.222.149.195 - - [20/Dec/2022:10:28:11 +0500] "GET /ords/api.HTP_ASPVK_DATA?nPVK_ID=0&vST_DT=20.12.2022%2008:20:58&vEND_DT=20.12.2022%2008:30:58 HTTP/1.1" 200 1601
46.146.210.91 - - [20/Dec/2022:10:28:18 +0500] "GET /ords/api.HTP_ASPVK_DATA?nPVK_ID=0&vST_DT=20.12.2022%2010:18:17&vEND_DT=20.12.2022%2010:28:17 HTTP/1.1" 200 6602
176.59.194.20 - - [20/Dec/2022:10:28:20 +0500] "GET / HTTP/1.1" 302 -
176.59.194.20 - - [20/Dec/2022:10:28:21 +0500] "GET /ords/f?p=101:210 HTTP/1.1" 200 453
81.4.234.170 - - [20/Dec/2022:10:28:21 +0500] "POST /ords/wwv_flow.accept HTTP/1.1" 302 5
195.222.149.195 - - [20/Dec/2022:10:28:21 +0500] "GET /ords/api.HTP_ASPVK_DATA?nPVK_ID=0&vST_DT=20.12.2022%2008:21:08&vEND_DT=20.12.2022%2008:31:08 HTTP/1.1" 200 1601
81.4.234.170 - - [20/Dec/2022:10:28:23 +0500] "GET /ords/f?p=101:1:14658392525381::::: HTTP/1.1" 200 10158
81.4.234.170 - - [20/Dec/2022:10:28:23 +0500] "GET /i/libraries/apex/minified/desktop.min.js?v=4.2.2.00.11 HTTP/1.1" 200 353354
81.4.234.170 - - [20/Dec/2022:10:28:23 +0500] "GET /i/libraries/apex/minified/legacy.min.js?v=4.2.2.00.11 HTTP/1.1" 200 18268
81.4.234.170 - - [20/Dec/2022:10:28:23 +0500] "GET /i/menu/report_32.gif HTTP/1.1" 200 1586
46.146.220.195 - - [20/Dec/2022:10:28:26 +0500] "POST /ords/wwv_flow.show HTTP/1.1" 200 12
46.146.220.195 - - [20/Dec/2022:10:28:27 +0500] "POST /ords/wwv_flow.show HTTP/1.1" 200 12
46.146.210.91 - - [20/Dec/2022:10:28:28 +0500] "GET /ords/api.HTP_ASPVK_DATA?nPVK_ID=0&vST_DT=20.12.2022%2010:18:27&vEND_DT=20.12.2022%2010:28:27 HTTP/1.1" 200 6602
81.4.234.170 - - [20/Dec/2022:10:28:29 +0500] "GET / HTTP/1.1" 302 -
81.4.234.170 - - [20/Dec/2022:10:28:29 +0500] "GET /ords/f?p=101:210 HTTP/1.1" 200 453
81.4.234.170 - - [20/Dec/2022:10:28:30 +0500] "GET /ords/f?p=101:210:0:&tz=5:00 HTTP/1.1" 200 16252
195.222.149.195 - - [20/Dec/2022:10:28:31 +0500] "GET /ords/api.HTP_ASPVK_DATA?nPVK_ID=0&vST_DT=20.12.2022%2008:21:18&vEND_DT=20.12.2022%2008:31:18 HTTP/1.1" 200 1601
81.4.234.170 - - [20/Dec/2022:10:28:33 +0500] "POST /ords/wwv_flow.accept HTTP/1.1" 302 5
81.4.234.170 - - [20/Dec/2022:10:28:33 +0500] "GET /ords/f?p=101:1:14125747160767::::: HTTP/1.1" 200 504
194.226.162.30 - - [20/Dec/2022:10:28:34 +0500] "POST /ords/wwv_flow.ajax HTTP/1.1" 200 1772
81.4.234.170 - - [20/Dec/2022:10:28:35 +0500] "GET /ords/f?p=101:1:14125747160767:::::&tz=5:00 HTTP/1.1" 200 10158
46.146.210.91 - - [20/Dec/2022:10:28:39 +0500] "GET /ords/api.HTP_ASPVK_DATA?nPVK_ID=0&vST_DT=20.12.2022%2010:18:37&vEND_DT=20.12.2022%2010:28:37 HTTP/1.1" 200 6602
46.146.220.195 - - [20/Dec/2022:10:28:41 +0500] "GET /ords/f?p=137:2:11233062034954::NO:::&success_msg=z_Do8eLu5e0g4vUuIO3u7OXwLiA%7E%2FjZNNngvqQ4FwtmFz2TcvdT9rfpb2CAfXb4n9DmYt6nfc8CDl4dz8x-9ykAtaB1KB8F5a42OeSI3TC4sexn7Ohw HTTP/1.1" 200 117256
195.222.149.195 - - [20/Dec/2022:10:28:41 +0500] "GET /ords/api.HTP_ASPVK_DATA?nPVK_ID=0&vST_DT=20.12.2022%2008:21:28&vEND_DT=20.12.2022%2008:31:28 HTTP/1.1" 200 1601
194.226.162.30 - - [20/Dec/2022:10:28:42 +0500] "GET /i/sp/aspvk/20/34/0308620345415350_dif.jpg HTTP/1.1" 200 51753
194.226.162.30 - - [20/Dec/2022:10:28:42 +0500] "GET /i/sp/aspvk/20/34/0308620345415350_dib.jpg HTTP/1.1" 200 142968
194.226.162.30 - - [20/Dec/2022:10:28:42 +0500] "GET /i/sp/aspvk/20/34/0308620345415350_lpib.jpg HTTP/1.1" 200 142968
194.226.162.30 - - [20/Dec/2022:10:28:42 +0500] "GET /i/sp/aspvk/20/34/0308620345415350_oib.jpg HTTP/1.1" 200 62571
46.146.220.195 - - [20/Dec/2022:10:28:42 +0500] "POST /ords/wwv_flow.ajax HTTP/1.1" 200 1446
117.33.227.207 - - [20/Dec/2022:10:28:44 +0500] "GET / HTTP/1.1" 302 -
212.73.101.200 - - [20/Dec/2022:10:28:46 +0500] "GET /ords/f?p=101:1:17206397631846:::::&tz=5:00 HTTP/1.1" 302 5
212.73.101.200 - - [20/Dec/2022:10:28:47 +0500] "GET /ords/f?p=101:210:::::: HTTP/1.1" 200 16226
212.73.101.200 - - [20/Dec/2022:10:28:47 +0500] "GET /i/themes/theme_15/theme_4_0.css HTTP/1.1" 200 38280
212.73.101.200 - - [20/Dec/2022:10:28:47 +0500] "GET /i/libraries/apex/minified/desktop.min.js?v=18.2.0.00.12 HTTP/1.1" 200 353354
194.226.162.30 - - [20/Dec/2022:10:28:47 +0500] "GET /i/sp/aspvk/20/36/0308620365415352_dib.jpg HTTP/1.1" 200 129024
194.226.162.30 - - [20/Dec/2022:10:28:47 +0500] "GET /i/sp/aspvk/20/36/0308620365415352_lpib.jpg HTTP/1.1" 200 129024
194.226.162.30 - - [20/Dec/2022:10:28:47 +0500] "GET /i/sp/aspvk/20/36/0308620365415352_oib.jpg HTTP/1.1" 200 58879
194.226.162.30 - - [20/Dec/2022:10:28:47 +0500] "GET /i/sp/aspvk/20/36/0308620365415352_dif.jpg HTTP/1.1" 200 40579
212.73.101.200 - - [20/Dec/2022:10:28:47 +0500] "GET /i/app_ui/css/Core.min.css?v=18.2.0.00.12 HTTP/1.1" 200 127295
212.73.101.200 - - [20/Dec/2022:10:28:47 +0500] "GET /i/libraries/jquery-ui/1.12.0/jquery-ui-apex.min.css?v=18.2.0.00.12 HTTP/1.1" 200 29497
212.73.101.200 - - [20/Dec/2022:10:28:48 +0500] "GET /i/app_ui/css/Theme-Standard.min.css?v=18.2.0.00.12 HTTP/1.1" 200 25242
212.73.101.200 - - [20/Dec/2022:10:28:48 +0500] "GET /i/legacy_ui/css/5.0.min.css?v=18.2.0.00.12 HTTP/1.1" 200 26003
212.73.101.200 - - [20/Dec/2022:10:28:48 +0500] "GET /i/libraries/apex/minified/legacy_18.min.js?v=18.2.0.00.12 HTTP/1.1" 200 17611
212.73.101.200 - - [20/Dec/2022:10:28:48 +0500] "GET /i/libraries/apex/minified/legacy_pre18.min.js?v=18.2.0.00.12 HTTP/1.1" 200 17984
46.146.210.91 - - [20/Dec/2022:10:28:49 +0500] "GET /ords/api.HTP_ASPVK_DATA?nPVK_ID=0&vST_DT=20.12.2022%2010:18:47&vEND_DT=20.12.2022%2010:28:47 HTTP/1.1" 200 6602
212.73.101.200 - - [20/Dec/2022:10:28:49 +0500] "GET /ords/r/r/files/static/v74Y/autosuggest_inquisitor.css HTTP/1.1" 200 2786
212.73.101.200 - - [20/Dec/2022:10:28:49 +0500] "GET /ords/r/r/files/static/v74Y/esia_auth.js HTTP/1.1" 200 4791
212.73.101.200 - - [20/Dec/2022:10:28:49 +0500] "GET /ords/r/r/files/static/v74Y/softplus_101.js HTTP/1.1" 200 23382
212.73.101.200 - - [20/Dec/2022:10:28:49 +0500] "GET /ords/r/r/files/static/v74Y/bsn.AutoSuggest_2.1.3.js HTTP/1.1" 200 36099
212.73.101.200 - - [20/Dec/2022:10:28:49 +0500] "GET /i/f_spacer.gif HTTP/1.1" 200 49
212.73.101.200 - - [20/Dec/2022:10:28:50 +0500] "GET /ords/r/r/files/static/v74Y/Z_TECHNO_LOGO_white.png HTTP/1.1" 200 22182
117.33.227.207 - - [20/Dec/2022:10:28:50 +0500] "GET /ords/f?p=101:210 HTTP/1.1" 200 453
212.73.101.200 - - [20/Dec/2022:10:28:50 +0500] "GET /ords/r/r/files/static/v74Y/bg_perm_road.jpg HTTP/1.1" 200 976540
212.73.101.200 - - [20/Dec/2022:10:28:51 +0500] "GET /ords/r/r/files/static/v74Y/Z_TECHNO_FAV.ico HTTP/1.1" 200 15107
195.222.149.195 - - [20/Dec/2022:10:28:51 +0500] "GET /ords/api.HTP_ASPVK_DATA?nPVK_ID=0&vST_DT=20.12.2022%2008:21:38&vEND_DT=20.12.2022%2008:31:38 HTTP/1.1" 200 1601
194.226.162.30 - - [20/Dec/2022:10:28:54 +0500] "GET /i/sp/aspvk/20/91/0308620915415368_dif.jpg HTTP/1.1" 200 59182
194.226.162.30 - - [20/Dec/2022:10:28:54 +0500] "GET /i/sp/aspvk/20/91/0308620915415368_dib.jpg HTTP/1.1" 200 155716
194.226.162.30 - - [20/Dec/2022:10:28:54 +0500] "GET /i/sp/aspvk/20/91/0308620915415368_lpib.jpg HTTP/1.1" 200 155716
194.226.162.30 - - [20/Dec/2022:10:28:54 +0500] "GET /i/sp/aspvk/20/91/0308620915415368_oib.jpg HTTP/1.1" 200 80477
89.250.216.22 - - [20/Dec/2022:10:28:55 +0500] "GET / HTTP/1.1" 302 -
89.250.216.22 - - [20/Dec/2022:10:28:56 +0500] "GET /ords/f?p=101:210 HTTP/1.1" 200 453
89.250.216.22 - - [20/Dec/2022:10:28:57 +0500] "GET /ords/f?p=101:210:0:&tz=5:00 HTTP/1.1" 200 16248
46.146.210.91 - - [20/Dec/2022:10:28:59 +0500] "GET /ords/api.HTP_ASPVK_DATA?nPVK_ID=0&vST_DT=20.12.2022%2010:18:57&vEND_DT=20.12.2022%2010:28:57 HTTP/1.1" 200 6602
195.222.149.195 - - [20/Dec/2022:10:29:01 +0500] "GET /ords/api.HTP_ASPVK_DATA?nPVK_ID=0&vST_DT=20.12.2022%2008:21:48&vEND_DT=20.12.2022%2008:31:48 HTTP/1.1" 200 1601
81.4.234.170 - - [20/Dec/2022:10:29:01 +0500] "POST /ords/wwv_flow.ajax HTTP/1.1" 200 31507
89.250.216.22 - - [20/Dec/2022:10:29:05 +0500] "POST /ords/wwv_flow.accept HTTP/1.1" 302 5
89.250.216.22 - - [20/Dec/2022:10:29:05 +0500] "GET /ords/f?p=101:1:10479503151110::::: HTTP/1.1" 200 504
212.33.243.160 - - [20/Dec/2022:10:29:06 +0500] "GET /ords/f?p=101:210:0:::::&tz=5:00 HTTP/1.1" 200 16258
89.250.216.22 - - [20/Dec/2022:10:29:07 +0500] "GET /ords/f?p=101:1:10479503151110:::::&tz=5:00 HTTP/1.1" 200 13476
46.146.220.195 - - [20/Dec/2022:10:29:09 +0500] "POST /ords/wwv_flow.show HTTP/1.1" 200 12
46.146.210.91 - - [20/Dec/2022:10:29:09 +0500] "GET /ords/api.HTP_ASPVK_DATA?nPVK_ID=0&vST_DT=20.12.2022%2010:19:07&vEND_DT=20.12.2022%2010:29:07 HTTP/1.1" 200 6602
194.226.162.30 - - [20/Dec/2022:10:29:10 +0500] "GET /i/sp/aspvk/22/77/0308622775415436_lpib.jpg HTTP/1.1" 200 188579
194.226.162.30 - - [20/Dec/2022:10:29:10 +0500] "GET /i/sp/aspvk/22/77/0308622775415436_oib.jpg HTTP/1.1" 200 64335
194.226.162.30 - - [20/Dec/2022:10:29:10 +0500] "GET /i/sp/aspvk/22/77/0308622775415436_dib.jpg HTTP/1.1" 200 188579
194.226.162.30 - - [20/Dec/2022:10:29:10 +0500] "GET /i/sp/aspvk/22/77/0308622775415436_dif.jpg HTTP/1.1" 200 37854
212.33.243.160 - - [20/Dec/2022:10:29:10 +0500] "POST /ords/wwv_flow.accept HTTP/1.1" 302 5
195.222.149.195 - - [20/Dec/2022:10:29:11 +0500] "GET /ords/api.HTP_ASPVK_DATA?nPVK_ID=0&vST_DT=20.12.2022%2008:21:58&vEND_DT=20.12.2022%2008:31:58 HTTP/1.1" 200 1601
212.33.243.160 - - [20/Dec/2022:10:29:12 +0500] "GET /ords/f?p=101:1:11852643339608::::: HTTP/1.1" 200 13486
194.226.162.30 - - [20/Dec/2022:10:29:16 +0500] "GET /i/sp/aspvk/23/22/0308623225415465_dif.jpg HTTP/1.1" 200 212257
194.226.162.30 - - [20/Dec/2022:10:29:16 +0500] "GET /i/sp/aspvk/23/22/0308623225415465_dib.jpg HTTP/1.1" 200 53279
194.226.162.30 - - [20/Dec/2022:10:29:16 +0500] "GET /i/sp/aspvk/23/22/0308623225415465_oib.jpg HTTP/1.1" 200 113431
194.226.162.30 - - [20/Dec/2022:10:29:16 +0500] "GET /i/sp/aspvk/23/22/0308623225415465_lpib.jpg HTTP/1.1" 200 53279
46.146.210.91 - - [20/Dec/2022:10:29:19 +0500] "GET /ords/api.HTP_ASPVK_DATA?nPVK_ID=0&vST_DT=20.12.2022%2010:19:17&vEND_DT=20.12.2022%2010:29:17 HTTP/1.1" 200 6602
195.222.149.195 - - [20/Dec/2022:10:29:21 +0500] "GET /ords/api.HTP_ASPVK_DATA?nPVK_ID=0&vST_DT=20.12.2022%2008:22:08&vEND_DT=20.12.2022%2008:32:08 HTTP/1.1" 200 3126
46.146.220.195 - - [20/Dec/2022:10:29:24 +0500] "GET /ords/f?p=137:38:5746755310038:::: HTTP/1.1" 200 1410399
46.146.210.91 - - [20/Dec/2022:10:29:29 +0500] "GET /ords/api.HTP_ASPVK_DATA?nPVK_ID=0&vST_DT=20.12.2022%2010:19:27&vEND_DT=20.12.2022%2010:29:27 HTTP/1.1" 200 6602
195.222.149.195 - - [20/Dec/2022:10:29:31 +0500] "GET /ords/api.HTP_ASPVK_DATA?nPVK_ID=0&vST_DT=20.12.2022%2008:22:18&vEND_DT=20.12.2022%2008:32:18 HTTP/1.1" 200 3126
194.226.162.30 - - [20/Dec/2022:10:29:38 +0500] "GET /i/sp/aspvk/23/72/0308623725415492_dif.jpg HTTP/1.1" 200 146690
194.226.162.30 - - [20/Dec/2022:10:29:38 +0500] "GET /i/sp/aspvk/23/72/0308623725415492_dib.jpg HTTP/1.1" 200 121986
46.146.210.91 - - [20/Dec/2022:10:29:38 +0500] "GET /ords/api.HTP_ASPVK_DATA?nPVK_ID=0&vST_DT=20.12.2022%2010:19:37&vEND_DT=20.12.2022%2010:29:37 HTTP/1.1" 200 6602
194.226.162.30 - - [20/Dec/2022:10:29:39 +0500] "GET /i/sp/aspvk/23/72/0308623725415492_lpib.jpg HTTP/1.1" 200 121986
194.226.162.30 - - [20/Dec/2022:10:29:39 +0500] "GET /i/sp/aspvk/23/72/0308623725415492_oib.jpg HTTP/1.1" 200 63976
212.33.243.160 - - [20/Dec/2022:10:29:40 +0500] "GET /ords/f?p=137:38:11852643339608:::: HTTP/1.1" 200 89524
195.222.149.195 - - [20/Dec/2022:10:29:41 +0500] "GET /ords/api.HTP_ASPVK_DATA?nPVK_ID=0&vST_DT=20.12.2022%2008:22:28&vEND_DT=20.12.2022%2008:32:28 HTTP/1.1" 200 3126
81.4.234.170 - - [20/Dec/2022:10:29:43 +0500] "GET /ords/f?p=147:1:14125747160767:::: HTTP/1.1" 200 58368
194.226.162.30 - - [20/Dec/2022:10:29:44 +0500] "GET /i/sp/aspvk/24/62/0308624625415534_dif.jpg HTTP/1.1" 200 75419
194.226.162.30 - - [20/Dec/2022:10:29:44 +0500] "GET /i/sp/aspvk/24/62/0308624625415534_dib.jpg HTTP/1.1" 200 154976
194.226.162.30 - - [20/Dec/2022:10:29:44 +0500] "GET /i/sp/aspvk/24/62/0308624625415534_lpib.jpg HTTP/1.1" 200 154976
194.226.162.30 - - [20/Dec/2022:10:29:44 +0500] "GET /i/sp/aspvk/24/62/0308624625415534_oib.jpg HTTP/1.1" 200 74719
89.250.216.22 - - [20/Dec/2022:10:29:47 +0500] "GET /ords/f?p=137:38:10479503151110:::: HTTP/1.1" 200 87049
46.146.210.91 - - [20/Dec/2022:10:29:48 +0500] "GET /ords/api.HTP_ASPVK_DATA?nPVK_ID=0&vST_DT=20.12.2022%2010:19:47&vEND_DT=20.12.2022%2010:29:47 HTTP/1.1" 200 6602
195.222.149.195 - - [20/Dec/2022:10:29:51 +0500] "GET /ords/api.HTP_ASPVK_DATA?nPVK_ID=0&vST_DT=20.12.2022%2008:22:38&vEND_DT=20.12.2022%2008:32:38 HTTP/1.1" 200 3126
194.226.162.30 - - [20/Dec/2022:10:29:51 +0500] "GET /i/sp/aspvk/26/04/0308626045415605_dif.jpg HTTP/1.1" 200 112883
194.226.162.30 - - [20/Dec/2022:10:29:52 +0500] "GET /i/sp/aspvk/26/04/0308626045415605_dib.jpg HTTP/1.1" 200 295978
194.226.162.30 - - [20/Dec/2022:10:29:54 +0500] "GET /i/sp/aspvk/26/04/0308626045415605_lpib.jpg HTTP/1.1" 200 295978
212.33.243.160 - - [20/Dec/2022:10:29:54 +0500] "POST /ords/wwv_flow.accept HTTP/1.1" 302 5
81.4.234.170 - - [20/Dec/2022:10:29:54 +0500] "GET /ords/f?p=147:1:14658392525381:::: HTTP/1.1" 200 58366
81.4.234.170 - - [20/Dec/2022:10:29:56 +0500] "GET /ords/r/r/files/static/v74Y/favicon.ico HTTP/1.1" 404 5
194.226.162.30 - - [20/Dec/2022:10:29:56 +0500] "GET /i/sp/aspvk/26/04/0308626045415605_oib.jpg HTTP/1.1" 200 134701
194.226.162.30 - - [20/Dec/2022:10:29:58 +0500] "POST /ords/wwv_flow.ajax HTTP/1.1" 200 676299
46.146.210.91 - - [20/Dec/2022:10:29:59 +0500] "GET /ords/api.HTP_ASPVK_DATA?nPVK_ID=0&vST_DT=20.12.2022%2010:19:57&vEND_DT=20.12.2022%2010:29:57 HTTP/1.1" 200 6602
195.222.149.195 - - [20/Dec/2022:10:30:01 +0500] "GET /ords/api.HTP_ASPVK_DATA?nPVK_ID=0&vST_DT=20.12.2022%2008:22:48&vEND_DT=20.12.2022%2008:32:48 HTTP/1.1" 200 3126
46.146.210.91 - - [20/Dec/2022:10:30:10 +0500] "GET /ords/api.HTP_ASPVK_DATA?nPVK_ID=0&vST_DT=20.12.2022%2010:20:07&vEND_DT=20.12.2022%2010:30:07 HTTP/1.1" 200 6602
195.222.149.195 - - [20/Dec/2022:10:30:11 +0500] "GET /ords/api.HTP_ASPVK_DATA?nPVK_ID=0&vST_DT=20.12.2022%2008:22:58&vEND_DT=20.12.2022%2008:32:58 HTTP/1.1" 200 3126
194.226.162.30 - - [20/Dec/2022:10:30:17 +0500] "POST /ords/wwv_flow.ajax HTTP/1.1" 200 676550
194.226.162.30 - - [20/Dec/2022:10:30:17 +0500] "GET /i/sp/aspvk/26/43/0308626435415617_dif.jpg HTTP/1.1" 200 126196
194.226.162.30 - - [20/Dec/2022:10:30:17 +0500] "GET /i/sp/aspvk/26/43/0308626435415617_dib.jpg HTTP/1.1" 200 307203
194.226.162.30 - - [20/Dec/2022:10:30:18 +0500] "GET /i/sp/aspvk/26/43/0308626435415617_lpib.jpg HTTP/1.1" 200 307203
194.226.162.30 - - [20/Dec/2022:10:30:18 +0500] "GET /i/sp/aspvk/26/43/0308626435415617_oib.jpg HTTP/1.1" 200 112315
46.146.210.91 - - [20/Dec/2022:10:30:19 +0500] "GET /ords/api.HTP_ASPVK_DATA?nPVK_ID=0&vST_DT=20.12.2022%2010:20:17&vEND_DT=20.12.2022%2010:30:17 HTTP/1.1" 200 6602
195.222.149.195 - - [20/Dec/2022:10:30:21 +0500] "GET /ords/api.HTP_ASPVK_DATA?nPVK_ID=0&vST_DT=20.12.2022%2008:23:08&vEND_DT=20.12.2022%2008:33:08 HTTP/1.1" 200 1595
212.33.243.160 - - [20/Dec/2022:10:30:24 +0500] "GET /ords/f?p=137:38:11852643339608::NO::: HTTP/1.1" 200 89094
194.226.162.30 - - [20/Dec/2022:10:30:26 +0500] "POST /ords/wwv_flow.ajax HTTP/1.1" 200 105938
46.146.210.91 - - [20/Dec/2022:10:30:29 +0500] "GET /ords/api.HTP_ASPVK_DATA?nPVK_ID=0&vST_DT=20.12.2022%2010:20:27&vEND_DT=20.12.2022%2010:30:27 HTTP/1.1" 200 6602
195.222.149.195 - - [20/Dec/2022:10:30:31 +0500] "GET /ords/api.HTP_ASPVK_DATA?nPVK_ID=0&vST_DT=20.12.2022%2008:23:18&vEND_DT=20.12.2022%2008:33:18 HTTP/1.1" 200 1595
89.250.216.22 - - [20/Dec/2022:10:30:31 +0500] "POST /ords/wwv_flow.ajax HTTP/1.1" 200 50385
81.4.234.170 - - [20/Dec/2022:10:30:31 +0500] "POST /ords/wwv_flow.ajax HTTP/1.1" 200 38552
212.73.101.200 - - [20/Dec/2022:10:30:34 +0500] "POST /ords/wwv_flow.accept HTTP/1.1" 302 5
212.73.101.200 - - [20/Dec/2022:10:30:35 +0500] "GET /ords/f?p=101:1:9785677414488:::::&tz=5%3A00 HTTP/1.1" 200 13470
212.73.101.200 - - [20/Dec/2022:10:30:35 +0500] "GET /i/libraries/apex/minified/desktop.min.js?v=4.2.2.00.11 HTTP/1.1" 200 353354
212.73.101.200 - - [20/Dec/2022:10:30:36 +0500] "GET /i/libraries/apex/minified/legacy.min.js?v=4.2.2.00.11 HTTP/1.1" 200 18268
212.73.101.200 - - [20/Dec/2022:10:30:36 +0500] "GET /i/themes/theme_15/page_line_center.gif HTTP/1.1" 200 92
212.73.101.200 - - [20/Dec/2022:10:30:36 +0500] "GET /i/fndtip11.gif HTTP/1.1" 200 218
212.73.101.200 - - [20/Dec/2022:10:30:36 +0500] "GET /i/menu/report_32.gif HTTP/1.1" 200 1586
212.73.101.200 - - [20/Dec/2022:10:30:37 +0500] "GET /i/menu/client_32.gif HTTP/1.1" 200 1551
46.146.210.91 - - [20/Dec/2022:10:30:39 +0500] "GET /ords/api.HTP_ASPVK_DATA?nPVK_ID=0&vST_DT=20.12.2022%2010:20:37&vEND_DT=20.12.2022%2010:30:37 HTTP/1.1" 200 6602
195.222.149.195 - - [20/Dec/2022:10:30:41 +0500] "GET /ords/api.HTP_ASPVK_DATA?nPVK_ID=0&vST_DT=20.12.2022%2008:23:28&vEND_DT=20.12.2022%2008:33:28 HTTP/1.1" 200 1595
46.146.220.195 - - [20/Dec/2022:10:30:46 +0500] "GET /ords/f?p=137:2:5746755310038::NO::P2_ID,P2_COUNT_ALL,P2_EDIT_MODE:115596,7, HTTP/1.1" 200 117439
46.146.220.195 - - [20/Dec/2022:10:30:46 +0500] "POST /ords/wwv_flow.ajax HTTP/1.1" 200 1476
46.146.220.195 - - [20/Dec/2022:10:30:47 +0500] "GET /ords/f?p=137:2:5746755310038::NO::P2_ID,P2_COUNT_ALL,P2_EDIT_MODE:115597,7, HTTP/1.1" 200 117430
46.146.220.195 - - [20/Dec/2022:10:30:47 +0500] "POST /ords/wwv_flow.ajax HTTP/1.1" 200 1476
46.146.210.91 - - [20/Dec/2022:10:30:49 +0500] "GET /ords/api.HTP_ASPVK_DATA?nPVK_ID=0&vST_DT=20.12.2022%2010:20:47&vEND_DT=20.12.2022%2010:30:47 HTTP/1.1" 200 6602
195.222.149.195 - - [20/Dec/2022:10:30:51 +0500] "GET /ords/api.HTP_ASPVK_DATA?nPVK_ID=0&vST_DT=20.12.2022%2008:23:38&vEND_DT=20.12.2022%2008:33:38 HTTP/1.1" 200 1595
46.146.220.195 - - [20/Dec/2022:10:30:53 +0500] "GET /ords/f?p=137:2:5746755310038::NO::P2_ID,P2_COUNT_ALL,P2_EDIT_MODE:115647,3, HTTP/1.1" 200 115308
46.146.220.195 - - [20/Dec/2022:10:30:54 +0500] "POST /ords/wwv_flow.ajax HTTP/1.1" 200 1476
46.146.220.195 - - [20/Dec/2022:10:30:54 +0500] "GET /ords/f?p=137:2:5746755310038::NO::P2_ID,P2_COUNT_ALL,P2_EDIT_MODE:115635,3, HTTP/1.1" 200 115500
46.146.220.195 - - [20/Dec/2022:10:30:54 +0500] "POST /ords/wwv_flow.ajax HTTP/1.1" 200 1476
194.226.162.30 - - [20/Dec/2022:10:30:55 +0500] "GET /i/sp/aspvk/30/37/0308630375415789_dif.jpg HTTP/1.1" 200 249944
194.226.162.30 - - [20/Dec/2022:10:30:55 +0500] "GET /i/sp/aspvk/30/37/0308630375415789_dib.jpg HTTP/1.1" 200 177815
194.226.162.30 - - [20/Dec/2022:10:30:55 +0500] "GET /i/sp/aspvk/30/37/0308630375415789_lpib.jpg HTTP/1.1" 200 177815
194.226.162.30 - - [20/Dec/2022:10:30:55 +0500] "GET /i/sp/aspvk/30/37/0308630375415789_oib.jpg HTTP/1.1" 200 147582
46.146.210.91 - - [20/Dec/2022:10:31:00 +0500] "GET /ords/api.HTP_ASPVK_DATA?nPVK_ID=0&vST_DT=20.12.2022%2010:20:57&vEND_DT=20.12.2022%2010:30:57 HTTP/1.1" 200 5071
194.226.162.30 - - [20/Dec/2022:10:31:01 +0500] "GET /i/sp/aspvk/30/41/0308630415415793_dib.jpg HTTP/1.1" 200 140854
194.226.162.30 - - [20/Dec/2022:10:31:01 +0500] "GET /i/sp/aspvk/30/41/0308630415415793_dif.jpg HTTP/1.1" 200 234630
194.226.162.30 - - [20/Dec/2022:10:31:01 +0500] "GET /i/sp/aspvk/30/41/0308630415415793_lpib.jpg HTTP/1.1" 200 140854
194.226.162.30 - - [20/Dec/2022:10:31:01 +0500] "GET /i/sp/aspvk/30/41/0308630415415793_oib.jpg HTTP/1.1" 200 135405
195.222.149.195 - - [20/Dec/2022:10:31:02 +0500] "GET /ords/api.HTP_ASPVK_DATA?nPVK_ID=0&vST_DT=20.12.2022%2008:23:48&vEND_DT=20.12.2022%2008:33:48 HTTP/1.1" 200 1595
194.226.162.30 - - [20/Dec/2022:10:31:07 +0500] "GET /i/sp/aspvk/32/46/0308632465415872_dif.jpg HTTP/1.1" 200 264460
194.226.162.30 - - [20/Dec/2022:10:31:07 +0500] "GET /i/sp/aspvk/32/46/0308632465415872_lpib.jpg HTTP/1.1" 200 162389
194.226.162.30 - - [20/Dec/2022:10:31:07 +0500] "GET /i/sp/aspvk/32/46/0308632465415872_dib.jpg HTTP/1.1" 200 162389
194.226.162.30 - - [20/Dec/2022:10:31:07 +0500] "GET /i/sp/aspvk/32/46/0308632465415872_oib.jpg HTTP/1.1" 200 173377
46.146.210.91 - - [20/Dec/2022:10:31:10 +0500] "GET /ords/api.HTP_ASPVK_DATA?nPVK_ID=0&vST_DT=20.12.2022%2010:21:07&vEND_DT=20.12.2022%2010:31:07 HTTP/1.1" 200 5071
89.250.216.22 - - [20/Dec/2022:10:31:11 +0500] "POST /ords/wwv_flow.ajax HTTP/1.1" 200 50441
195.222.149.195 - - [20/Dec/2022:10:31:11 +0500] "GET /ords/api.HTP_ASPVK_DATA?nPVK_ID=0&vST_DT=20.12.2022%2008:23:58&vEND_DT=20.12.2022%2008:33:58 HTTP/1.1" 200 1595
178.161.151.107 - - [20/Dec/2022:10:31:18 +0500] "GET /ords/f?p=101:210:0::NO:::&success_msg=z-jx_OzuIPEg5ODt7fvs6CDg4vLu8Ojn4Pbo6CDu8u_w4OLr5e3uLg~~/grdxScze7s2atlxrOrh0YvU_TJQz39eCy_XgSnDRGij1xoHsDiMqDm6MaMjY-yDuvkK3OTk4D42isIwGKmKwUA&tz=5:00 HTTP/1.1" 200 7588
46.146.210.91 - - [20/Dec/2022:10:31:20 +0500] "GET /ords/api.HTP_ASPVK_DATA?nPVK_ID=0&vST_DT=20.12.2022%2010:21:17&vEND_DT=20.12.2022%2010:31:17 HTTP/1.1" 200 4669
195.222.149.195 - - [20/Dec/2022:10:31:21 +0500] "GET /ords/api.HTP_ASPVK_DATA?nPVK_ID=0&vST_DT=20.12.2022%2008:24:08&vEND_DT=20.12.2022%2008:34:08 HTTP/1.1" 200 4292
178.161.151.107 - - [20/Dec/2022:10:31:22 +0500] "GET /ords/r/r/files/static/v74Y/ HTTP/1.1" 404 5
194.226.162.30 - - [20/Dec/2022:10:31:24 +0500] "GET /i/sp/aspvk/36/15/0308636155416014_dif.jpg HTTP/1.1" 200 171995
194.226.162.30 - - [20/Dec/2022:10:31:24 +0500] "GET /i/sp/aspvk/36/15/0308636155416014_lpib.jpg HTTP/1.1" 200 285274
194.226.162.30 - - [20/Dec/2022:10:31:24 +0500] "GET /i/sp/aspvk/36/15/0308636155416014_dib.jpg HTTP/1.1" 200 285274
194.226.162.30 - - [20/Dec/2022:10:31:24 +0500] "GET /i/sp/aspvk/36/15/0308636155416014_oib.jpg HTTP/1.1" 200 148710
194.226.162.30 - - [20/Dec/2022:10:31:26 +0500] "GET /ords/f?p=137:2:6862131391690::NO::P2_ID,P2_COUNT_ALL,P2_EDIT_MODE:112307,8, HTTP/1.1" 200 146088
46.146.220.195 - - [20/Dec/2022:10:31:27 +0500] "POST /ords/wwv_flow.show HTTP/1.1" 200 12
194.226.162.30 - - [20/Dec/2022:10:31:27 +0500] "GET /i/ HTTP/1.1" 404 998
194.226.162.30 - - [20/Dec/2022:10:31:28 +0500] "POST /ords/wwv_flow.ajax HTTP/1.1" 200 1635
212.73.101.200 - - [20/Dec/2022:10:31:29 +0500] "GET /ords/f?p=137:38:9785677414488:::: HTTP/1.1" 200 67866
212.73.101.200 - - [20/Dec/2022:10:31:29 +0500] "GET /i/libraries/apex/minified/desktop_all.min.js?v=18.2.0.00.12 HTTP/1.1" 200 460792
212.73.101.200 - - [20/Dec/2022:10:31:29 +0500] "GET /i/libraries/oraclejet/4.2.0/css/libs/oj/v4.2.0/alta/oj-alta-notag-min.css?v=18.2.0.00.12 HTTP/1.1" 200 491978
46.146.210.91 - - [20/Dec/2022:10:31:29 +0500] "GET /ords/api.HTP_ASPVK_DATA?nPVK_ID=0&vST_DT=20.12.2022%2010:21:27&vEND_DT=20.12.2022%2010:31:27 HTTP/1.1" 200 4669
46.146.220.195 - - [20/Dec/2022:10:31:29 +0500] "POST /ords/wwv_flow.show HTTP/1.1" 200 12
212.73.101.200 - - [20/Dec/2022:10:31:29 +0500] "GET /ords/wwv_flow.js_messages?p_app_id=137&p_lang=ru&p_version=18.2.0.00.12-1185418106 HTTP/1.1" 200 80763
212.73.101.200 - - [20/Dec/2022:10:31:30 +0500] "GET /i/libraries/jquery-migrate/3.0.0/jquery-migrate-3.0.0.min.js?v=18.2.0.00.12 HTTP/1.1" 200 7083
212.73.101.200 - - [20/Dec/2022:10:31:30 +0500] "GET /i/libraries/jquery-ui/1.12.0/ui/i18n/oracle/jquery.ui.datepicker-ru.js?v=18.2.0.00.12 HTTP/1.1" 200 1041
