194.226.162.30 - - [21/Dec/2022:10:08:09 +0500] "GET /i/sp/aspvk/58/61/0308758615421692_lpif.jpg HTTP/1.1" 200 37374
194.226.162.30 - - [21/Dec/2022:10:08:09 +0500] "GET /i/sp/aspvk/58/61/0308758615421692_oi.jpg HTTP/1.1" 200 71461
194.226.162.30 - - [21/Dec/2022:10:08:09 +0500] "GET /i/sp/aspvk/59/06/0308759065421712_lpif.jpg HTTP/1.1" 200 88917
194.226.162.30 - - [21/Dec/2022:10:08:09 +0500] "GET /i/sp/aspvk/59/06/0308759065421712_oi.jpg HTTP/1.1" 200 65067
194.226.162.30 - - [21/Dec/2022:10:08:09 +0500] "GET /i/sp/aspvk/59/07/0308759075421713_oi.jpg HTTP/1.1" 200 63737
194.226.162.30 - - [21/Dec/2022:10:08:09 +0500] "GET /i/sp/aspvk/59/07/0308759075421713_lpif.jpg HTTP/1.1" 200 2163
194.226.162.30 - - [21/Dec/2022:10:08:09 +0500] "GET /i/sp/aspvk/60/67/0308760675421776_lpif.jpg HTTP/1.1" 200 80389
194.226.162.30 - - [21/Dec/2022:10:08:09 +0500] "GET /i/sp/aspvk/60/23/0308760235421763_oi.jpg HTTP/1.1" 200 87955
194.226.162.30 - - [21/Dec/2022:10:08:09 +0500] "GET /i/sp/aspvk/60/23/0308760235421763_lpif.jpg HTTP/1.1" 200 37028
194.226.162.30 - - [21/Dec/2022:10:08:09 +0500] "GET /i/sp/aspvk/60/67/0308760675421776_oi.jpg HTTP/1.1" 200 61273
194.226.162.30 - - [21/Dec/2022:10:08:09 +0500] "GET /i/sp/aspvk/60/71/0308760715421780_lpif.jpg HTTP/1.1" 200 56405
194.226.162.30 - - [21/Dec/2022:10:08:09 +0500] "GET /i/sp/aspvk/60/71/0308760715421780_oi.jpg HTTP/1.1" 200 69275
194.226.162.30 - - [21/Dec/2022:10:08:09 +0500] "GET /i/sp/aspvk/60/89/0308760895421794_lpif.jpg HTTP/1.1" 200 41545
194.226.162.30 - - [21/Dec/2022:10:08:09 +0500] "GET /i/sp/aspvk/60/89/0308760895421794_oi.jpg HTTP/1.1" 200 72940
81.4.255.137 - - [21/Dec/2022:10:08:09 +0500] "GET /ords/f?p=137:38:12419048767444:::: HTTP/1.1" 503 12947
194.226.162.30 - - [21/Dec/2022:10:08:10 +0500] "GET /i/sp/aspvk/61/57/0308761575421814_oi.jpg HTTP/1.1" 200 87990
194.226.162.30 - - [21/Dec/2022:10:08:10 +0500] "GET /i/sp/aspvk/61/56/0308761565421813_oi.jpg HTTP/1.1" 200 63514
194.226.162.30 - - [21/Dec/2022:10:08:10 +0500] "GET /i/sp/aspvk/61/56/0308761565421813_lpif.jpg HTTP/1.1" 200 2428
194.226.162.30 - - [21/Dec/2022:10:08:10 +0500] "GET /i/sp/aspvk/61/57/0308761575421814_lpif.jpg HTTP/1.1" 200 47790
194.226.162.30 - - [21/Dec/2022:10:08:10 +0500] "GET /i/sp/aspvk/62/72/0308762725421872_oi.jpg HTTP/1.1" 200 72267
194.226.162.30 - - [21/Dec/2022:10:08:10 +0500] "GET /i/sp/aspvk/62/77/0308762775421878_oi.jpg HTTP/1.1" 200 72718
194.226.162.30 - - [21/Dec/2022:10:08:10 +0500] "GET /i/sp/aspvk/62/72/0308762725421872_lpif.jpg HTTP/1.1" 200 42079
194.226.162.30 - - [21/Dec/2022:10:08:10 +0500] "GET /i/sp/aspvk/62/77/0308762775421878_lpif.jpg HTTP/1.1" 200 46373
194.226.162.30 - - [21/Dec/2022:10:08:10 +0500] "GET /i/sp/aspvk/62/84/0308762845421881_oi.jpg HTTP/1.1" 200 57719
194.226.162.30 - - [21/Dec/2022:10:08:10 +0500] "GET /i/sp/aspvk/62/84/0308762845421881_lpif.jpg HTTP/1.1" 200 2232
194.226.162.30 - - [21/Dec/2022:10:08:10 +0500] "GET /i/sp/aspvk/63/99/0308763995421933_lpif.jpg HTTP/1.1" 200 54266
194.226.162.30 - - [21/Dec/2022:10:08:10 +0500] "GET /i/sp/aspvk/63/99/0308763995421933_oi.jpg HTTP/1.1" 200 54470
194.226.162.30 - - [21/Dec/2022:10:08:10 +0500] "GET /i/sp/aspvk/64/46/0308764465421952_lpif.jpg HTTP/1.1" 200 2311
194.226.162.30 - - [21/Dec/2022:10:08:10 +0500] "GET /i/sp/aspvk/64/46/0308764465421952_oi.jpg HTTP/1.1" 200 69599
194.226.162.30 - - [21/Dec/2022:10:08:10 +0500] "GET /i/sp/aspvk/64/67/0308764675421957_oi.jpg HTTP/1.1" 200 77187
194.226.162.30 - - [21/Dec/2022:10:08:10 +0500] "GET /i/sp/aspvk/64/67/0308764675421957_lpif.jpg HTTP/1.1" 200 2114
194.226.162.30 - - [21/Dec/2022:10:08:10 +0500] "GET /i/sp/aspvk/65/08/0308765085421977_oi.jpg HTTP/1.1" 200 55143
194.226.162.30 - - [21/Dec/2022:10:08:10 +0500] "GET /i/sp/aspvk/65/08/0308765085421977_lpif.jpg HTTP/1.1" 200 71306
194.226.162.30 - - [21/Dec/2022:10:08:10 +0500] "GET /i/sp/aspvk/65/26/0308765265421983_lpif.jpg HTTP/1.1" 200 39691
194.226.162.30 - - [21/Dec/2022:10:08:10 +0500] "GET /i/sp/aspvk/65/97/0308765975422008_lpif.jpg HTTP/1.1" 200 2108
194.226.162.30 - - [21/Dec/2022:10:08:10 +0500] "GET /i/sp/aspvk/65/26/0308765265421983_oi.jpg HTTP/1.1" 200 75643
194.226.162.30 - - [21/Dec/2022:10:08:10 +0500] "GET /i/sp/aspvk/65/97/0308765975422008_oi.jpg HTTP/1.1" 200 81057
194.226.162.30 - - [21/Dec/2022:10:08:11 +0500] "GET /i/sp/aspvk/66/56/0308766565422044_lpif.jpg HTTP/1.1" 200 117990
194.226.162.30 - - [21/Dec/2022:10:08:11 +0500] "GET /i/sp/aspvk/66/53/0308766535422040_oi.jpg HTTP/1.1" 200 67226
194.226.162.30 - - [21/Dec/2022:10:08:11 +0500] "GET /i/sp/aspvk/66/56/0308766565422044_oi.jpg HTTP/1.1" 200 61283
194.226.162.30 - - [21/Dec/2022:10:08:11 +0500] "GET /i/sp/aspvk/68/76/0308768765422054_lpif.jpg HTTP/1.1" 200 2255
194.226.162.30 - - [21/Dec/2022:10:08:11 +0500] "GET /i/sp/aspvk/68/76/0308768765422054_oi.jpg HTTP/1.1" 200 70786
194.226.162.30 - - [21/Dec/2022:10:08:11 +0500] "GET /i/sp/aspvk/66/53/0308766535422040_lpif.jpg HTTP/1.1" 200 34906
194.226.162.30 - - [21/Dec/2022:10:08:14 +0500] "GET /i/sp/aspvk/68/78/0308768785422056_lpif.jpg HTTP/1.1" 200 2166
194.226.162.30 - - [21/Dec/2022:10:08:14 +0500] "GET /i/sp/aspvk/68/78/0308768785422056_oi.jpg HTTP/1.1" 200 87671
178.161.254.155 - - [21/Dec/2022:10:08:14 +0500] "GET / HTTP/1.1" 302 -
194.226.162.30 - - [21/Dec/2022:10:08:14 +0500] "GET /i/sp/aspvk/68/87/0308768875422065_lpif.jpg HTTP/1.1" 200 69501
194.226.162.30 - - [21/Dec/2022:10:08:14 +0500] "GET /i/sp/aspvk/68/87/0308768875422065_oi.jpg HTTP/1.1" 200 63796
194.226.162.30 - - [21/Dec/2022:10:08:14 +0500] "GET /i/sp/aspvk/68/91/0308768915422074_oi.jpg HTTP/1.1" 200 78462
194.226.162.30 - - [21/Dec/2022:10:08:14 +0500] "GET /i/sp/aspvk/68/91/0308768915422074_lpif.jpg HTTP/1.1" 200 2255
194.226.162.30 - - [21/Dec/2022:10:08:14 +0500] "GET /i/sp/aspvk/68/98/0308768985422081_lpif.jpg HTTP/1.1" 200 2061
194.226.162.30 - - [21/Dec/2022:10:08:14 +0500] "GET /i/sp/aspvk/68/98/0308768985422081_oi.jpg HTTP/1.1" 200 66330
194.226.162.30 - - [21/Dec/2022:10:08:14 +0500] "GET /i/sp/aspvk/69/05/0308769055422088_lpif.jpg HTTP/1.1" 200 2237
194.226.162.30 - - [21/Dec/2022:10:08:14 +0500] "GET /i/sp/aspvk/69/05/0308769055422088_oi.jpg HTTP/1.1" 200 76596
194.226.162.30 - - [21/Dec/2022:10:08:14 +0500] "GET /i/sp/aspvk/69/12/0308769125422095_lpif.jpg HTTP/1.1" 200 34424
194.226.162.30 - - [21/Dec/2022:10:08:14 +0500] "GET /i/sp/aspvk/69/12/0308769125422095_oi.jpg HTTP/1.1" 200 77733
194.226.162.30 - - [21/Dec/2022:10:08:14 +0500] "GET /i/sp/aspvk/69/57/0308769575422140_oi.jpg HTTP/1.1" 200 73469
194.226.162.30 - - [21/Dec/2022:10:08:14 +0500] "GET /i/sp/aspvk/69/57/0308769575422140_lpif.jpg HTTP/1.1" 200 2199
194.226.162.30 - - [21/Dec/2022:10:08:14 +0500] "GET /i/sp/aspvk/69/65/0308769655422148_oi.jpg HTTP/1.1" 200 82860
194.226.162.30 - - [21/Dec/2022:10:08:14 +0500] "GET /i/sp/aspvk/69/65/0308769655422148_lpif.jpg HTTP/1.1" 200 44989
194.226.162.30 - - [21/Dec/2022:10:08:14 +0500] "GET /i/sp/aspvk/70/86/0308770865422166_lpif.jpg HTTP/1.1" 200 44301
194.226.162.30 - - [21/Dec/2022:10:08:14 +0500] "GET /i/sp/aspvk/70/86/0308770865422166_oi.jpg HTTP/1.1" 200 76775
194.226.162.30 - - [21/Dec/2022:10:08:14 +0500] "GET /i/sp/aspvk/70/95/0308770955422176_oi.jpg HTTP/1.1" 200 95020
194.226.162.30 - - [21/Dec/2022:10:08:14 +0500] "GET /i/sp/aspvk/70/95/0308770955422176_lpif.jpg HTTP/1.1" 200 37227
194.226.162.30 - - [21/Dec/2022:10:08:14 +0500] "GET /i/sp/aspvk/71/03/0308771035422184_lpif.jpg HTTP/1.1" 200 2180
194.226.162.30 - - [21/Dec/2022:10:08:14 +0500] "GET /i/sp/aspvk/71/03/0308771035422184_oi.jpg HTTP/1.1" 200 76443
194.226.162.30 - - [21/Dec/2022:10:08:14 +0500] "GET /i/sp/aspvk/71/24/0308771245422205_lpif.jpg HTTP/1.1" 200 2295
194.226.162.30 - - [21/Dec/2022:10:08:14 +0500] "GET /i/sp/aspvk/71/24/0308771245422205_oi.jpg HTTP/1.1" 200 85896
194.226.162.30 - - [21/Dec/2022:10:08:14 +0500] "GET /i/sp/aspvk/71/31/0308771315422213_lpif.jpg HTTP/1.1" 200 40208
194.226.162.30 - - [21/Dec/2022:10:08:14 +0500] "GET /i/sp/aspvk/71/31/0308771315422213_oi.jpg HTTP/1.1" 200 84666
194.226.162.30 - - [21/Dec/2022:10:08:14 +0500] "GET /i/sp/aspvk/71/32/0308771325422214_oi.jpg HTTP/1.1" 200 62338
194.226.162.30 - - [21/Dec/2022:10:08:14 +0500] "GET /i/sp/aspvk/71/39/0308771395422226_lpif.jpg HTTP/1.1" 200 40716
194.226.162.30 - - [21/Dec/2022:10:08:14 +0500] "GET /i/sp/aspvk/71/32/0308771325422214_lpif.jpg HTTP/1.1" 200 70893
194.226.162.30 - - [21/Dec/2022:10:08:14 +0500] "GET /i/sp/aspvk/71/39/0308771395422226_oi.jpg HTTP/1.1" 200 96181
194.226.162.30 - - [21/Dec/2022:10:08:14 +0500] "GET /i/sp/aspvk/71/63/0308771635422260_oi.jpg HTTP/1.1" 200 97197
194.226.162.30 - - [21/Dec/2022:10:08:14 +0500] "GET /i/sp/aspvk/71/63/0308771635422260_lpif.jpg HTTP/1.1" 200 75428
194.226.162.30 - - [21/Dec/2022:10:08:14 +0500] "GET /i/sp/aspvk/71/71/0308771715422268_lpif.jpg HTTP/1.1" 200 71919
194.226.162.30 - - [21/Dec/2022:10:08:15 +0500] "GET /i/sp/aspvk/71/71/0308771715422268_oi.jpg HTTP/1.1" 200 55236
178.161.254.155 - - [21/Dec/2022:10:08:17 +0500] "GET /ords/f?p=101:210 HTTP/1.1" 503 12947
81.4.255.137 - - [21/Dec/2022:10:08:17 +0500] "GET /ords/f?p=137:38:12419048767444:::: HTTP/1.1" 503 12947
194.226.162.30 - - [21/Dec/2022:10:08:18 +0500] "GET /ords/DISPLAY_IMAGE?inID=21 HTTP/1.1" 503 12947
194.226.162.30 - - [21/Dec/2022:10:08:18 +0500] "GET /ords/DISPLAY_IMAGE?inID=12 HTTP/1.1" 503 12947
194.226.162.30 - - [21/Dec/2022:10:08:18 +0500] "GET /ords/DISPLAY_IMAGE?inID=20 HTTP/1.1" 503 12947
64.227.148.112 - - [21/Dec/2022:10:08:20 +0500] "GET /ab2g HTTP/1.1" 404 1002
64.227.148.112 - - [21/Dec/2022:10:08:20 +0500] "GET /ab2h HTTP/1.1" 404 1002
46.146.210.91 - - [21/Dec/2022:10:08:21 +0500] "GET /ords/api.HTP_ASPVK_DATA?nPVK_ID=0&vST_DT=21.12.2022%2009:58:17&vEND_DT=21.12.2022%2010:08:17 HTTP/1.1" 503 12947
195.222.149.195 - - [21/Dec/2022:10:08:23 +0500] "GET /ords/api.HTP_ASPVK_DATA?nPVK_ID=0&vST_DT=21.12.2022%2008:01:08&vEND_DT=21.12.2022%2008:11:08 HTTP/1.1" 503 12947
193.150.52.182 - - [21/Dec/2022:10:08:23 +0500] "GET /ords/f?p=137:38:11888619527976:::: HTTP/1.1" 503 12947
81.4.255.137 - - [21/Dec/2022:10:08:23 +0500] "GET /ords/f?p=137:38:12419048767444:::: HTTP/1.1" 503 12947
64.227.148.112 - - [21/Dec/2022:10:08:26 +0500] "GET / HTTP/1.1" 302 -
81.4.255.137 - - [21/Dec/2022:10:08:29 +0500] "GET /ords/f?p=137:38:12419048767444:::: HTTP/1.1" 503 12947
81.4.255.137 - - [21/Dec/2022:10:08:38 +0500] "GET /ords/f?p=137:38:12419048767444:::: HTTP/1.1" 503 12947
194.226.162.30 - - [21/Dec/2022:10:08:40 +0500] "POST /ords/wwv_flow.ajax HTTP/1.1" 200 2683169
194.226.162.30 - - [21/Dec/2022:10:08:40 +0500] "GET /ords/f?p=101:1:1968486122694::::: HTTP/1.1" 302 5
194.226.162.30 - - [21/Dec/2022:10:08:40 +0500] "GET /ords/f?p=101:210:::::: HTTP/1.1" 200 482
194.226.162.30 - - [21/Dec/2022:10:08:42 +0500] "GET /ords/f?p=101:210:0:::::&tz=5:00 HTTP/1.1" 200 16251
194.226.162.30 - - [21/Dec/2022:10:08:47 +0500] "POST /ords/wwv_flow.accept HTTP/1.1" 503 12947
81.4.234.170 - - [21/Dec/2022:10:08:47 +0500] "GET / HTTP/1.1" 302 -
81.4.234.170 - - [21/Dec/2022:10:08:50 +0500] "GET /ords/f?p=101:210 HTTP/1.1" 503 12947
46.146.210.91 - - [21/Dec/2022:10:08:51 +0500] "GET /ords/api.HTP_ASPVK_DATA?nPVK_ID=0&vST_DT=21.12.2022%2009:58:47&vEND_DT=21.12.2022%2010:08:47 HTTP/1.1" 503 12947
195.222.149.195 - - [21/Dec/2022:10:08:53 +0500] "GET /ords/api.HTP_ASPVK_DATA?nPVK_ID=0&vST_DT=21.12.2022%2008:01:38&vEND_DT=21.12.2022%2008:11:38 HTTP/1.1" 503 12947
194.226.162.30 - - [21/Dec/2022:10:08:54 +0500] "POST /ords/wwv_flow.accept HTTP/1.1" 503 12947
194.226.162.30 - - [21/Dec/2022:10:09:02 +0500] "POST /ords/wwv_flow.ajax HTTP/1.1" 503 12947
194.226.162.30 - - [21/Dec/2022:10:09:06 +0500] "GET /ords/f?p=137:38:2110218658023::NO::: HTTP/1.1" 503 12947
81.4.255.137 - - [21/Dec/2022:10:09:07 +0500] "GET /ords/f?p=137:38:12419048767444:::: HTTP/1.1" 200 53891
81.4.255.137 - - [21/Dec/2022:10:09:08 +0500] "GET /i/libraries/oraclejet/4.2.0/css/libs/oj/v4.2.0/alta/oj-alta-notag-min.css?v=18.2.0.00.12 HTTP/1.1" 200 491978
81.4.255.137 - - [21/Dec/2022:10:09:08 +0500] "GET /i/libraries/apex/minified/desktop_all.min.js?v=18.2.0.00.12 HTTP/1.1" 200 460792
81.4.255.137 - - [21/Dec/2022:10:09:08 +0500] "GET /i/libraries/jquery-migrate/3.0.0/jquery-migrate-3.0.0.min.js?v=18.2.0.00.12 HTTP/1.1" 200 7083
81.4.255.137 - - [21/Dec/2022:10:09:08 +0500] "GET /ords/wwv_flow.js_messages?p_app_id=137&p_lang=ru&p_version=18.2.0.00.12-1185418106 HTTP/1.1" 200 80763
81.4.255.137 - - [21/Dec/2022:10:09:08 +0500] "GET /i/libraries/jquery-ui/1.12.0/ui/i18n/oracle/jquery.ui.datepicker-ru.js?v=18.2.0.00.12 HTTP/1.1" 200 1041
81.4.255.137 - - [21/Dec/2022:10:09:08 +0500] "GET /i/libraries/apex/minified/widget.interactiveReport.min.js?v=18.2.0.00.12 HTTP/1.1" 200 52406
81.4.255.137 - - [21/Dec/2022:10:09:08 +0500] "GET /i/libraries/oraclejet/4.2.0/js/libs/require/require.js?v=18.2.0.00.12 HTTP/1.1" 200 17831
81.4.255.137 - - [21/Dec/2022:10:09:08 +0500] "GET /i/libraries/apex/minified/requirejs.jetConfig.min.js?v=18.2.0.00.12 HTTP/1.1" 200 957
81.4.255.137 - - [21/Dec/2022:10:09:08 +0500] "GET /i/libraries/apex/minified/jetCommonBundle.min.js?v=18.2.0.00.12 HTTP/1.1" 200 238918
81.4.255.137 - - [21/Dec/2022:10:09:08 +0500] "GET /i/libraries/apex/minified/chartBundle.min.js?v=18.2.0.00.12 HTTP/1.1" 200 382998
81.4.255.137 - - [21/Dec/2022:10:09:09 +0500] "GET /i/themes/theme_15/button-l.gif HTTP/1.1" 200 286
81.4.255.137 - - [21/Dec/2022:10:09:09 +0500] "GET /i/themes/theme_15/button-r.gif HTTP/1.1" 200 288
81.4.255.137 - - [21/Dec/2022:10:09:09 +0500] "GET /i/ed-item.gif HTTP/1.1" 200 608
81.4.255.137 - - [21/Dec/2022:10:09:09 +0500] "GET /ords/r/r/files/static/v74Y/jquery.cookie.js HTTP/1.1" 200 2309
81.4.255.137 - - [21/Dec/2022:10:09:09 +0500] "GET /i/themes/theme_15/button-m.gif HTTP/1.1" 200 236
81.4.255.137 - - [21/Dec/2022:10:09:09 +0500] "GET /i/app_ui/font/apex-5-icon-font.woff2 HTTP/1.1" 200 35572
81.4.255.137 - - [21/Dec/2022:10:09:09 +0500] "GET /ords/r/r/files/static/v74Y/FixedHeader.js HTTP/1.1" 200 28172
194.226.162.30 - - [21/Dec/2022:10:09:13 +0500] "GET /ords/f?p=101:210:0:&tz=5:00 HTTP/1.1" 200 16249
194.226.162.30 - - [21/Dec/2022:10:09:18 +0500] "POST /ords/wwv_flow.accept HTTP/1.1" 302 5
194.226.162.30 - - [21/Dec/2022:10:09:18 +0500] "GET /ords/f?p=101:1:8191940902954::::: HTTP/1.1" 200 502
194.226.162.30 - - [21/Dec/2022:10:09:19 +0500] "GET /ords/f?p=101:1:8191940902954:::::&tz=5:00 HTTP/1.1" 200 15246
46.146.210.91 - - [21/Dec/2022:10:09:19 +0500] "GET /ords/api.HTP_ASPVK_DATA?nPVK_ID=0&vST_DT=21.12.2022%2009:59:17&vEND_DT=21.12.2022%2010:09:17 HTTP/1.1" 200 6604
195.222.149.195 - - [21/Dec/2022:10:09:20 +0500] "GET /ords/api.HTP_ASPVK_DATA?nPVK_ID=0&vST_DT=21.12.2022%2008:02:08&vEND_DT=21.12.2022%2008:12:08 HTTP/1.1" 200 3529
194.226.162.30 - - [21/Dec/2022:10:09:21 +0500] "GET /ords/f?p=137:38:13931319184554::NO::: HTTP/1.1" 200 97960
46.146.210.91 - - [21/Dec/2022:10:09:29 +0500] "GET /ords/api.HTP_ASPVK_DATA?nPVK_ID=0&vST_DT=21.12.2022%2009:59:27&vEND_DT=21.12.2022%2010:09:27 HTTP/1.1" 200 6604
195.222.149.195 - - [21/Dec/2022:10:09:30 +0500] "GET /ords/api.HTP_ASPVK_DATA?nPVK_ID=0&vST_DT=21.12.2022%2008:02:18&vEND_DT=21.12.2022%2008:12:18 HTTP/1.1" 200 3529
194.226.162.30 - - [21/Dec/2022:10:09:33 +0500] "GET /ords/f?p=137:39:8191940902954::::P39_BEG_DATE,P39_END_DATE: HTTP/1.1" 200 213505
194.226.162.30 - - [21/Dec/2022:10:09:33 +0500] "GET /i/sp/aspvk/85/77/0308685775418202_lpif.jpg HTTP/1.1" 200 2430
194.226.162.30 - - [21/Dec/2022:10:09:33 +0500] "GET /i/sp/aspvk/85/77/0308685775418202_oi.jpg HTTP/1.1" 200 58503
194.226.162.30 - - [21/Dec/2022:10:09:33 +0500] "GET /i/sp/aspvk/88/87/0308688871717190_lpif.jpg HTTP/1.1" 200 3393
194.226.162.30 - - [21/Dec/2022:10:09:33 +0500] "GET /i/sp/aspvk/88/88/0308688881717191_oi.jpg HTTP/1.1" 200 166210
194.226.162.30 - - [21/Dec/2022:10:09:33 +0500] "GET /i/sp/aspvk/88/87/0308688871717190_oi.jpg HTTP/1.1" 200 198249
194.226.162.30 - - [21/Dec/2022:10:09:33 +0500] "GET /i/sp/aspvk/88/88/0308688881717191_lpif.jpg HTTP/1.1" 200 3075
194.226.162.30 - - [21/Dec/2022:10:09:34 +0500] "GET /i/sp/aspvk/88/92/0308688921717195_lpif.jpg HTTP/1.1" 200 3093
194.226.162.30 - - [21/Dec/2022:10:09:34 +0500] "GET /i/sp/aspvk/88/92/0308688921717195_oi.jpg HTTP/1.1" 200 169057
194.226.162.30 - - [21/Dec/2022:10:09:34 +0500] "GET /ords/DISPLAY_IMAGE?inID=9 HTTP/1.1" 200 4174
194.226.162.30 - - [21/Dec/2022:10:09:34 +0500] "GET /i/sp/aspvk/87/58/0308687585418243_oi.jpg HTTP/1.1" 200 59317
194.226.162.30 - - [21/Dec/2022:10:09:34 +0500] "GET /ords/DISPLAY_IMAGE?inID=25 HTTP/1.1" 200 5175
194.226.162.30 - - [21/Dec/2022:10:09:34 +0500] "GET /i/sp/aspvk/86/10/0308686105418235_oi.jpg HTTP/1.1" 200 84517
194.226.162.30 - - [21/Dec/2022:10:09:34 +0500] "GET /ords/DISPLAY_IMAGE?inID=18 HTTP/1.1" 200 4438
194.226.162.30 - - [21/Dec/2022:10:09:34 +0500] "GET /ords/DISPLAY_IMAGE?inID=27 HTTP/1.1" 200 2657
194.226.162.30 - - [21/Dec/2022:10:09:34 +0500] "GET /i/sp/aspvk/86/07/0308686075418232_lpif.jpg HTTP/1.1" 200 45493
194.226.162.30 - - [21/Dec/2022:10:09:34 +0500] "GET /i/sp/aspvk/85/88/0308685885418213_lpif.jpg HTTP/1.1" 200 35747
194.226.162.30 - - [21/Dec/2022:10:09:34 +0500] "GET /i/sp/aspvk/85/88/0308685885418213_oi.jpg HTTP/1.1" 200 71643
194.226.162.30 - - [21/Dec/2022:10:09:34 +0500] "GET /i/sp/aspvk/86/07/0308686075418232_oi.jpg HTTP/1.1" 200 83581
194.226.162.30 - - [21/Dec/2022:10:09:34 +0500] "GET /i/sp/aspvk/86/09/0308686095418234_lpif.jpg HTTP/1.1" 200 37923
194.226.162.30 - - [21/Dec/2022:10:09:34 +0500] "GET /i/sp/aspvk/86/09/0308686095418234_oi.jpg HTTP/1.1" 200 79037
194.226.162.30 - - [21/Dec/2022:10:09:34 +0500] "GET /i/sp/aspvk/87/58/0308687585418243_lpif.jpg HTTP/1.1" 200 120785
194.226.162.30 - - [21/Dec/2022:10:09:34 +0500] "GET /i/sp/aspvk/86/10/0308686105418235_lpif.jpg HTTP/1.1" 200 2114
194.226.162.30 - - [21/Dec/2022:10:09:34 +0500] "GET /ords/DISPLAY_IMAGE?inID=22 HTTP/1.1" 200 4694
194.226.162.30 - - [21/Dec/2022:10:09:34 +0500] "GET /ords/DISPLAY_IMAGE?inID=19 HTTP/1.1" 200 3657
194.226.162.30 - - [21/Dec/2022:10:09:34 +0500] "GET /i/sp/aspvk/87/60/0308687605418245_lpif.jpg HTTP/1.1" 200 43206
194.226.162.30 - - [21/Dec/2022:10:09:34 +0500] "GET /i/sp/aspvk/87/60/0308687605418245_oi.jpg HTTP/1.1" 200 74569
194.226.162.30 - - [21/Dec/2022:10:09:34 +0500] "GET /ords/DISPLAY_IMAGE?inID=5 HTTP/1.1" 200 3013
194.226.162.30 - - [21/Dec/2022:10:09:35 +0500] "GET /i/sp/aspvk/89/22/0308689221717226_lpif.jpg HTTP/1.1" 200 2943
194.226.162.30 - - [21/Dec/2022:10:09:35 +0500] "GET /i/sp/aspvk/89/22/0308689221717226_oi.jpg HTTP/1.1" 200 214558
194.226.162.30 - - [21/Dec/2022:10:09:35 +0500] "GET /ords/r/r/files/static/v74Y/FixedHeader.js?_=1671599373345 HTTP/1.1" 200 28172
194.226.162.30 - - [21/Dec/2022:10:09:35 +0500] "GET /i/sp/aspvk/87/76/0308687765418265_lpif.jpg HTTP/1.1" 200 35395
194.226.162.30 - - [21/Dec/2022:10:09:35 +0500] "GET /i/sp/aspvk/87/76/0308687765418265_oi.jpg HTTP/1.1" 200 83033
194.226.162.30 - - [21/Dec/2022:10:09:35 +0500] "GET /i/sp/aspvk/87/82/0308687825418271_oi.jpg HTTP/1.1" 200 79544
194.226.162.30 - - [21/Dec/2022:10:09:35 +0500] "GET /i/sp/aspvk/87/95/0308687955418284_lpif.jpg HTTP/1.1" 200 2166
194.226.162.30 - - [21/Dec/2022:10:09:35 +0500] "GET /i/sp/aspvk/87/95/0308687955418284_oi.jpg HTTP/1.1" 200 102182
194.226.162.30 - - [21/Dec/2022:10:09:36 +0500] "GET /i/sp/aspvk/87/96/0308687965418285_lpif.jpg HTTP/1.1" 200 2358
194.226.162.30 - - [21/Dec/2022:10:09:36 +0500] "GET /i/sp/aspvk/87/96/0308687965418285_oi.jpg HTTP/1.1" 200 94345
194.226.162.30 - - [21/Dec/2022:10:09:38 +0500] "GET /i/sp/aspvk/87/82/0308687825418271_lpif.jpg HTTP/1.1" 200 47017
46.146.210.91 - - [21/Dec/2022:10:09:38 +0500] "GET /ords/api.HTP_ASPVK_DATA?nPVK_ID=0&vST_DT=21.12.2022%2009:59:37&vEND_DT=21.12.2022%2010:09:37 HTTP/1.1" 200 5074
194.226.162.30 - - [21/Dec/2022:10:09:39 +0500] "GET /i/sp/aspvk/89/53/0308689531717260_lpif.jpg HTTP/1.1" 200 3648
194.226.162.30 - - [21/Dec/2022:10:09:39 +0500] "GET /i/sp/aspvk/89/53/0308689531717260_oi.jpg HTTP/1.1" 200 199014
195.222.149.195 - - [21/Dec/2022:10:09:40 +0500] "GET /ords/api.HTP_ASPVK_DATA?nPVK_ID=0&vST_DT=21.12.2022%2008:02:28&vEND_DT=21.12.2022%2008:12:28 HTTP/1.1" 200 3529
194.226.162.30 - - [21/Dec/2022:10:09:41 +0500] "GET /i/sp/aspvk/88/18/0308688185418308_lpif.jpg HTTP/1.1" 200 2203
194.226.162.30 - - [21/Dec/2022:10:09:41 +0500] "GET /i/sp/aspvk/88/18/0308688185418308_oi.jpg HTTP/1.1" 200 84840
194.226.162.30 - - [21/Dec/2022:10:09:41 +0500] "GET /i/sp/aspvk/88/26/0308688265418316_lpif.jpg HTTP/1.1" 200 2275
194.226.162.30 - - [21/Dec/2022:10:09:41 +0500] "GET /i/sp/aspvk/88/26/0308688265418316_oi.jpg HTTP/1.1" 200 83562
217.151.131.77 - - [21/Dec/2022:10:09:43 +0500] "POST /ords/wwv_flow.accept HTTP/1.1" 302 5
194.226.162.30 - - [21/Dec/2022:10:09:43 +0500] "GET /i/sp/aspvk/88/29/0308688295418319_lpif.jpg HTTP/1.1" 200 42626
194.226.162.30 - - [21/Dec/2022:10:09:43 +0500] "GET /i/sp/aspvk/88/29/0308688295418319_oi.jpg HTTP/1.1" 200 96338
194.226.162.30 - - [21/Dec/2022:10:09:43 +0500] "GET /i/sp/aspvk/93/79/0308693791717290_lpif.jpg HTTP/1.1" 200 3777
194.226.162.30 - - [21/Dec/2022:10:09:43 +0500] "GET /i/sp/aspvk/93/79/0308693791717290_oi.jpg HTTP/1.1" 200 190186
194.226.162.30 - - [21/Dec/2022:10:09:46 +0500] "GET /ords/r/r/files/static/v74Y/ui-anim_basic_16x16.gif HTTP/1.1" 404 5
194.226.162.30 - - [21/Dec/2022:10:09:46 +0500] "GET /ords/wwv_flow.show?p_request=APPLICATION_PROCESS%3DGET_SQL_RESULT&p_flow_id=555&p_flow_step_id=0&p_instance=8191940902954&p_arg_names=F_APPLICATION_ID&p_arg_values=137&p_arg_names=F_FILTER_TEXT&p_arg_values=&p_arg_names=F_LOV_NAME&p_arg_values=39_PVK&p_arg_names=F_FILTER_TEXT2&p_arg_values=&p_arg_names=F_RESULT_COUNT&p_arg_values=50 HTTP/1.1" 200 1188
46.146.210.91 - - [21/Dec/2022:10:09:49 +0500] "GET /ords/api.HTP_ASPVK_DATA?nPVK_ID=0&vST_DT=21.12.2022%2009:59:47&vEND_DT=21.12.2022%2010:09:47 HTTP/1.1" 200 5074
194.226.162.30 - - [21/Dec/2022:10:09:49 +0500] "POST /ords/wwv_flow.accept HTTP/1.1" 302 5
194.226.162.30 - - [21/Dec/2022:10:09:53 +0500] "GET /ords/f?p=137:39:8191940902954::::: HTTP/1.1" 200 118975
194.226.162.30 - - [21/Dec/2022:10:09:53 +0500] "GET /i/sp/aspvk/60/28/030796028462368_lpif.jpg HTTP/1.1" 304 -
194.226.162.30 - - [21/Dec/2022:10:09:53 +0500] "GET /i/sp/aspvk/60/28/030796028462368_oi.jpg HTTP/1.1" 304 -
194.226.162.30 - - [21/Dec/2022:10:09:53 +0500] "GET /i/sp/aspvk/53/68/030805368462532_lpif.jpg HTTP/1.1" 304 -
194.226.162.30 - - [21/Dec/2022:10:09:53 +0500] "GET /i/sp/aspvk/03/46/030840346463761_lpif.jpg HTTP/1.1" 304 -
194.226.162.30 - - [21/Dec/2022:10:09:53 +0500] "GET /i/sp/aspvk/65/67/030876567465128_oi.jpg HTTP/1.1" 200 97466
194.226.162.30 - - [21/Dec/2022:10:09:53 +0500] "GET /i/sp/aspvk/53/68/030805368462532_oi.jpg HTTP/1.1" 304 -
195.222.149.195 - - [21/Dec/2022:10:09:53 +0500] "GET /ords/api.HTP_ASPVK_DATA?nPVK_ID=0&vST_DT=21.12.2022%2008:02:38&vEND_DT=21.12.2022%2008:12:38 HTTP/1.1" 200 3529
194.226.162.30 - - [21/Dec/2022:10:09:53 +0500] "GET /i/sp/aspvk/65/67/030876567465128_lpif.jpg HTTP/1.1" 200 1890
194.226.162.30 - - [21/Dec/2022:10:09:53 +0500] "GET /ords/DISPLAY_IMAGE?inID=7 HTTP/1.1" 200 4461
194.226.162.30 - - [21/Dec/2022:10:09:53 +0500] "GET /ords/DISPLAY_IMAGE?inID=15 HTTP/1.1" 200 3975
194.226.162.30 - - [21/Dec/2022:10:09:53 +0500] "GET /ords/DISPLAY_IMAGE?inID=22 HTTP/1.1" 200 4694
194.226.162.30 - - [21/Dec/2022:10:09:53 +0500] "GET /i/sp/aspvk/54/61/030805461462537_lpif.jpg HTTP/1.1" 304 -
194.226.162.30 - - [21/Dec/2022:10:09:53 +0500] "GET /ords/DISPLAY_IMAGE?inID=18 HTTP/1.1" 200 4438
194.226.162.30 - - [21/Dec/2022:10:09:53 +0500] "GET /i/sp/aspvk/78/58/030817858462890_oi.jpg HTTP/1.1" 304 -
194.226.162.30 - - [21/Dec/2022:10:09:53 +0500] "GET /i/sp/aspvk/78/58/030817858462890_lpif.jpg HTTP/1.1" 304 -
194.226.162.30 - - [21/Dec/2022:10:09:53 +0500] "GET /i/sp/aspvk/54/61/030805461462537_oi.jpg HTTP/1.1" 304 -
194.226.162.30 - - [21/Dec/2022:10:09:53 +0500] "GET /i/sp/aspvk/25/88/030812588462680_lpif.jpg HTTP/1.1" 304 -
194.226.162.30 - - [21/Dec/2022:10:09:53 +0500] "GET /i/sp/aspvk/27/33/030812733462684_lpif.jpg HTTP/1.1" 304 -
194.226.162.30 - - [21/Dec/2022:10:09:53 +0500] "GET /ords/DISPLAY_IMAGE?inID=25 HTTP/1.1" 200 5175
194.226.162.30 - - [21/Dec/2022:10:09:53 +0500] "GET /i/sp/aspvk/00/39/030820039462976_lpif.jpg HTTP/1.1" 304 -
194.226.162.30 - - [21/Dec/2022:10:09:53 +0500] "GET /i/sp/aspvk/00/39/030820039462976_oi.jpg HTTP/1.1" 304 -
194.226.162.30 - - [21/Dec/2022:10:09:53 +0500] "GET /i/sp/aspvk/03/46/030840346463761_oi.jpg HTTP/1.1" 304 -
194.226.162.30 - - [21/Dec/2022:10:09:53 +0500] "GET /i/sp/aspvk/25/88/030812588462680_oi.jpg HTTP/1.1" 304 -
194.226.162.30 - - [21/Dec/2022:10:09:53 +0500] "GET /i/sp/aspvk/27/33/030812733462684_oi.jpg HTTP/1.1" 304 -
194.226.162.30 - - [21/Dec/2022:10:09:54 +0500] "GET /ords/r/r/files/static/v74Y/FixedHeader.js?_=1671599392349 HTTP/1.1" 200 28172
46.146.210.91 - - [21/Dec/2022:10:09:58 +0500] "GET /ords/api.HTP_ASPVK_DATA?nPVK_ID=0&vST_DT=21.12.2022%2009:59:57&vEND_DT=21.12.2022%2010:09:57 HTTP/1.1" 200 5074
195.222.149.195 - - [21/Dec/2022:10:10:00 +0500] "GET /ords/api.HTP_ASPVK_DATA?nPVK_ID=0&vST_DT=21.12.2022%2008:02:48&vEND_DT=21.12.2022%2008:12:48 HTTP/1.1" 200 3529
217.151.131.77 - - [21/Dec/2022:10:10:01 +0500] "GET /ords/f?p=137:38:13097526440995::NO::: HTTP/1.1" 200 54490
46.146.210.91 - - [21/Dec/2022:10:10:09 +0500] "GET /ords/api.HTP_ASPVK_DATA?nPVK_ID=0&vST_DT=21.12.2022%2010:00:07&vEND_DT=21.12.2022%2010:10:07 HTTP/1.1" 200 5074
195.222.149.195 - - [21/Dec/2022:10:10:10 +0500] "GET /ords/api.HTP_ASPVK_DATA?nPVK_ID=0&vST_DT=21.12.2022%2008:02:58&vEND_DT=21.12.2022%2008:12:58 HTTP/1.1" 200 3529
194.226.162.30 - - [21/Dec/2022:10:10:15 +0500] "GET /i/sp/aspvk/00/39/030820039462976_dif.jpg HTTP/1.1" 200 49674
194.226.162.30 - - [21/Dec/2022:10:10:15 +0500] "GET /i/sp/aspvk/00/39/030820039462976_dib.jpg HTTP/1.1" 200 185800
194.226.162.30 - - [21/Dec/2022:10:10:15 +0500] "GET /i/sp/aspvk/00/39/030820039462976_lpib.jpg HTTP/1.1" 200 185800
194.226.162.30 - - [21/Dec/2022:10:10:15 +0500] "GET /i/sp/aspvk/00/39/030820039462976_oib.jpg HTTP/1.1" 200 184701
46.146.210.91 - - [21/Dec/2022:10:10:18 +0500] "GET /ords/api.HTP_ASPVK_DATA?nPVK_ID=0&vST_DT=21.12.2022%2010:00:17&vEND_DT=21.12.2022%2010:10:17 HTTP/1.1" 200 5074
195.222.149.195 - - [21/Dec/2022:10:10:20 +0500] "GET /ords/api.HTP_ASPVK_DATA?nPVK_ID=0&vST_DT=21.12.2022%2008:03:08&vEND_DT=21.12.2022%2008:13:08 HTTP/1.1" 200 3529
46.146.210.91 - - [21/Dec/2022:10:10:28 +0500] "GET /ords/api.HTP_ASPVK_DATA?nPVK_ID=0&vST_DT=21.12.2022%2010:00:27&vEND_DT=21.12.2022%2010:10:27 HTTP/1.1" 200 5074
195.222.149.195 - - [21/Dec/2022:10:10:30 +0500] "GET /ords/api.HTP_ASPVK_DATA?nPVK_ID=0&vST_DT=21.12.2022%2008:03:18&vEND_DT=21.12.2022%2008:13:18 HTTP/1.1" 200 3529
46.146.210.91 - - [21/Dec/2022:10:10:39 +0500] "GET /ords/api.HTP_ASPVK_DATA?nPVK_ID=0&vST_DT=21.12.2022%2010:00:37&vEND_DT=21.12.2022%2010:10:37 HTTP/1.1" 200 5074
195.222.149.195 - - [21/Dec/2022:10:10:40 +0500] "GET /ords/api.HTP_ASPVK_DATA?nPVK_ID=0&vST_DT=21.12.2022%2008:03:28&vEND_DT=21.12.2022%2008:13:28 HTTP/1.1" 200 3529
46.146.210.91 - - [21/Dec/2022:10:10:48 +0500] "GET /ords/api.HTP_ASPVK_DATA?nPVK_ID=0&vST_DT=21.12.2022%2010:00:47&vEND_DT=21.12.2022%2010:10:47 HTTP/1.1" 200 5074
195.222.149.195 - - [21/Dec/2022:10:10:50 +0500] "GET /ords/api.HTP_ASPVK_DATA?nPVK_ID=0&vST_DT=21.12.2022%2008:03:38&vEND_DT=21.12.2022%2008:13:38 HTTP/1.1" 200 3529
46.146.210.91 - - [21/Dec/2022:10:10:58 +0500] "GET /ords/api.HTP_ASPVK_DATA?nPVK_ID=0&vST_DT=21.12.2022%2010:00:57&vEND_DT=21.12.2022%2010:10:57 HTTP/1.1" 200 5074
195.222.149.195 - - [21/Dec/2022:10:11:00 +0500] "GET /ords/api.HTP_ASPVK_DATA?nPVK_ID=0&vST_DT=21.12.2022%2008:03:48&vEND_DT=21.12.2022%2008:13:48 HTTP/1.1" 200 3529
194.226.162.30 - - [21/Dec/2022:10:11:03 +0500] "GET /i/sp/aspvk/65/67/030876567465128_dif.jpg HTTP/1.1" 200 61312
194.226.162.30 - - [21/Dec/2022:10:11:03 +0500] "GET /i/sp/aspvk/65/67/030876567465128_dib.jpg HTTP/1.1" 200 96727
194.226.162.30 - - [21/Dec/2022:10:11:03 +0500] "GET /i/sp/aspvk/65/67/030876567465128_lpib.jpg HTTP/1.1" 200 96727
194.226.162.30 - - [21/Dec/2022:10:11:03 +0500] "GET /i/sp/aspvk/65/67/030876567465128_oib.jpg HTTP/1.1" 200 119538
46.146.220.195 - - [21/Dec/2022:10:11:06 +0500] "GET /ords/f?p=101:210:0:&tz=5:00 HTTP/1.1" 200 16253
46.146.210.91 - - [21/Dec/2022:10:11:09 +0500] "GET /ords/api.HTP_ASPVK_DATA?nPVK_ID=0&vST_DT=21.12.2022%2010:01:07&vEND_DT=21.12.2022%2010:11:07 HTTP/1.1" 200 5074
195.222.149.195 - - [21/Dec/2022:10:11:10 +0500] "GET /ords/api.HTP_ASPVK_DATA?nPVK_ID=0&vST_DT=21.12.2022%2008:03:58&vEND_DT=21.12.2022%2008:13:58 HTTP/1.1" 200 3529
46.146.220.195 - - [21/Dec/2022:10:11:11 +0500] "POST /ords/wwv_flow.accept HTTP/1.1" 302 5
46.146.220.195 - - [21/Dec/2022:10:11:12 +0500] "GET /ords/f?p=101:1:9077921933203::::: HTTP/1.1" 200 10115
46.146.210.91 - - [21/Dec/2022:10:11:21 +0500] "GET /ords/api.HTP_ASPVK_DATA?nPVK_ID=0&vST_DT=21.12.2022%2010:01:17&vEND_DT=21.12.2022%2010:11:17 HTTP/1.1" 503 12947
195.222.149.195 - - [21/Dec/2022:10:11:23 +0500] "GET /ords/api.HTP_ASPVK_DATA?nPVK_ID=0&vST_DT=21.12.2022%2008:04:08&vEND_DT=21.12.2022%2008:14:08 HTTP/1.1" 503 12947
46.146.220.195 - - [21/Dec/2022:10:11:23 +0500] "GET / HTTP/1.1" 302 -
46.146.220.195 - - [21/Dec/2022:10:11:27 +0500] "GET /ords/f?p=101:210 HTTP/1.1" 503 12947
217.151.131.77 - - [21/Dec/2022:10:11:34 +0500] "GET /ords/f?p=137:2:13097526440995::NO::P2_ID,P2_COUNT_ALL,P2_EDIT_MODE:55624,5, HTTP/1.1" 200 113738
217.151.131.77 - - [21/Dec/2022:10:11:35 +0500] "GET /ords/r/r/files/static/v74Y/jquery.maskedinput-1.3.min.js HTTP/1.1" 200 4337
217.151.131.77 - - [21/Dec/2022:10:11:35 +0500] "GET /ords/r/r/files/static/v74Y/zip-ext.js HTTP/1.1" 200 7337
217.151.131.77 - - [21/Dec/2022:10:11:35 +0500] "GET /ords/r/r/files/static/v74Y/balloon.js HTTP/1.1" 200 15291
217.151.131.77 - - [21/Dec/2022:10:11:35 +0500] "GET /ords/r/r/files/static/v74Y/ecp_code.js HTTP/1.1" 200 43396
217.151.131.77 - - [21/Dec/2022:10:11:35 +0500] "GET /ords/r/r/files/static/v74Y/ecp_cadesplugin_api.js HTTP/1.1" 200 20706
217.151.131.77 - - [21/Dec/2022:10:11:35 +0500] "GET /ords/r/r/files/static/v74Y/zip.js HTTP/1.1" 200 30612
217.151.131.77 - - [21/Dec/2022:10:11:36 +0500] "GET /ords/r/r/files/static/v74Y/savefiles.js HTTP/1.1" 200 4957
217.151.131.77 - - [21/Dec/2022:10:11:36 +0500] "GET /ords/r/r/files/static/v74Y/smev3Obj.js HTTP/1.1" 200 13059
217.151.131.77 - - [21/Dec/2022:10:11:36 +0500] "GET /i/libraries/apex/minified/widget.timepicker.min.js?v=18.2.0.00.12 HTTP/1.1" 200 25373
217.151.131.77 - - [21/Dec/2022:10:11:36 +0500] "GET /i/themes/theme_15/requiredicon_status2.gif HTTP/1.1" 200 80
217.151.131.77 - - [21/Dec/2022:10:11:36 +0500] "GET /i/libraries/apex/minified/widget.report.min.js?v=18.2.0.00.12 HTTP/1.1" 200 2085
217.151.131.77 - - [21/Dec/2022:10:11:37 +0500] "POST /ords/wwv_flow.ajax HTTP/1.1" 200 1563
217.151.131.77 - - [21/Dec/2022:10:11:37 +0500] "GET /ords/r/r/files/static/v74Y/ecp_async_code.js HTTP/1.1" 200 53505
188.17.152.148 - - [21/Dec/2022:10:11:48 +0500] "GET /ords/f?p=101:210:0:&tz=3:00 HTTP/1.1" 200 16247
46.146.210.91 - - [21/Dec/2022:10:11:49 +0500] "GET /ords/api.HTP_ASPVK_DATA?nPVK_ID=0&vST_DT=21.12.2022%2010:01:47&vEND_DT=21.12.2022%2010:11:47 HTTP/1.1" 200 5074
46.146.220.195 - - [21/Dec/2022:10:11:51 +0500] "GET / HTTP/1.1" 302 -
188.17.152.148 - - [21/Dec/2022:10:11:51 +0500] "POST /ords/wwv_flow.accept HTTP/1.1" 302 5
46.146.220.195 - - [21/Dec/2022:10:11:51 +0500] "GET / HTTP/1.1" 302 -
195.222.149.195 - - [21/Dec/2022:10:11:51 +0500] "GET /ords/api.HTP_ASPVK_DATA?nPVK_ID=0&vST_DT=21.12.2022%2008:04:38&vEND_DT=21.12.2022%2008:14:38 HTTP/1.1" 200 5055
46.146.220.195 - - [21/Dec/2022:10:11:51 +0500] "GET /ords/f?p=101:210 HTTP/1.1" 200 453
188.17.152.148 - - [21/Dec/2022:10:11:52 +0500] "GET /ords/f?p=101:1:4283606429681::::: HTTP/1.1" 200 11147
46.146.220.195 - - [21/Dec/2022:10:11:53 +0500] "GET /ords/f?p=101:210 HTTP/1.1" 200 453
46.146.220.195 - - [21/Dec/2022:10:11:53 +0500] "GET /ords/f?p=137:38:9077921933203:::: HTTP/1.1" 200 91518
46.146.220.195 - - [21/Dec/2022:10:11:53 +0500] "GET /ords/f?p=101:210:0:&tz=5:00 HTTP/1.1" 200 16250
46.146.210.91 - - [21/Dec/2022:10:11:59 +0500] "GET /ords/api.HTP_ASPVK_DATA?nPVK_ID=0&vST_DT=21.12.2022%2010:01:57&vEND_DT=21.12.2022%2010:11:57 HTTP/1.1" 200 3131
195.222.149.195 - - [21/Dec/2022:10:12:01 +0500] "GET /ords/api.HTP_ASPVK_DATA?nPVK_ID=0&vST_DT=21.12.2022%2008:04:48&vEND_DT=21.12.2022%2008:14:48 HTTP/1.1" 200 5055
46.146.220.195 - - [21/Dec/2022:10:12:01 +0500] "POST /ords/wwv_flow.accept HTTP/1.1" 302 5
46.146.220.195 - - [21/Dec/2022:10:12:02 +0500] "GET /ords/f?p=101:1:16573513542165::::: HTTP/1.1" 200 504
46.146.220.195 - - [21/Dec/2022:10:12:03 +0500] "GET /ords/f?p=101:1:16573513542165:::::&tz=5:00 HTTP/1.1" 200 10114
46.146.210.91 - - [21/Dec/2022:10:12:11 +0500] "GET /ords/api.HTP_ASPVK_DATA?nPVK_ID=0&vST_DT=21.12.2022%2010:02:07&vEND_DT=21.12.2022%2010:12:07 HTTP/1.1" 503 12947
46.146.220.195 - - [21/Dec/2022:10:12:12 +0500] "POST /ords/wwv_flow.ajax HTTP/1.1" 503 12947
195.222.149.195 - - [21/Dec/2022:10:12:13 +0500] "GET /ords/api.HTP_ASPVK_DATA?nPVK_ID=0&vST_DT=21.12.2022%2008:04:58&vEND_DT=21.12.2022%2008:14:58 HTTP/1.1" 503 12947
194.226.162.30 - - [21/Dec/2022:10:12:13 +0500] "GET /i/sp/aspvk/03/46/030840346463761_lpib.jpg HTTP/1.1" 304 -
194.226.162.30 - - [21/Dec/2022:10:12:14 +0500] "GET /i/sp/aspvk/03/46/030840346463761_dif.jpg HTTP/1.1" 304 -
194.226.162.30 - - [21/Dec/2022:10:12:14 +0500] "GET /i/sp/aspvk/03/46/030840346463761_dib.jpg HTTP/1.1" 304 -
194.226.162.30 - - [21/Dec/2022:10:12:14 +0500] "GET /i/sp/aspvk/03/46/030840346463761_oib.jpg HTTP/1.1" 304 -
46.146.220.195 - - [21/Dec/2022:10:12:15 +0500] "GET /ords/f?p=137:38:9077921933203:::: HTTP/1.1" 503 12947
46.146.220.195 - - [21/Dec/2022:10:12:28 +0500] "POST /ords/wwv_flow.ajax HTTP/1.1" 503 12947
194.226.162.30 - - [21/Dec/2022:10:12:30 +0500] "POST /ords/wwv_flow.ajax HTTP/1.1" 503 12947
46.146.220.195 - - [21/Dec/2022:10:12:32 +0500] "GET /ords/f?p=137:38:9077921933203:::: HTTP/1.1" 503 12947
194.226.162.30 - - [21/Dec/2022:10:12:33 +0500] "GET /ords/f?p=137:38:2110218658023::NO::: HTTP/1.1" 503 12947
194.226.162.30 - - [21/Dec/2022:10:12:34 +0500] "POST /ords/wwv_flow.ajax HTTP/1.1" 503 12947
194.226.162.30 - - [21/Dec/2022:10:12:37 +0500] "GET /ords/f?p=137:38:2110218658023::NO::: HTTP/1.1" 503 12947
194.226.162.30 - - [21/Dec/2022:10:12:39 +0500] "POST /ords/wwv_flow.ajax HTTP/1.1" 503 12947
46.146.210.91 - - [21/Dec/2022:10:12:41 +0500] "GET /ords/api.HTP_ASPVK_DATA?nPVK_ID=0&vST_DT=21.12.2022%2010:02:37&vEND_DT=21.12.2022%2010:12:37 HTTP/1.1" 503 12947
46.146.220.195 - - [21/Dec/2022:10:12:43 +0500] "POST /ords/wwv_flow.ajax HTTP/1.1" 503 12947
46.146.220.195 - - [21/Dec/2022:10:12:43 +0500] "GET /ords/f?p=137:38:16573513542165:::: HTTP/1.1" 200 91523
195.222.149.195 - - [21/Dec/2022:10:12:44 +0500] "GET /ords/api.HTP_ASPVK_DATA?nPVK_ID=0&vST_DT=21.12.2022%2008:05:28&vEND_DT=21.12.2022%2008:15:28 HTTP/1.1" 200 7831
195.222.149.195 - - [21/Dec/2022:10:12:53 +0500] "GET /ords/api.HTP_ASPVK_DATA?nPVK_ID=0&vST_DT=21.12.2022%2008:05:38&vEND_DT=21.12.2022%2008:15:38 HTTP/1.1" 503 12947
46.146.220.195 - - [21/Dec/2022:10:12:56 +0500] "POST /ords/wwv_flow.ajax HTTP/1.1" 503 12947
46.146.220.195 - - [21/Dec/2022:10:12:56 +0500] "POST /ords/wwv_flow.accept HTTP/1.1" 503 12947
188.17.152.148 - - [21/Dec/2022:10:12:59 +0500] "GET /ords/f?p=147:1:4283606429681:::: HTTP/1.1" 200 62171
188.17.152.148 - - [21/Dec/2022:10:13:00 +0500] "GET /ords/r/r/files/static/v74Y/favicon.ico HTTP/1.1" 404 5
194.226.162.30 - - [21/Dec/2022:10:13:08 +0500] "POST /ords/wwv_flow.ajax HTTP/1.1" 503 12947
46.146.210.91 - - [21/Dec/2022:10:13:11 +0500] "GET /ords/api.HTP_ASPVK_DATA?nPVK_ID=0&vST_DT=21.12.2022%2010:03:07&vEND_DT=21.12.2022%2010:13:07 HTTP/1.1" 503 12947
194.226.162.30 - - [21/Dec/2022:10:13:12 +0500] "POST /ords/wwv_flow.ajax HTTP/1.1" 503 12947
194.226.162.30 - - [21/Dec/2022:10:13:12 +0500] "GET /ords/f?p=137:38:13931319184554::NO::: HTTP/1.1" 503 12947
217.151.131.77 - - [21/Dec/2022:10:13:12 +0500] "GET /ords/PRINT_ZAYAV_RAZR?PS_ID=55624&vCURRENT_USER=%D0%90%D0%A5%D0%9C%D0%90%D0%95%D0%92_%D0%9C%D0%A4 HTTP/1.1" 503 12947
46.146.220.195 - - [21/Dec/2022:10:13:12 +0500] "GET /ords/f?p=137:38:9077921933203:::: HTTP/1.1" 503 12947
194.226.162.30 - - [21/Dec/2022:10:13:15 +0500] "GET /ords/f?p=137:38:2110218658023::NO::: HTTP/1.1" 503 12947
46.146.210.91 - - [21/Dec/2022:10:13:20 +0500] "GET /ords/api.HTP_ASPVK_DATA?nPVK_ID=0&vST_DT=20.12.2022%2010:13:17&vEND_DT=21.12.2022%2010:13:17 HTTP/1.1" 503 12947
46.146.220.195 - - [21/Dec/2022:10:13:22 +0500] "POST /ords/wwv_flow.ajax HTTP/1.1" 503 12947
46.146.220.195 - - [21/Dec/2022:10:13:22 +0500] "GET /ords/f?p=137:38:9077921933203:::: HTTP/1.1" 200 91518
195.222.149.195 - - [21/Dec/2022:10:13:23 +0500] "GET /ords/api.HTP_ASPVK_DATA?nPVK_ID=0&vST_DT=21.12.2022%2008:06:08&vEND_DT=21.12.2022%2008:16:08 HTTP/1.1" 200 7831
195.222.149.195 - - [21/Dec/2022:10:13:33 +0500] "GET /ords/api.HTP_ASPVK_DATA?nPVK_ID=0&vST_DT=21.12.2022%2008:06:18&vEND_DT=21.12.2022%2008:16:18 HTTP/1.1" 503 12947
46.146.220.195 - - [21/Dec/2022:10:13:33 +0500] "GET /ords/f?p=137:38:16573513542165:::: HTTP/1.1" 200 91525
46.146.210.91 - - [21/Dec/2022:10:13:39 +0500] "GET /ords/api.HTP_ASPVK_DATA?nPVK_ID=0&vST_DT=21.12.2022%2010:03:37&vEND_DT=21.12.2022%2010:13:37 HTTP/1.1" 200 3131
46.146.210.91 - - [21/Dec/2022:10:13:48 +0500] "GET /ords/api.HTP_ASPVK_DATA?nPVK_ID=0&vST_DT=21.12.2022%2010:03:47&vEND_DT=21.12.2022%2010:13:47 HTTP/1.1" 200 1600
46.146.210.91 - - [21/Dec/2022:10:13:58 +0500] "GET /ords/api.HTP_ASPVK_DATA?nPVK_ID=0&vST_DT=21.12.2022%2010:03:57&vEND_DT=21.12.2022%2010:13:57 HTTP/1.1" 200 1600
46.146.220.195 - - [21/Dec/2022:10:14:00 +0500] "GET /ords/f?p=137:38:9077921933203:::: HTTP/1.1" 200 91518
195.222.149.195 - - [21/Dec/2022:10:14:01 +0500] "GET /ords/api.HTP_ASPVK_DATA?nPVK_ID=0&vST_DT=21.12.2022%2008:06:48&vEND_DT=21.12.2022%2008:16:48 HTTP/1.1" 200 7831
46.146.210.91 - - [21/Dec/2022:10:14:11 +0500] "GET /ords/api.HTP_ASPVK_DATA?nPVK_ID=0&vST_DT=21.12.2022%2010:04:07&vEND_DT=21.12.2022%2010:14:07 HTTP/1.1" 503 12947
195.222.149.195 - - [21/Dec/2022:10:14:14 +0500] "GET /ords/api.HTP_ASPVK_DATA?nPVK_ID=0&vST_DT=21.12.2022%2008:06:58&vEND_DT=21.12.2022%2008:16:58 HTTP/1.1" 503 12947
194.226.162.30 - - [21/Dec/2022:10:14:17 +0500] "POST /ords/wwv_flow.ajax HTTP/1.1" 200 2009
46.146.220.195 - - [21/Dec/2022:10:14:38 +0500] "POST /ords/wwv_flow.ajax HTTP/1.1" 200 262008
46.146.210.91 - - [21/Dec/2022:10:14:39 +0500] "GET /ords/api.HTP_ASPVK_DATA?nPVK_ID=0&vST_DT=21.12.2022%2010:04:37&vEND_DT=21.12.2022%2010:14:37 HTTP/1.1" 200 1600
195.222.149.195 - - [21/Dec/2022:10:14:41 +0500] "GET /ords/api.HTP_ASPVK_DATA?nPVK_ID=0&vST_DT=21.12.2022%2008:07:28&vEND_DT=21.12.2022%2008:17:28 HTTP/1.1" 200 6313
46.146.210.91 - - [21/Dec/2022:10:14:48 +0500] "GET /ords/api.HTP_ASPVK_DATA?nPVK_ID=0&vST_DT=21.12.2022%2010:04:47&vEND_DT=21.12.2022%2010:14:47 HTTP/1.1" 200 1600
195.222.149.195 - - [21/Dec/2022:10:14:51 +0500] "GET /ords/api.HTP_ASPVK_DATA?nPVK_ID=0&vST_DT=21.12.2022%2008:07:38&vEND_DT=21.12.2022%2008:17:38 HTTP/1.1" 200 6313
46.146.210.91 - - [21/Dec/2022:10:15:01 +0500] "GET /ords/api.HTP_ASPVK_DATA?nPVK_ID=0&vST_DT=21.12.2022%2010:04:57&vEND_DT=21.12.2022%2010:14:57 HTTP/1.1" 503 12947
195.222.149.195 - - [21/Dec/2022:10:15:03 +0500] "GET /ords/api.HTP_ASPVK_DATA?nPVK_ID=0&vST_DT=21.12.2022%2008:07:48&vEND_DT=21.12.2022%2008:17:48 HTTP/1.1" 503 12947
46.146.210.91 - - [21/Dec/2022:10:15:31 +0500] "GET /ords/api.HTP_ASPVK_DATA?nPVK_ID=0&vST_DT=21.12.2022%2010:05:27&vEND_DT=21.12.2022%2010:15:27 HTTP/1.1" 503 12947
46.146.220.195 - - [21/Dec/2022:10:15:32 +0500] "POST /ords/wwv_flow.ajax HTTP/1.1" 200 1107618
195.222.149.195 - - [21/Dec/2022:10:15:32 +0500] "GET /ords/api.HTP_ASPVK_DATA?nPVK_ID=0&vST_DT=21.12.2022%2008:08:18&vEND_DT=21.12.2022%2008:18:18 HTTP/1.1" 200 6313
195.222.149.195 - - [21/Dec/2022:10:15:41 +0500] "GET /ords/api.HTP_ASPVK_DATA?nPVK_ID=0&vST_DT=21.12.2022%2008:08:28&vEND_DT=21.12.2022%2008:18:28 HTTP/1.1" 200 6313
194.226.162.30 - - [21/Dec/2022:10:15:51 +0500] "POST /ords/wwv_flow.ajax HTTP/1.1" 200 90610
195.222.149.195 - - [21/Dec/2022:10:15:51 +0500] "GET /ords/api.HTP_ASPVK_DATA?nPVK_ID=0&vST_DT=21.12.2022%2008:08:38&vEND_DT=21.12.2022%2008:18:38 HTTP/1.1" 200 6313
46.146.210.91 - - [21/Dec/2022:10:15:58 +0500] "GET /ords/api.HTP_ASPVK_DATA?nPVK_ID=0&vST_DT=21.12.2022%2010:05:57&vEND_DT=21.12.2022%2010:15:57 HTTP/1.1" 200 3132
195.222.149.195 - - [21/Dec/2022:10:16:01 +0500] "GET /ords/api.HTP_ASPVK_DATA?nPVK_ID=0&vST_DT=21.12.2022%2008:08:48&vEND_DT=21.12.2022%2008:18:48 HTTP/1.1" 200 6313
46.146.210.91 - - [21/Dec/2022:10:16:09 +0500] "GET /ords/api.HTP_ASPVK_DATA?nPVK_ID=0&vST_DT=21.12.2022%2010:06:07&vEND_DT=21.12.2022%2010:16:07 HTTP/1.1" 200 3132
195.222.149.195 - - [21/Dec/2022:10:16:11 +0500] "GET /ords/api.HTP_ASPVK_DATA?nPVK_ID=0&vST_DT=21.12.2022%2008:08:58&vEND_DT=21.12.2022%2008:18:58 HTTP/1.1" 200 6313
46.146.210.91 - - [21/Dec/2022:10:16:19 +0500] "GET /ords/api.HTP_ASPVK_DATA?nPVK_ID=0&vST_DT=21.12.2022%2010:06:17&vEND_DT=21.12.2022%2010:16:17 HTTP/1.1" 200 3132
195.222.149.195 - - [21/Dec/2022:10:16:21 +0500] "GET /ords/api.HTP_ASPVK_DATA?nPVK_ID=0&vST_DT=21.12.2022%2008:09:08&vEND_DT=21.12.2022%2008:19:08 HTTP/1.1" 200 6313
46.146.220.195 - - [21/Dec/2022:10:16:24 +0500] "POST /ords/wwv_flow.ajax HTTP/1.1" 200 1275765
46.146.210.91 - - [21/Dec/2022:10:16:29 +0500] "GET /ords/api.HTP_ASPVK_DATA?nPVK_ID=0&vST_DT=21.12.2022%2010:06:27&vEND_DT=21.12.2022%2010:16:27 HTTP/1.1" 200 3132
195.222.149.195 - - [21/Dec/2022:10:16:31 +0500] "GET /ords/api.HTP_ASPVK_DATA?nPVK_ID=0&vST_DT=21.12.2022%2008:09:18&vEND_DT=21.12.2022%2008:19:18 HTTP/1.1" 200 6313
46.146.210.91 - - [21/Dec/2022:10:16:39 +0500] "GET /ords/api.HTP_ASPVK_DATA?nPVK_ID=0&vST_DT=21.12.2022%2010:06:37&vEND_DT=21.12.2022%2010:16:37 HTTP/1.1" 200 3132
195.222.149.195 - - [21/Dec/2022:10:16:41 +0500] "GET /ords/api.HTP_ASPVK_DATA?nPVK_ID=0&vST_DT=21.12.2022%2008:09:28&vEND_DT=21.12.2022%2008:19:28 HTTP/1.1" 200 6313
46.146.210.91 - - [21/Dec/2022:10:16:49 +0500] "GET /ords/api.HTP_ASPVK_DATA?nPVK_ID=0&vST_DT=21.12.2022%2010:06:47&vEND_DT=21.12.2022%2010:16:47 HTTP/1.1" 200 3132
195.222.149.195 - - [21/Dec/2022:10:16:51 +0500] "GET /ords/api.HTP_ASPVK_DATA?nPVK_ID=0&vST_DT=21.12.2022%2008:09:38&vEND_DT=21.12.2022%2008:19:38 HTTP/1.1" 200 7850
46.146.210.91 - - [21/Dec/2022:10:16:59 +0500] "GET /ords/api.HTP_ASPVK_DATA?nPVK_ID=0&vST_DT=21.12.2022%2010:06:57&vEND_DT=21.12.2022%2010:16:57 HTTP/1.1" 200 3132
195.222.149.195 - - [21/Dec/2022:10:17:01 +0500] "GET /ords/api.HTP_ASPVK_DATA?nPVK_ID=0&vST_DT=21.12.2022%2008:09:48&vEND_DT=21.12.2022%2008:19:48 HTTP/1.1" 200 7850
194.226.162.30 - - [21/Dec/2022:10:17:04 +0500] "GET /ords/f?p=137:2:2110218658023::NO::P2_ID,P2_COUNT_ALL,P2_EDIT_MODE:113982,6, HTTP/1.1" 200 128117
194.226.162.30 - - [21/Dec/2022:10:17:05 +0500] "GET /i/ HTTP/1.1" 404 998
194.226.162.30 - - [21/Dec/2022:10:17:05 +0500] "POST /ords/wwv_flow.ajax HTTP/1.1" 200 1635
194.226.162.30 - - [21/Dec/2022:10:17:05 +0500] "GET /i/ HTTP/1.1" 404 998
46.146.210.91 - - [21/Dec/2022:10:17:09 +0500] "GET /ords/api.HTP_ASPVK_DATA?nPVK_ID=0&vST_DT=21.12.2022%2010:07:07&vEND_DT=21.12.2022%2010:17:07 HTTP/1.1" 200 3132
195.222.149.195 - - [21/Dec/2022:10:17:11 +0500] "GET /ords/api.HTP_ASPVK_DATA?nPVK_ID=0&vST_DT=21.12.2022%2008:09:58&vEND_DT=21.12.2022%2008:19:58 HTTP/1.1" 200 7850
194.226.162.30 - - [21/Dec/2022:10:17:16 +0500] "GET /ords/DISPLAY_IMAGE?inID=679378&nAttachment=1&nSMALL_IMAGE=0 HTTP/1.1" 200 562949
46.146.210.91 - - [21/Dec/2022:10:17:19 +0500] "GET /ords/api.HTP_ASPVK_DATA?nPVK_ID=0&vST_DT=21.12.2022%2010:07:17&vEND_DT=21.12.2022%2010:17:17 HTTP/1.1" 200 3132
195.222.149.195 - - [21/Dec/2022:10:17:21 +0500] "GET /ords/api.HTP_ASPVK_DATA?nPVK_ID=0&vST_DT=21.12.2022%2008:10:08&vEND_DT=21.12.2022%2008:20:08 HTTP/1.1" 200 7850
46.146.210.91 - - [21/Dec/2022:10:17:29 +0500] "GET /ords/api.HTP_ASPVK_DATA?nPVK_ID=0&vST_DT=21.12.2022%2010:07:27&vEND_DT=21.12.2022%2010:17:27 HTTP/1.1" 200 3132
195.222.149.195 - - [21/Dec/2022:10:17:31 +0500] "GET /ords/api.HTP_ASPVK_DATA?nPVK_ID=0&vST_DT=21.12.2022%2008:10:18&vEND_DT=21.12.2022%2008:20:18 HTTP/1.1" 200 7850
178.161.254.155 - - [21/Dec/2022:10:17:33 +0500] "GET / HTTP/1.1" 302 -
178.161.254.155 - - [21/Dec/2022:10:17:34 +0500] "GET /ords/f?p=101:210 HTTP/1.1" 200 453
178.161.254.155 - - [21/Dec/2022:10:17:35 +0500] "GET /ords/f?p=101:210:0:&tz=5:00 HTTP/1.1" 200 16248
46.146.210.91 - - [21/Dec/2022:10:17:39 +0500] "GET /ords/api.HTP_ASPVK_DATA?nPVK_ID=0&vST_DT=21.12.2022%2010:07:37&vEND_DT=21.12.2022%2010:17:37 HTTP/1.1" 200 1602
178.161.254.155 - - [21/Dec/2022:10:17:39 +0500] "POST /ords/wwv_flow.accept HTTP/1.1" 302 5
178.161.254.155 - - [21/Dec/2022:10:17:39 +0500] "GET /ords/f?p=101:1:14631458576664::::: HTTP/1.1" 200 504
178.161.254.155 - - [21/Dec/2022:10:17:40 +0500] "GET /ords/f?p=101:1:14631458576664:::::&tz=5:00 HTTP/1.1" 200 10152
195.222.149.195 - - [21/Dec/2022:10:17:41 +0500] "GET /ords/api.HTP_ASPVK_DATA?nPVK_ID=0&vST_DT=21.12.2022%2008:10:28&vEND_DT=21.12.2022%2008:20:28 HTTP/1.1" 200 7850
46.146.210.91 - - [21/Dec/2022:10:17:51 +0500] "GET /ords/api.HTP_ASPVK_DATA?nPVK_ID=0&vST_DT=21.12.2022%2010:07:47&vEND_DT=21.12.2022%2010:17:47 HTTP/1.1" 503 12947
195.222.149.195 - - [21/Dec/2022:10:17:54 +0500] "GET /ords/api.HTP_ASPVK_DATA?nPVK_ID=0&vST_DT=21.12.2022%2008:10:38&vEND_DT=21.12.2022%2008:20:38 HTTP/1.1" 503 12947
194.226.162.30 - - [21/Dec/2022:10:18:02 +0500] "POST /ords/wwv_flow.ajax HTTP/1.1" 503 12947
194.226.162.30 - - [21/Dec/2022:10:18:05 +0500] "GET /ords/f?p=137:38:13931319184554::NO::: HTTP/1.1" 503 12947
194.226.162.30 - - [21/Dec/2022:10:18:12 +0500] "GET /ords/r/r/files/static/v74Y/ui-anim_basic_16x16.gif HTTP/1.1" 404 5
194.226.162.30 - - [21/Dec/2022:10:18:14 +0500] "GET /ords/wwv_flow.show?p_request=APPLICATION_PROCESS%3DGET_SQL_RESULT&p_flow_id=555&p_flow_step_id=0&p_instance=2110218658023&p_arg_names=F_APPLICATION_ID&p_arg_values=137&p_arg_names=F_FILTER_TEXT&p_arg_values=&p_arg_names=F_LOV_NAME&p_arg_values=%D0%A1%D0%A2%D0%90%D0%A2%D0%A3%D0%A1%D0%AB_%D0%97%D0%90%D0%AF%D0%92%D0%9E%D0%9A&p_arg_names=F_FILTER_TEXT2&p_arg_values=&p_arg_names=F_RESULT_COUNT&p_arg_values=50 HTTP/1.1" 503 12947
46.146.220.195 - - [21/Dec/2022:10:18:19 +0500] "GET /ords/f?p=137:2:16573513542165::NO::P2_ID,P2_COUNT_ALL,P2_EDIT_MODE:115726,3, HTTP/1.1" 200 115091
46.146.210.91 - - [21/Dec/2022:10:18:20 +0500] "GET /ords/api.HTP_ASPVK_DATA?nPVK_ID=0&vST_DT=21.12.2022%2010:08:17&vEND_DT=21.12.2022%2010:18:17 HTTP/1.1" 200 4566
194.226.162.30 - - [21/Dec/2022:10:18:20 +0500] "GET /ords/wwv_flow.show?p_request=APPLICATION_PROCESS%3DGET_SQL_RESULT&p_flow_id=555&p_flow_step_id=0&p_instance=2110218658023&p_arg_names=F_APPLICATION_ID&p_arg_values=137&p_arg_names=F_FILTER_TEXT&p_arg_values=&p_arg_names=F_LOV_NAME&p_arg_values=%D0%A1%D0%A2%D0%90%D0%A2%D0%A3%D0%A1%D0%AB_%D0%97%D0%90%D0%AF%D0%92%D0%9E%D0%9A&p_arg_names=F_FILTER_TEXT2&p_arg_values=&p_arg_names=F_RESULT_COUNT&p_arg_values=50 HTTP/1.1" 200 738
46.146.220.195 - - [21/Dec/2022:10:18:21 +0500] "POST /ords/wwv_flow.ajax HTTP/1.1" 200 1446
195.222.149.195 - - [21/Dec/2022:10:18:24 +0500] "GET /ords/api.HTP_ASPVK_DATA?nPVK_ID=0&vST_DT=21.12.2022%2008:11:08&vEND_DT=21.12.2022%2008:21:08 HTTP/1.1" 503 12947
46.146.210.91 - - [21/Dec/2022:10:18:31 +0500] "GET /ords/api.HTP_ASPVK_DATA?nPVK_ID=0&vST_DT=21.12.2022%2010:08:27&vEND_DT=21.12.2022%2010:18:27 HTTP/1.1" 503 12947
178.161.254.155 - - [21/Dec/2022:10:18:36 +0500] "GET /ords/f?p=147:1:14631458576664:::: HTTP/1.1" 200 57601
46.146.220.195 - - [21/Dec/2022:10:18:41 +0500] "POST /ords/wwv_flow.show HTTP/1.1" 200 12
195.222.149.195 - - [21/Dec/2022:10:18:51 +0500] "GET /ords/api.HTP_ASPVK_DATA?nPVK_ID=0&vST_DT=21.12.2022%2008:11:39&vEND_DT=21.12.2022%2008:21:39 HTTP/1.1" 200 7850
46.146.210.91 - - [21/Dec/2022:10:18:59 +0500] "GET /ords/api.HTP_ASPVK_DATA?nPVK_ID=0&vST_DT=21.12.2022%2010:08:57&vEND_DT=21.12.2022%2010:18:57 HTTP/1.1" 200 4566
195.222.149.195 - - [21/Dec/2022:10:19:01 +0500] "GET /ords/api.HTP_ASPVK_DATA?nPVK_ID=0&vST_DT=21.12.2022%2008:11:49&vEND_DT=21.12.2022%2008:21:49 HTTP/1.1" 200 7850
46.146.210.91 - - [21/Dec/2022:10:19:09 +0500] "GET /ords/api.HTP_ASPVK_DATA?nPVK_ID=0&vST_DT=21.12.2022%2010:09:07&vEND_DT=21.12.2022%2010:19:07 HTTP/1.1" 200 4566
195.222.149.195 - - [21/Dec/2022:10:19:11 +0500] "GET /ords/api.HTP_ASPVK_DATA?nPVK_ID=0&vST_DT=21.12.2022%2008:11:59&vEND_DT=21.12.2022%2008:21:59 HTTP/1.1" 200 7850
92.255.133.18 - - [21/Dec/2022:10:19:12 +0500] "GET /ords/f?p=137:38:12278031306853:::: HTTP/1.1" 302 5
92.255.133.18 - - [21/Dec/2022:10:19:12 +0500] "GET /ords/f?p=101:210:::::: HTTP/1.1" 200 482
92.255.133.18 - - [21/Dec/2022:10:19:12 +0500] "GET /ords/f?p=101:210:0:::::&tz=5:00 HTTP/1.1" 200 16247
92.255.133.18 - - [21/Dec/2022:10:19:16 +0500] "POST /ords/wwv_flow.accept HTTP/1.1" 302 5
92.255.133.18 - - [21/Dec/2022:10:19:16 +0500] "GET /ords/f?p=137:1:3422023757429::::: HTTP/1.1" 302 5
46.146.210.91 - - [21/Dec/2022:10:19:21 +0500] "GET /ords/api.HTP_ASPVK_DATA?nPVK_ID=0&vST_DT=21.12.2022%2010:09:17&vEND_DT=21.12.2022%2010:19:17 HTTP/1.1" 503 12947
195.222.149.195 - - [21/Dec/2022:10:19:24 +0500] "GET /ords/api.HTP_ASPVK_DATA?nPVK_ID=0&vST_DT=21.12.2022%2008:12:09&vEND_DT=21.12.2022%2008:22:09 HTTP/1.1" 503 12947
194.226.162.30 - - [21/Dec/2022:10:19:37 +0500] "POST /ords/wwv_flow.show HTTP/1.1" 503 12947
92.255.133.18 - - [21/Dec/2022:10:19:39 +0500] "GET /ords/f?p=137:38:3422023757429::NO:RP:: HTTP/1.1" 200 87924
194.226.162.30 - - [21/Dec/2022:10:19:48 +0500] "GET / HTTP/1.1" 302 -
194.226.162.30 - - [21/Dec/2022:10:19:48 +0500] "GET / HTTP/1.1" 302 -
