94.51.211.239 - - [01/Dec/2022:01:03:50 +0500] "GET /ords/wwv_flow.show?p_request=APPLICATION_PROCESS%3DGET_SQL_RESULT&p_flow_id=555&p_flow_step_id=0&p_instance=11876333479912&p_arg_names=F_APPLICATION_ID&p_arg_values=147&p_arg_names=F_FILTER_TEXT&p_arg_values=&p_arg_names=F_LOV_NAME&p_arg_values=2_%D0%A1%D0%A2%D0%90%D0%A2%D0%A3%D0%A1%D0%AB_%D0%9C%D0%9E&p_arg_names=F_FILTER_TEXT2&p_arg_values=&p_arg_names=F_RESULT_COUNT&p_arg_values=50 HTTP/1.1" 200 296
94.51.211.239 - - [01/Dec/2022:01:03:51 +0500] "GET /ords/r/r/files/static/v74Y/ui-anim_basic_16x16.gif HTTP/1.1" 404 5
94.51.211.239 - - [01/Dec/2022:01:03:51 +0500] "GET /ords/wwv_flow.show?p_request=APPLICATION_PROCESS%3DGET_SQL_RESULT&p_flow_id=555&p_flow_step_id=0&p_instance=11876333479912&p_arg_names=F_APPLICATION_ID&p_arg_values=147&p_arg_names=F_FILTER_TEXT&p_arg_values=&p_arg_names=F_LOV_NAME&p_arg_values=2_%D0%A1%D0%A2%D0%90%D0%A2%D0%A3%D0%A1%D0%AB_%D0%9C%D0%9E&p_arg_names=F_FILTER_TEXT2&p_arg_values=&p_arg_names=F_RESULT_COUNT&p_arg_values=50 HTTP/1.1" 200 296
94.51.211.239 - - [01/Dec/2022:01:03:52 +0500] "GET /ords/wwv_flow.show?p_request=APPLICATION_PROCESS%3DGET_SQL_RESULT&p_flow_id=555&p_flow_step_id=0&p_instance=11876333479912&p_arg_names=F_APPLICATION_ID&p_arg_values=147&p_arg_names=F_FILTER_TEXT&p_arg_values=&p_arg_names=F_LOV_NAME&p_arg_values=2_%D0%A1%D0%A2%D0%90%D0%A2%D0%A3%D0%A1%D0%AB_%D0%9C%D0%9E&p_arg_names=F_FILTER_TEXT2&p_arg_values=&p_arg_names=F_RESULT_COUNT&p_arg_values=50 HTTP/1.1" 200 296
94.51.211.239 - - [01/Dec/2022:01:03:52 +0500] "GET /ords/wwv_flow.show?p_request=APPLICATION_PROCESS%3DGET_SQL_RESULT&p_flow_id=555&p_flow_step_id=0&p_instance=11876333479912&p_arg_names=F_APPLICATION_ID&p_arg_values=147&p_arg_names=F_FILTER_TEXT&p_arg_values=&p_arg_names=F_LOV_NAME&p_arg_values=2_%D0%A1%D0%A2%D0%90%D0%A2%D0%A3%D0%A1%D0%AB_%D0%9C%D0%9E&p_arg_names=F_FILTER_TEXT2&p_arg_values=&p_arg_names=F_RESULT_COUNT&p_arg_values=50 HTTP/1.1" 200 296
94.51.211.239 - - [01/Dec/2022:01:03:52 +0500] "GET /ords/wwv_flow.show?p_request=APPLICATION_PROCESS%3DGET_SQL_RESULT&p_flow_id=555&p_flow_step_id=0&p_instance=11876333479912&p_arg_names=F_APPLICATION_ID&p_arg_values=147&p_arg_names=F_FILTER_TEXT&p_arg_values=&p_arg_names=F_LOV_NAME&p_arg_values=2_%D0%A1%D0%A2%D0%90%D0%A2%D0%A3%D0%A1%D0%AB_%D0%9C%D0%9E&p_arg_names=F_FILTER_TEXT2&p_arg_values=&p_arg_names=F_RESULT_COUNT&p_arg_values=50 HTTP/1.1" 200 296
94.51.211.239 - - [01/Dec/2022:01:03:53 +0500] "GET /ords/wwv_flow.show?p_request=APPLICATION_PROCESS%3DGET_SQL_RESULT&p_flow_id=555&p_flow_step_id=0&p_instance=11876333479912&p_arg_names=F_APPLICATION_ID&p_arg_values=147&p_arg_names=F_FILTER_TEXT&p_arg_values=&p_arg_names=F_LOV_NAME&p_arg_values=2_%D0%A1%D0%A2%D0%90%D0%A2%D0%A3%D0%A1%D0%AB_%D0%9C%D0%9E&p_arg_names=F_FILTER_TEXT2&p_arg_values=&p_arg_names=F_RESULT_COUNT&p_arg_values=50 HTTP/1.1" 200 296
94.51.211.239 - - [01/Dec/2022:01:03:53 +0500] "GET /ords/wwv_flow.show?p_request=APPLICATION_PROCESS%3DGET_SQL_RESULT&p_flow_id=555&p_flow_step_id=0&p_instance=11876333479912&p_arg_names=F_APPLICATION_ID&p_arg_values=147&p_arg_names=F_FILTER_TEXT&p_arg_values=&p_arg_names=F_LOV_NAME&p_arg_values=2_%D0%A1%D0%A2%D0%90%D0%A2%D0%A3%D0%A1%D0%AB_%D0%9C%D0%9E&p_arg_names=F_FILTER_TEXT2&p_arg_values=&p_arg_names=F_RESULT_COUNT&p_arg_values=50 HTTP/1.1" 200 296
195.222.149.195 - - [01/Dec/2022:01:03:57 +0500] "GET /ords/api.HTP_ASPVK_DATA?nPVK_ID=0&vST_DT=30.11.2022%2022:55:27&vEND_DT=30.11.2022%2023:05:27 HTTP/1.1" 200 41391
46.146.210.91 - - [01/Dec/2022:01:03:58 +0500] "GET /ords/api.HTP_ASPVK_DATA?nPVK_ID=0&vST_DT=01.12.2022%2000:53:55&vEND_DT=01.12.2022%2001:03:55 HTTP/1.1" 200 24048
195.222.149.195 - - [01/Dec/2022:01:04:07 +0500] "GET /ords/api.HTP_ASPVK_DATA?nPVK_ID=0&vST_DT=30.11.2022%2022:55:37&vEND_DT=30.11.2022%2023:05:37 HTTP/1.1" 200 41391
46.146.210.91 - - [01/Dec/2022:01:04:07 +0500] "GET /ords/api.HTP_ASPVK_DATA?nPVK_ID=0&vST_DT=01.12.2022%2000:54:05&vEND_DT=01.12.2022%2001:04:05 HTTP/1.1" 200 24048
94.51.211.239 - - [01/Dec/2022:01:04:14 +0500] "POST /ords/wwv_flow.show HTTP/1.1" 200 12
94.51.211.239 - - [01/Dec/2022:01:04:15 +0500] "GET /ords/wwv_flow.show?p_request=APPLICATION_PROCESS%3DGET_SQL_RESULT&p_flow_id=555&p_flow_step_id=0&p_instance=11876333479912&p_arg_names=F_APPLICATION_ID&p_arg_values=147&p_arg_names=F_FILTER_TEXT&p_arg_values=&p_arg_names=F_LOV_NAME&p_arg_values=2_%D0%A1%D0%A2%D0%90%D0%A2%D0%A3%D0%A1%D0%AB_%D0%9C%D0%9E&p_arg_names=F_FILTER_TEXT2&p_arg_values=&p_arg_names=F_RESULT_COUNT&p_arg_values=50 HTTP/1.1" 200 296
195.222.149.195 - - [01/Dec/2022:01:04:15 +0500] "GET /ords/api.HTP_ASPVK_DATA?nPVK_ID=0&vST_DT=30.11.2022%2022:55:47&vEND_DT=30.11.2022%2023:05:47 HTTP/1.1" 200 41391
46.146.210.91 - - [01/Dec/2022:01:04:16 +0500] "GET /ords/api.HTP_ASPVK_DATA?nPVK_ID=0&vST_DT=01.12.2022%2000:54:15&vEND_DT=01.12.2022%2001:04:15 HTTP/1.1" 200 21354
195.222.149.195 - - [01/Dec/2022:01:04:26 +0500] "GET /ords/api.HTP_ASPVK_DATA?nPVK_ID=0&vST_DT=30.11.2022%2022:55:57&vEND_DT=30.11.2022%2023:05:57 HTTP/1.1" 200 40622
46.146.210.91 - - [01/Dec/2022:01:04:27 +0500] "GET /ords/api.HTP_ASPVK_DATA?nPVK_ID=0&vST_DT=01.12.2022%2000:54:25&vEND_DT=01.12.2022%2001:04:25 HTTP/1.1" 200 21354
195.222.149.195 - - [01/Dec/2022:01:04:36 +0500] "GET /ords/api.HTP_ASPVK_DATA?nPVK_ID=0&vST_DT=30.11.2022%2022:56:07&vEND_DT=30.11.2022%2023:06:07 HTTP/1.1" 200 40622
46.146.210.91 - - [01/Dec/2022:01:04:37 +0500] "GET /ords/api.HTP_ASPVK_DATA?nPVK_ID=0&vST_DT=01.12.2022%2000:54:35&vEND_DT=01.12.2022%2001:04:35 HTTP/1.1" 200 21354
195.222.149.195 - - [01/Dec/2022:01:04:45 +0500] "GET /ords/api.HTP_ASPVK_DATA?nPVK_ID=0&vST_DT=30.11.2022%2022:56:17&vEND_DT=30.11.2022%2023:06:17 HTTP/1.1" 200 42144
46.146.210.91 - - [01/Dec/2022:01:04:46 +0500] "GET /ords/api.HTP_ASPVK_DATA?nPVK_ID=0&vST_DT=01.12.2022%2000:54:45&vEND_DT=01.12.2022%2001:04:45 HTTP/1.1" 200 21354
195.222.149.195 - - [01/Dec/2022:01:04:59 +0500] "GET /ords/api.HTP_ASPVK_DATA?nPVK_ID=0&vST_DT=30.11.2022%2022:56:27&vEND_DT=30.11.2022%2023:06:27 HTTP/1.1" 200 42144
46.146.210.91 - - [01/Dec/2022:01:04:59 +0500] "GET /ords/api.HTP_ASPVK_DATA?nPVK_ID=0&vST_DT=01.12.2022%2000:54:55&vEND_DT=01.12.2022%2001:04:55 HTTP/1.1" 200 21354
46.146.210.91 - - [01/Dec/2022:01:05:08 +0500] "GET /ords/api.HTP_ASPVK_DATA?nPVK_ID=0&vST_DT=01.12.2022%2000:55:05&vEND_DT=01.12.2022%2001:05:05 HTTP/1.1" 200 21354
195.222.149.195 - - [01/Dec/2022:01:05:08 +0500] "GET /ords/api.HTP_ASPVK_DATA?nPVK_ID=0&vST_DT=30.11.2022%2022:56:37&vEND_DT=30.11.2022%2023:06:37 HTTP/1.1" 200 42144
195.222.149.195 - - [01/Dec/2022:01:05:17 +0500] "GET /ords/api.HTP_ASPVK_DATA?nPVK_ID=0&vST_DT=30.11.2022%2022:56:47&vEND_DT=30.11.2022%2023:06:47 HTTP/1.1" 200 40624
46.146.210.91 - - [01/Dec/2022:01:05:17 +0500] "GET /ords/api.HTP_ASPVK_DATA?nPVK_ID=0&vST_DT=01.12.2022%2000:55:15&vEND_DT=01.12.2022%2001:05:15 HTTP/1.1" 200 19833
94.51.211.239 - - [01/Dec/2022:01:05:24 +0500] "POST /ords/wwv_flow.show HTTP/1.1" 200 1569966
94.51.211.239 - - [01/Dec/2022:01:05:25 +0500] "GET /ords/wwv_flow.show?p_request=APPLICATION_PROCESS%3DGET_SQL_RESULT&p_flow_id=555&p_flow_step_id=0&p_instance=11876333479912&p_arg_names=F_APPLICATION_ID&p_arg_values=147&p_arg_names=F_FILTER_TEXT&p_arg_values=&p_arg_names=F_LOV_NAME&p_arg_values=2_%D0%A1%D0%A2%D0%90%D0%A2%D0%A3%D0%A1%D0%AB_%D0%9C%D0%9E&p_arg_names=F_FILTER_TEXT2&p_arg_values=&p_arg_names=F_RESULT_COUNT&p_arg_values=50 HTTP/1.1" 200 296
94.51.211.239 - - [01/Dec/2022:01:05:25 +0500] "GET /ords/wwv_flow.show?p_request=APPLICATION_PROCESS%3DGET_SQL_RESULT&p_flow_id=555&p_flow_step_id=0&p_instance=11876333479912&p_arg_names=F_APPLICATION_ID&p_arg_values=147&p_arg_names=F_FILTER_TEXT&p_arg_values=&p_arg_names=F_LOV_NAME&p_arg_values=2_%D0%A1%D0%A2%D0%90%D0%A2%D0%A3%D0%A1%D0%AB_%D0%9C%D0%9E&p_arg_names=F_FILTER_TEXT2&p_arg_values=&p_arg_names=F_RESULT_COUNT&p_arg_values=50 HTTP/1.1" 200 296
94.51.211.239 - - [01/Dec/2022:01:05:25 +0500] "GET /ords/wwv_flow.show?p_request=APPLICATION_PROCESS%3DGET_SQL_RESULT&p_flow_id=555&p_flow_step_id=0&p_instance=11876333479912&p_arg_names=F_APPLICATION_ID&p_arg_values=147&p_arg_names=F_FILTER_TEXT&p_arg_values=&p_arg_names=F_LOV_NAME&p_arg_values=2_%D0%A1%D0%A2%D0%90%D0%A2%D0%A3%D0%A1%D0%AB_%D0%9C%D0%9E&p_arg_names=F_FILTER_TEXT2&p_arg_values=&p_arg_names=F_RESULT_COUNT&p_arg_values=50 HTTP/1.1" 200 296
195.222.149.195 - - [01/Dec/2022:01:05:28 +0500] "GET /ords/api.HTP_ASPVK_DATA?nPVK_ID=0&vST_DT=30.11.2022%2022:56:57&vEND_DT=30.11.2022%2023:06:57 HTTP/1.1" 200 37931
46.146.210.91 - - [01/Dec/2022:01:05:28 +0500] "GET /ords/api.HTP_ASPVK_DATA?nPVK_ID=0&vST_DT=01.12.2022%2000:55:25&vEND_DT=01.12.2022%2001:05:25 HTTP/1.1" 200 19833
195.222.149.195 - - [01/Dec/2022:01:05:37 +0500] "GET /ords/api.HTP_ASPVK_DATA?nPVK_ID=0&vST_DT=30.11.2022%2022:57:07&vEND_DT=30.11.2022%2023:07:07 HTTP/1.1" 200 39459
46.146.210.91 - - [01/Dec/2022:01:05:38 +0500] "GET /ords/api.HTP_ASPVK_DATA?nPVK_ID=0&vST_DT=01.12.2022%2000:55:35&vEND_DT=01.12.2022%2001:05:35 HTTP/1.1" 200 19833
46.146.210.91 - - [01/Dec/2022:01:05:48 +0500] "GET /ords/api.HTP_ASPVK_DATA?nPVK_ID=0&vST_DT=01.12.2022%2000:55:45&vEND_DT=01.12.2022%2001:05:45 HTTP/1.1" 200 19833
195.222.149.195 - - [01/Dec/2022:01:05:49 +0500] "GET /ords/api.HTP_ASPVK_DATA?nPVK_ID=0&vST_DT=30.11.2022%2022:57:17&vEND_DT=30.11.2022%2023:07:17 HTTP/1.1" 200 39459
195.222.149.195 - - [01/Dec/2022:01:05:55 +0500] "GET /ords/api.HTP_ASPVK_DATA?nPVK_ID=0&vST_DT=30.11.2022%2022:57:27&vEND_DT=30.11.2022%2023:07:27 HTTP/1.1" 200 39459
46.146.210.91 - - [01/Dec/2022:01:05:56 +0500] "GET /ords/api.HTP_ASPVK_DATA?nPVK_ID=0&vST_DT=01.12.2022%2000:55:55&vEND_DT=01.12.2022%2001:05:55 HTTP/1.1" 200 19833
94.51.211.239 - - [01/Dec/2022:01:06:04 +0500] "POST /ords/wwv_flow.show HTTP/1.1" 200 12
195.222.149.195 - - [01/Dec/2022:01:06:04 +0500] "GET /ords/api.HTP_ASPVK_DATA?nPVK_ID=0&vST_DT=30.11.2022%2022:57:37&vEND_DT=30.11.2022%2023:07:37 HTTP/1.1" 200 37945
46.146.210.91 - - [01/Dec/2022:01:06:06 +0500] "GET /ords/api.HTP_ASPVK_DATA?nPVK_ID=0&vST_DT=01.12.2022%2000:56:05&vEND_DT=01.12.2022%2001:06:05 HTTP/1.1" 200 19833
195.222.149.195 - - [01/Dec/2022:01:06:16 +0500] "GET /ords/api.HTP_ASPVK_DATA?nPVK_ID=0&vST_DT=30.11.2022%2022:57:47&vEND_DT=30.11.2022%2023:07:47 HTTP/1.1" 200 35489
46.146.210.91 - - [01/Dec/2022:01:06:18 +0500] "GET /ords/api.HTP_ASPVK_DATA?nPVK_ID=0&vST_DT=01.12.2022%2000:56:15&vEND_DT=01.12.2022%2001:06:15 HTTP/1.1" 200 29048
195.222.149.195 - - [01/Dec/2022:01:06:27 +0500] "GET /ords/api.HTP_ASPVK_DATA?nPVK_ID=0&vST_DT=30.11.2022%2022:57:57&vEND_DT=30.11.2022%2023:07:57 HTTP/1.1" 200 35062
46.146.210.91 - - [01/Dec/2022:01:06:28 +0500] "GET /ords/api.HTP_ASPVK_DATA?nPVK_ID=0&vST_DT=01.12.2022%2000:56:25&vEND_DT=01.12.2022%2001:06:25 HTTP/1.1" 200 33604
195.222.149.195 - - [01/Dec/2022:01:06:37 +0500] "GET /ords/api.HTP_ASPVK_DATA?nPVK_ID=0&vST_DT=30.11.2022%2022:58:07&vEND_DT=30.11.2022%2023:08:07 HTTP/1.1" 200 35062
46.146.210.91 - - [01/Dec/2022:01:06:39 +0500] "GET /ords/api.HTP_ASPVK_DATA?nPVK_ID=0&vST_DT=01.12.2022%2000:56:35&vEND_DT=01.12.2022%2001:06:35 HTTP/1.1" 200 33604
195.222.149.195 - - [01/Dec/2022:01:06:47 +0500] "GET /ords/api.HTP_ASPVK_DATA?nPVK_ID=0&vST_DT=30.11.2022%2022:58:17&vEND_DT=30.11.2022%2023:08:17 HTTP/1.1" 200 35062
46.146.210.91 - - [01/Dec/2022:01:06:48 +0500] "GET /ords/api.HTP_ASPVK_DATA?nPVK_ID=0&vST_DT=01.12.2022%2000:56:45&vEND_DT=01.12.2022%2001:06:45 HTTP/1.1" 200 33604
195.222.149.195 - - [01/Dec/2022:01:06:55 +0500] "GET /ords/api.HTP_ASPVK_DATA?nPVK_ID=0&vST_DT=30.11.2022%2022:58:27&vEND_DT=30.11.2022%2023:08:27 HTTP/1.1" 200 35062
46.146.210.91 - - [01/Dec/2022:01:06:57 +0500] "GET /ords/api.HTP_ASPVK_DATA?nPVK_ID=0&vST_DT=01.12.2022%2000:56:55&vEND_DT=01.12.2022%2001:06:55 HTTP/1.1" 200 33604
195.222.149.195 - - [01/Dec/2022:01:07:05 +0500] "GET /ords/api.HTP_ASPVK_DATA?nPVK_ID=0&vST_DT=30.11.2022%2022:58:37&vEND_DT=30.11.2022%2023:08:37 HTTP/1.1" 200 36575
46.146.210.91 - - [01/Dec/2022:01:07:08 +0500] "GET /ords/api.HTP_ASPVK_DATA?nPVK_ID=0&vST_DT=01.12.2022%2000:57:05&vEND_DT=01.12.2022%2001:07:05 HTTP/1.1" 200 33604
195.222.149.195 - - [01/Dec/2022:01:07:16 +0500] "GET /ords/api.HTP_ASPVK_DATA?nPVK_ID=0&vST_DT=30.11.2022%2022:58:47&vEND_DT=30.11.2022%2023:08:47 HTTP/1.1" 200 38090
46.146.210.91 - - [01/Dec/2022:01:07:19 +0500] "GET /ords/api.HTP_ASPVK_DATA?nPVK_ID=0&vST_DT=01.12.2022%2000:57:15&vEND_DT=01.12.2022%2001:07:15 HTTP/1.1" 200 33604
94.51.211.239 - - [01/Dec/2022:01:07:24 +0500] "POST /ords/wwv_flow.show HTTP/1.1" 200 12
195.222.149.195 - - [01/Dec/2022:01:07:25 +0500] "GET /ords/api.HTP_ASPVK_DATA?nPVK_ID=0&vST_DT=30.11.2022%2022:58:57&vEND_DT=30.11.2022%2023:08:57 HTTP/1.1" 200 36574
46.146.210.91 - - [01/Dec/2022:01:07:26 +0500] "GET /ords/api.HTP_ASPVK_DATA?nPVK_ID=0&vST_DT=01.12.2022%2000:57:25&vEND_DT=01.12.2022%2001:07:25 HTTP/1.1" 200 33604
195.222.149.195 - - [01/Dec/2022:01:07:36 +0500] "GET /ords/api.HTP_ASPVK_DATA?nPVK_ID=0&vST_DT=30.11.2022%2022:59:07&vEND_DT=30.11.2022%2023:09:07 HTTP/1.1" 200 36574
46.146.210.91 - - [01/Dec/2022:01:07:37 +0500] "GET /ords/api.HTP_ASPVK_DATA?nPVK_ID=0&vST_DT=01.12.2022%2000:57:35&vEND_DT=01.12.2022%2001:07:35 HTTP/1.1" 200 33604
195.222.149.195 - - [01/Dec/2022:01:07:45 +0500] "GET /ords/api.HTP_ASPVK_DATA?nPVK_ID=0&vST_DT=30.11.2022%2022:59:17&vEND_DT=30.11.2022%2023:09:17 HTTP/1.1" 200 36574
46.146.210.91 - - [01/Dec/2022:01:07:46 +0500] "GET /ords/api.HTP_ASPVK_DATA?nPVK_ID=0&vST_DT=01.12.2022%2000:57:45&vEND_DT=01.12.2022%2001:07:45 HTTP/1.1" 200 33604
195.222.149.195 - - [01/Dec/2022:01:07:56 +0500] "GET /ords/api.HTP_ASPVK_DATA?nPVK_ID=0&vST_DT=30.11.2022%2022:59:27&vEND_DT=30.11.2022%2023:09:27 HTTP/1.1" 200 36574
46.146.210.91 - - [01/Dec/2022:01:07:58 +0500] "GET /ords/api.HTP_ASPVK_DATA?nPVK_ID=0&vST_DT=01.12.2022%2000:57:55&vEND_DT=01.12.2022%2001:07:55 HTTP/1.1" 200 33604
195.222.149.195 - - [01/Dec/2022:01:08:05 +0500] "GET /ords/api.HTP_ASPVK_DATA?nPVK_ID=0&vST_DT=30.11.2022%2022:59:37&vEND_DT=30.11.2022%2023:09:37 HTTP/1.1" 200 35393
46.146.210.91 - - [01/Dec/2022:01:08:07 +0500] "GET /ords/api.HTP_ASPVK_DATA?nPVK_ID=0&vST_DT=01.12.2022%2000:58:05&vEND_DT=01.12.2022%2001:08:05 HTTP/1.1" 200 32085
195.222.149.195 - - [01/Dec/2022:01:08:14 +0500] "GET /ords/api.HTP_ASPVK_DATA?nPVK_ID=0&vST_DT=30.11.2022%2022:59:47&vEND_DT=30.11.2022%2023:09:47 HTTP/1.1" 200 35393
46.146.210.91 - - [01/Dec/2022:01:08:16 +0500] "GET /ords/api.HTP_ASPVK_DATA?nPVK_ID=0&vST_DT=01.12.2022%2000:58:15&vEND_DT=01.12.2022%2001:08:15 HTTP/1.1" 200 32085
195.222.149.195 - - [01/Dec/2022:01:08:24 +0500] "GET /ords/api.HTP_ASPVK_DATA?nPVK_ID=0&vST_DT=30.11.2022%2022:59:57&vEND_DT=30.11.2022%2023:09:57 HTTP/1.1" 200 35393
46.146.210.91 - - [01/Dec/2022:01:08:26 +0500] "GET /ords/api.HTP_ASPVK_DATA?nPVK_ID=0&vST_DT=01.12.2022%2000:58:25&vEND_DT=01.12.2022%2001:08:25 HTTP/1.1" 200 32085
195.222.149.195 - - [01/Dec/2022:01:08:34 +0500] "GET /ords/api.HTP_ASPVK_DATA?nPVK_ID=0&vST_DT=30.11.2022%2023:00:07&vEND_DT=30.11.2022%2023:10:07 HTTP/1.1" 200 33876
46.146.210.91 - - [01/Dec/2022:01:08:36 +0500] "GET /ords/api.HTP_ASPVK_DATA?nPVK_ID=0&vST_DT=01.12.2022%2000:58:35&vEND_DT=01.12.2022%2001:08:35 HTTP/1.1" 200 29043
195.222.149.195 - - [01/Dec/2022:01:08:44 +0500] "GET /ords/api.HTP_ASPVK_DATA?nPVK_ID=0&vST_DT=30.11.2022%2023:00:17&vEND_DT=30.11.2022%2023:10:17 HTTP/1.1" 200 35388
46.146.210.91 - - [01/Dec/2022:01:08:46 +0500] "GET /ords/api.HTP_ASPVK_DATA?nPVK_ID=0&vST_DT=01.12.2022%2000:58:45&vEND_DT=01.12.2022%2001:08:45 HTTP/1.1" 200 29043
195.222.149.195 - - [01/Dec/2022:01:08:53 +0500] "GET /ords/api.HTP_ASPVK_DATA?nPVK_ID=0&vST_DT=30.11.2022%2023:00:27&vEND_DT=30.11.2022%2023:10:27 HTTP/1.1" 200 35388
94.51.211.239 - - [01/Dec/2022:01:08:54 +0500] "POST /ords/wwv_flow.show HTTP/1.1" 200 12
46.146.210.91 - - [01/Dec/2022:01:08:56 +0500] "GET /ords/api.HTP_ASPVK_DATA?nPVK_ID=0&vST_DT=01.12.2022%2000:58:55&vEND_DT=01.12.2022%2001:08:55 HTTP/1.1" 200 26337
195.222.149.195 - - [01/Dec/2022:01:09:04 +0500] "GET /ords/api.HTP_ASPVK_DATA?nPVK_ID=0&vST_DT=30.11.2022%2023:00:37&vEND_DT=30.11.2022%2023:10:37 HTTP/1.1" 200 35388
46.146.210.91 - - [01/Dec/2022:01:09:06 +0500] "GET /ords/api.HTP_ASPVK_DATA?nPVK_ID=0&vST_DT=01.12.2022%2000:59:05&vEND_DT=01.12.2022%2001:09:05 HTTP/1.1" 200 26341
195.222.149.195 - - [01/Dec/2022:01:09:14 +0500] "GET /ords/api.HTP_ASPVK_DATA?nPVK_ID=0&vST_DT=30.11.2022%2023:00:47&vEND_DT=30.11.2022%2023:10:47 HTTP/1.1" 200 37335
94.51.211.239 - - [01/Dec/2022:01:09:14 +0500] "POST /ords/wwv_flow.show HTTP/1.1" 200 1568754
46.146.210.91 - - [01/Dec/2022:01:09:16 +0500] "GET /ords/api.HTP_ASPVK_DATA?nPVK_ID=0&vST_DT=01.12.2022%2000:59:15&vEND_DT=01.12.2022%2001:09:15 HTTP/1.1" 200 26341
195.222.149.195 - - [01/Dec/2022:01:09:24 +0500] "GET /ords/api.HTP_ASPVK_DATA?nPVK_ID=0&vST_DT=30.11.2022%2023:00:57&vEND_DT=30.11.2022%2023:10:57 HTTP/1.1" 200 41892
46.146.210.91 - - [01/Dec/2022:01:09:26 +0500] "GET /ords/api.HTP_ASPVK_DATA?nPVK_ID=0&vST_DT=01.12.2022%2000:59:25&vEND_DT=01.12.2022%2001:09:25 HTTP/1.1" 200 26341
195.222.149.195 - - [01/Dec/2022:01:09:34 +0500] "GET /ords/api.HTP_ASPVK_DATA?nPVK_ID=0&vST_DT=30.11.2022%2023:01:07&vEND_DT=30.11.2022%2023:11:07 HTTP/1.1" 200 41892
46.146.210.91 - - [01/Dec/2022:01:09:36 +0500] "GET /ords/api.HTP_ASPVK_DATA?nPVK_ID=0&vST_DT=01.12.2022%2000:59:35&vEND_DT=01.12.2022%2001:09:35 HTTP/1.1" 200 24812
195.222.149.195 - - [01/Dec/2022:01:09:44 +0500] "GET /ords/api.HTP_ASPVK_DATA?nPVK_ID=0&vST_DT=30.11.2022%2023:01:17&vEND_DT=30.11.2022%2023:11:17 HTTP/1.1" 200 41892
46.146.210.91 - - [01/Dec/2022:01:09:46 +0500] "GET /ords/api.HTP_ASPVK_DATA?nPVK_ID=0&vST_DT=01.12.2022%2000:59:45&vEND_DT=01.12.2022%2001:09:45 HTTP/1.1" 200 24812
195.222.149.195 - - [01/Dec/2022:01:09:54 +0500] "GET /ords/api.HTP_ASPVK_DATA?nPVK_ID=0&vST_DT=30.11.2022%2023:01:27&vEND_DT=30.11.2022%2023:11:27 HTTP/1.1" 200 41892
46.146.210.91 - - [01/Dec/2022:01:09:56 +0500] "GET /ords/api.HTP_ASPVK_DATA?nPVK_ID=0&vST_DT=01.12.2022%2000:59:55&vEND_DT=01.12.2022%2001:09:55 HTTP/1.1" 200 24812
195.222.149.195 - - [01/Dec/2022:01:10:04 +0500] "GET /ords/api.HTP_ASPVK_DATA?nPVK_ID=0&vST_DT=30.11.2022%2023:01:37&vEND_DT=30.11.2022%2023:11:37 HTTP/1.1" 200 41905
46.146.210.91 - - [01/Dec/2022:01:10:06 +0500] "GET /ords/api.HTP_ASPVK_DATA?nPVK_ID=0&vST_DT=01.12.2022%2001:00:05&vEND_DT=01.12.2022%2001:10:05 HTTP/1.1" 200 24812
195.222.149.195 - - [01/Dec/2022:01:10:14 +0500] "GET /ords/api.HTP_ASPVK_DATA?nPVK_ID=0&vST_DT=30.11.2022%2023:01:47&vEND_DT=30.11.2022%2023:11:47 HTTP/1.1" 200 41905
46.146.210.91 - - [01/Dec/2022:01:10:16 +0500] "GET /ords/api.HTP_ASPVK_DATA?nPVK_ID=0&vST_DT=01.12.2022%2001:00:15&vEND_DT=01.12.2022%2001:10:15 HTTP/1.1" 200 22782
195.222.149.195 - - [01/Dec/2022:01:10:24 +0500] "GET /ords/api.HTP_ASPVK_DATA?nPVK_ID=0&vST_DT=30.11.2022%2023:01:57&vEND_DT=30.11.2022%2023:11:57 HTTP/1.1" 200 41905
46.146.210.91 - - [01/Dec/2022:01:10:25 +0500] "GET /ords/api.HTP_ASPVK_DATA?nPVK_ID=0&vST_DT=01.12.2022%2001:00:25&vEND_DT=01.12.2022%2001:10:25 HTTP/1.1" 200 21267
195.222.149.195 - - [01/Dec/2022:01:10:34 +0500] "GET /ords/api.HTP_ASPVK_DATA?nPVK_ID=0&vST_DT=30.11.2022%2023:02:07&vEND_DT=30.11.2022%2023:12:07 HTTP/1.1" 200 41905
46.146.210.91 - - [01/Dec/2022:01:10:35 +0500] "GET /ords/api.HTP_ASPVK_DATA?nPVK_ID=0&vST_DT=01.12.2022%2001:00:35&vEND_DT=01.12.2022%2001:10:35 HTTP/1.1" 200 18319
195.222.149.195 - - [01/Dec/2022:01:10:44 +0500] "GET /ords/api.HTP_ASPVK_DATA?nPVK_ID=0&vST_DT=30.11.2022%2023:02:17&vEND_DT=30.11.2022%2023:12:17 HTTP/1.1" 200 39459
46.146.210.91 - - [01/Dec/2022:01:10:45 +0500] "GET /ords/api.HTP_ASPVK_DATA?nPVK_ID=0&vST_DT=01.12.2022%2001:00:45&vEND_DT=01.12.2022%2001:10:45 HTTP/1.1" 200 18319
195.222.149.195 - - [01/Dec/2022:01:10:54 +0500] "GET /ords/api.HTP_ASPVK_DATA?nPVK_ID=0&vST_DT=30.11.2022%2023:02:27&vEND_DT=30.11.2022%2023:12:27 HTTP/1.1" 200 35914
46.146.210.91 - - [01/Dec/2022:01:10:55 +0500] "GET /ords/api.HTP_ASPVK_DATA?nPVK_ID=0&vST_DT=01.12.2022%2001:00:55&vEND_DT=01.12.2022%2001:10:55 HTTP/1.1" 200 15365
195.222.149.195 - - [01/Dec/2022:01:11:06 +0500] "GET /ords/api.HTP_ASPVK_DATA?nPVK_ID=0&vST_DT=30.11.2022%2023:02:37&vEND_DT=30.11.2022%2023:12:37 HTTP/1.1" 200 34396
46.146.210.91 - - [01/Dec/2022:01:11:07 +0500] "GET /ords/api.HTP_ASPVK_DATA?nPVK_ID=0&vST_DT=01.12.2022%2001:01:05&vEND_DT=01.12.2022%2001:11:05 HTTP/1.1" 200 15365
195.222.149.195 - - [01/Dec/2022:01:11:14 +0500] "GET /ords/api.HTP_ASPVK_DATA?nPVK_ID=0&vST_DT=30.11.2022%2023:02:47&vEND_DT=30.11.2022%2023:12:47 HTTP/1.1" 200 34396
46.146.210.91 - - [01/Dec/2022:01:11:15 +0500] "GET /ords/api.HTP_ASPVK_DATA?nPVK_ID=0&vST_DT=01.12.2022%2001:01:15&vEND_DT=01.12.2022%2001:11:15 HTTP/1.1" 200 15365
94.51.211.239 - - [01/Dec/2022:01:11:16 +0500] "POST /ords/wwv_flow.show HTTP/1.1" 200 1570282
94.51.211.239 - - [01/Dec/2022:01:11:22 +0500] "POST /ords/wwv_flow.show HTTP/1.1" 200 53
195.222.149.195 - - [01/Dec/2022:01:11:24 +0500] "GET /ords/api.HTP_ASPVK_DATA?nPVK_ID=0&vST_DT=30.11.2022%2023:02:57&vEND_DT=30.11.2022%2023:12:57 HTTP/1.1" 200 32883
46.146.210.91 - - [01/Dec/2022:01:11:25 +0500] "GET /ords/api.HTP_ASPVK_DATA?nPVK_ID=0&vST_DT=01.12.2022%2001:01:25&vEND_DT=01.12.2022%2001:11:25 HTTP/1.1" 200 15365
94.51.211.239 - - [01/Dec/2022:01:11:29 +0500] "POST /ords/wwv_flow.show HTTP/1.1" 200 53
94.51.211.239 - - [01/Dec/2022:01:11:33 +0500] "POST /ords/wwv_flow.show HTTP/1.1" 200 1573491
195.222.149.195 - - [01/Dec/2022:01:11:34 +0500] "GET /ords/api.HTP_ASPVK_DATA?nPVK_ID=0&vST_DT=30.11.2022%2023:03:07&vEND_DT=30.11.2022%2023:13:07 HTTP/1.1" 200 28671
94.51.211.239 - - [01/Dec/2022:01:11:35 +0500] "POST /ords/wwv_flow.show HTTP/1.1" 200 53
46.146.210.91 - - [01/Dec/2022:01:11:35 +0500] "GET /ords/api.HTP_ASPVK_DATA?nPVK_ID=0&vST_DT=01.12.2022%2001:01:35&vEND_DT=01.12.2022%2001:11:35 HTTP/1.1" 200 15365
94.51.211.239 - - [01/Dec/2022:01:11:39 +0500] "POST /ords/wwv_flow.show HTTP/1.1" 200 53
94.51.211.239 - - [01/Dec/2022:01:11:42 +0500] "POST /ords/wwv_flow.show HTTP/1.1" 200 53
195.222.149.195 - - [01/Dec/2022:01:11:43 +0500] "GET /ords/api.HTP_ASPVK_DATA?nPVK_ID=0&vST_DT=30.11.2022%2023:03:17&vEND_DT=30.11.2022%2023:13:17 HTTP/1.1" 200 28671
46.146.210.91 - - [01/Dec/2022:01:11:45 +0500] "GET /ords/api.HTP_ASPVK_DATA?nPVK_ID=0&vST_DT=01.12.2022%2001:01:45&vEND_DT=01.12.2022%2001:11:45 HTTP/1.1" 200 15365
195.222.149.195 - - [01/Dec/2022:01:11:54 +0500] "GET /ords/api.HTP_ASPVK_DATA?nPVK_ID=0&vST_DT=30.11.2022%2023:03:27&vEND_DT=30.11.2022%2023:13:27 HTTP/1.1" 200 27157
46.146.210.91 - - [01/Dec/2022:01:11:55 +0500] "GET /ords/api.HTP_ASPVK_DATA?nPVK_ID=0&vST_DT=01.12.2022%2001:01:55&vEND_DT=01.12.2022%2001:11:55 HTTP/1.1" 200 15365
94.51.211.239 - - [01/Dec/2022:01:11:59 +0500] "POST /ords/wwv_flow.show HTTP/1.1" 200 12
94.51.211.239 - - [01/Dec/2022:01:11:59 +0500] "POST /ords/wwv_flow.show HTTP/1.1" 200 12
94.51.211.239 - - [01/Dec/2022:01:11:59 +0500] "POST /ords/wwv_flow.show HTTP/1.1" 200 12
94.51.211.239 - - [01/Dec/2022:01:11:59 +0500] "POST /ords/wwv_flow.show HTTP/1.1" 200 12
195.222.149.195 - - [01/Dec/2022:01:12:05 +0500] "GET /ords/api.HTP_ASPVK_DATA?nPVK_ID=0&vST_DT=30.11.2022%2023:03:37&vEND_DT=30.11.2022%2023:13:37 HTTP/1.1" 200 27157
46.146.210.91 - - [01/Dec/2022:01:12:06 +0500] "GET /ords/api.HTP_ASPVK_DATA?nPVK_ID=0&vST_DT=01.12.2022%2001:02:05&vEND_DT=01.12.2022%2001:12:05 HTTP/1.1" 200 18401
94.51.211.239 - - [01/Dec/2022:01:12:08 +0500] "POST /ords/wwv_flow.accept HTTP/1.1" 302 5
94.51.211.239 - - [01/Dec/2022:01:12:11 +0500] "POST /ords/wwv_flow.show HTTP/1.1" 200 53
94.51.211.239 - - [01/Dec/2022:01:12:13 +0500] "POST /ords/wwv_flow.accept HTTP/1.1" 302 5
195.222.149.195 - - [01/Dec/2022:01:12:14 +0500] "GET /ords/api.HTP_ASPVK_DATA?nPVK_ID=0&vST_DT=30.11.2022%2023:03:47&vEND_DT=30.11.2022%2023:13:47 HTTP/1.1" 200 27157
46.146.210.91 - - [01/Dec/2022:01:12:16 +0500] "GET /ords/api.HTP_ASPVK_DATA?nPVK_ID=0&vST_DT=01.12.2022%2001:02:15&vEND_DT=01.12.2022%2001:12:15 HTTP/1.1" 200 18401
94.51.211.239 - - [01/Dec/2022:01:12:16 +0500] "POST /ords/wwv_flow.accept HTTP/1.1" 302 5
94.51.211.239 - - [01/Dec/2022:01:12:18 +0500] "POST /ords/wwv_flow.accept HTTP/1.1" 302 5
195.222.149.195 - - [01/Dec/2022:01:12:26 +0500] "GET /ords/api.HTP_ASPVK_DATA?nPVK_ID=0&vST_DT=30.11.2022%2023:03:57&vEND_DT=30.11.2022%2023:13:57 HTTP/1.1" 200 27157
46.146.210.91 - - [01/Dec/2022:01:12:27 +0500] "GET /ords/api.HTP_ASPVK_DATA?nPVK_ID=0&vST_DT=01.12.2022%2001:02:25&vEND_DT=01.12.2022%2001:12:25 HTTP/1.1" 200 18401
195.222.149.195 - - [01/Dec/2022:01:12:35 +0500] "GET /ords/api.HTP_ASPVK_DATA?nPVK_ID=0&vST_DT=30.11.2022%2023:04:07&vEND_DT=30.11.2022%2023:14:07 HTTP/1.1" 200 27157
46.146.210.91 - - [01/Dec/2022:01:12:37 +0500] "GET /ords/api.HTP_ASPVK_DATA?nPVK_ID=0&vST_DT=01.12.2022%2001:02:35&vEND_DT=01.12.2022%2001:12:35 HTTP/1.1" 200 18401
94.51.211.239 - - [01/Dec/2022:01:12:38 +0500] "GET /ords/f?p=147:2:11876333479912:::::&success_msg=xODt7fvlIOjn7OXt5e37Lg%7E%7E%2FoM0bXkdPHlszlWP5aN8eOhmDoKSEoirRu3rNGQHXonjf59fdd-LjqXwv7MRUAIWljLUN2ZBEeu0_fvJe11ByFw HTTP/1.1" 200 103513
195.222.149.195 - - [01/Dec/2022:01:12:44 +0500] "GET /ords/api.HTP_ASPVK_DATA?nPVK_ID=0&vST_DT=30.11.2022%2023:04:17&vEND_DT=30.11.2022%2023:14:17 HTTP/1.1" 200 25225
46.146.210.91 - - [01/Dec/2022:01:12:46 +0500] "GET /ords/api.HTP_ASPVK_DATA?nPVK_ID=0&vST_DT=01.12.2022%2001:02:45&vEND_DT=01.12.2022%2001:12:45 HTTP/1.1" 200 18401
94.51.211.239 - - [01/Dec/2022:01:12:56 +0500] "GET /ords/f?p=147:2:11876333479912:::::&success_msg=xODt7fvlIOjn7OXt5e37Lg%7E%7E%2FoM0bXkdPHlszlWP5aN8eOhmDoKSEoirRu3rNGQHXonjf59fdd-LjqXwv7MRUAIWljLUN2ZBEeu0_fvJe11ByFw HTTP/1.1" 200 103513
195.222.149.195 - - [01/Dec/2022:01:12:57 +0500] "GET /ords/api.HTP_ASPVK_DATA?nPVK_ID=0&vST_DT=30.11.2022%2023:04:27&vEND_DT=30.11.2022%2023:14:27 HTTP/1.1" 200 25225
46.146.210.91 - - [01/Dec/2022:01:12:57 +0500] "GET /ords/api.HTP_ASPVK_DATA?nPVK_ID=0&vST_DT=01.12.2022%2001:02:55&vEND_DT=01.12.2022%2001:12:55 HTTP/1.1" 200 18401
195.222.149.195 - - [01/Dec/2022:01:13:05 +0500] "GET /ords/api.HTP_ASPVK_DATA?nPVK_ID=0&vST_DT=30.11.2022%2023:04:37&vEND_DT=30.11.2022%2023:14:37 HTTP/1.1" 200 23700
46.146.210.91 - - [01/Dec/2022:01:13:07 +0500] "GET /ords/api.HTP_ASPVK_DATA?nPVK_ID=0&vST_DT=01.12.2022%2001:03:05&vEND_DT=01.12.2022%2001:13:05 HTTP/1.1" 200 18401
94.51.211.239 - - [01/Dec/2022:01:13:15 +0500] "GET /ords/f?p=147:2:11876333479912:::::&success_msg=xODt7fvlIOjn7OXt5e37Lg%7E%7E%2FoM0bXkdPHlszlWP5aN8eOhmDoKSEoirRu3rNGQHXonjf59fdd-LjqXwv7MRUAIWljLUN2ZBEeu0_fvJe11ByFw HTTP/1.1" 200 103513
195.222.149.195 - - [01/Dec/2022:01:13:16 +0500] "GET /ords/api.HTP_ASPVK_DATA?nPVK_ID=0&vST_DT=30.11.2022%2023:04:47&vEND_DT=30.11.2022%2023:14:47 HTTP/1.1" 200 23700
46.146.210.91 - - [01/Dec/2022:01:13:17 +0500] "GET /ords/api.HTP_ASPVK_DATA?nPVK_ID=0&vST_DT=01.12.2022%2001:03:15&vEND_DT=01.12.2022%2001:13:15 HTTP/1.1" 200 18401
195.222.149.195 - - [01/Dec/2022:01:13:25 +0500] "GET /ords/api.HTP_ASPVK_DATA?nPVK_ID=0&vST_DT=30.11.2022%2023:04:57&vEND_DT=30.11.2022%2023:14:57 HTTP/1.1" 200 22187
46.146.210.91 - - [01/Dec/2022:01:13:26 +0500] "GET /ords/api.HTP_ASPVK_DATA?nPVK_ID=0&vST_DT=01.12.2022%2001:03:25&vEND_DT=01.12.2022%2001:13:25 HTTP/1.1" 200 18401
94.51.211.239 - - [01/Dec/2022:01:13:35 +0500] "GET /ords/f?p=147:2:11876333479912:::::&success_msg=xODt7fvlIOjn7OXt5e37Lg%7E%7E%2FoM0bXkdPHlszlWP5aN8eOhmDoKSEoirRu3rNGQHXonjf59fdd-LjqXwv7MRUAIWljLUN2ZBEeu0_fvJe11ByFw HTTP/1.1" 200 103513
195.222.149.195 - - [01/Dec/2022:01:13:35 +0500] "GET /ords/api.HTP_ASPVK_DATA?nPVK_ID=0&vST_DT=30.11.2022%2023:05:07&vEND_DT=30.11.2022%2023:15:07 HTTP/1.1" 200 20657
46.146.210.91 - - [01/Dec/2022:01:13:36 +0500] "GET /ords/api.HTP_ASPVK_DATA?nPVK_ID=0&vST_DT=01.12.2022%2001:03:35&vEND_DT=01.12.2022%2001:13:35 HTTP/1.1" 200 16876
195.222.149.195 - - [01/Dec/2022:01:13:45 +0500] "GET /ords/api.HTP_ASPVK_DATA?nPVK_ID=0&vST_DT=30.11.2022%2023:05:17&vEND_DT=30.11.2022%2023:15:17 HTTP/1.1" 200 20657
46.146.210.91 - - [01/Dec/2022:01:13:47 +0500] "GET /ords/api.HTP_ASPVK_DATA?nPVK_ID=0&vST_DT=01.12.2022%2001:03:45&vEND_DT=01.12.2022%2001:13:45 HTTP/1.1" 200 14937
195.222.149.195 - - [01/Dec/2022:01:13:54 +0500] "GET /ords/api.HTP_ASPVK_DATA?nPVK_ID=0&vST_DT=30.11.2022%2023:05:27&vEND_DT=30.11.2022%2023:15:27 HTTP/1.1" 200 20657
46.146.210.91 - - [01/Dec/2022:01:13:56 +0500] "GET /ords/api.HTP_ASPVK_DATA?nPVK_ID=0&vST_DT=01.12.2022%2001:03:55&vEND_DT=01.12.2022%2001:13:55 HTTP/1.1" 200 13420
195.222.149.195 - - [01/Dec/2022:01:14:05 +0500] "GET /ords/api.HTP_ASPVK_DATA?nPVK_ID=0&vST_DT=30.11.2022%2023:05:37&vEND_DT=30.11.2022%2023:15:37 HTTP/1.1" 200 22184
46.146.210.91 - - [01/Dec/2022:01:14:07 +0500] "GET /ords/api.HTP_ASPVK_DATA?nPVK_ID=0&vST_DT=01.12.2022%2001:04:05&vEND_DT=01.12.2022%2001:14:05 HTTP/1.1" 200 13420
195.222.149.195 - - [01/Dec/2022:01:14:17 +0500] "GET /ords/api.HTP_ASPVK_DATA?nPVK_ID=0&vST_DT=30.11.2022%2023:05:47&vEND_DT=30.11.2022%2023:15:47 HTTP/1.1" 200 22184
46.146.210.91 - - [01/Dec/2022:01:14:17 +0500] "GET /ords/api.HTP_ASPVK_DATA?nPVK_ID=0&vST_DT=01.12.2022%2001:04:15&vEND_DT=01.12.2022%2001:14:15 HTTP/1.1" 200 13420
195.222.149.195 - - [01/Dec/2022:01:14:24 +0500] "GET /ords/api.HTP_ASPVK_DATA?nPVK_ID=0&vST_DT=30.11.2022%2023:05:57&vEND_DT=30.11.2022%2023:15:57 HTTP/1.1" 200 20251
46.146.210.91 - - [01/Dec/2022:01:14:26 +0500] "GET /ords/api.HTP_ASPVK_DATA?nPVK_ID=0&vST_DT=01.12.2022%2001:04:25&vEND_DT=01.12.2022%2001:14:25 HTTP/1.1" 200 11903
195.222.149.195 - - [01/Dec/2022:01:14:34 +0500] "GET /ords/api.HTP_ASPVK_DATA?nPVK_ID=0&vST_DT=30.11.2022%2023:06:07&vEND_DT=30.11.2022%2023:16:07 HTTP/1.1" 200 20251
46.146.210.91 - - [01/Dec/2022:01:14:36 +0500] "GET /ords/api.HTP_ASPVK_DATA?nPVK_ID=0&vST_DT=01.12.2022%2001:04:35&vEND_DT=01.12.2022%2001:14:35 HTTP/1.1" 200 9195
195.222.149.195 - - [01/Dec/2022:01:14:45 +0500] "GET /ords/api.HTP_ASPVK_DATA?nPVK_ID=0&vST_DT=30.11.2022%2023:06:17&vEND_DT=30.11.2022%2023:16:17 HTTP/1.1" 200 18736
46.146.210.91 - - [01/Dec/2022:01:14:46 +0500] "GET /ords/api.HTP_ASPVK_DATA?nPVK_ID=0&vST_DT=01.12.2022%2001:04:45&vEND_DT=01.12.2022%2001:14:45 HTTP/1.1" 200 9195
195.222.149.195 - - [01/Dec/2022:01:14:57 +0500] "GET /ords/api.HTP_ASPVK_DATA?nPVK_ID=0&vST_DT=30.11.2022%2023:06:27&vEND_DT=30.11.2022%2023:16:27 HTTP/1.1" 200 18736
46.146.210.91 - - [01/Dec/2022:01:14:57 +0500] "GET /ords/api.HTP_ASPVK_DATA?nPVK_ID=0&vST_DT=01.12.2022%2001:04:55&vEND_DT=01.12.2022%2001:14:55 HTTP/1.1" 200 7672
195.222.149.195 - - [01/Dec/2022:01:15:06 +0500] "GET /ords/api.HTP_ASPVK_DATA?nPVK_ID=0&vST_DT=30.11.2022%2023:06:37&vEND_DT=30.11.2022%2023:16:37 HTTP/1.1" 200 18736
94.51.211.239 - - [01/Dec/2022:01:15:07 +0500] "POST /ords/wwv_flow.show HTTP/1.1" 200 12
46.146.210.91 - - [01/Dec/2022:01:15:07 +0500] "GET /ords/api.HTP_ASPVK_DATA?nPVK_ID=0&vST_DT=01.12.2022%2001:05:05&vEND_DT=01.12.2022%2001:15:05 HTTP/1.1" 200 7672
195.222.149.195 - - [01/Dec/2022:01:15:16 +0500] "GET /ords/api.HTP_ASPVK_DATA?nPVK_ID=0&vST_DT=30.11.2022%2023:06:47&vEND_DT=30.11.2022%2023:16:47 HTTP/1.1" 200 18736
94.51.211.239 - - [01/Dec/2022:01:15:17 +0500] "POST /ords/wwv_flow.show HTTP/1.1" 200 12
46.146.210.91 - - [01/Dec/2022:01:15:17 +0500] "GET /ords/api.HTP_ASPVK_DATA?nPVK_ID=0&vST_DT=01.12.2022%2001:05:15&vEND_DT=01.12.2022%2001:15:15 HTTP/1.1" 200 10375
195.222.149.195 - - [01/Dec/2022:01:15:27 +0500] "GET /ords/api.HTP_ASPVK_DATA?nPVK_ID=0&vST_DT=30.11.2022%2023:06:57&vEND_DT=30.11.2022%2023:16:57 HTTP/1.1" 200 18736
46.146.210.91 - - [01/Dec/2022:01:15:28 +0500] "GET /ords/api.HTP_ASPVK_DATA?nPVK_ID=0&vST_DT=01.12.2022%2001:05:25&vEND_DT=01.12.2022%2001:15:25 HTTP/1.1" 200 10375
195.222.149.195 - - [01/Dec/2022:01:15:36 +0500] "GET /ords/api.HTP_ASPVK_DATA?nPVK_ID=0&vST_DT=30.11.2022%2023:07:07&vEND_DT=30.11.2022%2023:17:07 HTTP/1.1" 200 17208
46.146.210.91 - - [01/Dec/2022:01:15:37 +0500] "GET /ords/api.HTP_ASPVK_DATA?nPVK_ID=0&vST_DT=01.12.2022%2001:05:35&vEND_DT=01.12.2022%2001:15:35 HTTP/1.1" 200 10375
195.222.149.195 - - [01/Dec/2022:01:15:46 +0500] "GET /ords/api.HTP_ASPVK_DATA?nPVK_ID=0&vST_DT=30.11.2022%2023:07:17&vEND_DT=30.11.2022%2023:17:17 HTTP/1.1" 200 17208
46.146.210.91 - - [01/Dec/2022:01:15:47 +0500] "GET /ords/api.HTP_ASPVK_DATA?nPVK_ID=0&vST_DT=01.12.2022%2001:05:45&vEND_DT=01.12.2022%2001:15:45 HTTP/1.1" 200 7327
94.51.211.239 - - [01/Dec/2022:01:15:52 +0500] "POST /ords/wwv_flow.show HTTP/1.1" 200 12
94.51.211.239 - - [01/Dec/2022:01:15:54 +0500] "POST /ords/wwv_flow.show HTTP/1.1" 200 12
195.222.149.195 - - [01/Dec/2022:01:15:54 +0500] "GET /ords/api.HTP_ASPVK_DATA?nPVK_ID=0&vST_DT=30.11.2022%2023:07:27&vEND_DT=30.11.2022%2023:17:27 HTTP/1.1" 200 17208
46.146.210.91 - - [01/Dec/2022:01:15:55 +0500] "GET /ords/api.HTP_ASPVK_DATA?nPVK_ID=0&vST_DT=01.12.2022%2001:05:55&vEND_DT=01.12.2022%2001:15:55 HTTP/1.1" 200 7327
94.51.211.239 - - [01/Dec/2022:01:15:59 +0500] "POST /ords/wwv_flow.accept HTTP/1.1" 302 5
94.51.211.239 - - [01/Dec/2022:01:15:59 +0500] "POST /ords/wwv_flow.accept HTTP/1.1" 302 5
195.222.149.195 - - [01/Dec/2022:01:16:04 +0500] "GET /ords/api.HTP_ASPVK_DATA?nPVK_ID=0&vST_DT=30.11.2022%2023:07:37&vEND_DT=30.11.2022%2023:17:37 HTTP/1.1" 200 18722
94.51.211.239 - - [01/Dec/2022:01:16:05 +0500] "POST /ords/wwv_flow.accept HTTP/1.1" 302 5
46.146.210.91 - - [01/Dec/2022:01:16:05 +0500] "GET /ords/api.HTP_ASPVK_DATA?nPVK_ID=0&vST_DT=01.12.2022%2001:06:05&vEND_DT=01.12.2022%2001:16:05 HTTP/1.1" 200 7327
46.146.210.91 - - [01/Dec/2022:01:16:11 +0500] "GET /ords/api.HTP_ASPVK_DATA?nPVK_ID=0&vST_DT=30.11.2022%2001:13:48&vEND_DT=01.12.2022%2001:13:48 HTTP/1.1" 500 12951
94.51.211.239 - - [01/Dec/2022:01:16:13 +0500] "POST /ords/wwv_flow.show HTTP/1.1" 200 12
195.222.149.195 - - [01/Dec/2022:01:16:14 +0500] "GET /ords/api.HTP_ASPVK_DATA?nPVK_ID=0&vST_DT=30.11.2022%2023:07:47&vEND_DT=30.11.2022%2023:17:47 HTTP/1.1" 200 18722
94.51.211.239 - - [01/Dec/2022:01:16:15 +0500] "GET /ords/f?p=147:2:11876333479912:::::&success_msg=xODt7fvlIOjn7OXt5e37Lg%7E%7E%2FoM0bXkdPHlszlWP5aN8eOhmDoKSEoirRu3rNGQHXonjf59fdd-LjqXwv7MRUAIWljLUN2ZBEeu0_fvJe11ByFw HTTP/1.1" 200 103541
46.146.210.91 - - [01/Dec/2022:01:16:16 +0500] "GET /ords/api.HTP_ASPVK_DATA?nPVK_ID=0&vST_DT=01.12.2022%2001:06:15&vEND_DT=01.12.2022%2001:16:15 HTTP/1.1" 200 7327
195.222.149.195 - - [01/Dec/2022:01:16:24 +0500] "GET /ords/api.HTP_ASPVK_DATA?nPVK_ID=0&vST_DT=30.11.2022%2023:07:57&vEND_DT=30.11.2022%2023:17:57 HTTP/1.1" 200 17206
46.146.210.91 - - [01/Dec/2022:01:16:26 +0500] "GET /ords/api.HTP_ASPVK_DATA?nPVK_ID=0&vST_DT=01.12.2022%2001:06:25&vEND_DT=01.12.2022%2001:16:25 HTTP/1.1" 200 7327
94.51.211.239 - - [01/Dec/2022:01:16:32 +0500] "GET /ords/f?p=147:2:11876333479912:::::&success_msg=xODt7fvlIOjn7OXt5e37Lg%7E%7E%2FoM0bXkdPHlszlWP5aN8eOhmDoKSEoirRu3rNGQHXonjf59fdd-LjqXwv7MRUAIWljLUN2ZBEeu0_fvJe11ByFw HTTP/1.1" 200 103541
195.222.149.195 - - [01/Dec/2022:01:16:34 +0500] "GET /ords/api.HTP_ASPVK_DATA?nPVK_ID=0&vST_DT=30.11.2022%2023:08:07&vEND_DT=30.11.2022%2023:18:07 HTTP/1.1" 200 17206
46.146.210.91 - - [01/Dec/2022:01:16:36 +0500] "GET /ords/api.HTP_ASPVK_DATA?nPVK_ID=0&vST_DT=01.12.2022%2001:06:35&vEND_DT=01.12.2022%2001:16:35 HTTP/1.1" 200 7327
94.51.211.239 - - [01/Dec/2022:01:16:41 +0500] "GET /ords/f?p=147:2:11876333479912:::::&success_msg=xODt7fvlIOjn7OXt5e37Lg%7E%7E%2FoM0bXkdPHlszlWP5aN8eOhmDoKSEoirRu3rNGQHXonjf59fdd-LjqXwv7MRUAIWljLUN2ZBEeu0_fvJe11ByFw HTTP/1.1" 200 103541
195.222.149.195 - - [01/Dec/2022:01:16:44 +0500] "GET /ords/api.HTP_ASPVK_DATA?nPVK_ID=0&vST_DT=30.11.2022%2023:08:17&vEND_DT=30.11.2022%2023:18:17 HTTP/1.1" 200 18720
46.146.210.91 - - [01/Dec/2022:01:16:46 +0500] "GET /ords/api.HTP_ASPVK_DATA?nPVK_ID=0&vST_DT=01.12.2022%2001:06:45&vEND_DT=01.12.2022%2001:16:45 HTTP/1.1" 200 7327
195.222.149.195 - - [01/Dec/2022:01:16:54 +0500] "GET /ords/api.HTP_ASPVK_DATA?nPVK_ID=0&vST_DT=30.11.2022%2023:08:27&vEND_DT=30.11.2022%2023:18:27 HTTP/1.1" 200 22003
46.146.210.91 - - [01/Dec/2022:01:16:55 +0500] "GET /ords/api.HTP_ASPVK_DATA?nPVK_ID=0&vST_DT=01.12.2022%2001:06:55&vEND_DT=01.12.2022%2001:16:55 HTTP/1.1" 200 7327
195.222.149.195 - - [01/Dec/2022:01:17:04 +0500] "GET /ords/api.HTP_ASPVK_DATA?nPVK_ID=0&vST_DT=30.11.2022%2023:08:37&vEND_DT=30.11.2022%2023:18:37 HTTP/1.1" 200 20489
46.146.210.91 - - [01/Dec/2022:01:17:06 +0500] "GET /ords/api.HTP_ASPVK_DATA?nPVK_ID=0&vST_DT=01.12.2022%2001:07:05&vEND_DT=01.12.2022%2001:17:05 HTTP/1.1" 200 7327
94.51.211.239 - - [01/Dec/2022:01:17:14 +0500] "POST /ords/wwv_flow.show HTTP/1.1" 200 12
195.222.149.195 - - [01/Dec/2022:01:17:14 +0500] "GET /ords/api.HTP_ASPVK_DATA?nPVK_ID=0&vST_DT=30.11.2022%2023:08:47&vEND_DT=30.11.2022%2023:18:47 HTTP/1.1" 200 18975
46.146.210.91 - - [01/Dec/2022:01:17:16 +0500] "GET /ords/api.HTP_ASPVK_DATA?nPVK_ID=0&vST_DT=01.12.2022%2001:07:15&vEND_DT=01.12.2022%2001:17:15 HTTP/1.1" 200 5796
195.222.149.195 - - [01/Dec/2022:01:17:25 +0500] "GET /ords/api.HTP_ASPVK_DATA?nPVK_ID=0&vST_DT=30.11.2022%2023:08:57&vEND_DT=30.11.2022%2023:18:57 HTTP/1.1" 200 20907
46.146.210.91 - - [01/Dec/2022:01:17:26 +0500] "GET /ords/api.HTP_ASPVK_DATA?nPVK_ID=0&vST_DT=01.12.2022%2001:07:25&vEND_DT=01.12.2022%2001:17:25 HTTP/1.1" 200 5796
195.222.149.195 - - [01/Dec/2022:01:17:35 +0500] "GET /ords/api.HTP_ASPVK_DATA?nPVK_ID=0&vST_DT=30.11.2022%2023:09:07&vEND_DT=30.11.2022%2023:19:07 HTTP/1.1" 200 23108
46.146.210.91 - - [01/Dec/2022:01:17:36 +0500] "GET /ords/api.HTP_ASPVK_DATA?nPVK_ID=0&vST_DT=01.12.2022%2001:07:35&vEND_DT=01.12.2022%2001:17:35 HTTP/1.1" 200 5796
195.222.149.195 - - [01/Dec/2022:01:17:44 +0500] "GET /ords/api.HTP_ASPVK_DATA?nPVK_ID=0&vST_DT=30.11.2022%2023:09:17&vEND_DT=30.11.2022%2023:19:17 HTTP/1.1" 200 24641
46.146.210.91 - - [01/Dec/2022:01:17:45 +0500] "GET /ords/api.HTP_ASPVK_DATA?nPVK_ID=0&vST_DT=01.12.2022%2001:07:45&vEND_DT=01.12.2022%2001:17:45 HTTP/1.1" 200 5796
195.222.149.195 - - [01/Dec/2022:01:17:55 +0500] "GET /ords/api.HTP_ASPVK_DATA?nPVK_ID=0&vST_DT=30.11.2022%2023:09:27&vEND_DT=30.11.2022%2023:19:27 HTTP/1.1" 200 24641
46.146.210.91 - - [01/Dec/2022:01:17:56 +0500] "GET /ords/api.HTP_ASPVK_DATA?nPVK_ID=0&vST_DT=01.12.2022%2001:07:55&vEND_DT=01.12.2022%2001:17:55 HTTP/1.1" 200 5796
195.222.149.195 - - [01/Dec/2022:01:18:05 +0500] "GET /ords/api.HTP_ASPVK_DATA?nPVK_ID=0&vST_DT=30.11.2022%2023:09:37&vEND_DT=30.11.2022%2023:19:37 HTTP/1.1" 200 26171
46.146.210.91 - - [01/Dec/2022:01:18:06 +0500] "GET /ords/api.HTP_ASPVK_DATA?nPVK_ID=0&vST_DT=01.12.2022%2001:08:05&vEND_DT=01.12.2022%2001:18:05 HTTP/1.1" 200 5796
94.51.211.239 - - [01/Dec/2022:01:18:12 +0500] "POST /ords/wwv_flow.show HTTP/1.1" 200 12
195.222.149.195 - - [01/Dec/2022:01:18:14 +0500] "GET /ords/api.HTP_ASPVK_DATA?nPVK_ID=0&vST_DT=30.11.2022%2023:09:47&vEND_DT=30.11.2022%2023:19:47 HTTP/1.1" 200 27689
94.51.211.239 - - [01/Dec/2022:01:18:15 +0500] "POST /ords/wwv_flow.show HTTP/1.1" 200 12
46.146.210.91 - - [01/Dec/2022:01:18:15 +0500] "GET /ords/api.HTP_ASPVK_DATA?nPVK_ID=0&vST_DT=01.12.2022%2001:08:15&vEND_DT=01.12.2022%2001:18:15 HTTP/1.1" 200 7727
94.51.211.239 - - [01/Dec/2022:01:18:20 +0500] "POST /ords/wwv_flow.accept HTTP/1.1" 302 5
195.222.149.195 - - [01/Dec/2022:01:18:24 +0500] "GET /ords/api.HTP_ASPVK_DATA?nPVK_ID=0&vST_DT=30.11.2022%2023:09:57&vEND_DT=30.11.2022%2023:19:57 HTTP/1.1" 200 29207
46.146.210.91 - - [01/Dec/2022:01:18:26 +0500] "GET /ords/api.HTP_ASPVK_DATA?nPVK_ID=0&vST_DT=01.12.2022%2001:08:25&vEND_DT=01.12.2022%2001:18:25 HTTP/1.1" 200 7727
94.51.211.239 - - [01/Dec/2022:01:18:35 +0500] "GET /ords/f?p=147:2:11876333479912:::::&success_msg=xODt7fvlIOjn7OXt5e37Lg%7E%7E%2FoM0bXkdPHlszlWP5aN8eOhmDoKSEoirRu3rNGQHXonjf59fdd-LjqXwv7MRUAIWljLUN2ZBEeu0_fvJe11ByFw HTTP/1.1" 200 104121
195.222.149.195 - - [01/Dec/2022:01:18:35 +0500] "GET /ords/api.HTP_ASPVK_DATA?nPVK_ID=0&vST_DT=30.11.2022%2023:10:07&vEND_DT=30.11.2022%2023:20:07 HTTP/1.1" 200 32235
46.146.210.91 - - [01/Dec/2022:01:18:35 +0500] "GET /ords/api.HTP_ASPVK_DATA?nPVK_ID=0&vST_DT=01.12.2022%2001:08:35&vEND_DT=01.12.2022%2001:18:35 HTTP/1.1" 200 7727
18.232.125.169 - - [01/Dec/2022:01:18:36 +0500] "GET /aaaaaaaaaaaaaaaaaaaaaaaaaqr HTTP/1.1" 404 1048
18.232.125.169 - - [01/Dec/2022:01:18:36 +0500] "-" 400 -
18.232.125.169 - - [01/Dec/2022:01:18:36 +0500] "-" 400 -
18.232.125.169 - - [01/Dec/2022:01:18:36 +0500] "GET /robots.txt HTTP/1.1" 404 1014
18.232.125.169 - - [01/Dec/2022:01:18:36 +0500] "-" 400 -
18.232.125.169 - - [01/Dec/2022:01:18:36 +0500] "-" 400 -
18.232.125.169 - - [01/Dec/2022:01:18:36 +0500] "-" 400 -
18.232.125.169 - - [01/Dec/2022:01:18:36 +0500] "GET /99vt HTTP/1.1" 404 1002
18.232.125.169 - - [01/Dec/2022:01:18:36 +0500] "GET /aaaaaaaaaaaaaaaaaaaaaaaaaqr HTTP/1.1" 404 1048
18.232.125.169 - - [01/Dec/2022:01:18:36 +0500] "GET / HTTP/1.1" 302 -
18.232.125.169 - - [01/Dec/2022:01:18:36 +0500] "-" 400 -
18.232.125.169 - - [01/Dec/2022:01:18:36 +0500] "GET /99vt HTTP/1.1" 404 1002
18.232.125.169 - - [01/Dec/2022:01:18:36 +0500] "-" 400 -
18.232.125.169 - - [01/Dec/2022:01:18:36 +0500] "GET /robots.txt HTTP/1.1" 404 1014
18.232.125.169 - - [01/Dec/2022:01:18:36 +0500] "GET /99vu HTTP/1.1" 404 1002
18.232.125.169 - - [01/Dec/2022:01:18:36 +0500] "GET /99vu HTTP/1.1" 404 1002
18.232.125.169 - - [01/Dec/2022:01:18:37 +0500] "GET / HTTP/1.1" 302 -
18.232.125.169 - - [01/Dec/2022:01:18:37 +0500] "GET /99vt HTTP/1.1" 404 1002
18.232.125.169 - - [01/Dec/2022:01:18:37 +0500] "GET /robots.txt HTTP/1.1" 404 1014
18.232.125.169 - - [01/Dec/2022:01:18:37 +0500] "GET /robots.txt HTTP/1.1" 404 1014
18.232.125.169 - - [01/Dec/2022:01:18:37 +0500] "GET /aaaaaaaaaaaaaaaaaaaaaaaaaqr HTTP/1.1" 404 1048
18.232.125.169 - - [01/Dec/2022:01:18:37 +0500] "GET /99vu HTTP/1.1" 404 1002
18.232.125.169 - - [01/Dec/2022:01:18:37 +0500] "GET /ords/f?p=101:210 HTTP/1.1" 200 453
18.232.125.169 - - [01/Dec/2022:01:18:37 +0500] "GET /ords/f?p=101:210 HTTP/1.1" 200 453
195.222.149.195 - - [01/Dec/2022:01:18:45 +0500] "GET /ords/api.HTP_ASPVK_DATA?nPVK_ID=0&vST_DT=30.11.2022%2023:10:17&vEND_DT=30.11.2022%2023:20:17 HTTP/1.1" 200 32237
46.146.210.91 - - [01/Dec/2022:01:18:45 +0500] "GET /ords/api.HTP_ASPVK_DATA?nPVK_ID=0&vST_DT=01.12.2022%2001:08:45&vEND_DT=01.12.2022%2001:18:45 HTTP/1.1" 200 7727
94.51.211.239 - - [01/Dec/2022:01:18:46 +0500] "POST /ords/wwv_flow.show HTTP/1.1" 200 12
94.51.211.239 - - [01/Dec/2022:01:18:50 +0500] "POST /ords/wwv_flow.accept HTTP/1.1" 302 5
195.222.149.195 - - [01/Dec/2022:01:18:54 +0500] "GET /ords/api.HTP_ASPVK_DATA?nPVK_ID=0&vST_DT=30.11.2022%2023:10:27&vEND_DT=30.11.2022%2023:20:27 HTTP/1.1" 200 35288
46.146.210.91 - - [01/Dec/2022:01:18:55 +0500] "GET /ords/api.HTP_ASPVK_DATA?nPVK_ID=0&vST_DT=01.12.2022%2001:08:55&vEND_DT=01.12.2022%2001:18:55 HTTP/1.1" 200 7727
195.222.149.195 - - [01/Dec/2022:01:19:04 +0500] "GET /ords/api.HTP_ASPVK_DATA?nPVK_ID=0&vST_DT=30.11.2022%2023:10:37&vEND_DT=30.11.2022%2023:20:37 HTTP/1.1" 200 36804
94.51.211.239 - - [01/Dec/2022:01:19:05 +0500] "GET /ords/f?p=147:2:11876333479912:::::&success_msg=xODt7fvlIOjn7OXt5e37Lg%7E%7E%2FoM0bXkdPHlszlWP5aN8eOhmDoKSEoirRu3rNGQHXonjf59fdd-LjqXwv7MRUAIWljLUN2ZBEeu0_fvJe11ByFw HTTP/1.1" 200 103546
46.146.210.91 - - [01/Dec/2022:01:19:05 +0500] "GET /ords/api.HTP_ASPVK_DATA?nPVK_ID=0&vST_DT=01.12.2022%2001:09:05&vEND_DT=01.12.2022%2001:19:05 HTTP/1.1" 200 7727
195.222.149.195 - - [01/Dec/2022:01:19:14 +0500] "GET /ords/api.HTP_ASPVK_DATA?nPVK_ID=0&vST_DT=30.11.2022%2023:10:47&vEND_DT=30.11.2022%2023:20:47 HTTP/1.1" 200 34858
46.146.210.91 - - [01/Dec/2022:01:19:15 +0500] "GET /ords/api.HTP_ASPVK_DATA?nPVK_ID=0&vST_DT=01.12.2022%2001:09:15&vEND_DT=01.12.2022%2001:19:15 HTTP/1.1" 200 7727
195.222.149.195 - - [01/Dec/2022:01:19:24 +0500] "GET /ords/api.HTP_ASPVK_DATA?nPVK_ID=0&vST_DT=30.11.2022%2023:10:57&vEND_DT=30.11.2022%2023:20:57 HTTP/1.1" 200 30301
46.146.210.91 - - [01/Dec/2022:01:19:26 +0500] "GET /ords/api.HTP_ASPVK_DATA?nPVK_ID=0&vST_DT=01.12.2022%2001:09:25&vEND_DT=01.12.2022%2001:19:25 HTTP/1.1" 200 7727
94.51.211.239 - - [01/Dec/2022:01:19:29 +0500] "POST /ords/wwv_flow.show HTTP/1.1" 200 12
94.51.211.239 - - [01/Dec/2022:01:19:33 +0500] "POST /ords/wwv_flow.accept HTTP/1.1" 302 5
195.222.149.195 - - [01/Dec/2022:01:19:34 +0500] "GET /ords/api.HTP_ASPVK_DATA?nPVK_ID=0&vST_DT=30.11.2022%2023:11:07&vEND_DT=30.11.2022%2023:21:07 HTTP/1.1" 200 30301
46.146.210.91 - - [01/Dec/2022:01:19:35 +0500] "GET /ords/api.HTP_ASPVK_DATA?nPVK_ID=0&vST_DT=01.12.2022%2001:09:35&vEND_DT=01.12.2022%2001:19:35 HTTP/1.1" 200 7727
195.222.149.195 - - [01/Dec/2022:01:19:44 +0500] "GET /ords/api.HTP_ASPVK_DATA?nPVK_ID=0&vST_DT=30.11.2022%2023:11:18&vEND_DT=30.11.2022%2023:21:18 HTTP/1.1" 200 30301
46.146.210.91 - - [01/Dec/2022:01:19:45 +0500] "GET /ords/api.HTP_ASPVK_DATA?nPVK_ID=0&vST_DT=01.12.2022%2001:09:45&vEND_DT=01.12.2022%2001:19:45 HTTP/1.1" 200 6210
94.51.211.239 - - [01/Dec/2022:01:19:47 +0500] "GET /ords/f?p=147:2:11876333479912:::::&success_msg=xODt7fvlIOjn7OXt5e37Lg%7E%7E%2FoM0bXkdPHlszlWP5aN8eOhmDoKSEoirRu3rNGQHXonjf59fdd-LjqXwv7MRUAIWljLUN2ZBEeu0_fvJe11ByFw HTTP/1.1" 200 104124
195.222.149.195 - - [01/Dec/2022:01:19:54 +0500] "GET /ords/api.HTP_ASPVK_DATA?nPVK_ID=0&vST_DT=30.11.2022%2023:11:28&vEND_DT=30.11.2022%2023:21:28 HTTP/1.1" 200 30301
46.146.210.91 - - [01/Dec/2022:01:19:55 +0500] "GET /ords/api.HTP_ASPVK_DATA?nPVK_ID=0&vST_DT=01.12.2022%2001:09:55&vEND_DT=01.12.2022%2001:19:55 HTTP/1.1" 200 6210
195.222.149.195 - - [01/Dec/2022:01:20:04 +0500] "GET /ords/api.HTP_ASPVK_DATA?nPVK_ID=0&vST_DT=30.11.2022%2023:11:38&vEND_DT=30.11.2022%2023:21:38 HTTP/1.1" 200 28772
46.146.210.91 - - [01/Dec/2022:01:20:05 +0500] "GET /ords/api.HTP_ASPVK_DATA?nPVK_ID=0&vST_DT=01.12.2022%2001:10:05&vEND_DT=01.12.2022%2001:20:05 HTTP/1.1" 200 4698
94.51.211.239 - - [01/Dec/2022:01:20:12 +0500] "POST /ords/wwv_flow.show HTTP/1.1" 200 12
195.222.149.195 - - [01/Dec/2022:01:20:14 +0500] "GET /ords/api.HTP_ASPVK_DATA?nPVK_ID=0&vST_DT=30.11.2022%2023:11:48&vEND_DT=30.11.2022%2023:21:48 HTTP/1.1" 200 28772
46.146.210.91 - - [01/Dec/2022:01:20:15 +0500] "GET /ords/api.HTP_ASPVK_DATA?nPVK_ID=0&vST_DT=01.12.2022%2001:10:15&vEND_DT=01.12.2022%2001:20:15 HTTP/1.1" 200 4698
94.51.211.239 - - [01/Dec/2022:01:20:16 +0500] "POST /ords/wwv_flow.accept HTTP/1.1" 302 5
195.222.149.195 - - [01/Dec/2022:01:20:24 +0500] "GET /ords/api.HTP_ASPVK_DATA?nPVK_ID=0&vST_DT=30.11.2022%2023:11:58&vEND_DT=30.11.2022%2023:21:58 HTTP/1.1" 200 30286
46.146.210.91 - - [01/Dec/2022:01:20:25 +0500] "GET /ords/api.HTP_ASPVK_DATA?nPVK_ID=0&vST_DT=01.12.2022%2001:10:25&vEND_DT=01.12.2022%2001:20:25 HTTP/1.1" 200 4698
94.51.211.239 - - [01/Dec/2022:01:20:31 +0500] "GET /ords/f?p=147:2:11876333479912:::::&success_msg=xODt7fvlIOjn7OXt5e37Lg%7E%7E%2FoM0bXkdPHlszlWP5aN8eOhmDoKSEoirRu3rNGQHXonjf59fdd-LjqXwv7MRUAIWljLUN2ZBEeu0_fvJe11ByFw HTTP/1.1" 200 104233
195.222.149.195 - - [01/Dec/2022:01:20:34 +0500] "GET /ords/api.HTP_ASPVK_DATA?nPVK_ID=0&vST_DT=30.11.2022%2023:12:08&vEND_DT=30.11.2022%2023:22:08 HTTP/1.1" 200 30286
46.146.210.91 - - [01/Dec/2022:01:20:35 +0500] "GET /ords/api.HTP_ASPVK_DATA?nPVK_ID=0&vST_DT=01.12.2022%2001:10:35&vEND_DT=01.12.2022%2001:20:35 HTTP/1.1" 200 4698
195.222.149.195 - - [01/Dec/2022:01:20:44 +0500] "GET /ords/api.HTP_ASPVK_DATA?nPVK_ID=0&vST_DT=30.11.2022%2023:12:18&vEND_DT=30.11.2022%2023:22:18 HTTP/1.1" 200 30286
46.146.210.91 - - [01/Dec/2022:01:20:45 +0500] "GET /ords/api.HTP_ASPVK_DATA?nPVK_ID=0&vST_DT=01.12.2022%2001:10:45&vEND_DT=01.12.2022%2001:20:45 HTTP/1.1" 200 4698
195.222.149.195 - - [01/Dec/2022:01:20:54 +0500] "GET /ords/api.HTP_ASPVK_DATA?nPVK_ID=0&vST_DT=30.11.2022%2023:12:28&vEND_DT=30.11.2022%2023:22:28 HTTP/1.1" 200 30286
46.146.210.91 - - [01/Dec/2022:01:20:55 +0500] "GET /ords/api.HTP_ASPVK_DATA?nPVK_ID=0&vST_DT=01.12.2022%2001:10:55&vEND_DT=01.12.2022%2001:20:55 HTTP/1.1" 200 4698
195.222.149.195 - - [01/Dec/2022:01:21:05 +0500] "GET /ords/api.HTP_ASPVK_DATA?nPVK_ID=0&vST_DT=30.11.2022%2023:12:38&vEND_DT=30.11.2022%2023:22:38 HTTP/1.1" 200 31801
46.146.210.91 - - [01/Dec/2022:01:21:06 +0500] "GET /ords/api.HTP_ASPVK_DATA?nPVK_ID=0&vST_DT=01.12.2022%2001:11:05&vEND_DT=01.12.2022%2001:21:05 HTTP/1.1" 200 4698
195.222.149.195 - - [01/Dec/2022:01:21:14 +0500] "GET /ords/api.HTP_ASPVK_DATA?nPVK_ID=0&vST_DT=30.11.2022%2023:12:48&vEND_DT=30.11.2022%2023:22:48 HTTP/1.1" 200 33322
46.146.210.91 - - [01/Dec/2022:01:21:15 +0500] "GET /ords/api.HTP_ASPVK_DATA?nPVK_ID=0&vST_DT=01.12.2022%2001:11:15&vEND_DT=01.12.2022%2001:21:15 HTTP/1.1" 200 6215
195.222.149.195 - - [01/Dec/2022:01:21:24 +0500] "GET /ords/api.HTP_ASPVK_DATA?nPVK_ID=0&vST_DT=30.11.2022%2023:12:58&vEND_DT=30.11.2022%2023:22:58 HTTP/1.1" 200 33322
46.146.210.91 - - [01/Dec/2022:01:21:25 +0500] "GET /ords/api.HTP_ASPVK_DATA?nPVK_ID=0&vST_DT=01.12.2022%2001:11:25&vEND_DT=01.12.2022%2001:21:25 HTTP/1.1" 200 6215
195.222.149.195 - - [01/Dec/2022:01:21:34 +0500] "GET /ords/api.HTP_ASPVK_DATA?nPVK_ID=0&vST_DT=30.11.2022%2023:13:08&vEND_DT=30.11.2022%2023:23:08 HTTP/1.1" 200 33322
46.146.210.91 - - [01/Dec/2022:01:21:35 +0500] "GET /ords/api.HTP_ASPVK_DATA?nPVK_ID=0&vST_DT=01.12.2022%2001:11:35&vEND_DT=01.12.2022%2001:21:35 HTTP/1.1" 200 6215
195.222.149.195 - - [01/Dec/2022:01:21:44 +0500] "GET /ords/api.HTP_ASPVK_DATA?nPVK_ID=0&vST_DT=30.11.2022%2023:13:18&vEND_DT=30.11.2022%2023:23:18 HTTP/1.1" 200 33322
46.146.210.91 - - [01/Dec/2022:01:21:45 +0500] "GET /ords/api.HTP_ASPVK_DATA?nPVK_ID=0&vST_DT=01.12.2022%2001:11:45&vEND_DT=01.12.2022%2001:21:45 HTTP/1.1" 200 6215
195.222.149.195 - - [01/Dec/2022:01:21:54 +0500] "GET /ords/api.HTP_ASPVK_DATA?nPVK_ID=0&vST_DT=30.11.2022%2023:13:28&vEND_DT=30.11.2022%2023:23:28 HTTP/1.1" 200 33322
46.146.210.91 - - [01/Dec/2022:01:21:56 +0500] "GET /ords/api.HTP_ASPVK_DATA?nPVK_ID=0&vST_DT=01.12.2022%2001:11:55&vEND_DT=01.12.2022%2001:21:55 HTTP/1.1" 200 6215
195.222.149.195 - - [01/Dec/2022:01:22:04 +0500] "GET /ords/api.HTP_ASPVK_DATA?nPVK_ID=0&vST_DT=30.11.2022%2023:13:38&vEND_DT=30.11.2022%2023:23:38 HTTP/1.1" 200 34837
