193.150.52.182 - - [21/Dec/2022:08:55:06 +0500] "GET /ords/f?p=101:210:0:&tz=5:00 HTTP/1.1" 503 12947
46.146.220.195 - - [21/Dec/2022:08:55:08 +0500] "GET /ords/f?p=101:210:0:&tz=5:00 HTTP/1.1" 503 12947
46.146.210.91 - - [21/Dec/2022:08:55:09 +0500] "GET /ords/api.HTP_ASPVK_DATA?nPVK_ID=0&vST_DT=21.12.2022%2008:45:05&vEND_DT=21.12.2022%2008:55:05 HTTP/1.1" 503 12947
31.162.58.3 - - [21/Dec/2022:08:55:13 +0500] "GET /ords/f?p=101:210:0:&tz=5:00 HTTP/1.1" 503 12947
46.146.220.195 - - [21/Dec/2022:08:55:14 +0500] "GET /ords/f?p=101:210:0:&tz=5:00 HTTP/1.1" 503 12947
195.222.149.195 - - [21/Dec/2022:08:55:19 +0500] "GET /ords/api.HTP_ASPVK_DATA?nPVK_ID=0&vST_DT=21.12.2022%2006:48:03&vEND_DT=21.12.2022%2006:58:03 HTTP/1.1" 503 12947
31.162.58.3 - - [21/Dec/2022:08:55:22 +0500] "GET /ords/f?p=101:210:0:&tz=5:00 HTTP/1.1" 503 12947
212.33.243.160 - - [21/Dec/2022:08:55:32 +0500] "GET /ords/f?p=137:38:11852643339608::NO::: HTTP/1.1" 503 12947
193.150.52.182 - - [21/Dec/2022:08:55:34 +0500] "GET /ords/f?p=101:210:0:&tz=5:00 HTTP/1.1" 503 12947
31.162.58.3 - - [21/Dec/2022:08:55:38 +0500] "GET /ords/f?p=101:210:0:&tz=5:00 HTTP/1.1" 503 12947
195.222.149.195 - - [21/Dec/2022:08:55:49 +0500] "GET /ords/api.HTP_ASPVK_DATA?nPVK_ID=0&vST_DT=21.12.2022%2006:48:34&vEND_DT=21.12.2022%2006:58:34 HTTP/1.1" 503 12947
46.146.210.91 - - [21/Dec/2022:08:55:52 +0500] "GET /ords/api.HTP_ASPVK_DATA?nPVK_ID=0&vST_DT=21.12.2022%2008:45:35&vEND_DT=21.12.2022%2008:55:35 HTTP/1.1" 503 12947
178.47.83.229 - - [21/Dec/2022:08:56:09 +0500] "GET / HTTP/1.1" 302 -
46.146.210.91 - - [21/Dec/2022:08:56:19 +0500] "GET /ords/api.HTP_ASPVK_DATA?nPVK_ID=0&vST_DT=21.12.2022%2008:46:15&vEND_DT=21.12.2022%2008:56:15 HTTP/1.1" 503 12947
195.222.149.195 - - [21/Dec/2022:08:56:48 +0500] "GET /ords/api.HTP_ASPVK_DATA?nPVK_ID=0&vST_DT=21.12.2022%2006:49:04&vEND_DT=21.12.2022%2006:59:04 HTTP/1.1" 503 12947
46.146.210.91 - - [21/Dec/2022:08:57:05 +0500] "GET /ords/api.HTP_ASPVK_DATA?nPVK_ID=0&vST_DT=21.12.2022%2008:46:45&vEND_DT=21.12.2022%2008:56:45 HTTP/1.1" 503 12947
178.47.83.229 - - [21/Dec/2022:08:57:13 +0500] "GET /ords/f?p=101:210 HTTP/1.1" 503 12947
195.222.149.195 - - [21/Dec/2022:08:57:20 +0500] "GET /ords/api.HTP_ASPVK_DATA?nPVK_ID=0&vST_DT=21.12.2022%2006:50:04&vEND_DT=21.12.2022%2007:00:04 HTTP/1.1" 503 12947
195.222.149.195 - - [21/Dec/2022:08:57:49 +0500] "GET /ords/api.HTP_ASPVK_DATA?nPVK_ID=0&vST_DT=21.12.2022%2006:50:34&vEND_DT=21.12.2022%2007:00:34 HTTP/1.1" 503 12947
194.226.162.30 - - [21/Dec/2022:08:57:57 +0500] "GET /ords/f?p=101:1:1968486122694::::: HTTP/1.1" 503 12947
46.146.210.91 - - [21/Dec/2022:08:58:00 +0500] "GET /ords/api.HTP_ASPVK_DATA?nPVK_ID=0&vST_DT=21.12.2022%2008:47:25&vEND_DT=21.12.2022%2008:57:25 HTTP/1.1" 503 12947
81.4.234.225 - - [21/Dec/2022:08:58:03 +0500] "GET /ords/f?p=101:1:7750147712440::::: HTTP/1.1" 503 12947
194.226.162.30 - - [21/Dec/2022:08:58:13 +0500] "GET /ords/f?p=101:1:1968486122694::::: HTTP/1.1" 503 12947
195.222.149.195 - - [21/Dec/2022:08:58:19 +0500] "GET /ords/api.HTP_ASPVK_DATA?nPVK_ID=0&vST_DT=21.12.2022%2006:51:04&vEND_DT=21.12.2022%2007:01:04 HTTP/1.1" 503 12947
37.79.12.161 - - [21/Dec/2022:08:58:25 +0500] "GET /ords/f?p=101:210:0:::::&tz=5:00 HTTP/1.1" 503 12947
194.226.162.30 - - [21/Dec/2022:08:58:29 +0500] "GET /ords/f?p=101:210 HTTP/1.1" 503 12947
212.33.243.160 - - [21/Dec/2022:08:58:29 +0500] "GET /ords/f?p=137:38:11852643339608::NO::: HTTP/1.1" 503 12947
46.146.210.91 - - [21/Dec/2022:08:58:32 +0500] "GET /ords/api.HTP_ASPVK_DATA?nPVK_ID=0&vST_DT=21.12.2022%2008:48:25&vEND_DT=21.12.2022%2008:58:25 HTTP/1.1" 503 12947
37.79.12.161 - - [21/Dec/2022:08:58:36 +0500] "GET /ords/f?p=101:210:0:::::&tz=5:00 HTTP/1.1" 503 12947
195.222.149.195 - - [21/Dec/2022:08:58:49 +0500] "GET /ords/api.HTP_ASPVK_DATA?nPVK_ID=0&vST_DT=21.12.2022%2006:51:34&vEND_DT=21.12.2022%2007:01:34 HTTP/1.1" 503 12947
194.226.162.30 - - [21/Dec/2022:08:58:49 +0500] "GET /ords/f?p=101:210 HTTP/1.1" 503 12947
193.150.52.182 - - [21/Dec/2022:08:58:52 +0500] "GET / HTTP/1.1" 302 -
194.226.162.30 - - [21/Dec/2022:08:58:55 +0500] "GET /ords/f?p=101:1:1968486122694::::: HTTP/1.1" 503 12947
46.146.210.91 - - [21/Dec/2022:08:58:59 +0500] "GET /ords/api.HTP_ASPVK_DATA?nPVK_ID=0&vST_DT=21.12.2022%2008:48:55&vEND_DT=21.12.2022%2008:58:55 HTTP/1.1" 503 12947
193.150.52.182 - - [21/Dec/2022:08:59:05 +0500] "GET /ords/f?p=101:210:0:&tz=5:00 HTTP/1.1" 503 12947
195.222.149.195 - - [21/Dec/2022:08:59:19 +0500] "GET /ords/api.HTP_ASPVK_DATA?nPVK_ID=0&vST_DT=21.12.2022%2006:52:04&vEND_DT=21.12.2022%2007:02:04 HTTP/1.1" 503 12947
193.150.52.182 - - [21/Dec/2022:08:59:20 +0500] "GET / HTTP/1.1" 302 -
193.150.52.182 - - [21/Dec/2022:08:59:23 +0500] "GET /ords/f?p=101:210 HTTP/1.1" 503 12947
46.146.210.91 - - [21/Dec/2022:08:59:29 +0500] "GET /ords/api.HTP_ASPVK_DATA?nPVK_ID=0&vST_DT=21.12.2022%2008:49:25&vEND_DT=21.12.2022%2008:59:25 HTTP/1.1" 503 12947
194.226.162.30 - - [21/Dec/2022:08:59:31 +0500] "GET /ords/f?p=101:1:1968486122694::::: HTTP/1.1" 503 12947
193.150.52.182 - - [21/Dec/2022:08:59:37 +0500] "GET /ords/f?p=101:210:0:&tz=5:00 HTTP/1.1" 503 12947
193.150.52.182 - - [21/Dec/2022:08:59:42 +0500] "GET /ords/f?p=101:210:0:&tz=5:00 HTTP/1.1" 503 12947
193.150.52.182 - - [21/Dec/2022:08:59:44 +0500] "GET /ords/f?p=101:210:0:&tz=5:00 HTTP/1.1" 503 12947
178.161.254.155 - - [21/Dec/2022:08:59:45 +0500] "GET /ords/f?p=147:1:13966122115868:::: HTTP/1.1" 503 12947
193.150.52.182 - - [21/Dec/2022:08:59:55 +0500] "GET /ords/f?p=101:210 HTTP/1.1" 503 12947
46.146.210.91 - - [21/Dec/2022:08:59:59 +0500] "GET /ords/api.HTP_ASPVK_DATA?nPVK_ID=0&vST_DT=21.12.2022%2008:49:55&vEND_DT=21.12.2022%2008:59:55 HTTP/1.1" 503 12947
195.222.149.195 - - [21/Dec/2022:09:00:02 +0500] "GET /ords/api.HTP_ASPVK_DATA?nPVK_ID=0&vST_DT=21.12.2022%2006:52:34&vEND_DT=21.12.2022%2007:02:34 HTTP/1.1" 503 12947
178.161.254.155 - - [21/Dec/2022:09:00:12 +0500] "GET /ords/f?p=147:1:13966122115868:::: HTTP/1.1" 503 12947
85.140.14.165 - - [21/Dec/2022:09:00:16 +0500] "GET /ords/f?p=137:38:17302817488820:::: HTTP/1.1" 503 12947
178.161.254.155 - - [21/Dec/2022:09:00:17 +0500] "GET / HTTP/1.1" 302 -
85.140.14.165 - - [21/Dec/2022:09:00:21 +0500] "GET /ords/f?p=137:38:17302817488820:::: HTTP/1.1" 503 12947
195.222.149.195 - - [21/Dec/2022:09:00:29 +0500] "GET /ords/api.HTP_ASPVK_DATA?nPVK_ID=0&vST_DT=21.12.2022%2006:53:14&vEND_DT=21.12.2022%2007:03:14 HTTP/1.1" 503 12947
46.146.210.91 - - [21/Dec/2022:09:00:29 +0500] "GET /ords/api.HTP_ASPVK_DATA?nPVK_ID=0&vST_DT=21.12.2022%2008:50:25&vEND_DT=21.12.2022%2009:00:25 HTTP/1.1" 503 12947
217.14.201.177 - - [21/Dec/2022:09:00:29 +0500] "GET /ords/f?p=101:210:0:::::&tz=4:00 HTTP/1.1" 503 12947
81.4.234.225 - - [21/Dec/2022:09:00:41 +0500] "GET /ords/f?p=101:1:7750147712440::::: HTTP/1.1" 503 12947
178.161.254.155 - - [21/Dec/2022:09:00:49 +0500] "GET /ords/f?p=101:210 HTTP/1.1" 503 12947
212.33.243.160 - - [21/Dec/2022:09:00:59 +0500] "GET /ords/f?p=137:38:11852643339608::NO::: HTTP/1.1" 503 12947
178.161.254.155 - - [21/Dec/2022:09:01:10 +0500] "GET /ords/f?p=101:210 HTTP/1.1" 503 12947
193.150.52.182 - - [21/Dec/2022:09:01:26 +0500] "GET /ords/f?p=101:210 HTTP/1.1" 503 12947
193.150.52.182 - - [21/Dec/2022:09:01:29 +0500] "GET / HTTP/1.1" 302 -
193.150.52.182 - - [21/Dec/2022:09:01:32 +0500] "GET /ords/f?p=101:210 HTTP/1.1" 503 12947
178.161.254.155 - - [21/Dec/2022:09:01:37 +0500] "GET /ords/f?p=101:210 HTTP/1.1" 503 12947
194.226.162.30 - - [21/Dec/2022:09:01:56 +0500] "GET /ords/f?p=101:210 HTTP/1.1" 503 12947
195.222.149.195 - - [21/Dec/2022:09:01:59 +0500] "GET /ords/api.HTP_ASPVK_DATA?nPVK_ID=0&vST_DT=21.12.2022%2006:53:44&vEND_DT=21.12.2022%2007:03:44 HTTP/1.1" 503 12947
194.226.162.30 - - [21/Dec/2022:09:02:02 +0500] "GET /ords/f?p=101:210 HTTP/1.1" 503 12947
46.146.210.91 - - [21/Dec/2022:09:02:03 +0500] "GET /ords/api.HTP_ASPVK_DATA?nPVK_ID=0&vST_DT=21.12.2022%2008:50:55&vEND_DT=21.12.2022%2009:00:55 HTTP/1.1" 503 12947
194.226.162.30 - - [21/Dec/2022:09:02:08 +0500] "GET /ords/f?p=101:210 HTTP/1.1" 503 12947
46.146.210.91 - - [21/Dec/2022:09:02:29 +0500] "GET /ords/api.HTP_ASPVK_DATA?nPVK_ID=0&vST_DT=21.12.2022%2008:52:25&vEND_DT=21.12.2022%2009:02:25 HTTP/1.1" 503 12947
195.222.149.195 - - [21/Dec/2022:09:02:29 +0500] "GET /ords/api.HTP_ASPVK_DATA?nPVK_ID=0&vST_DT=21.12.2022%2006:55:14&vEND_DT=21.12.2022%2007:05:14 HTTP/1.1" 503 12947
81.4.234.170 - - [21/Dec/2022:09:02:38 +0500] "GET / HTTP/1.1" 302 -
81.4.234.170 - - [21/Dec/2022:09:02:40 +0500] "GET / HTTP/1.1" 302 -
81.4.234.170 - - [21/Dec/2022:09:02:43 +0500] "GET /ords/f?p=101:210 HTTP/1.1" 503 12947
94.51.88.247 - - [21/Dec/2022:09:02:49 +0500] "GET / HTTP/1.1" 302 -
94.51.88.247 - - [21/Dec/2022:09:02:49 +0500] "GET / HTTP/1.1" 302 -
94.51.88.247 - - [21/Dec/2022:09:02:52 +0500] "GET /ords/f?p=101:210 HTTP/1.1" 503 12947
94.51.88.247 - - [21/Dec/2022:09:02:52 +0500] "GET /ords/f?p=101:210 HTTP/1.1" 503 12947
195.222.149.195 - - [21/Dec/2022:09:02:59 +0500] "GET /ords/api.HTP_ASPVK_DATA?nPVK_ID=0&vST_DT=21.12.2022%2006:55:44&vEND_DT=21.12.2022%2007:05:44 HTTP/1.1" 503 12947
46.146.210.91 - - [21/Dec/2022:09:02:59 +0500] "GET /ords/api.HTP_ASPVK_DATA?nPVK_ID=0&vST_DT=21.12.2022%2008:52:55&vEND_DT=21.12.2022%2009:02:55 HTTP/1.1" 503 12947
194.226.162.30 - - [21/Dec/2022:09:03:23 +0500] "GET /ords/f?p=101:210 HTTP/1.1" 503 12947
46.146.210.91 - - [21/Dec/2022:09:03:29 +0500] "GET /ords/api.HTP_ASPVK_DATA?nPVK_ID=0&vST_DT=21.12.2022%2008:53:25&vEND_DT=21.12.2022%2009:03:25 HTTP/1.1" 503 12947
195.222.149.195 - - [21/Dec/2022:09:03:30 +0500] "GET /ords/api.HTP_ASPVK_DATA?nPVK_ID=0&vST_DT=21.12.2022%2006:56:14&vEND_DT=21.12.2022%2007:06:14 HTTP/1.1" 503 12947
81.4.234.170 - - [21/Dec/2022:09:03:41 +0500] "GET /ords/f?p=101:210 HTTP/1.1" 503 12947
81.4.234.225 - - [21/Dec/2022:09:03:53 +0500] "GET /ords/f?p=101:1:7750147712440::::: HTTP/1.1" 503 12947
195.222.149.195 - - [21/Dec/2022:09:04:00 +0500] "GET /ords/api.HTP_ASPVK_DATA?nPVK_ID=0&vST_DT=21.12.2022%2006:56:44&vEND_DT=21.12.2022%2007:06:44 HTTP/1.1" 503 12947
46.146.210.91 - - [21/Dec/2022:09:04:28 +0500] "GET /ords/api.HTP_ASPVK_DATA?nPVK_ID=0&vST_DT=21.12.2022%2008:53:55&vEND_DT=21.12.2022%2009:03:55 HTTP/1.1" 503 12947
195.222.149.195 - - [21/Dec/2022:09:04:42 +0500] "GET /ords/api.HTP_ASPVK_DATA?nPVK_ID=0&vST_DT=21.12.2022%2006:57:14&vEND_DT=21.12.2022%2007:07:14 HTTP/1.1" 503 12947
212.33.243.160 - - [21/Dec/2022:09:04:49 +0500] "GET /ords/f?p=137:38:11852643339608::NO::: HTTP/1.1" 503 12947
46.146.210.91 - - [21/Dec/2022:09:05:00 +0500] "GET /ords/api.HTP_ASPVK_DATA?nPVK_ID=0&vST_DT=21.12.2022%2008:54:55&vEND_DT=21.12.2022%2009:04:55 HTTP/1.1" 503 12947
46.146.210.91 - - [21/Dec/2022:09:05:29 +0500] "GET /ords/api.HTP_ASPVK_DATA?nPVK_ID=0&vST_DT=21.12.2022%2008:55:25&vEND_DT=21.12.2022%2009:05:25 HTTP/1.1" 503 12947
178.161.254.155 - - [21/Dec/2022:09:05:36 +0500] "GET /ords/f?p=101:210 HTTP/1.1" 503 12947
195.222.149.195 - - [21/Dec/2022:09:05:39 +0500] "GET /ords/api.HTP_ASPVK_DATA?nPVK_ID=0&vST_DT=21.12.2022%2006:57:54&vEND_DT=21.12.2022%2007:07:54 HTTP/1.1" 503 12947
193.169.110.189 - - [21/Dec/2022:09:05:43 +0500] "GET / HTTP/1.1" 302 -
193.169.110.189 - - [21/Dec/2022:09:05:46 +0500] "GET /ords/f?p=101:210 HTTP/1.1" 503 12947
193.169.110.189 - - [21/Dec/2022:09:05:46 +0500] "GET / HTTP/1.1" 302 -
46.146.210.91 - - [21/Dec/2022:09:05:59 +0500] "GET /ords/api.HTP_ASPVK_DATA?nPVK_ID=0&vST_DT=21.12.2022%2008:55:55&vEND_DT=21.12.2022%2009:05:55 HTTP/1.1" 503 12947
193.150.52.182 - - [21/Dec/2022:09:06:05 +0500] "GET /ords/f?p=101:210 HTTP/1.1" 503 12947
193.150.52.182 - - [21/Dec/2022:09:06:09 +0500] "GET / HTTP/1.1" 302 -
195.222.149.195 - - [21/Dec/2022:09:06:09 +0500] "GET /ords/api.HTP_ASPVK_DATA?nPVK_ID=0&vST_DT=21.12.2022%2006:58:54&vEND_DT=21.12.2022%2007:08:54 HTTP/1.1" 503 12947
193.150.52.182 - - [21/Dec/2022:09:06:12 +0500] "GET /ords/f?p=101:210 HTTP/1.1" 503 12947
193.169.110.189 - - [21/Dec/2022:09:06:18 +0500] "GET /ords/f?p=101:210 HTTP/1.1" 503 12947
193.150.52.182 - - [21/Dec/2022:09:06:18 +0500] "GET / HTTP/1.1" 302 -
46.146.202.91 - - [21/Dec/2022:09:06:20 +0500] "GET /ords/f?p=101:210 HTTP/1.1" 503 12947
193.150.52.182 - - [21/Dec/2022:09:06:22 +0500] "GET /ords/f?p=101:210 HTTP/1.1" 503 12947
193.150.52.182 - - [21/Dec/2022:09:06:30 +0500] "GET /ords/f?p=101:210:0:&tz=3:00 HTTP/1.1" 503 12947
46.146.210.91 - - [21/Dec/2022:09:06:31 +0500] "GET /ords/api.HTP_ASPVK_DATA?nPVK_ID=0&vST_DT=21.12.2022%2008:56:25&vEND_DT=21.12.2022%2009:06:25 HTTP/1.1" 503 12947
195.222.149.195 - - [21/Dec/2022:09:06:41 +0500] "GET /ords/api.HTP_ASPVK_DATA?nPVK_ID=0&vST_DT=21.12.2022%2006:59:24&vEND_DT=21.12.2022%2007:09:24 HTTP/1.1" 503 12947
193.150.52.182 - - [21/Dec/2022:09:06:48 +0500] "GET /ords/f?p=101:210 HTTP/1.1" 503 12947
212.33.243.160 - - [21/Dec/2022:09:06:52 +0500] "GET /ords/f?p=137:38:11852643339608::NO::: HTTP/1.1" 503 12947
46.146.220.195 - - [21/Dec/2022:09:06:52 +0500] "GET /ords/f?p=101:210:0:&tz=5:00 HTTP/1.1" 503 12947
178.161.254.155 - - [21/Dec/2022:09:06:53 +0500] "GET / HTTP/1.1" 302 -
193.150.52.182 - - [21/Dec/2022:09:06:55 +0500] "GET /ords/f?p=101:210 HTTP/1.1" 503 12947
178.161.254.155 - - [21/Dec/2022:09:07:01 +0500] "GET /ords/f?p=101:210 HTTP/1.1" 503 12947
193.150.52.182 - - [21/Dec/2022:09:07:05 +0500] "GET /ords/f?p=101:210 HTTP/1.1" 503 12947
178.161.254.155 - - [21/Dec/2022:09:07:18 +0500] "GET / HTTP/1.1" 302 -
178.161.254.155 - - [21/Dec/2022:09:07:21 +0500] "GET /ords/f?p=101:210 HTTP/1.1" 503 12947
46.146.210.91 - - [21/Dec/2022:09:07:30 +0500] "GET /ords/api.HTP_ASPVK_DATA?nPVK_ID=0&vST_DT=21.12.2022%2008:56:55&vEND_DT=21.12.2022%2009:06:55 HTTP/1.1" 503 12947
195.222.149.195 - - [21/Dec/2022:09:07:38 +0500] "GET /ords/api.HTP_ASPVK_DATA?nPVK_ID=0&vST_DT=21.12.2022%2006:59:54&vEND_DT=21.12.2022%2007:09:54 HTTP/1.1" 503 12947
195.222.149.195 - - [21/Dec/2022:09:08:11 +0500] "GET /ords/api.HTP_ASPVK_DATA?nPVK_ID=0&vST_DT=21.12.2022%2007:00:54&vEND_DT=21.12.2022%2007:10:54 HTTP/1.1" 503 12947
194.226.162.30 - - [21/Dec/2022:09:08:15 +0500] "GET /ords/f?p=101:210 HTTP/1.1" 503 12947
193.150.52.182 - - [21/Dec/2022:09:08:26 +0500] "GET /ords/f?p=101:210 HTTP/1.1" 503 12947
46.146.210.91 - - [21/Dec/2022:09:08:30 +0500] "GET /ords/api.HTP_ASPVK_DATA?nPVK_ID=0&vST_DT=21.12.2022%2008:57:56&vEND_DT=21.12.2022%2009:07:56 HTTP/1.1" 503 12947
193.150.52.182 - - [21/Dec/2022:09:08:38 +0500] "GET / HTTP/1.1" 302 -
193.150.52.182 - - [21/Dec/2022:09:08:38 +0500] "GET / HTTP/1.1" 302 -
193.150.52.182 - - [21/Dec/2022:09:08:39 +0500] "GET / HTTP/1.1" 302 -
193.150.52.182 - - [21/Dec/2022:09:08:39 +0500] "GET / HTTP/1.1" 302 -
193.150.52.182 - - [21/Dec/2022:09:08:41 +0500] "GET /ords/f?p=101:210 HTTP/1.1" 503 12947
195.222.149.195 - - [21/Dec/2022:09:08:41 +0500] "GET /ords/api.HTP_ASPVK_DATA?nPVK_ID=0&vST_DT=21.12.2022%2007:01:24&vEND_DT=21.12.2022%2007:11:24 HTTP/1.1" 503 12947
193.150.52.182 - - [21/Dec/2022:09:08:41 +0500] "GET /ords/f?p=101:210 HTTP/1.1" 503 12947
193.150.52.182 - - [21/Dec/2022:09:08:45 +0500] "GET /ords/f?p=101:210 HTTP/1.1" 503 12947
193.150.52.182 - - [21/Dec/2022:09:08:59 +0500] "GET / HTTP/1.1" 302 -
46.146.210.91 - - [21/Dec/2022:09:09:01 +0500] "GET /ords/api.HTP_ASPVK_DATA?nPVK_ID=0&vST_DT=21.12.2022%2008:58:56&vEND_DT=21.12.2022%2009:08:56 HTTP/1.1" 503 12947
91.218.103.75 - - [21/Dec/2022:09:09:04 +0500] "GET / HTTP/1.1" 302 -
91.218.103.75 - - [21/Dec/2022:09:09:08 +0500] "GET /ords/f?p=101:210 HTTP/1.1" 503 12947
66.29.152.203 - - [21/Dec/2022:09:09:09 +0500] "GET / HTTP/1.1" 302 -
66.29.152.203 - - [21/Dec/2022:09:09:10 +0500] "GET / HTTP/1.1" 302 -
66.29.152.203 - - [21/Dec/2022:09:09:13 +0500] "GET /ords/f?p=101:210 HTTP/1.1" 503 12947
194.226.162.30 - - [21/Dec/2022:09:09:17 +0500] "GET /ords/f?p=101:210 HTTP/1.1" 503 12947
193.150.52.182 - - [21/Dec/2022:09:09:22 +0500] "GET /ords/f?p=101:210 HTTP/1.1" 503 12947
46.146.210.91 - - [21/Dec/2022:09:09:30 +0500] "GET /ords/api.HTP_ASPVK_DATA?nPVK_ID=0&vST_DT=21.12.2022%2008:59:26&vEND_DT=21.12.2022%2009:09:26 HTTP/1.1" 503 12947
81.4.255.137 - - [21/Dec/2022:09:09:33 +0500] "GET / HTTP/1.1" 302 -
81.4.255.137 - - [21/Dec/2022:09:09:36 +0500] "GET /ords/f?p=101:210 HTTP/1.1" 503 12947
193.150.52.182 - - [21/Dec/2022:09:09:45 +0500] "GET /ords/f?p=101:210 HTTP/1.1" 503 12947
81.4.255.137 - - [21/Dec/2022:09:09:47 +0500] "GET /ords/f?p=101:210 HTTP/1.1" 503 12947
85.140.11.23 - - [21/Dec/2022:09:10:04 +0500] "GET /ords/wwv_flow.show?p_instance=0&p_flow_id=2003&p_flow_step_id=1&p_arg_names=P1_REDIRECT_URL&p_arg_values=f?p=130:1:APP_SESSION::::P1_ZAYAVKA_UID,P1_HESH:104248,B3C4F7A469573F6B9C6F6E575BC7A6F22E6255A8986D942C51E27D9163CDA99BC8D0FA53DDE288B6937277F119108795308F4AD593F159B556397D6F6A00B50E HTTP/1.1" 503 12947
195.222.149.195 - - [21/Dec/2022:09:10:13 +0500] "GET /ords/api.HTP_ASPVK_DATA?nPVK_ID=0&vST_DT=21.12.2022%2007:01:54&vEND_DT=21.12.2022%2007:11:54 HTTP/1.1" 503 12947
46.146.210.91 - - [21/Dec/2022:09:10:14 +0500] "GET /ords/api.HTP_ASPVK_DATA?nPVK_ID=0&vST_DT=21.12.2022%2008:59:56&vEND_DT=21.12.2022%2009:09:56 HTTP/1.1" 503 12947
85.140.11.23 - - [21/Dec/2022:09:10:17 +0500] "GET /ords/wwv_flow.show?p_instance=0&p_flow_id=2003&p_flow_step_id=1&p_arg_names=P1_REDIRECT_URL&p_arg_values=f?p=130:1:APP_SESSION::::P1_ZAYAVKA_UID,P1_HESH:104248,B3C4F7A469573F6B9C6F6E575BC7A6F22E6255A8986D942C51E27D9163CDA99BC8D0FA53DDE288B6937277F119108795308F4AD593F159B556397D6F6A00B50E HTTP/1.1" 503 12947
85.140.11.23 - - [21/Dec/2022:09:10:18 +0500] "GET /favicon.ico HTTP/1.1" 200 21630
91.218.103.75 - - [21/Dec/2022:09:10:36 +0500] "GET / HTTP/1.1" 302 -
195.222.149.195 - - [21/Dec/2022:09:10:40 +0500] "GET /ords/api.HTP_ASPVK_DATA?nPVK_ID=0&vST_DT=21.12.2022%2007:03:24&vEND_DT=21.12.2022%2007:13:24 HTTP/1.1" 503 12947
194.226.162.30 - - [21/Dec/2022:09:10:50 +0500] "GET /ords/f?p=101:1:1968486122694::::: HTTP/1.1" 503 12947
46.146.210.91 - - [21/Dec/2022:09:11:08 +0500] "GET /ords/api.HTP_ASPVK_DATA?nPVK_ID=0&vST_DT=21.12.2022%2009:00:36&vEND_DT=21.12.2022%2009:10:36 HTTP/1.1" 503 12947
91.218.103.75 - - [21/Dec/2022:09:11:08 +0500] "GET /ords/f?p=101:210 HTTP/1.1" 503 12947
195.222.149.195 - - [21/Dec/2022:09:11:12 +0500] "GET /ords/api.HTP_ASPVK_DATA?nPVK_ID=0&vST_DT=21.12.2022%2007:03:54&vEND_DT=21.12.2022%2007:13:54 HTTP/1.1" 503 12947
178.46.184.35 - - [21/Dec/2022:09:11:14 +0500] "GET / HTTP/1.1" 302 -
178.46.184.35 - - [21/Dec/2022:09:11:18 +0500] "GET /ords/f?p=101:210 HTTP/1.1" 503 12947
66.29.152.203 - - [21/Dec/2022:09:11:27 +0500] "GET / HTTP/1.1" 302 -
66.29.152.203 - - [21/Dec/2022:09:11:28 +0500] "GET / HTTP/1.1" 302 -
66.29.152.203 - - [21/Dec/2022:09:11:32 +0500] "GET /ords/f?p=101:210 HTTP/1.1" 503 12947
195.222.149.195 - - [21/Dec/2022:09:12:08 +0500] "GET /ords/api.HTP_ASPVK_DATA?nPVK_ID=0&vST_DT=21.12.2022%2007:04:24&vEND_DT=21.12.2022%2007:14:24 HTTP/1.1" 503 12947
46.146.210.91 - - [21/Dec/2022:09:12:08 +0500] "GET /ords/api.HTP_ASPVK_DATA?nPVK_ID=0&vST_DT=21.12.2022%2009:01:36&vEND_DT=21.12.2022%2009:11:36 HTTP/1.1" 503 12947
81.4.255.137 - - [21/Dec/2022:09:12:23 +0500] "GET / HTTP/1.1" 302 -
178.161.254.155 - - [21/Dec/2022:09:12:32 +0500] "GET / HTTP/1.1" 302 -
85.140.14.165 - - [21/Dec/2022:09:12:35 +0500] "GET /ords/f?p=137:38:17302817488820:::: HTTP/1.1" 503 12947
178.161.254.155 - - [21/Dec/2022:09:12:39 +0500] "GET /ords/f?p=101:210 HTTP/1.1" 503 12947
195.222.149.195 - - [21/Dec/2022:09:12:40 +0500] "GET /ords/api.HTP_ASPVK_DATA?nPVK_ID=0&vST_DT=21.12.2022%2007:05:25&vEND_DT=21.12.2022%2007:15:25 HTTP/1.1" 503 12947
85.140.14.165 - - [21/Dec/2022:09:12:41 +0500] "GET /ords/f?p=137:38:17302817488820:::: HTTP/1.1" 503 12947
81.4.234.170 - - [21/Dec/2022:09:12:55 +0500] "GET / HTTP/1.1" 302 -
81.4.234.170 - - [21/Dec/2022:09:12:58 +0500] "GET /ords/f?p=101:210 HTTP/1.1" 503 12947
91.218.103.75 - - [21/Dec/2022:09:13:00 +0500] "GET / HTTP/1.1" 302 -
91.218.103.75 - - [21/Dec/2022:09:13:03 +0500] "GET /ords/f?p=101:210 HTTP/1.1" 503 12947
195.222.149.195 - - [21/Dec/2022:09:13:10 +0500] "GET /ords/api.HTP_ASPVK_DATA?nPVK_ID=0&vST_DT=21.12.2022%2007:05:55&vEND_DT=21.12.2022%2007:15:55 HTTP/1.1" 503 12947
46.146.210.91 - - [21/Dec/2022:09:13:20 +0500] "GET /ords/api.HTP_ASPVK_DATA?nPVK_ID=0&vST_DT=20.12.2022%2009:13:17&vEND_DT=21.12.2022%2009:13:17 HTTP/1.1" 503 12947
87.250.224.41 - - [21/Dec/2022:09:13:21 +0500] "GET /ords/f?p=101:210 HTTP/1.1" 503 12947
5.255.253.119 - - [21/Dec/2022:09:13:26 +0500] "GET /ords/f?p=101:210 HTTP/1.1" 503 12947
81.4.255.137 - - [21/Dec/2022:09:13:26 +0500] "GET /ords/f?p=101:210 HTTP/1.1" 503 12947
81.4.255.137 - - [21/Dec/2022:09:13:27 +0500] "GET /favicon.ico HTTP/1.1" 200 21630
87.250.224.124 - - [21/Dec/2022:09:13:32 +0500] "GET /ords/f?p=101:210 HTTP/1.1" 503 12947
195.222.149.195 - - [21/Dec/2022:09:13:42 +0500] "GET /ords/api.HTP_ASPVK_DATA?nPVK_ID=0&vST_DT=21.12.2022%2007:06:25&vEND_DT=21.12.2022%2007:16:25 HTTP/1.1" 503 12947
46.146.210.91 - - [21/Dec/2022:09:13:43 +0500] "GET /ords/api.HTP_ASPVK_DATA?nPVK_ID=0&vST_DT=21.12.2022%2009:02:36&vEND_DT=21.12.2022%2009:12:36 HTTP/1.1" 503 12947
81.4.234.170 - - [21/Dec/2022:09:13:57 +0500] "GET / HTTP/1.1" 302 -
195.222.149.195 - - [21/Dec/2022:09:14:10 +0500] "GET /ords/api.HTP_ASPVK_DATA?nPVK_ID=0&vST_DT=21.12.2022%2007:06:55&vEND_DT=21.12.2022%2007:16:55 HTTP/1.1" 503 12947
46.146.220.195 - - [21/Dec/2022:09:14:29 +0500] "GET /ords/f?p=101:210:0:&tz=5:00 HTTP/1.1" 503 12947
81.4.234.170 - - [21/Dec/2022:09:14:31 +0500] "GET /ords/f?p=101:210 HTTP/1.1" 503 12947
66.29.152.203 - - [21/Dec/2022:09:14:33 +0500] "GET / HTTP/1.1" 302 -
66.29.152.203 - - [21/Dec/2022:09:14:34 +0500] "GET / HTTP/1.1" 302 -
46.146.210.91 - - [21/Dec/2022:09:14:38 +0500] "GET /ords/api.HTP_ASPVK_DATA?nPVK_ID=0&vST_DT=21.12.2022%2009:04:06&vEND_DT=21.12.2022%2009:14:06 HTTP/1.1" 503 12947
66.29.152.203 - - [21/Dec/2022:09:14:38 +0500] "GET /ords/f?p=101:210 HTTP/1.1" 503 12947
195.222.149.195 - - [21/Dec/2022:09:14:41 +0500] "GET /ords/api.HTP_ASPVK_DATA?nPVK_ID=0&vST_DT=21.12.2022%2007:07:25&vEND_DT=21.12.2022%2007:17:25 HTTP/1.1" 503 12947
46.146.210.91 - - [21/Dec/2022:09:15:10 +0500] "GET /ords/api.HTP_ASPVK_DATA?nPVK_ID=0&vST_DT=21.12.2022%2009:05:06&vEND_DT=21.12.2022%2009:15:06 HTTP/1.1" 503 12947
195.222.149.195 - - [21/Dec/2022:09:15:13 +0500] "GET /ords/api.HTP_ASPVK_DATA?nPVK_ID=0&vST_DT=21.12.2022%2007:07:55&vEND_DT=21.12.2022%2007:17:55 HTTP/1.1" 503 12947
46.146.210.91 - - [21/Dec/2022:09:15:24 +0500] "GET /ords/api.HTP_ASPVK_DATA?nPVK_ID=0&vST_DT=20.12.2022%2009:13:17&vEND_DT=21.12.2022%2009:13:17 HTTP/1.1" 503 12947
178.161.254.155 - - [21/Dec/2022:09:15:37 +0500] "GET / HTTP/1.1" 302 -
195.222.149.195 - - [21/Dec/2022:09:15:40 +0500] "GET /ords/api.HTP_ASPVK_DATA?nPVK_ID=0&vST_DT=21.12.2022%2007:08:25&vEND_DT=21.12.2022%2007:18:25 HTTP/1.1" 503 12947
178.161.254.155 - - [21/Dec/2022:09:15:40 +0500] "GET /ords/f?p=101:210 HTTP/1.1" 503 12947
46.146.210.91 - - [21/Dec/2022:09:15:40 +0500] "GET /ords/api.HTP_ASPVK_DATA?nPVK_ID=0&vST_DT=21.12.2022%2009:05:36&vEND_DT=21.12.2022%2009:15:36 HTTP/1.1" 503 12947
178.47.83.229 - - [21/Dec/2022:09:15:45 +0500] "GET / HTTP/1.1" 302 -
178.47.83.229 - - [21/Dec/2022:09:15:48 +0500] "GET /ords/f?p=101:210 HTTP/1.1" 503 12947
178.47.83.229 - - [21/Dec/2022:09:15:51 +0500] "GET / HTTP/1.1" 302 -
178.47.83.229 - - [21/Dec/2022:09:15:54 +0500] "GET /ords/f?p=101:210 HTTP/1.1" 503 12947
178.161.254.155 - - [21/Dec/2022:09:16:05 +0500] "GET / HTTP/1.1" 302 -
178.161.254.155 - - [21/Dec/2022:09:16:08 +0500] "GET /ords/f?p=101:210 HTTP/1.1" 503 12947
46.146.210.91 - - [21/Dec/2022:09:16:10 +0500] "GET /ords/api.HTP_ASPVK_DATA?nPVK_ID=0&vST_DT=21.12.2022%2009:06:06&vEND_DT=21.12.2022%2009:16:06 HTTP/1.1" 503 12947
195.222.149.195 - - [21/Dec/2022:09:16:10 +0500] "GET /ords/api.HTP_ASPVK_DATA?nPVK_ID=0&vST_DT=21.12.2022%2007:08:55&vEND_DT=21.12.2022%2007:18:55 HTTP/1.1" 503 12947
194.226.162.30 - - [21/Dec/2022:09:16:14 +0500] "GET /ords/f?p=101:1:1968486122694::::: HTTP/1.1" 503 12947
85.140.14.165 - - [21/Dec/2022:09:16:15 +0500] "GET /ords/f?p=137:38:17302817488820:::: HTTP/1.1" 503 12947
193.150.52.182 - - [21/Dec/2022:09:16:16 +0500] "GET /ords/f?p=101:210 HTTP/1.1" 503 12947
193.150.52.182 - - [21/Dec/2022:09:16:17 +0500] "GET /ords/f?p=101:210 HTTP/1.1" 503 12947
193.150.52.182 - - [21/Dec/2022:09:16:20 +0500] "GET /ords/f?p=101:210 HTTP/1.1" 503 12947
193.150.52.182 - - [21/Dec/2022:09:16:22 +0500] "GET /ords/f?p=101:210 HTTP/1.1" 503 12947
194.226.162.30 - - [21/Dec/2022:09:16:24 +0500] "GET /ords/f?p=101:210 HTTP/1.1" 503 12947
85.140.14.165 - - [21/Dec/2022:09:16:28 +0500] "GET /ords/f?p=137:38:17302817488820:::: HTTP/1.1" 503 12947
178.161.254.155 - - [21/Dec/2022:09:16:35 +0500] "GET / HTTP/1.1" 302 -
194.226.162.30 - - [21/Dec/2022:09:16:39 +0500] "GET /ords/f?p=101:1:1968486122694::::: HTTP/1.1" 503 12947
178.161.254.155 - - [21/Dec/2022:09:16:39 +0500] "GET /ords/f?p=101:210 HTTP/1.1" 503 12947
195.222.149.195 - - [21/Dec/2022:09:16:40 +0500] "GET /ords/api.HTP_ASPVK_DATA?nPVK_ID=0&vST_DT=21.12.2022%2007:09:25&vEND_DT=21.12.2022%2007:19:25 HTTP/1.1" 503 12947
46.146.210.91 - - [21/Dec/2022:09:16:43 +0500] "GET /ords/api.HTP_ASPVK_DATA?nPVK_ID=0&vST_DT=21.12.2022%2009:06:36&vEND_DT=21.12.2022%2009:16:36 HTTP/1.1" 503 12947
85.140.14.165 - - [21/Dec/2022:09:16:52 +0500] "GET /ords/f?p=137:38:17302817488820:::: HTTP/1.1" 503 12947
84.54.52.132 - - [21/Dec/2022:09:16:57 +0500] "GET /ords/f?p=101:1:5010023892604:::::&tz=3:00 HTTP/1.1" 503 12947
195.222.149.195 - - [21/Dec/2022:09:17:10 +0500] "GET /ords/api.HTP_ASPVK_DATA?nPVK_ID=0&vST_DT=21.12.2022%2007:09:55&vEND_DT=21.12.2022%2007:19:55 HTTP/1.1" 503 12947
46.146.210.91 - - [21/Dec/2022:09:17:10 +0500] "GET /ords/api.HTP_ASPVK_DATA?nPVK_ID=0&vST_DT=21.12.2022%2009:07:06&vEND_DT=21.12.2022%2009:17:06 HTTP/1.1" 503 12947
195.222.149.195 - - [21/Dec/2022:09:17:40 +0500] "GET /ords/api.HTP_ASPVK_DATA?nPVK_ID=0&vST_DT=21.12.2022%2007:10:25&vEND_DT=21.12.2022%2007:20:25 HTTP/1.1" 503 12947
85.140.14.165 - - [21/Dec/2022:09:17:58 +0500] "GET /ords/f?p=137:38:17302817488820:::: HTTP/1.1" 503 12947
194.226.162.30 - - [21/Dec/2022:09:18:06 +0500] "GET /ords/f?p=101:210 HTTP/1.1" 503 12947
85.140.14.165 - - [21/Dec/2022:09:18:07 +0500] "GET /ords/f?p=137:38:17302817488820:::: HTTP/1.1" 503 12947
85.140.14.165 - - [21/Dec/2022:09:18:13 +0500] "GET /ords/f?p=137:38:17302817488820:::: HTTP/1.1" 503 12947
194.226.162.30 - - [21/Dec/2022:09:18:15 +0500] "GET /ords/f?p=101:210 HTTP/1.1" 503 12947
85.140.14.165 - - [21/Dec/2022:09:18:19 +0500] "GET /ords/f?p=137:38:17302817488820:::: HTTP/1.1" 503 12947
5.140.77.159 - - [21/Dec/2022:09:18:19 +0500] "GET /ords/f?p=101:210:0:::::&tz=5:00 HTTP/1.1" 503 12947
85.140.14.165 - - [21/Dec/2022:09:18:23 +0500] "GET /ords/f?p=137:38:17302817488820:::: HTTP/1.1" 503 12947
46.146.210.91 - - [21/Dec/2022:09:18:40 +0500] "GET /ords/api.HTP_ASPVK_DATA?nPVK_ID=0&vST_DT=21.12.2022%2009:07:36&vEND_DT=21.12.2022%2009:17:36 HTTP/1.1" 503 12947
178.161.254.155 - - [21/Dec/2022:09:18:55 +0500] "GET / HTTP/1.1" 302 -
46.146.210.91 - - [21/Dec/2022:09:19:10 +0500] "GET /ords/api.HTP_ASPVK_DATA?nPVK_ID=0&vST_DT=21.12.2022%2009:09:06&vEND_DT=21.12.2022%2009:19:06 HTTP/1.1" 503 12947
195.222.149.195 - - [21/Dec/2022:09:19:10 +0500] "GET /ords/api.HTP_ASPVK_DATA?nPVK_ID=0&vST_DT=21.12.2022%2007:10:55&vEND_DT=21.12.2022%2007:20:55 HTTP/1.1" 503 12947
178.161.254.155 - - [21/Dec/2022:09:19:11 +0500] "GET /ords/f?p=101:210 HTTP/1.1" 503 12947
195.222.149.195 - - [21/Dec/2022:09:19:40 +0500] "GET /ords/api.HTP_ASPVK_DATA?nPVK_ID=0&vST_DT=21.12.2022%2007:12:25&vEND_DT=21.12.2022%2007:22:25 HTTP/1.1" 503 12947
46.146.210.91 - - [21/Dec/2022:09:19:46 +0500] "GET /ords/api.HTP_ASPVK_DATA?nPVK_ID=0&vST_DT=21.12.2022%2009:09:36&vEND_DT=21.12.2022%2009:19:36 HTTP/1.1" 503 12947
81.4.255.137 - - [21/Dec/2022:09:19:46 +0500] "GET / HTTP/1.1" 302 -
81.4.255.137 - - [21/Dec/2022:09:19:51 +0500] "GET /ords/f?p=101:210 HTTP/1.1" 503 12947
46.146.210.91 - - [21/Dec/2022:09:20:10 +0500] "GET /ords/api.HTP_ASPVK_DATA?nPVK_ID=0&vST_DT=21.12.2022%2009:10:06&vEND_DT=21.12.2022%2009:20:06 HTTP/1.1" 503 12947
195.222.149.195 - - [21/Dec/2022:09:20:13 +0500] "GET /ords/api.HTP_ASPVK_DATA?nPVK_ID=0&vST_DT=21.12.2022%2007:12:55&vEND_DT=21.12.2022%2007:22:55 HTTP/1.1" 503 12947
194.226.162.30 - - [21/Dec/2022:09:20:24 +0500] "GET /ords/f?p=101:210 HTTP/1.1" 503 12947
194.226.162.30 - - [21/Dec/2022:09:20:31 +0500] "GET /ords/f?p=101:210 HTTP/1.1" 503 12947
195.222.149.195 - - [21/Dec/2022:09:20:40 +0500] "GET /ords/api.HTP_ASPVK_DATA?nPVK_ID=0&vST_DT=21.12.2022%2007:13:25&vEND_DT=21.12.2022%2007:23:25 HTTP/1.1" 503 12947
46.146.210.91 - - [21/Dec/2022:09:20:41 +0500] "GET /ords/api.HTP_ASPVK_DATA?nPVK_ID=0&vST_DT=21.12.2022%2009:10:36&vEND_DT=21.12.2022%2009:20:36 HTTP/1.1" 503 12947
194.226.162.30 - - [21/Dec/2022:09:20:45 +0500] "GET /ords/f?p=101:1:1968486122694::::: HTTP/1.1" 503 12947
91.218.103.75 - - [21/Dec/2022:09:20:46 +0500] "GET / HTTP/1.1" 302 -
194.226.162.30 - - [21/Dec/2022:09:20:48 +0500] "GET /ords/f?p=101:1:6002046056955:::::&tz=5:00 HTTP/1.1" 503 12947
195.222.149.195 - - [21/Dec/2022:09:21:10 +0500] "GET /ords/api.HTP_ASPVK_DATA?nPVK_ID=0&vST_DT=21.12.2022%2007:13:55&vEND_DT=21.12.2022%2007:23:55 HTTP/1.1" 503 12947
195.222.149.195 - - [21/Dec/2022:09:21:40 +0500] "GET /ords/api.HTP_ASPVK_DATA?nPVK_ID=0&vST_DT=21.12.2022%2007:14:25&vEND_DT=21.12.2022%2007:24:25 HTTP/1.1" 503 12947
178.161.254.155 - - [21/Dec/2022:09:21:46 +0500] "GET / HTTP/1.1" 302 -
91.218.103.75 - - [21/Dec/2022:09:21:49 +0500] "GET /ords/f?p=101:210 HTTP/1.1" 503 12947
46.146.210.91 - - [21/Dec/2022:09:22:10 +0500] "GET /ords/api.HTP_ASPVK_DATA?nPVK_ID=0&vST_DT=21.12.2022%2009:11:06&vEND_DT=21.12.2022%2009:21:06 HTTP/1.1" 503 12947
46.146.210.91 - - [21/Dec/2022:09:22:40 +0500] "GET /ords/api.HTP_ASPVK_DATA?nPVK_ID=0&vST_DT=21.12.2022%2009:12:36&vEND_DT=21.12.2022%2009:22:36 HTTP/1.1" 503 12947
195.222.149.195 - - [21/Dec/2022:09:22:42 +0500] "GET /ords/api.HTP_ASPVK_DATA?nPVK_ID=0&vST_DT=21.12.2022%2007:14:55&vEND_DT=21.12.2022%2007:24:55 HTTP/1.1" 503 12947
178.161.254.155 - - [21/Dec/2022:09:22:52 +0500] "GET /ords/f?p=101:210 HTTP/1.1" 503 12947
195.222.149.195 - - [21/Dec/2022:09:23:10 +0500] "GET /ords/api.HTP_ASPVK_DATA?nPVK_ID=0&vST_DT=21.12.2022%2007:15:55&vEND_DT=21.12.2022%2007:25:55 HTTP/1.1" 503 12947
195.222.149.195 - - [21/Dec/2022:09:23:40 +0500] "GET /ords/api.HTP_ASPVK_DATA?nPVK_ID=0&vST_DT=21.12.2022%2007:16:25&vEND_DT=21.12.2022%2007:26:25 HTTP/1.1" 503 12947
194.226.162.30 - - [21/Dec/2022:09:23:52 +0500] "GET /ords/f?p=101:210 HTTP/1.1" 503 12947
195.222.149.195 - - [21/Dec/2022:09:24:01 +0500] "GET /ords/api.HTP_ASPVK_DATA?nPVK_ID=0&vST_DT=20.12.2022%2007:26:46&vEND_DT=21.12.2022%2007:26:46 HTTP/1.1" 503 12947
178.161.254.155 - - [21/Dec/2022:09:24:09 +0500] "GET /ords/f?p=101:210 HTTP/1.1" 503 12947
46.146.210.91 - - [21/Dec/2022:09:24:11 +0500] "GET /ords/api.HTP_ASPVK_DATA?nPVK_ID=0&vST_DT=21.12.2022%2009:13:06&vEND_DT=21.12.2022%2009:23:06 HTTP/1.1" 503 12947
195.222.149.195 - - [21/Dec/2022:09:24:13 +0500] "GET /ords/api.HTP_ASPVK_DATA?nPVK_ID=0&vST_DT=21.12.2022%2007:16:55&vEND_DT=21.12.2022%2007:26:55 HTTP/1.1" 503 12947
46.146.210.91 - - [21/Dec/2022:09:24:40 +0500] "GET /ords/api.HTP_ASPVK_DATA?nPVK_ID=0&vST_DT=21.12.2022%2009:14:36&vEND_DT=21.12.2022%2009:24:36 HTTP/1.1" 503 12947
194.226.162.30 - - [21/Dec/2022:09:24:50 +0500] "GET /ords/f?p=101:210 HTTP/1.1" 503 12947
195.222.149.195 - - [21/Dec/2022:09:24:53 +0500] "GET /ords/api.HTP_ASPVK_DATA?nPVK_ID=0&vST_DT=21.12.2022%2007:17:25&vEND_DT=21.12.2022%2007:27:25 HTTP/1.1" 503 12947
212.33.243.160 - - [21/Dec/2022:09:24:53 +0500] "GET /ords/f?p=137:38:11852643339608::NO::: HTTP/1.1" 503 12947
212.33.243.160 - - [21/Dec/2022:09:25:01 +0500] "GET / HTTP/1.1" 302 -
212.33.243.160 - - [21/Dec/2022:09:25:07 +0500] "GET /ords/f?p=101:210 HTTP/1.1" 503 12947
194.226.162.30 - - [21/Dec/2022:09:25:11 +0500] "GET /ords/f?p=101:1:6002046056955:::::&tz=5:00 HTTP/1.1" 503 12947
212.33.243.160 - - [21/Dec/2022:09:25:13 +0500] "GET /ords/f?p=101:210 HTTP/1.1" 503 12947
46.146.210.91 - - [21/Dec/2022:09:25:13 +0500] "GET /ords/api.HTP_ASPVK_DATA?nPVK_ID=0&vST_DT=21.12.2022%2009:15:06&vEND_DT=21.12.2022%2009:25:06 HTTP/1.1" 503 12947
81.4.234.225 - - [21/Dec/2022:09:25:20 +0500] "GET /ords/f?p=101:1:7750147712440::::: HTTP/1.1" 503 12947
195.222.149.195 - - [21/Dec/2022:09:25:34 +0500] "GET /ords/api.HTP_ASPVK_DATA?nPVK_ID=0&vST_DT=21.12.2022%2007:18:05&vEND_DT=21.12.2022%2007:28:05 HTTP/1.1" 503 12947
5.140.77.159 - - [21/Dec/2022:09:25:37 +0500] "GET /ords/f?p=101:210:0:::::&tz=5:00 HTTP/1.1" 503 12947
46.146.210.91 - - [21/Dec/2022:09:25:41 +0500] "GET /ords/api.HTP_ASPVK_DATA?nPVK_ID=0&vST_DT=21.12.2022%2009:15:36&vEND_DT=21.12.2022%2009:25:36 HTTP/1.1" 503 12947
46.146.220.195 - - [21/Dec/2022:09:25:52 +0500] "GET /ords/f?p=101:210:0:&tz=5:00 HTTP/1.1" 503 12947
194.226.162.30 - - [21/Dec/2022:09:26:29 +0500] "GET /ords/f?p=101:1:6002046056955:::::&tz=5:00 HTTP/1.1" 503 12947
194.226.162.30 - - [21/Dec/2022:09:26:54 +0500] "GET /ords/f?p=101:210 HTTP/1.1" 503 12947
194.226.162.30 - - [21/Dec/2022:09:27:02 +0500] "GET /ords/f?p=101:210 HTTP/1.1" 503 12947
195.222.149.195 - - [21/Dec/2022:09:27:03 +0500] "GET /ords/api.HTP_ASPVK_DATA?nPVK_ID=0&vST_DT=21.12.2022%2007:18:45&vEND_DT=21.12.2022%2007:28:45 HTTP/1.1" 503 12947
46.146.210.91 - - [21/Dec/2022:09:27:10 +0500] "GET /ords/api.HTP_ASPVK_DATA?nPVK_ID=0&vST_DT=21.12.2022%2009:16:06&vEND_DT=21.12.2022%2009:26:06 HTTP/1.1" 503 12947
194.226.162.30 - - [21/Dec/2022:09:27:20 +0500] "GET /ords/f?p=101:210 HTTP/1.1" 503 12947
195.222.149.195 - - [21/Dec/2022:09:27:31 +0500] "GET /ords/api.HTP_ASPVK_DATA?nPVK_ID=0&vST_DT=21.12.2022%2007:20:15&vEND_DT=21.12.2022%2007:30:15 HTTP/1.1" 503 12947
81.4.234.170 - - [21/Dec/2022:09:27:40 +0500] "GET / HTTP/1.1" 302 -
46.146.210.91 - - [21/Dec/2022:09:27:41 +0500] "GET /ords/api.HTP_ASPVK_DATA?nPVK_ID=0&vST_DT=21.12.2022%2009:17:36&vEND_DT=21.12.2022%2009:27:36 HTTP/1.1" 503 12947
81.4.234.170 - - [21/Dec/2022:09:27:44 +0500] "GET /ords/f?p=101:210 HTTP/1.1" 503 12947
195.222.149.195 - - [21/Dec/2022:09:28:01 +0500] "GET /ords/api.HTP_ASPVK_DATA?nPVK_ID=0&vST_DT=21.12.2022%2007:20:46&vEND_DT=21.12.2022%2007:30:46 HTTP/1.1" 503 12947
46.146.210.91 - - [21/Dec/2022:09:28:10 +0500] "GET /ords/api.HTP_ASPVK_DATA?nPVK_ID=0&vST_DT=21.12.2022%2009:18:06&vEND_DT=21.12.2022%2009:28:06 HTTP/1.1" 503 12947
194.226.162.30 - - [21/Dec/2022:09:28:21 +0500] "GET /ords/f?p=101:1:1968486122694::::: HTTP/1.1" 503 12947
195.222.149.195 - - [21/Dec/2022:09:28:31 +0500] "GET /ords/api.HTP_ASPVK_DATA?nPVK_ID=0&vST_DT=21.12.2022%2007:21:16&vEND_DT=21.12.2022%2007:31:16 HTTP/1.1" 503 12947
178.161.151.132 - - [21/Dec/2022:09:28:40 +0500] "GET /ords/f?p=101:210:0:::::&tz=5:00 HTTP/1.1" 503 12947
46.146.210.91 - - [21/Dec/2022:09:28:42 +0500] "GET /ords/api.HTP_ASPVK_DATA?nPVK_ID=0&vST_DT=21.12.2022%2009:18:36&vEND_DT=21.12.2022%2009:28:36 HTTP/1.1" 503 12947
178.161.254.155 - - [21/Dec/2022:09:28:45 +0500] "GET / HTTP/1.1" 302 -
178.161.254.155 - - [21/Dec/2022:09:28:49 +0500] "GET /ords/f?p=101:210 HTTP/1.1" 503 12947
194.226.162.30 - - [21/Dec/2022:09:28:58 +0500] "GET /ords/f?p=101:1:6002046056955:::::&tz=5:00 HTTP/1.1" 503 12947
46.146.210.91 - - [21/Dec/2022:09:29:10 +0500] "GET /ords/api.HTP_ASPVK_DATA?nPVK_ID=0&vST_DT=21.12.2022%2009:19:06&vEND_DT=21.12.2022%2009:29:06 HTTP/1.1" 503 12947
195.222.149.195 - - [21/Dec/2022:09:29:17 +0500] "GET /ords/api.HTP_ASPVK_DATA?nPVK_ID=0&vST_DT=21.12.2022%2007:21:46&vEND_DT=21.12.2022%2007:31:46 HTTP/1.1" 503 12947
195.222.149.195 - - [21/Dec/2022:09:29:41 +0500] "GET /ords/api.HTP_ASPVK_DATA?nPVK_ID=0&vST_DT=21.12.2022%2007:22:26&vEND_DT=21.12.2022%2007:32:26 HTTP/1.1" 503 12947
178.161.151.132 - - [21/Dec/2022:09:29:46 +0500] "GET /ords/f?p=101:210:0:::::&tz=5:00 HTTP/1.1" 503 12947
195.222.149.195 - - [21/Dec/2022:09:30:11 +0500] "GET /ords/api.HTP_ASPVK_DATA?nPVK_ID=0&vST_DT=21.12.2022%2007:22:56&vEND_DT=21.12.2022%2007:32:56 HTTP/1.1" 503 12947
181.214.206.186 - - [21/Dec/2022:09:30:30 +0500] "HEAD / HTTP/1.1" 302 -
46.146.210.91 - - [21/Dec/2022:09:30:40 +0500] "GET /ords/api.HTP_ASPVK_DATA?nPVK_ID=0&vST_DT=21.12.2022%2009:19:36&vEND_DT=21.12.2022%2009:29:36 HTTP/1.1" 503 12947
178.161.254.155 - - [21/Dec/2022:09:30:40 +0500] "GET / HTTP/1.1" 302 -
195.222.149.195 - - [21/Dec/2022:09:30:41 +0500] "GET /ords/api.HTP_ASPVK_DATA?nPVK_ID=0&vST_DT=21.12.2022%2007:23:26&vEND_DT=21.12.2022%2007:33:26 HTTP/1.1" 503 12947
212.33.243.160 - - [21/Dec/2022:09:30:43 +0500] "GET /ords/f?p=101:210 HTTP/1.1" 503 12947
194.226.162.30 - - [21/Dec/2022:09:30:43 +0500] "GET /ords/f?p=101:1:11815898345856:::::&tz=5:00 HTTP/1.1" 503 12947
46.146.222.133 - - [21/Dec/2022:09:31:04 +0500] "GET /ords/f?p=101:210 HTTP/1.1" 503 12947
195.222.149.195 - - [21/Dec/2022:09:31:12 +0500] "GET /ords/api.HTP_ASPVK_DATA?nPVK_ID=0&vST_DT=21.12.2022%2007:23:56&vEND_DT=21.12.2022%2007:33:56 HTTP/1.1" 503 12947
178.47.137.93 - - [21/Dec/2022:09:31:21 +0500] "GET /ords/f?p=101:210:0:::::&tz=5:00 HTTP/1.1" 503 12947
46.146.210.91 - - [21/Dec/2022:09:31:40 +0500] "GET /ords/api.HTP_ASPVK_DATA?nPVK_ID=0&vST_DT=21.12.2022%2009:21:06&vEND_DT=21.12.2022%2009:31:06 HTTP/1.1" 503 12947
81.4.234.170 - - [21/Dec/2022:09:31:42 +0500] "GET / HTTP/1.1" 302 -
178.161.254.155 - - [21/Dec/2022:09:31:43 +0500] "GET /ords/f?p=101:210 HTTP/1.1" 503 12947
195.222.149.195 - - [21/Dec/2022:09:31:44 +0500] "GET /ords/api.HTP_ASPVK_DATA?nPVK_ID=0&vST_DT=21.12.2022%2007:24:26&vEND_DT=21.12.2022%2007:34:26 HTTP/1.1" 503 12947
81.4.234.170 - - [21/Dec/2022:09:31:47 +0500] "GET /ords/f?p=101:210 HTTP/1.1" 503 12947
192.241.198.13 - - [21/Dec/2022:09:32:08 +0500] "GET / HTTP/1.1" 302 -
195.222.149.195 - - [21/Dec/2022:09:32:11 +0500] "GET /ords/api.HTP_ASPVK_DATA?nPVK_ID=0&vST_DT=21.12.2022%2007:24:56&vEND_DT=21.12.2022%2007:34:56 HTTP/1.1" 503 12947
46.146.210.91 - - [21/Dec/2022:09:32:39 +0500] "GET /ords/api.HTP_ASPVK_DATA?nPVK_ID=0&vST_DT=21.12.2022%2009:22:06&vEND_DT=21.12.2022%2009:32:06 HTTP/1.1" 503 12947
195.222.149.195 - - [21/Dec/2022:09:32:43 +0500] "GET /ords/api.HTP_ASPVK_DATA?nPVK_ID=0&vST_DT=21.12.2022%2007:25:26&vEND_DT=21.12.2022%2007:35:26 HTTP/1.1" 503 12947
85.140.14.165 - - [21/Dec/2022:09:32:55 +0500] "GET /ords/f?p=137:38:17302817488820:::: HTTP/1.1" 503 12947
85.140.14.165 - - [21/Dec/2022:09:33:07 +0500] "GET /ords/f?p=137:38:17302817488820:::: HTTP/1.1" 503 12947
212.33.243.160 - - [21/Dec/2022:09:33:10 +0500] "GET /ords/f?p=101:210 HTTP/1.1" 503 12947
128.14.141.34 - - [21/Dec/2022:09:33:13 +0500] "GET /admin/ HTTP/1.1" 404 1006
195.222.149.195 - - [21/Dec/2022:09:33:13 +0500] "GET /ords/api.HTP_ASPVK_DATA?nPVK_ID=0&vST_DT=21.12.2022%2007:25:56&vEND_DT=21.12.2022%2007:35:56 HTTP/1.1" 503 12947
212.33.243.160 - - [21/Dec/2022:09:33:19 +0500] "GET /ords/f?p=101:210:0:::::&tz=5:00 HTTP/1.1" 503 12947
46.146.210.91 - - [21/Dec/2022:09:33:22 +0500] "GET /ords/api.HTP_ASPVK_DATA?nPVK_ID=0&vST_DT=21.12.2022%2009:23:06&vEND_DT=21.12.2022%2009:33:06 HTTP/1.1" 503 12947
178.46.184.35 - - [21/Dec/2022:09:33:43 +0500] "GET / HTTP/1.1" 302 -
178.46.184.35 - - [21/Dec/2022:09:33:47 +0500] "GET /ords/f?p=101:210 HTTP/1.1" 503 12947
46.146.210.91 - - [21/Dec/2022:09:33:51 +0500] "GET /ords/api.HTP_ASPVK_DATA?nPVK_ID=0&vST_DT=21.12.2022%2009:23:46&vEND_DT=21.12.2022%2009:33:46 HTTP/1.1" 503 12947
85.140.14.165 - - [21/Dec/2022:09:34:05 +0500] "GET /ords/f?p=137:38:17302817488820:::: HTTP/1.1" 503 12947
85.140.14.165 - - [21/Dec/2022:09:34:12 +0500] "GET /ords/f?p=137:38:17302817488820:::: HTTP/1.1" 503 12947
46.146.210.91 - - [21/Dec/2022:09:34:20 +0500] "GET /ords/api.HTP_ASPVK_DATA?nPVK_ID=0&vST_DT=21.12.2022%2009:24:16&vEND_DT=21.12.2022%2009:34:16 HTTP/1.1" 503 12947
195.222.149.195 - - [21/Dec/2022:09:34:41 +0500] "GET /ords/api.HTP_ASPVK_DATA?nPVK_ID=0&vST_DT=21.12.2022%2007:26:26&vEND_DT=21.12.2022%2007:36:26 HTTP/1.1" 503 12947
46.146.210.91 - - [21/Dec/2022:09:34:50 +0500] "GET /ords/api.HTP_ASPVK_DATA?nPVK_ID=0&vST_DT=21.12.2022%2009:24:46&vEND_DT=21.12.2022%2009:34:46 HTTP/1.1" 503 12947
195.222.149.195 - - [21/Dec/2022:09:35:11 +0500] "GET /ords/api.HTP_ASPVK_DATA?nPVK_ID=0&vST_DT=21.12.2022%2007:27:56&vEND_DT=21.12.2022%2007:37:56 HTTP/1.1" 503 12947
81.4.255.137 - - [21/Dec/2022:09:35:17 +0500] "GET /ords/f?p=101:210 HTTP/1.1" 503 12947
178.161.254.155 - - [21/Dec/2022:09:35:39 +0500] "GET / HTTP/1.1" 302 -
195.222.149.195 - - [21/Dec/2022:09:35:41 +0500] "GET /ords/api.HTP_ASPVK_DATA?nPVK_ID=0&vST_DT=21.12.2022%2007:28:26&vEND_DT=21.12.2022%2007:38:26 HTTP/1.1" 503 12947
178.161.254.155 - - [21/Dec/2022:09:35:42 +0500] "GET /ords/f?p=101:210 HTTP/1.1" 503 12947
81.4.255.137 - - [21/Dec/2022:09:35:48 +0500] "GET / HTTP/1.1" 302 -
46.146.210.91 - - [21/Dec/2022:09:35:49 +0500] "GET /ords/api.HTP_ASPVK_DATA?nPVK_ID=0&vST_DT=21.12.2022%2009:25:16&vEND_DT=21.12.2022%2009:35:16 HTTP/1.1" 503 12947
81.4.255.137 - - [21/Dec/2022:09:35:53 +0500] "GET /ords/f?p=101:210 HTTP/1.1" 503 12947
194.226.162.30 - - [21/Dec/2022:09:36:00 +0500] "GET /ords/f?p=101:1:6002046056955:::::&tz=5:00 HTTP/1.1" 503 12947
81.4.234.225 - - [21/Dec/2022:09:36:06 +0500] "GET /ords/f?p=101:1:7750147712440::::: HTTP/1.1" 503 12947
195.222.149.195 - - [21/Dec/2022:09:36:11 +0500] "GET /ords/api.HTP_ASPVK_DATA?nPVK_ID=0&vST_DT=21.12.2022%2007:28:56&vEND_DT=21.12.2022%2007:38:56 HTTP/1.1" 503 12947
46.146.210.91 - - [21/Dec/2022:09:36:22 +0500] "GET /ords/api.HTP_ASPVK_DATA?nPVK_ID=0&vST_DT=21.12.2022%2009:26:16&vEND_DT=21.12.2022%2009:36:16 HTTP/1.1" 503 12947
195.222.149.195 - - [21/Dec/2022:09:36:43 +0500] "GET /ords/api.HTP_ASPVK_DATA?nPVK_ID=0&vST_DT=21.12.2022%2007:29:26&vEND_DT=21.12.2022%2007:39:26 HTTP/1.1" 503 12947
46.146.210.91 - - [21/Dec/2022:09:36:52 +0500] "GET /ords/api.HTP_ASPVK_DATA?nPVK_ID=0&vST_DT=21.12.2022%2009:26:46&vEND_DT=21.12.2022%2009:36:46 HTTP/1.1" 503 12947
81.4.255.137 - - [21/Dec/2022:09:37:01 +0500] "GET / HTTP/1.1" 302 -
195.222.149.195 - - [21/Dec/2022:09:37:12 +0500] "GET /ords/api.HTP_ASPVK_DATA?nPVK_ID=0&vST_DT=21.12.2022%2007:29:56&vEND_DT=21.12.2022%2007:39:56 HTTP/1.1" 503 12947
81.4.255.137 - - [21/Dec/2022:09:37:19 +0500] "GET /ords/f?p=101:210 HTTP/1.1" 503 12947
46.146.210.91 - - [21/Dec/2022:09:37:22 +0500] "GET /ords/api.HTP_ASPVK_DATA?nPVK_ID=0&vST_DT=21.12.2022%2009:27:16&vEND_DT=21.12.2022%2009:37:16 HTTP/1.1" 503 12947
46.146.210.91 - - [21/Dec/2022:09:37:51 +0500] "GET /ords/api.HTP_ASPVK_DATA?nPVK_ID=0&vST_DT=21.12.2022%2009:27:46&vEND_DT=21.12.2022%2009:37:46 HTTP/1.1" 503 12947
46.146.210.91 - - [21/Dec/2022:09:38:22 +0500] "GET /ords/api.HTP_ASPVK_DATA?nPVK_ID=0&vST_DT=21.12.2022%2009:28:16&vEND_DT=21.12.2022%2009:38:16 HTTP/1.1" 503 12947
195.222.149.195 - - [21/Dec/2022:09:38:41 +0500] "GET /ords/api.HTP_ASPVK_DATA?nPVK_ID=0&vST_DT=21.12.2022%2007:30:26&vEND_DT=21.12.2022%2007:40:26 HTTP/1.1" 503 12947
46.146.210.91 - - [21/Dec/2022:09:38:52 +0500] "GET /ords/api.HTP_ASPVK_DATA?nPVK_ID=0&vST_DT=21.12.2022%2009:28:46&vEND_DT=21.12.2022%2009:38:46 HTTP/1.1" 503 12947
46.146.210.91 - - [21/Dec/2022:09:39:21 +0500] "GET /ords/api.HTP_ASPVK_DATA?nPVK_ID=0&vST_DT=21.12.2022%2009:29:16&vEND_DT=21.12.2022%2009:39:16 HTTP/1.1" 503 12947
195.222.149.195 - - [21/Dec/2022:09:39:25 +0500] "GET /ords/api.HTP_ASPVK_DATA?nPVK_ID=0&vST_DT=21.12.2022%2007:31:56&vEND_DT=21.12.2022%2007:41:56 HTTP/1.1" 503 12947
194.226.162.30 - - [21/Dec/2022:09:39:38 +0500] "GET /ords/f?p=101:1:6002046056955:::::&tz=5:00 HTTP/1.1" 503 12947
188.17.152.148 - - [21/Dec/2022:09:39:49 +0500] "GET /ords/f?p=101:210:0:&tz=3:00 HTTP/1.1" 503 12947
195.222.149.195 - - [21/Dec/2022:09:39:51 +0500] "GET /ords/api.HTP_ASPVK_DATA?nPVK_ID=0&vST_DT=21.12.2022%2007:32:36&vEND_DT=21.12.2022%2007:42:36 HTTP/1.1" 503 12947
195.222.149.195 - - [21/Dec/2022:09:40:21 +0500] "GET /ords/api.HTP_ASPVK_DATA?nPVK_ID=0&vST_DT=21.12.2022%2007:33:06&vEND_DT=21.12.2022%2007:43:06 HTTP/1.1" 503 12947
46.146.202.91 - - [21/Dec/2022:09:40:26 +0500] "GET /ords/f?p=101:210 HTTP/1.1" 503 12947
212.33.243.160 - - [21/Dec/2022:09:40:39 +0500] "GET /ords/f?p=101:210:0:::::&tz=5:00 HTTP/1.1" 503 12947
46.146.210.91 - - [21/Dec/2022:09:40:51 +0500] "GET /ords/api.HTP_ASPVK_DATA?nPVK_ID=0&vST_DT=21.12.2022%2009:29:46&vEND_DT=21.12.2022%2009:39:46 HTTP/1.1" 503 12947
188.17.152.148 - - [21/Dec/2022:09:40:53 +0500] "GET /ords/f?p=101:210:0:&tz=3:00 HTTP/1.1" 503 12947
195.222.149.195 - - [21/Dec/2022:09:40:55 +0500] "GET /ords/api.HTP_ASPVK_DATA?nPVK_ID=0&vST_DT=21.12.2022%2007:33:36&vEND_DT=21.12.2022%2007:43:36 HTTP/1.1" 503 12947
46.146.220.195 - - [21/Dec/2022:09:41:01 +0500] "GET /ords/f?p=101:210:0:&tz=5:00 HTTP/1.1" 503 12947
178.161.151.132 - - [21/Dec/2022:09:41:17 +0500] "GET /ords/f?p=101:210:0:::::&tz=5:00 HTTP/1.1" 503 12947
212.33.229.110 - - [21/Dec/2022:09:41:21 +0500] "GET / HTTP/1.1" 302 -
178.161.151.132 - - [21/Dec/2022:09:41:22 +0500] "GET /ords/f?p=101:210:0:::::&tz=5:00 HTTP/1.1" 503 12947
195.222.149.195 - - [21/Dec/2022:09:41:23 +0500] "GET /ords/api.HTP_ASPVK_DATA?nPVK_ID=0&vST_DT=21.12.2022%2007:34:06&vEND_DT=21.12.2022%2007:44:06 HTTP/1.1" 503 12947
212.33.229.110 - - [21/Dec/2022:09:41:26 +0500] "GET / HTTP/1.1" 302 -
212.33.229.110 - - [21/Dec/2022:09:41:26 +0500] "GET /ords/f?p=101:210 HTTP/1.1" 503 12947
212.33.229.110 - - [21/Dec/2022:09:41:29 +0500] "GET /ords/f?p=101:210 HTTP/1.1" 503 12947
209.141.51.132 - - [21/Dec/2022:09:41:29 +0500] "GET / HTTP/1.1" 302 -
46.146.210.91 - - [21/Dec/2022:09:41:33 +0500] "GET /ords/api.HTP_ASPVK_DATA?nPVK_ID=0&vST_DT=21.12.2022%2009:31:17&vEND_DT=21.12.2022%2009:41:17 HTTP/1.1" 503 12947
81.4.255.137 - - [21/Dec/2022:09:41:43 +0500] "GET /ords/f?p=101:210 HTTP/1.1" 503 12947
188.17.152.148 - - [21/Dec/2022:09:41:50 +0500] "GET /ords/f?p=101:210:0:&tz=3:00 HTTP/1.1" 503 12947
178.161.254.155 - - [21/Dec/2022:09:41:51 +0500] "GET / HTTP/1.1" 302 -
178.161.254.155 - - [21/Dec/2022:09:41:54 +0500] "GET /ords/f?p=101:210 HTTP/1.1" 503 12947
46.146.210.91 - - [21/Dec/2022:09:42:00 +0500] "GET /ords/api.HTP_ASPVK_DATA?nPVK_ID=0&vST_DT=21.12.2022%2009:31:57&vEND_DT=21.12.2022%2009:41:57 HTTP/1.1" 503 12947
195.222.149.195 - - [21/Dec/2022:09:42:04 +0500] "GET /ords/api.HTP_ASPVK_DATA?nPVK_ID=0&vST_DT=21.12.2022%2007:34:36&vEND_DT=21.12.2022%2007:44:36 HTTP/1.1" 503 12947
152.89.196.211 - - [21/Dec/2022:09:42:27 +0500] "GET /?XDEBUG_SESSION_START=phpstorm HTTP/1.1" 302 -
46.146.210.91 - - [21/Dec/2022:09:42:31 +0500] "GET /ords/api.HTP_ASPVK_DATA?nPVK_ID=0&vST_DT=21.12.2022%2009:32:27&vEND_DT=21.12.2022%2009:42:27 HTTP/1.1" 503 12947
152.89.196.211 - - [21/Dec/2022:09:42:38 +0500] "GET /ords/f?p=101:210 HTTP/1.1" 503 12947
194.226.162.30 - - [21/Dec/2022:09:42:57 +0500] "GET /ords/f?p=101:1:6002046056955:::::&tz=5:00 HTTP/1.1" 503 12947
46.146.210.91 - - [21/Dec/2022:09:43:02 +0500] "GET /ords/api.HTP_ASPVK_DATA?nPVK_ID=0&vST_DT=21.12.2022%2009:32:57&vEND_DT=21.12.2022%2009:42:57 HTTP/1.1" 503 12947
46.146.210.91 - - [21/Dec/2022:09:43:31 +0500] "GET /ords/api.HTP_ASPVK_DATA?nPVK_ID=0&vST_DT=21.12.2022%2009:33:27&vEND_DT=21.12.2022%2009:43:27 HTTP/1.1" 503 12947
195.222.149.195 - - [21/Dec/2022:09:43:35 +0500] "GET /ords/api.HTP_ASPVK_DATA?nPVK_ID=0&vST_DT=21.12.2022%2007:35:16&vEND_DT=21.12.2022%2007:45:16 HTTP/1.1" 503 12947
84.54.52.132 - - [21/Dec/2022:09:43:50 +0500] "GET /ords/f?p=101:1:5010023892604:::::&tz=3:00 HTTP/1.1" 503 12947
81.4.255.137 - - [21/Dec/2022:09:43:59 +0500] "GET /ords/f?p=101:210:0:&tz=3:00 HTTP/1.1" 503 12947
195.222.149.195 - - [21/Dec/2022:09:44:02 +0500] "GET /ords/api.HTP_ASPVK_DATA?nPVK_ID=0&vST_DT=21.12.2022%2007:36:46&vEND_DT=21.12.2022%2007:46:46 HTTP/1.1" 503 12947
46.146.210.91 - - [21/Dec/2022:09:44:05 +0500] "GET /ords/api.HTP_ASPVK_DATA?nPVK_ID=0&vST_DT=21.12.2022%2009:33:57&vEND_DT=21.12.2022%2009:43:57 HTTP/1.1" 503 12947
46.146.210.91 - - [21/Dec/2022:09:44:31 +0500] "GET /ords/api.HTP_ASPVK_DATA?nPVK_ID=0&vST_DT=21.12.2022%2009:34:27&vEND_DT=21.12.2022%2009:44:27 HTTP/1.1" 503 12947
194.226.162.30 - - [21/Dec/2022:09:44:38 +0500] "GET /ords/f?p=101:1:11815898345856:::::&tz=5:00 HTTP/1.1" 503 12947
212.33.243.160 - - [21/Dec/2022:09:44:55 +0500] "GET /ords/f?p=101:210:0:::::&tz=5:00 HTTP/1.1" 503 12947
193.169.110.189 - - [21/Dec/2022:09:44:57 +0500] "GET / HTTP/1.1" 302 -
46.146.210.91 - - [21/Dec/2022:09:45:01 +0500] "GET /ords/api.HTP_ASPVK_DATA?nPVK_ID=0&vST_DT=21.12.2022%2009:34:57&vEND_DT=21.12.2022%2009:44:57 HTTP/1.1" 503 12947
193.169.110.189 - - [21/Dec/2022:09:45:02 +0500] "GET /ords/f?p=101:210 HTTP/1.1" 503 12947
193.169.110.189 - - [21/Dec/2022:09:45:02 +0500] "GET / HTTP/1.1" 302 -
193.169.110.189 - - [21/Dec/2022:09:45:05 +0500] "GET /ords/f?p=101:210 HTTP/1.1" 503 12947
46.146.210.91 - - [21/Dec/2022:09:45:31 +0500] "GET /ords/api.HTP_ASPVK_DATA?nPVK_ID=0&vST_DT=21.12.2022%2009:35:27&vEND_DT=21.12.2022%2009:45:27 HTTP/1.1" 503 12947
195.222.149.195 - - [21/Dec/2022:09:45:35 +0500] "GET /ords/api.HTP_ASPVK_DATA?nPVK_ID=0&vST_DT=21.12.2022%2007:37:17&vEND_DT=21.12.2022%2007:47:17 HTTP/1.1" 503 12947
194.226.162.30 - - [21/Dec/2022:09:45:39 +0500] "GET /ords/f?p=101:210 HTTP/1.1" 503 12947
195.222.149.195 - - [21/Dec/2022:09:46:02 +0500] "GET /ords/api.HTP_ASPVK_DATA?nPVK_ID=0&vST_DT=21.12.2022%2007:38:47&vEND_DT=21.12.2022%2007:48:47 HTTP/1.1" 503 12947
46.146.210.91 - - [21/Dec/2022:09:46:02 +0500] "GET /ords/api.HTP_ASPVK_DATA?nPVK_ID=0&vST_DT=21.12.2022%2009:35:57&vEND_DT=21.12.2022%2009:45:57 HTTP/1.1" 503 12947
46.146.222.133 - - [21/Dec/2022:09:46:05 +0500] "GET / HTTP/1.1" 302 -
46.146.222.133 - - [21/Dec/2022:09:46:09 +0500] "GET /ords/f?p=101:210 HTTP/1.1" 503 12947
46.146.222.133 - - [21/Dec/2022:09:46:09 +0500] "GET / HTTP/1.1" 302 -
46.146.220.195 - - [21/Dec/2022:09:46:11 +0500] "GET / HTTP/1.1" 302 -
46.146.222.133 - - [21/Dec/2022:09:46:12 +0500] "GET /ords/f?p=101:210 HTTP/1.1" 503 12947
