37.79.22.195 - - [05/Dec/2022:09:58:57 +0500] "GET /ords/f?p=101:210:0:::::&tz=5:00 HTTP/1.1" 503 12947
195.222.149.195 - - [05/Dec/2022:09:59:00 +0500] "GET /ords/api.HTP_ASPVK_DATA?nPVK_ID=0&vST_DT=05.12.2022%2007:51:35&vEND_DT=05.12.2022%2008:01:35 HTTP/1.1" 503 12947
217.151.131.77 - - [05/Dec/2022:09:59:02 +0500] "GET / HTTP/1.1" 302 -
46.146.210.91 - - [05/Dec/2022:09:59:04 +0500] "GET /ords/api.HTP_ASPVK_DATA?nPVK_ID=0&vST_DT=05.12.2022%2009:49:01&vEND_DT=05.12.2022%2009:59:01 HTTP/1.1" 503 12947
217.151.131.77 - - [05/Dec/2022:09:59:05 +0500] "GET /ords/f?p=101:210 HTTP/1.1" 503 12947
217.151.131.77 - - [05/Dec/2022:09:59:06 +0500] "GET /favicon.ico HTTP/1.1" 200 21630
37.79.10.50 - - [05/Dec/2022:09:59:17 +0500] "GET /ords/f?p=101:210 HTTP/1.1" 503 12947
37.79.10.50 - - [05/Dec/2022:09:59:17 +0500] "GET /favicon.ico HTTP/1.1" 200 21630
217.151.131.77 - - [05/Dec/2022:09:59:19 +0500] "GET / HTTP/1.1" 302 -
217.151.131.77 - - [05/Dec/2022:09:59:22 +0500] "GET /ords/f?p=101:210 HTTP/1.1" 503 12947
89.250.216.22 - - [05/Dec/2022:09:59:25 +0500] "GET / HTTP/1.1" 302 -
195.222.149.195 - - [05/Dec/2022:09:59:30 +0500] "GET /ords/api.HTP_ASPVK_DATA?nPVK_ID=0&vST_DT=05.12.2022%2007:52:05&vEND_DT=05.12.2022%2008:02:05 HTTP/1.1" 503 12947
89.250.216.22 - - [05/Dec/2022:09:59:31 +0500] "GET /ords/f?p=101:210 HTTP/1.1" 503 12947
46.146.210.91 - - [05/Dec/2022:09:59:34 +0500] "GET /ords/api.HTP_ASPVK_DATA?nPVK_ID=0&vST_DT=05.12.2022%2009:49:31&vEND_DT=05.12.2022%2009:59:31 HTTP/1.1" 503 12947
195.222.149.195 - - [05/Dec/2022:10:00:00 +0500] "GET /ords/api.HTP_ASPVK_DATA?nPVK_ID=0&vST_DT=05.12.2022%2007:52:35&vEND_DT=05.12.2022%2008:02:35 HTTP/1.1" 503 12947
46.146.210.91 - - [05/Dec/2022:10:00:04 +0500] "GET /ords/api.HTP_ASPVK_DATA?nPVK_ID=0&vST_DT=05.12.2022%2009:50:01&vEND_DT=05.12.2022%2010:00:01 HTTP/1.1" 503 12947
81.4.255.137 - - [05/Dec/2022:10:00:06 +0500] "GET / HTTP/1.1" 302 -
81.4.255.137 - - [05/Dec/2022:10:00:09 +0500] "GET /ords/f?p=101:210 HTTP/1.1" 503 12947
193.169.110.189 - - [05/Dec/2022:10:00:20 +0500] "GET / HTTP/1.1" 302 -
193.169.110.189 - - [05/Dec/2022:10:00:23 +0500] "GET /ords/f?p=101:210 HTTP/1.1" 503 12947
195.222.149.195 - - [05/Dec/2022:10:00:30 +0500] "GET /ords/api.HTP_ASPVK_DATA?nPVK_ID=0&vST_DT=05.12.2022%2007:53:05&vEND_DT=05.12.2022%2008:03:05 HTTP/1.1" 503 12947
37.79.22.195 - - [05/Dec/2022:10:00:33 +0500] "GET /ords/f?p=101:210:0:::::&tz=5:00 HTTP/1.1" 503 12947
46.146.210.91 - - [05/Dec/2022:10:00:34 +0500] "GET /ords/api.HTP_ASPVK_DATA?nPVK_ID=0&vST_DT=05.12.2022%2009:50:31&vEND_DT=05.12.2022%2010:00:31 HTTP/1.1" 503 12947
37.79.22.195 - - [05/Dec/2022:10:00:39 +0500] "GET / HTTP/1.1" 302 -
37.79.22.195 - - [05/Dec/2022:10:00:42 +0500] "GET /ords/f?p=101:210 HTTP/1.1" 503 12947
195.222.149.195 - - [05/Dec/2022:10:01:00 +0500] "GET /ords/api.HTP_ASPVK_DATA?nPVK_ID=0&vST_DT=05.12.2022%2007:53:35&vEND_DT=05.12.2022%2008:03:35 HTTP/1.1" 503 12947
46.146.210.91 - - [05/Dec/2022:10:01:04 +0500] "GET /ords/api.HTP_ASPVK_DATA?nPVK_ID=0&vST_DT=05.12.2022%2009:51:01&vEND_DT=05.12.2022%2010:01:01 HTTP/1.1" 503 12947
195.222.149.195 - - [05/Dec/2022:10:01:30 +0500] "GET /ords/api.HTP_ASPVK_DATA?nPVK_ID=0&vST_DT=05.12.2022%2007:54:05&vEND_DT=05.12.2022%2008:04:05 HTTP/1.1" 503 12947
46.146.210.91 - - [05/Dec/2022:10:01:34 +0500] "GET /ords/api.HTP_ASPVK_DATA?nPVK_ID=0&vST_DT=05.12.2022%2009:51:31&vEND_DT=05.12.2022%2010:01:31 HTTP/1.1" 503 12947
89.250.216.22 - - [05/Dec/2022:10:01:38 +0500] "GET / HTTP/1.1" 302 -
89.250.216.22 - - [05/Dec/2022:10:01:41 +0500] "GET /ords/f?p=101:210 HTTP/1.1" 503 12947
195.222.149.195 - - [05/Dec/2022:10:02:00 +0500] "GET /ords/api.HTP_ASPVK_DATA?nPVK_ID=0&vST_DT=05.12.2022%2007:54:35&vEND_DT=05.12.2022%2008:04:35 HTTP/1.1" 503 12947
46.146.210.91 - - [05/Dec/2022:10:02:04 +0500] "GET /ords/api.HTP_ASPVK_DATA?nPVK_ID=0&vST_DT=05.12.2022%2009:52:01&vEND_DT=05.12.2022%2010:02:01 HTTP/1.1" 503 12947
195.222.149.195 - - [05/Dec/2022:10:02:30 +0500] "GET /ords/api.HTP_ASPVK_DATA?nPVK_ID=0&vST_DT=05.12.2022%2007:55:05&vEND_DT=05.12.2022%2008:05:05 HTTP/1.1" 503 12947
46.146.210.91 - - [05/Dec/2022:10:02:34 +0500] "GET /ords/api.HTP_ASPVK_DATA?nPVK_ID=0&vST_DT=05.12.2022%2009:52:31&vEND_DT=05.12.2022%2010:02:31 HTTP/1.1" 503 12947
46.146.202.91 - - [05/Dec/2022:10:02:41 +0500] "GET /ords/f?p=101:210 HTTP/1.1" 503 12947
89.185.71.78 - - [05/Dec/2022:10:02:42 +0500] "GET /ords/f?p=137:38:11051326214359::NO::: HTTP/1.1" 503 12947
89.185.71.78 - - [05/Dec/2022:10:02:54 +0500] "GET /ords/f?p=101:1:11051326214359:::::&tz=5:00 HTTP/1.1" 503 12947
89.185.71.78 - - [05/Dec/2022:10:03:00 +0500] "GET /ords/f?p=101:210:0:::::&tz=5:00 HTTP/1.1" 503 12947
195.222.149.195 - - [05/Dec/2022:10:03:00 +0500] "GET /ords/api.HTP_ASPVK_DATA?nPVK_ID=0&vST_DT=05.12.2022%2007:55:35&vEND_DT=05.12.2022%2008:05:35 HTTP/1.1" 503 12947
46.146.210.91 - - [05/Dec/2022:10:03:04 +0500] "GET /ords/api.HTP_ASPVK_DATA?nPVK_ID=0&vST_DT=05.12.2022%2009:53:01&vEND_DT=05.12.2022%2010:03:01 HTTP/1.1" 503 12947
89.185.71.78 - - [05/Dec/2022:10:03:08 +0500] "GET /ords/f?p=137:1:::NO:RP:: HTTP/1.1" 503 12947
89.185.71.78 - - [05/Dec/2022:10:03:19 +0500] "GET /ords/f?p=101:210:0:::::&tz=5:00 HTTP/1.1" 503 12947
128.14.209.46 - - [05/Dec/2022:10:03:19 +0500] "GET / HTTP/1.1" 302 -
128.14.209.46 - - [05/Dec/2022:10:03:22 +0500] "GET /ords/f?p=101:210 HTTP/1.1" 503 12947
195.222.149.195 - - [05/Dec/2022:10:03:30 +0500] "GET /ords/api.HTP_ASPVK_DATA?nPVK_ID=0&vST_DT=05.12.2022%2007:56:05&vEND_DT=05.12.2022%2008:06:05 HTTP/1.1" 503 12947
46.146.210.91 - - [05/Dec/2022:10:03:34 +0500] "GET /ords/api.HTP_ASPVK_DATA?nPVK_ID=0&vST_DT=05.12.2022%2009:53:31&vEND_DT=05.12.2022%2010:03:31 HTTP/1.1" 503 12947
195.222.149.195 - - [05/Dec/2022:10:04:00 +0500] "GET /ords/api.HTP_ASPVK_DATA?nPVK_ID=0&vST_DT=05.12.2022%2007:56:35&vEND_DT=05.12.2022%2008:06:35 HTTP/1.1" 503 12947
46.146.210.91 - - [05/Dec/2022:10:04:04 +0500] "GET /ords/api.HTP_ASPVK_DATA?nPVK_ID=0&vST_DT=05.12.2022%2009:54:01&vEND_DT=05.12.2022%2010:04:01 HTTP/1.1" 503 12947
195.222.149.195 - - [05/Dec/2022:10:04:30 +0500] "GET /ords/api.HTP_ASPVK_DATA?nPVK_ID=0&vST_DT=05.12.2022%2007:57:05&vEND_DT=05.12.2022%2008:07:05 HTTP/1.1" 503 12947
46.146.210.91 - - [05/Dec/2022:10:04:34 +0500] "GET /ords/api.HTP_ASPVK_DATA?nPVK_ID=0&vST_DT=05.12.2022%2009:54:31&vEND_DT=05.12.2022%2010:04:31 HTTP/1.1" 503 12947
195.222.149.195 - - [05/Dec/2022:10:05:00 +0500] "GET /ords/api.HTP_ASPVK_DATA?nPVK_ID=0&vST_DT=05.12.2022%2007:57:35&vEND_DT=05.12.2022%2008:07:35 HTTP/1.1" 503 12947
46.146.210.91 - - [05/Dec/2022:10:05:04 +0500] "GET /ords/api.HTP_ASPVK_DATA?nPVK_ID=0&vST_DT=05.12.2022%2009:55:01&vEND_DT=05.12.2022%2010:05:01 HTTP/1.1" 503 12947
195.222.149.195 - - [05/Dec/2022:10:05:31 +0500] "GET /ords/api.HTP_ASPVK_DATA?nPVK_ID=0&vST_DT=05.12.2022%2007:58:05&vEND_DT=05.12.2022%2008:08:05 HTTP/1.1" 503 12947
46.146.210.91 - - [05/Dec/2022:10:05:34 +0500] "GET /ords/api.HTP_ASPVK_DATA?nPVK_ID=0&vST_DT=05.12.2022%2009:55:31&vEND_DT=05.12.2022%2010:05:31 HTTP/1.1" 503 12947
195.222.149.195 - - [05/Dec/2022:10:06:01 +0500] "GET /ords/api.HTP_ASPVK_DATA?nPVK_ID=0&vST_DT=05.12.2022%2007:58:35&vEND_DT=05.12.2022%2008:08:35 HTTP/1.1" 503 12947
46.146.210.91 - - [05/Dec/2022:10:06:04 +0500] "GET /ords/api.HTP_ASPVK_DATA?nPVK_ID=0&vST_DT=05.12.2022%2009:56:01&vEND_DT=05.12.2022%2010:06:01 HTTP/1.1" 503 12947
195.222.149.195 - - [05/Dec/2022:10:06:31 +0500] "GET /ords/api.HTP_ASPVK_DATA?nPVK_ID=0&vST_DT=05.12.2022%2007:59:05&vEND_DT=05.12.2022%2008:09:05 HTTP/1.1" 503 12947
46.146.210.91 - - [05/Dec/2022:10:06:34 +0500] "GET /ords/api.HTP_ASPVK_DATA?nPVK_ID=0&vST_DT=05.12.2022%2009:56:31&vEND_DT=05.12.2022%2010:06:31 HTTP/1.1" 503 12947
94.50.169.70 - - [05/Dec/2022:10:06:39 +0500] "GET /ords/r/r/files/static/v74Y/favicon.ico HTTP/1.1" 404 5
194.226.162.30 - - [05/Dec/2022:10:06:40 +0500] "GET /ords/f?p=101:210 HTTP/1.1" 503 12947
194.226.162.30 - - [05/Dec/2022:10:06:46 +0500] "GET /ords/f?p=101:210 HTTP/1.1" 503 12947
195.222.149.195 - - [05/Dec/2022:10:07:01 +0500] "GET /ords/api.HTP_ASPVK_DATA?nPVK_ID=0&vST_DT=05.12.2022%2007:59:35&vEND_DT=05.12.2022%2008:09:35 HTTP/1.1" 503 12947
46.146.210.91 - - [05/Dec/2022:10:07:04 +0500] "GET /ords/api.HTP_ASPVK_DATA?nPVK_ID=0&vST_DT=05.12.2022%2009:57:01&vEND_DT=05.12.2022%2010:07:01 HTTP/1.1" 503 12947
195.222.149.195 - - [05/Dec/2022:10:07:31 +0500] "GET /ords/api.HTP_ASPVK_DATA?nPVK_ID=0&vST_DT=05.12.2022%2008:00:05&vEND_DT=05.12.2022%2008:10:05 HTTP/1.1" 503 12947
46.146.210.91 - - [05/Dec/2022:10:07:34 +0500] "GET /ords/api.HTP_ASPVK_DATA?nPVK_ID=0&vST_DT=05.12.2022%2009:57:31&vEND_DT=05.12.2022%2010:07:31 HTTP/1.1" 503 12947
194.226.162.30 - - [05/Dec/2022:10:07:44 +0500] "GET /ords/f?p=101:1:6002046056955:::::&tz=5:00 HTTP/1.1" 503 12947
194.226.162.30 - - [05/Dec/2022:10:07:59 +0500] "GET /ords/f?p=101:1:6002046056955:::::&tz=5:00 HTTP/1.1" 503 12947
195.222.149.195 - - [05/Dec/2022:10:08:01 +0500] "GET /ords/api.HTP_ASPVK_DATA?nPVK_ID=0&vST_DT=05.12.2022%2008:00:35&vEND_DT=05.12.2022%2008:10:35 HTTP/1.1" 503 12947
46.146.210.91 - - [05/Dec/2022:10:08:04 +0500] "GET /ords/api.HTP_ASPVK_DATA?nPVK_ID=0&vST_DT=05.12.2022%2009:58:01&vEND_DT=05.12.2022%2010:08:01 HTTP/1.1" 503 12947
195.222.149.195 - - [05/Dec/2022:10:08:31 +0500] "GET /ords/api.HTP_ASPVK_DATA?nPVK_ID=0&vST_DT=05.12.2022%2008:01:05&vEND_DT=05.12.2022%2008:11:05 HTTP/1.1" 503 12947
46.146.210.91 - - [05/Dec/2022:10:08:34 +0500] "GET /ords/api.HTP_ASPVK_DATA?nPVK_ID=0&vST_DT=05.12.2022%2009:58:31&vEND_DT=05.12.2022%2010:08:31 HTTP/1.1" 503 12947
194.226.162.30 - - [05/Dec/2022:10:09:00 +0500] "GET /ords/f?p=101:1:6002046056955:::::&tz=5:00 HTTP/1.1" 503 12947
195.222.149.195 - - [05/Dec/2022:10:09:01 +0500] "GET /ords/api.HTP_ASPVK_DATA?nPVK_ID=0&vST_DT=05.12.2022%2008:01:35&vEND_DT=05.12.2022%2008:11:35 HTTP/1.1" 503 12947
46.146.210.91 - - [05/Dec/2022:10:09:04 +0500] "GET /ords/api.HTP_ASPVK_DATA?nPVK_ID=0&vST_DT=05.12.2022%2009:59:01&vEND_DT=05.12.2022%2010:09:01 HTTP/1.1" 503 12947
81.4.234.231 - - [05/Dec/2022:10:09:26 +0500] "GET / HTTP/1.1" 302 -
81.4.234.231 - - [05/Dec/2022:10:09:30 +0500] "GET /ords/f?p=101:210 HTTP/1.1" 503 12947
195.222.149.195 - - [05/Dec/2022:10:09:31 +0500] "GET /ords/api.HTP_ASPVK_DATA?nPVK_ID=0&vST_DT=05.12.2022%2008:02:06&vEND_DT=05.12.2022%2008:12:06 HTTP/1.1" 503 12947
94.50.162.202 - - [05/Dec/2022:10:09:34 +0500] "GET / HTTP/1.1" 302 -
46.146.210.91 - - [05/Dec/2022:10:09:34 +0500] "GET /ords/api.HTP_ASPVK_DATA?nPVK_ID=0&vST_DT=05.12.2022%2009:59:31&vEND_DT=05.12.2022%2010:09:31 HTTP/1.1" 503 12947
94.50.162.202 - - [05/Dec/2022:10:09:37 +0500] "GET /ords/f?p=101:210 HTTP/1.1" 503 12947
94.50.162.202 - - [05/Dec/2022:10:09:38 +0500] "GET /favicon.ico HTTP/1.1" 200 21630
188.120.251.252 - - [05/Dec/2022:10:09:55 +0500] "GET / HTTP/1.1" 302 -
188.120.251.252 - - [05/Dec/2022:10:09:56 +0500] "GET / HTTP/1.1" 302 -
188.120.251.252 - - [05/Dec/2022:10:10:00 +0500] "GET /ords/f?p=101:210 HTTP/1.1" 503 12947
195.222.149.195 - - [05/Dec/2022:10:10:01 +0500] "GET /ords/api.HTP_ASPVK_DATA?nPVK_ID=0&vST_DT=05.12.2022%2008:02:36&vEND_DT=05.12.2022%2008:12:36 HTTP/1.1" 503 12947
46.146.210.91 - - [05/Dec/2022:10:10:04 +0500] "GET /ords/api.HTP_ASPVK_DATA?nPVK_ID=0&vST_DT=05.12.2022%2010:00:01&vEND_DT=05.12.2022%2010:10:01 HTTP/1.1" 503 12947
188.120.251.252 - - [05/Dec/2022:10:10:07 +0500] "GET / HTTP/1.1" 302 -
188.120.251.252 - - [05/Dec/2022:10:10:10 +0500] "GET /ords/f?p=101:210 HTTP/1.1" 503 12947
178.216.65.66 - - [05/Dec/2022:10:10:13 +0500] "GET /ords/f?p=137:38:10311895227325::NO::: HTTP/1.1" 503 12947
46.146.242.46 - - [05/Dec/2022:10:10:18 +0500] "GET /ords/f?p=101:210:0:::::&tz=5:00 HTTP/1.1" 503 12947
46.146.242.46 - - [05/Dec/2022:10:10:19 +0500] "GET /favicon.ico HTTP/1.1" 200 21630
94.50.162.202 - - [05/Dec/2022:10:10:22 +0500] "GET / HTTP/1.1" 302 -
94.50.162.202 - - [05/Dec/2022:10:10:25 +0500] "GET /ords/f?p=101:210 HTTP/1.1" 503 12947
194.226.162.30 - - [05/Dec/2022:10:10:27 +0500] "GET /ords/f?p=101:1:6002046056955:::::&tz=5:00 HTTP/1.1" 503 12947
46.146.242.46 - - [05/Dec/2022:10:10:29 +0500] "GET /ords/f?p=101:210:0:::::&tz=5:00 HTTP/1.1" 503 12947
46.146.242.46 - - [05/Dec/2022:10:10:29 +0500] "GET /favicon.ico HTTP/1.1" 200 21630
195.222.149.195 - - [05/Dec/2022:10:10:31 +0500] "GET /ords/api.HTP_ASPVK_DATA?nPVK_ID=0&vST_DT=05.12.2022%2008:03:06&vEND_DT=05.12.2022%2008:13:06 HTTP/1.1" 503 12947
46.146.210.91 - - [05/Dec/2022:10:10:34 +0500] "GET /ords/api.HTP_ASPVK_DATA?nPVK_ID=0&vST_DT=05.12.2022%2010:00:31&vEND_DT=05.12.2022%2010:10:31 HTTP/1.1" 503 12947
195.222.149.195 - - [05/Dec/2022:10:11:01 +0500] "GET /ords/api.HTP_ASPVK_DATA?nPVK_ID=0&vST_DT=05.12.2022%2008:03:36&vEND_DT=05.12.2022%2008:13:36 HTTP/1.1" 503 12947
46.146.210.91 - - [05/Dec/2022:10:11:04 +0500] "GET /ords/api.HTP_ASPVK_DATA?nPVK_ID=0&vST_DT=05.12.2022%2010:01:01&vEND_DT=05.12.2022%2010:11:01 HTTP/1.1" 503 12947
194.226.162.30 - - [05/Dec/2022:10:11:09 +0500] "GET /ords/f?p=101:1:6002046056955:::::&tz=5:00 HTTP/1.1" 503 12947
195.222.149.195 - - [05/Dec/2022:10:11:31 +0500] "GET /ords/api.HTP_ASPVK_DATA?nPVK_ID=0&vST_DT=05.12.2022%2008:04:06&vEND_DT=05.12.2022%2008:14:06 HTTP/1.1" 503 12947
46.146.210.91 - - [05/Dec/2022:10:11:34 +0500] "GET /ords/api.HTP_ASPVK_DATA?nPVK_ID=0&vST_DT=05.12.2022%2010:01:31&vEND_DT=05.12.2022%2010:11:31 HTTP/1.1" 503 12947
94.50.162.202 - - [05/Dec/2022:10:11:38 +0500] "GET / HTTP/1.1" 302 -
94.50.162.202 - - [05/Dec/2022:10:11:41 +0500] "GET /ords/f?p=101:210 HTTP/1.1" 503 12947
94.50.162.202 - - [05/Dec/2022:10:11:43 +0500] "GET /favicon.ico HTTP/1.1" 200 21630
94.50.162.202 - - [05/Dec/2022:10:11:57 +0500] "GET /ords/f?p=101:210 HTTP/1.1" 503 12947
195.222.149.195 - - [05/Dec/2022:10:12:01 +0500] "GET /ords/api.HTP_ASPVK_DATA?nPVK_ID=0&vST_DT=05.12.2022%2008:04:36&vEND_DT=05.12.2022%2008:14:36 HTTP/1.1" 503 12947
46.146.210.91 - - [05/Dec/2022:10:12:04 +0500] "GET /ords/api.HTP_ASPVK_DATA?nPVK_ID=0&vST_DT=05.12.2022%2010:02:01&vEND_DT=05.12.2022%2010:12:01 HTTP/1.1" 503 12947
195.222.149.195 - - [05/Dec/2022:10:12:31 +0500] "GET /ords/api.HTP_ASPVK_DATA?nPVK_ID=0&vST_DT=05.12.2022%2008:05:06&vEND_DT=05.12.2022%2008:15:06 HTTP/1.1" 503 12947
46.146.210.91 - - [05/Dec/2022:10:12:34 +0500] "GET /ords/api.HTP_ASPVK_DATA?nPVK_ID=0&vST_DT=05.12.2022%2010:02:31&vEND_DT=05.12.2022%2010:12:31 HTTP/1.1" 503 12947
195.222.149.195 - - [05/Dec/2022:10:13:01 +0500] "GET /ords/api.HTP_ASPVK_DATA?nPVK_ID=0&vST_DT=05.12.2022%2008:05:36&vEND_DT=05.12.2022%2008:15:36 HTTP/1.1" 503 12947
212.33.229.110 - - [05/Dec/2022:10:13:03 +0500] "GET / HTTP/1.1" 302 -
46.146.210.91 - - [05/Dec/2022:10:13:04 +0500] "GET /ords/api.HTP_ASPVK_DATA?nPVK_ID=0&vST_DT=05.12.2022%2010:03:01&vEND_DT=05.12.2022%2010:13:01 HTTP/1.1" 503 12947
212.33.229.110 - - [05/Dec/2022:10:13:06 +0500] "GET /ords/f?p=101:210 HTTP/1.1" 503 12947
194.226.162.30 - - [05/Dec/2022:10:13:15 +0500] "GET /ords/f?p=101:1:6002046056955:::::&tz=5:00 HTTP/1.1" 503 12947
195.222.149.195 - - [05/Dec/2022:10:13:31 +0500] "GET /ords/api.HTP_ASPVK_DATA?nPVK_ID=0&vST_DT=05.12.2022%2008:06:06&vEND_DT=05.12.2022%2008:16:06 HTTP/1.1" 503 12947
46.146.210.91 - - [05/Dec/2022:10:13:44 +0500] "GET /ords/api.HTP_ASPVK_DATA?nPVK_ID=0&vST_DT=04.12.2022%2010:13:41&vEND_DT=05.12.2022%2010:13:41 HTTP/1.1" 503 12947
165.22.85.212 - - [05/Dec/2022:10:13:46 +0500] "-" 400 -
165.22.85.212 - - [05/Dec/2022:10:13:46 +0500] "-" 400 -
165.22.85.212 - - [05/Dec/2022:10:13:46 +0500] "GET / HTTP/1.1" 302 -
80.94.92.40 - - [05/Dec/2022:10:13:47 +0500] "GET / HTTP/1.1" 302 -
165.22.85.212 - - [05/Dec/2022:10:13:49 +0500] "GET /ords/f?p=101:210 HTTP/1.1" 503 12947
195.222.149.195 - - [05/Dec/2022:10:14:01 +0500] "GET /ords/api.HTP_ASPVK_DATA?nPVK_ID=0&vST_DT=05.12.2022%2008:06:36&vEND_DT=05.12.2022%2008:16:36 HTTP/1.1" 503 12947
46.146.210.91 - - [05/Dec/2022:10:14:14 +0500] "GET /ords/api.HTP_ASPVK_DATA?nPVK_ID=0&vST_DT=05.12.2022%2010:04:11&vEND_DT=05.12.2022%2010:14:11 HTTP/1.1" 503 12947
195.222.149.195 - - [05/Dec/2022:10:14:31 +0500] "GET /ords/api.HTP_ASPVK_DATA?nPVK_ID=0&vST_DT=05.12.2022%2008:07:06&vEND_DT=05.12.2022%2008:17:06 HTTP/1.1" 503 12947
94.50.162.202 - - [05/Dec/2022:10:14:37 +0500] "GET / HTTP/1.1" 302 -
94.50.162.202 - - [05/Dec/2022:10:14:40 +0500] "GET /ords/f?p=101:210 HTTP/1.1" 503 12947
46.146.210.91 - - [05/Dec/2022:10:14:44 +0500] "GET /ords/api.HTP_ASPVK_DATA?nPVK_ID=0&vST_DT=05.12.2022%2010:04:41&vEND_DT=05.12.2022%2010:14:41 HTTP/1.1" 503 12947
94.50.162.202 - - [05/Dec/2022:10:14:45 +0500] "GET /ords/f?p=101:210:0:&tz=3:00 HTTP/1.1" 503 12947
194.226.162.30 - - [05/Dec/2022:10:14:57 +0500] "GET /ords/f?p=101:210:0:&tz=5:00 HTTP/1.1" 503 12947
195.222.149.195 - - [05/Dec/2022:10:15:01 +0500] "GET /ords/api.HTP_ASPVK_DATA?nPVK_ID=0&vST_DT=05.12.2022%2008:07:36&vEND_DT=05.12.2022%2008:17:36 HTTP/1.1" 503 12947
194.226.162.30 - - [05/Dec/2022:10:15:11 +0500] "GET /ords/f?p=101:1:11815898345856:::::&tz=5:00 HTTP/1.1" 503 12947
46.146.210.91 - - [05/Dec/2022:10:15:14 +0500] "GET /ords/api.HTP_ASPVK_DATA?nPVK_ID=0&vST_DT=05.12.2022%2010:05:11&vEND_DT=05.12.2022%2010:15:11 HTTP/1.1" 503 12947
37.79.10.50 - - [05/Dec/2022:10:15:24 +0500] "GET /ords/f?p=101:210 HTTP/1.1" 503 12947
37.79.10.50 - - [05/Dec/2022:10:15:24 +0500] "GET /favicon.ico HTTP/1.1" 200 21630
194.226.162.30 - - [05/Dec/2022:10:15:27 +0500] "GET /ords/f?p=101:1:6002046056955:::::&tz=5:00 HTTP/1.1" 503 12947
195.222.149.195 - - [05/Dec/2022:10:15:31 +0500] "GET /ords/api.HTP_ASPVK_DATA?nPVK_ID=0&vST_DT=05.12.2022%2008:08:06&vEND_DT=05.12.2022%2008:18:06 HTTP/1.1" 503 12947
46.146.210.91 - - [05/Dec/2022:10:15:44 +0500] "GET /ords/api.HTP_ASPVK_DATA?nPVK_ID=0&vST_DT=05.12.2022%2010:05:41&vEND_DT=05.12.2022%2010:15:41 HTTP/1.1" 503 12947
194.226.162.30 - - [05/Dec/2022:10:15:48 +0500] "GET /ords/f?p=101:1:6002046056955:::::&tz=5:00 HTTP/1.1" 503 12947
81.4.234.174 - - [05/Dec/2022:10:15:50 +0500] "GET /ords/f?p=101:210:0:::::&tz=5:00 HTTP/1.1" 503 12947
81.4.234.174 - - [05/Dec/2022:10:15:56 +0500] "GET /ords/f?p=101:210:0:::::&tz=5:00 HTTP/1.1" 503 12947
195.222.149.195 - - [05/Dec/2022:10:16:01 +0500] "GET /ords/api.HTP_ASPVK_DATA?nPVK_ID=0&vST_DT=05.12.2022%2008:08:36&vEND_DT=05.12.2022%2008:18:36 HTTP/1.1" 503 12947
81.4.234.174 - - [05/Dec/2022:10:16:02 +0500] "GET /ords/f?p=101:210:0:::::&tz=5:00 HTTP/1.1" 503 12947
81.4.234.174 - - [05/Dec/2022:10:16:07 +0500] "GET /ords/f?p=101:210:0:::::&tz=5:00 HTTP/1.1" 503 12947
81.4.234.174 - - [05/Dec/2022:10:16:12 +0500] "GET /ords/f?p=101:210:0:::::&tz=5:00 HTTP/1.1" 503 12947
46.146.210.91 - - [05/Dec/2022:10:16:14 +0500] "GET /ords/api.HTP_ASPVK_DATA?nPVK_ID=0&vST_DT=05.12.2022%2010:06:11&vEND_DT=05.12.2022%2010:16:11 HTTP/1.1" 503 12947
195.222.149.195 - - [05/Dec/2022:10:16:31 +0500] "GET /ords/api.HTP_ASPVK_DATA?nPVK_ID=0&vST_DT=05.12.2022%2008:09:06&vEND_DT=05.12.2022%2008:19:06 HTTP/1.1" 503 12947
46.146.210.91 - - [05/Dec/2022:10:16:44 +0500] "GET /ords/api.HTP_ASPVK_DATA?nPVK_ID=0&vST_DT=05.12.2022%2010:06:41&vEND_DT=05.12.2022%2010:16:41 HTTP/1.1" 503 12947
195.222.149.195 - - [05/Dec/2022:10:17:01 +0500] "GET /ords/api.HTP_ASPVK_DATA?nPVK_ID=0&vST_DT=05.12.2022%2008:09:36&vEND_DT=05.12.2022%2008:19:36 HTTP/1.1" 503 12947
194.226.162.30 - - [05/Dec/2022:10:17:08 +0500] "GET /ords/f?p=101:1:6002046056955:::::&tz=5:00 HTTP/1.1" 503 12947
46.146.210.91 - - [05/Dec/2022:10:17:14 +0500] "GET /ords/api.HTP_ASPVK_DATA?nPVK_ID=0&vST_DT=05.12.2022%2010:07:11&vEND_DT=05.12.2022%2010:17:11 HTTP/1.1" 503 12947
46.146.220.195 - - [05/Dec/2022:10:17:18 +0500] "GET / HTTP/1.1" 302 -
46.146.220.195 - - [05/Dec/2022:10:17:18 +0500] "GET / HTTP/1.1" 302 -
46.146.220.195 - - [05/Dec/2022:10:17:21 +0500] "GET /ords/f?p=101:210 HTTP/1.1" 503 12947
46.146.220.195 - - [05/Dec/2022:10:17:21 +0500] "GET /ords/f?p=101:210 HTTP/1.1" 503 12947
195.222.149.195 - - [05/Dec/2022:10:17:31 +0500] "GET /ords/api.HTP_ASPVK_DATA?nPVK_ID=0&vST_DT=05.12.2022%2008:10:06&vEND_DT=05.12.2022%2008:20:06 HTTP/1.1" 503 12947
194.226.162.30 - - [05/Dec/2022:10:17:39 +0500] "GET /ords/f?p=101:210:0:&tz=5:00 HTTP/1.1" 503 12947
46.146.210.91 - - [05/Dec/2022:10:17:44 +0500] "GET /ords/api.HTP_ASPVK_DATA?nPVK_ID=0&vST_DT=05.12.2022%2010:07:41&vEND_DT=05.12.2022%2010:17:41 HTTP/1.1" 503 12947
194.226.162.30 - - [05/Dec/2022:10:17:55 +0500] "GET /ords/f?p=101:1:6002046056955:::::&tz=5:00 HTTP/1.1" 503 12947
195.222.149.195 - - [05/Dec/2022:10:18:01 +0500] "GET /ords/api.HTP_ASPVK_DATA?nPVK_ID=0&vST_DT=05.12.2022%2008:10:36&vEND_DT=05.12.2022%2008:20:36 HTTP/1.1" 503 12947
46.146.210.91 - - [05/Dec/2022:10:18:14 +0500] "GET /ords/api.HTP_ASPVK_DATA?nPVK_ID=0&vST_DT=05.12.2022%2010:08:11&vEND_DT=05.12.2022%2010:18:11 HTTP/1.1" 503 12947
194.226.162.30 - - [05/Dec/2022:10:18:23 +0500] "GET /ords/f?p=101:1:6002046056955:::::&tz=5:00 HTTP/1.1" 503 12947
195.222.149.195 - - [05/Dec/2022:10:18:31 +0500] "GET /ords/api.HTP_ASPVK_DATA?nPVK_ID=0&vST_DT=05.12.2022%2008:11:06&vEND_DT=05.12.2022%2008:21:06 HTTP/1.1" 503 12947
46.146.210.91 - - [05/Dec/2022:10:18:44 +0500] "GET /ords/api.HTP_ASPVK_DATA?nPVK_ID=0&vST_DT=05.12.2022%2010:08:41&vEND_DT=05.12.2022%2010:18:41 HTTP/1.1" 503 12947
195.222.149.195 - - [05/Dec/2022:10:19:01 +0500] "GET /ords/api.HTP_ASPVK_DATA?nPVK_ID=0&vST_DT=05.12.2022%2008:11:36&vEND_DT=05.12.2022%2008:21:36 HTTP/1.1" 503 12947
46.146.210.91 - - [05/Dec/2022:10:19:14 +0500] "GET /ords/api.HTP_ASPVK_DATA?nPVK_ID=0&vST_DT=05.12.2022%2010:09:11&vEND_DT=05.12.2022%2010:19:11 HTTP/1.1" 503 12947
195.222.149.195 - - [05/Dec/2022:10:19:31 +0500] "GET /ords/api.HTP_ASPVK_DATA?nPVK_ID=0&vST_DT=05.12.2022%2008:12:06&vEND_DT=05.12.2022%2008:22:06 HTTP/1.1" 503 12947
46.146.210.91 - - [05/Dec/2022:10:19:44 +0500] "GET /ords/api.HTP_ASPVK_DATA?nPVK_ID=0&vST_DT=05.12.2022%2010:09:41&vEND_DT=05.12.2022%2010:19:41 HTTP/1.1" 503 12947
195.222.149.195 - - [05/Dec/2022:10:20:01 +0500] "GET /ords/api.HTP_ASPVK_DATA?nPVK_ID=0&vST_DT=05.12.2022%2008:12:36&vEND_DT=05.12.2022%2008:22:36 HTTP/1.1" 503 12947
46.146.210.91 - - [05/Dec/2022:10:20:14 +0500] "GET /ords/api.HTP_ASPVK_DATA?nPVK_ID=0&vST_DT=05.12.2022%2010:10:11&vEND_DT=05.12.2022%2010:20:11 HTTP/1.1" 503 12947
194.226.162.30 - - [05/Dec/2022:10:20:29 +0500] "GET /ords/f?p=101:210:0:&tz=5:00 HTTP/1.1" 503 12947
195.222.149.195 - - [05/Dec/2022:10:20:31 +0500] "GET /ords/api.HTP_ASPVK_DATA?nPVK_ID=0&vST_DT=05.12.2022%2008:13:06&vEND_DT=05.12.2022%2008:23:06 HTTP/1.1" 503 12947
46.146.210.91 - - [05/Dec/2022:10:20:44 +0500] "GET /ords/api.HTP_ASPVK_DATA?nPVK_ID=0&vST_DT=05.12.2022%2010:10:41&vEND_DT=05.12.2022%2010:20:41 HTTP/1.1" 503 12947
195.222.149.195 - - [05/Dec/2022:10:21:01 +0500] "GET /ords/api.HTP_ASPVK_DATA?nPVK_ID=0&vST_DT=05.12.2022%2008:13:36&vEND_DT=05.12.2022%2008:23:36 HTTP/1.1" 503 12947
89.250.218.102 - - [05/Dec/2022:10:21:03 +0500] "GET /ords/f?p=147:1:31622768440161::::: HTTP/1.1" 503 12947
46.146.210.91 - - [05/Dec/2022:10:21:14 +0500] "GET /ords/api.HTP_ASPVK_DATA?nPVK_ID=0&vST_DT=05.12.2022%2010:11:11&vEND_DT=05.12.2022%2010:21:11 HTTP/1.1" 503 12947
89.250.218.102 - - [05/Dec/2022:10:21:17 +0500] "GET /ords/f?p=101:1:8380236295685:::::&tz=5:00 HTTP/1.1" 503 12947
195.222.149.195 - - [05/Dec/2022:10:21:31 +0500] "GET /ords/api.HTP_ASPVK_DATA?nPVK_ID=0&vST_DT=05.12.2022%2008:14:06&vEND_DT=05.12.2022%2008:24:06 HTTP/1.1" 503 12947
46.146.210.91 - - [05/Dec/2022:10:21:44 +0500] "GET /ords/api.HTP_ASPVK_DATA?nPVK_ID=0&vST_DT=05.12.2022%2010:11:41&vEND_DT=05.12.2022%2010:21:41 HTTP/1.1" 503 12947
194.226.162.30 - - [05/Dec/2022:10:21:46 +0500] "GET /ords/f?p=101:1:6002046056955:::::&tz=5:00 HTTP/1.1" 503 12947
94.50.162.202 - - [05/Dec/2022:10:21:52 +0500] "GET /ords/f?p=101:210:0:&tz=3:00 HTTP/1.1" 503 12947
195.222.149.195 - - [05/Dec/2022:10:22:02 +0500] "GET /ords/api.HTP_ASPVK_DATA?nPVK_ID=0&vST_DT=05.12.2022%2008:14:36&vEND_DT=05.12.2022%2008:24:36 HTTP/1.1" 503 12947
46.146.210.91 - - [05/Dec/2022:10:22:14 +0500] "GET /ords/api.HTP_ASPVK_DATA?nPVK_ID=0&vST_DT=05.12.2022%2010:12:11&vEND_DT=05.12.2022%2010:22:11 HTTP/1.1" 503 12947
89.250.218.102 - - [05/Dec/2022:10:22:26 +0500] "GET /ords/f?p=147:1:31622768440161::::: HTTP/1.1" 503 12947
195.222.149.195 - - [05/Dec/2022:10:22:31 +0500] "GET /ords/api.HTP_ASPVK_DATA?nPVK_ID=0&vST_DT=05.12.2022%2008:15:06&vEND_DT=05.12.2022%2008:25:06 HTTP/1.1" 503 12947
89.250.218.102 - - [05/Dec/2022:10:22:35 +0500] "GET /ords/f?p=101:1:8380236295685:::::&tz=5:00 HTTP/1.1" 503 12947
46.146.210.91 - - [05/Dec/2022:10:22:44 +0500] "GET /ords/api.HTP_ASPVK_DATA?nPVK_ID=0&vST_DT=05.12.2022%2010:12:41&vEND_DT=05.12.2022%2010:22:41 HTTP/1.1" 503 12947
89.250.218.102 - - [05/Dec/2022:10:22:54 +0500] "GET /ords/f?p=101:1:8380236295685:::::&tz=5:00 HTTP/1.1" 503 12947
89.250.218.102 - - [05/Dec/2022:10:22:54 +0500] "GET /favicon.ico HTTP/1.1" 200 21630
195.222.149.195 - - [05/Dec/2022:10:23:02 +0500] "GET /ords/api.HTP_ASPVK_DATA?nPVK_ID=0&vST_DT=05.12.2022%2008:15:36&vEND_DT=05.12.2022%2008:25:36 HTTP/1.1" 503 12947
89.250.218.102 - - [05/Dec/2022:10:23:04 +0500] "GET /ords/f?p=101:1:8380236295685:::::&tz=5:00 HTTP/1.1" 503 12947
46.146.210.91 - - [05/Dec/2022:10:23:14 +0500] "GET /ords/api.HTP_ASPVK_DATA?nPVK_ID=0&vST_DT=05.12.2022%2010:13:11&vEND_DT=05.12.2022%2010:23:11 HTTP/1.1" 503 12947
195.222.149.195 - - [05/Dec/2022:10:23:32 +0500] "GET /ords/api.HTP_ASPVK_DATA?nPVK_ID=0&vST_DT=05.12.2022%2008:16:06&vEND_DT=05.12.2022%2008:26:06 HTTP/1.1" 503 12947
46.146.220.195 - - [05/Dec/2022:10:23:37 +0500] "GET / HTTP/1.1" 302 -
46.146.220.195 - - [05/Dec/2022:10:23:40 +0500] "GET /ords/f?p=101:210 HTTP/1.1" 503 12947
46.146.210.91 - - [05/Dec/2022:10:23:44 +0500] "GET /ords/api.HTP_ASPVK_DATA?nPVK_ID=0&vST_DT=05.12.2022%2010:13:41&vEND_DT=05.12.2022%2010:23:41 HTTP/1.1" 503 12947
195.222.149.195 - - [05/Dec/2022:10:24:02 +0500] "GET /ords/api.HTP_ASPVK_DATA?nPVK_ID=0&vST_DT=05.12.2022%2008:16:36&vEND_DT=05.12.2022%2008:26:36 HTTP/1.1" 503 12947
195.222.149.195 - - [05/Dec/2022:10:24:08 +0500] "GET /ords/api.HTP_ASPVK_DATA?nPVK_ID=0&vST_DT=04.12.2022%2008:26:42&vEND_DT=05.12.2022%2008:26:42 HTTP/1.1" 503 12947
46.146.210.91 - - [05/Dec/2022:10:24:14 +0500] "GET /ords/api.HTP_ASPVK_DATA?nPVK_ID=0&vST_DT=05.12.2022%2010:14:11&vEND_DT=05.12.2022%2010:24:11 HTTP/1.1" 503 12947
195.222.149.195 - - [05/Dec/2022:10:24:32 +0500] "GET /ords/api.HTP_ASPVK_DATA?nPVK_ID=0&vST_DT=05.12.2022%2008:17:06&vEND_DT=05.12.2022%2008:27:06 HTTP/1.1" 503 12947
46.146.210.91 - - [05/Dec/2022:10:24:45 +0500] "GET /ords/api.HTP_ASPVK_DATA?nPVK_ID=0&vST_DT=05.12.2022%2010:14:41&vEND_DT=05.12.2022%2010:24:41 HTTP/1.1" 503 12947
195.222.149.195 - - [05/Dec/2022:10:25:02 +0500] "GET /ords/api.HTP_ASPVK_DATA?nPVK_ID=0&vST_DT=05.12.2022%2008:17:36&vEND_DT=05.12.2022%2008:27:36 HTTP/1.1" 503 12947
46.146.210.91 - - [05/Dec/2022:10:25:15 +0500] "GET /ords/api.HTP_ASPVK_DATA?nPVK_ID=0&vST_DT=05.12.2022%2010:15:11&vEND_DT=05.12.2022%2010:25:11 HTTP/1.1" 503 12947
195.222.149.195 - - [05/Dec/2022:10:25:32 +0500] "GET /ords/api.HTP_ASPVK_DATA?nPVK_ID=0&vST_DT=05.12.2022%2008:18:06&vEND_DT=05.12.2022%2008:28:06 HTTP/1.1" 503 12947
46.146.210.91 - - [05/Dec/2022:10:25:45 +0500] "GET /ords/api.HTP_ASPVK_DATA?nPVK_ID=0&vST_DT=05.12.2022%2010:15:41&vEND_DT=05.12.2022%2010:25:41 HTTP/1.1" 503 12947
195.222.149.195 - - [05/Dec/2022:10:26:02 +0500] "GET /ords/api.HTP_ASPVK_DATA?nPVK_ID=0&vST_DT=05.12.2022%2008:18:36&vEND_DT=05.12.2022%2008:28:36 HTTP/1.1" 503 12947
37.79.22.195 - - [05/Dec/2022:10:26:12 +0500] "GET /ords/f?p=101:210 HTTP/1.1" 503 12947
46.146.210.91 - - [05/Dec/2022:10:26:15 +0500] "GET /ords/api.HTP_ASPVK_DATA?nPVK_ID=0&vST_DT=05.12.2022%2010:16:11&vEND_DT=05.12.2022%2010:26:11 HTTP/1.1" 503 12947
195.222.149.195 - - [05/Dec/2022:10:26:32 +0500] "GET /ords/api.HTP_ASPVK_DATA?nPVK_ID=0&vST_DT=05.12.2022%2008:19:07&vEND_DT=05.12.2022%2008:29:07 HTTP/1.1" 503 12947
46.146.210.91 - - [05/Dec/2022:10:26:45 +0500] "GET /ords/api.HTP_ASPVK_DATA?nPVK_ID=0&vST_DT=05.12.2022%2010:16:41&vEND_DT=05.12.2022%2010:26:41 HTTP/1.1" 503 12947
188.17.153.224 - - [05/Dec/2022:10:26:52 +0500] "GET /ords/f?p=101:1:13033038272873::::: HTTP/1.1" 503 12947
195.222.149.195 - - [05/Dec/2022:10:27:02 +0500] "GET /ords/api.HTP_ASPVK_DATA?nPVK_ID=0&vST_DT=05.12.2022%2008:19:37&vEND_DT=05.12.2022%2008:29:37 HTTP/1.1" 503 12947
46.146.210.91 - - [05/Dec/2022:10:27:15 +0500] "GET /ords/api.HTP_ASPVK_DATA?nPVK_ID=0&vST_DT=05.12.2022%2010:17:12&vEND_DT=05.12.2022%2010:27:12 HTTP/1.1" 503 12947
195.222.149.195 - - [05/Dec/2022:10:27:32 +0500] "GET /ords/api.HTP_ASPVK_DATA?nPVK_ID=0&vST_DT=05.12.2022%2008:20:07&vEND_DT=05.12.2022%2008:30:07 HTTP/1.1" 503 12947
46.146.210.91 - - [05/Dec/2022:10:27:45 +0500] "GET /ords/api.HTP_ASPVK_DATA?nPVK_ID=0&vST_DT=05.12.2022%2010:17:42&vEND_DT=05.12.2022%2010:27:42 HTTP/1.1" 503 12947
195.222.149.195 - - [05/Dec/2022:10:28:02 +0500] "GET /ords/api.HTP_ASPVK_DATA?nPVK_ID=0&vST_DT=05.12.2022%2008:20:37&vEND_DT=05.12.2022%2008:30:37 HTTP/1.1" 503 12947
194.226.162.30 - - [05/Dec/2022:10:28:07 +0500] "GET /ords/f?p=101:1:6002046056955:::::&tz=5:00 HTTP/1.1" 503 12947
46.146.210.91 - - [05/Dec/2022:10:28:15 +0500] "GET /ords/api.HTP_ASPVK_DATA?nPVK_ID=0&vST_DT=05.12.2022%2010:18:12&vEND_DT=05.12.2022%2010:28:12 HTTP/1.1" 503 12947
195.222.149.195 - - [05/Dec/2022:10:28:32 +0500] "GET /ords/api.HTP_ASPVK_DATA?nPVK_ID=0&vST_DT=05.12.2022%2008:21:07&vEND_DT=05.12.2022%2008:31:07 HTTP/1.1" 503 12947
217.151.131.77 - - [05/Dec/2022:10:28:37 +0500] "GET / HTTP/1.1" 302 -
217.151.131.77 - - [05/Dec/2022:10:28:40 +0500] "GET /ords/f?p=101:210 HTTP/1.1" 503 12947
46.146.210.91 - - [05/Dec/2022:10:28:45 +0500] "GET /ords/api.HTP_ASPVK_DATA?nPVK_ID=0&vST_DT=05.12.2022%2010:18:42&vEND_DT=05.12.2022%2010:28:42 HTTP/1.1" 503 12947
195.222.149.195 - - [05/Dec/2022:10:29:02 +0500] "GET /ords/api.HTP_ASPVK_DATA?nPVK_ID=0&vST_DT=05.12.2022%2008:21:37&vEND_DT=05.12.2022%2008:31:37 HTTP/1.1" 503 12947
46.146.210.91 - - [05/Dec/2022:10:29:15 +0500] "GET /ords/api.HTP_ASPVK_DATA?nPVK_ID=0&vST_DT=05.12.2022%2010:19:12&vEND_DT=05.12.2022%2010:29:12 HTTP/1.1" 503 12947
46.146.220.195 - - [05/Dec/2022:10:29:16 +0500] "GET / HTTP/1.1" 302 -
46.146.220.195 - - [05/Dec/2022:10:29:19 +0500] "GET /ords/f?p=101:210 HTTP/1.1" 503 12947
195.222.149.195 - - [05/Dec/2022:10:29:32 +0500] "GET /ords/api.HTP_ASPVK_DATA?nPVK_ID=0&vST_DT=05.12.2022%2008:22:07&vEND_DT=05.12.2022%2008:32:07 HTTP/1.1" 503 12947
46.146.210.91 - - [05/Dec/2022:10:29:45 +0500] "GET /ords/api.HTP_ASPVK_DATA?nPVK_ID=0&vST_DT=05.12.2022%2010:19:42&vEND_DT=05.12.2022%2010:29:42 HTTP/1.1" 503 12947
81.4.234.174 - - [05/Dec/2022:10:29:47 +0500] "GET /ords/f?p=101:210:0:::::&tz=5:00 HTTP/1.1" 503 12947
194.226.162.30 - - [05/Dec/2022:10:29:49 +0500] "GET /ords/f?p=101:1:6002046056955:::::&tz=5:00 HTTP/1.1" 503 12947
195.222.149.195 - - [05/Dec/2022:10:30:02 +0500] "GET /ords/api.HTP_ASPVK_DATA?nPVK_ID=0&vST_DT=05.12.2022%2008:22:37&vEND_DT=05.12.2022%2008:32:37 HTTP/1.1" 503 12947
194.226.162.30 - - [05/Dec/2022:10:30:03 +0500] "GET /ords/f?p=101:1:6002046056955:::::&tz=5:00 HTTP/1.1" 503 12947
46.146.210.91 - - [05/Dec/2022:10:30:15 +0500] "GET /ords/api.HTP_ASPVK_DATA?nPVK_ID=0&vST_DT=05.12.2022%2010:20:12&vEND_DT=05.12.2022%2010:30:12 HTTP/1.1" 503 12947
195.222.149.195 - - [05/Dec/2022:10:30:32 +0500] "GET /ords/api.HTP_ASPVK_DATA?nPVK_ID=0&vST_DT=05.12.2022%2008:23:07&vEND_DT=05.12.2022%2008:33:07 HTTP/1.1" 503 12947
46.146.210.91 - - [05/Dec/2022:10:30:45 +0500] "GET /ords/api.HTP_ASPVK_DATA?nPVK_ID=0&vST_DT=05.12.2022%2010:20:42&vEND_DT=05.12.2022%2010:30:42 HTTP/1.1" 503 12947
195.222.149.195 - - [05/Dec/2022:10:31:02 +0500] "GET /ords/api.HTP_ASPVK_DATA?nPVK_ID=0&vST_DT=05.12.2022%2008:23:37&vEND_DT=05.12.2022%2008:33:37 HTTP/1.1" 503 12947
46.146.210.91 - - [05/Dec/2022:10:31:15 +0500] "GET /ords/api.HTP_ASPVK_DATA?nPVK_ID=0&vST_DT=05.12.2022%2010:21:12&vEND_DT=05.12.2022%2010:31:12 HTTP/1.1" 503 12947
195.222.149.195 - - [05/Dec/2022:10:31:32 +0500] "GET /ords/api.HTP_ASPVK_DATA?nPVK_ID=0&vST_DT=05.12.2022%2008:24:07&vEND_DT=05.12.2022%2008:34:07 HTTP/1.1" 503 12947
46.146.210.91 - - [05/Dec/2022:10:31:45 +0500] "GET /ords/api.HTP_ASPVK_DATA?nPVK_ID=0&vST_DT=05.12.2022%2010:21:42&vEND_DT=05.12.2022%2010:31:42 HTTP/1.1" 503 12947
124.221.186.82 - - [05/Dec/2022:10:31:48 +0500] "GET / HTTP/1.1" 302 -
195.222.149.195 - - [05/Dec/2022:10:32:02 +0500] "GET /ords/api.HTP_ASPVK_DATA?nPVK_ID=0&vST_DT=05.12.2022%2008:24:37&vEND_DT=05.12.2022%2008:34:37 HTTP/1.1" 503 12947
46.146.210.91 - - [05/Dec/2022:10:32:15 +0500] "GET /ords/api.HTP_ASPVK_DATA?nPVK_ID=0&vST_DT=05.12.2022%2010:22:12&vEND_DT=05.12.2022%2010:32:12 HTTP/1.1" 503 12947
94.50.162.202 - - [05/Dec/2022:10:32:18 +0500] "GET /ords/f?p=101:210:0:&tz=3:00 HTTP/1.1" 503 12947
195.222.149.195 - - [05/Dec/2022:10:32:32 +0500] "GET /ords/api.HTP_ASPVK_DATA?nPVK_ID=0&vST_DT=05.12.2022%2008:25:07&vEND_DT=05.12.2022%2008:35:07 HTTP/1.1" 503 12947
46.146.210.91 - - [05/Dec/2022:10:32:45 +0500] "GET /ords/api.HTP_ASPVK_DATA?nPVK_ID=0&vST_DT=05.12.2022%2010:22:42&vEND_DT=05.12.2022%2010:32:42 HTTP/1.1" 503 12947
195.222.149.195 - - [05/Dec/2022:10:33:02 +0500] "GET /ords/api.HTP_ASPVK_DATA?nPVK_ID=0&vST_DT=05.12.2022%2008:25:37&vEND_DT=05.12.2022%2008:35:37 HTTP/1.1" 503 12947
80.94.92.40 - - [05/Dec/2022:10:33:04 +0500] "GET / HTTP/1.1" 302 -
124.221.186.82 - - [05/Dec/2022:10:33:07 +0500] "GET / HTTP/1.1" 302 -
46.146.210.91 - - [05/Dec/2022:10:33:15 +0500] "GET /ords/api.HTP_ASPVK_DATA?nPVK_ID=0&vST_DT=05.12.2022%2010:23:12&vEND_DT=05.12.2022%2010:33:12 HTTP/1.1" 503 12947
124.221.186.82 - - [05/Dec/2022:10:33:22 +0500] "GET / HTTP/1.1" 302 -
194.226.162.30 - - [05/Dec/2022:10:33:32 +0500] "GET /ords/f?p=101:1:6002046056955:::::&tz=5:00 HTTP/1.1" 503 12947
195.222.149.195 - - [05/Dec/2022:10:33:32 +0500] "GET /ords/api.HTP_ASPVK_DATA?nPVK_ID=0&vST_DT=05.12.2022%2008:26:07&vEND_DT=05.12.2022%2008:36:07 HTTP/1.1" 503 12947
124.221.186.82 - - [05/Dec/2022:10:33:38 +0500] "GET / HTTP/1.1" 302 -
46.146.210.91 - - [05/Dec/2022:10:33:45 +0500] "GET /ords/api.HTP_ASPVK_DATA?nPVK_ID=0&vST_DT=05.12.2022%2010:23:42&vEND_DT=05.12.2022%2010:33:42 HTTP/1.1" 503 12947
195.222.149.195 - - [05/Dec/2022:10:34:02 +0500] "GET /ords/api.HTP_ASPVK_DATA?nPVK_ID=0&vST_DT=05.12.2022%2008:26:37&vEND_DT=05.12.2022%2008:36:37 HTTP/1.1" 503 12947
46.146.210.91 - - [05/Dec/2022:10:34:15 +0500] "GET /ords/api.HTP_ASPVK_DATA?nPVK_ID=0&vST_DT=05.12.2022%2010:24:12&vEND_DT=05.12.2022%2010:34:12 HTTP/1.1" 503 12947
195.222.149.195 - - [05/Dec/2022:10:34:32 +0500] "GET /ords/api.HTP_ASPVK_DATA?nPVK_ID=0&vST_DT=05.12.2022%2008:27:07&vEND_DT=05.12.2022%2008:37:07 HTTP/1.1" 503 12947
46.146.210.91 - - [05/Dec/2022:10:34:45 +0500] "GET /ords/api.HTP_ASPVK_DATA?nPVK_ID=0&vST_DT=05.12.2022%2010:24:42&vEND_DT=05.12.2022%2010:34:42 HTTP/1.1" 503 12947
195.222.149.195 - - [05/Dec/2022:10:35:02 +0500] "GET /ords/api.HTP_ASPVK_DATA?nPVK_ID=0&vST_DT=05.12.2022%2008:27:37&vEND_DT=05.12.2022%2008:37:37 HTTP/1.1" 503 12947
46.146.210.91 - - [05/Dec/2022:10:35:15 +0500] "GET /ords/api.HTP_ASPVK_DATA?nPVK_ID=0&vST_DT=05.12.2022%2010:25:12&vEND_DT=05.12.2022%2010:35:12 HTTP/1.1" 503 12947
195.222.149.195 - - [05/Dec/2022:10:35:32 +0500] "GET /ords/api.HTP_ASPVK_DATA?nPVK_ID=0&vST_DT=05.12.2022%2008:28:07&vEND_DT=05.12.2022%2008:38:07 HTTP/1.1" 503 12947
89.250.223.216 - - [05/Dec/2022:10:35:37 +0500] "GET /ords/f?p=137:38:10548213860595::NO::: HTTP/1.1" 503 12947
46.146.210.91 - - [05/Dec/2022:10:35:45 +0500] "GET /ords/api.HTP_ASPVK_DATA?nPVK_ID=0&vST_DT=05.12.2022%2010:25:42&vEND_DT=05.12.2022%2010:35:42 HTTP/1.1" 503 12947
89.250.223.216 - - [05/Dec/2022:10:35:48 +0500] "GET / HTTP/1.1" 302 -
89.250.223.216 - - [05/Dec/2022:10:35:51 +0500] "GET /ords/f?p=101:210 HTTP/1.1" 503 12947
195.222.149.195 - - [05/Dec/2022:10:36:02 +0500] "GET /ords/api.HTP_ASPVK_DATA?nPVK_ID=0&vST_DT=05.12.2022%2008:28:37&vEND_DT=05.12.2022%2008:38:37 HTTP/1.1" 503 12947
46.146.210.91 - - [05/Dec/2022:10:36:15 +0500] "GET /ords/api.HTP_ASPVK_DATA?nPVK_ID=0&vST_DT=05.12.2022%2010:26:12&vEND_DT=05.12.2022%2010:36:12 HTTP/1.1" 503 12947
194.226.162.30 - - [05/Dec/2022:10:36:32 +0500] "GET /ords/f?p=101:1:6002046056955:::::&tz=5:00 HTTP/1.1" 503 12947
195.222.149.195 - - [05/Dec/2022:10:36:32 +0500] "GET /ords/api.HTP_ASPVK_DATA?nPVK_ID=0&vST_DT=05.12.2022%2008:29:07&vEND_DT=05.12.2022%2008:39:07 HTTP/1.1" 503 12947
46.146.210.91 - - [05/Dec/2022:10:36:45 +0500] "GET /ords/api.HTP_ASPVK_DATA?nPVK_ID=0&vST_DT=05.12.2022%2010:26:42&vEND_DT=05.12.2022%2010:36:42 HTTP/1.1" 503 12947
37.79.10.50 - - [05/Dec/2022:10:36:47 +0500] "GET /ords/f?p=101:210 HTTP/1.1" 503 12947
37.79.10.50 - - [05/Dec/2022:10:36:47 +0500] "GET /favicon.ico HTTP/1.1" 200 21630
194.226.162.30 - - [05/Dec/2022:10:36:53 +0500] "GET /ords/f?p=101:1:6002046056955:::::&tz=5:00 HTTP/1.1" 503 12947
195.222.149.195 - - [05/Dec/2022:10:37:02 +0500] "GET /ords/api.HTP_ASPVK_DATA?nPVK_ID=0&vST_DT=05.12.2022%2008:29:37&vEND_DT=05.12.2022%2008:39:37 HTTP/1.1" 503 12947
46.146.210.91 - - [05/Dec/2022:10:37:15 +0500] "GET /ords/api.HTP_ASPVK_DATA?nPVK_ID=0&vST_DT=05.12.2022%2010:27:12&vEND_DT=05.12.2022%2010:37:12 HTTP/1.1" 503 12947
195.222.149.195 - - [05/Dec/2022:10:37:32 +0500] "GET /ords/api.HTP_ASPVK_DATA?nPVK_ID=0&vST_DT=05.12.2022%2008:30:07&vEND_DT=05.12.2022%2008:40:07 HTTP/1.1" 503 12947
46.146.210.91 - - [05/Dec/2022:10:37:45 +0500] "GET /ords/api.HTP_ASPVK_DATA?nPVK_ID=0&vST_DT=05.12.2022%2010:27:42&vEND_DT=05.12.2022%2010:37:42 HTTP/1.1" 503 12947
46.146.202.91 - - [05/Dec/2022:10:37:56 +0500] "GET / HTTP/1.1" 302 -
46.146.202.91 - - [05/Dec/2022:10:37:59 +0500] "GET /ords/f?p=101:210 HTTP/1.1" 503 12947
195.222.149.195 - - [05/Dec/2022:10:38:02 +0500] "GET /ords/api.HTP_ASPVK_DATA?nPVK_ID=0&vST_DT=05.12.2022%2008:30:37&vEND_DT=05.12.2022%2008:40:37 HTTP/1.1" 503 12947
46.146.210.91 - - [05/Dec/2022:10:38:15 +0500] "GET /ords/api.HTP_ASPVK_DATA?nPVK_ID=0&vST_DT=05.12.2022%2010:28:12&vEND_DT=05.12.2022%2010:38:12 HTTP/1.1" 503 12947
194.226.162.30 - - [05/Dec/2022:10:38:28 +0500] "GET /ords/f?p=101:210:0:&tz=5:00 HTTP/1.1" 503 12947
195.222.149.195 - - [05/Dec/2022:10:38:32 +0500] "GET /ords/api.HTP_ASPVK_DATA?nPVK_ID=0&vST_DT=05.12.2022%2008:31:07&vEND_DT=05.12.2022%2008:41:07 HTTP/1.1" 503 12947
194.226.162.30 - - [05/Dec/2022:10:38:43 +0500] "GET /ords/f?p=101:1:6002046056955:::::&tz=5:00 HTTP/1.1" 503 12947
46.146.210.91 - - [05/Dec/2022:10:38:45 +0500] "GET /ords/api.HTP_ASPVK_DATA?nPVK_ID=0&vST_DT=05.12.2022%2010:28:42&vEND_DT=05.12.2022%2010:38:42 HTTP/1.1" 503 12947
178.47.143.146 - - [05/Dec/2022:10:38:53 +0500] "GET / HTTP/1.1" 302 -
178.47.143.146 - - [05/Dec/2022:10:38:56 +0500] "GET /ords/f?p=101:210 HTTP/1.1" 503 12947
195.222.149.195 - - [05/Dec/2022:10:39:02 +0500] "GET /ords/api.HTP_ASPVK_DATA?nPVK_ID=0&vST_DT=05.12.2022%2008:31:37&vEND_DT=05.12.2022%2008:41:37 HTTP/1.1" 503 12947
46.146.210.91 - - [05/Dec/2022:10:39:15 +0500] "GET /ords/api.HTP_ASPVK_DATA?nPVK_ID=0&vST_DT=05.12.2022%2010:29:12&vEND_DT=05.12.2022%2010:39:12 HTTP/1.1" 503 12947
195.222.149.195 - - [05/Dec/2022:10:39:32 +0500] "GET /ords/api.HTP_ASPVK_DATA?nPVK_ID=0&vST_DT=05.12.2022%2008:32:07&vEND_DT=05.12.2022%2008:42:07 HTTP/1.1" 503 12947
46.146.210.91 - - [05/Dec/2022:10:39:45 +0500] "GET /ords/api.HTP_ASPVK_DATA?nPVK_ID=0&vST_DT=05.12.2022%2010:29:42&vEND_DT=05.12.2022%2010:39:42 HTTP/1.1" 503 12947
195.222.149.195 - - [05/Dec/2022:10:40:03 +0500] "GET /ords/api.HTP_ASPVK_DATA?nPVK_ID=0&vST_DT=05.12.2022%2008:32:37&vEND_DT=05.12.2022%2008:42:37 HTTP/1.1" 503 12947
94.50.169.70 - - [05/Dec/2022:10:40:14 +0500] "GET / HTTP/1.1" 302 -
46.146.210.91 - - [05/Dec/2022:10:40:15 +0500] "GET /ords/api.HTP_ASPVK_DATA?nPVK_ID=0&vST_DT=05.12.2022%2010:30:12&vEND_DT=05.12.2022%2010:40:12 HTTP/1.1" 503 12947
94.50.169.70 - - [05/Dec/2022:10:40:17 +0500] "GET /ords/f?p=101:210 HTTP/1.1" 503 12947
195.222.149.195 - - [05/Dec/2022:10:40:33 +0500] "GET /ords/api.HTP_ASPVK_DATA?nPVK_ID=0&vST_DT=05.12.2022%2008:33:07&vEND_DT=05.12.2022%2008:43:07 HTTP/1.1" 503 12947
94.50.169.70 - - [05/Dec/2022:10:40:33 +0500] "GET /favicon.ico HTTP/1.1" 200 21630
94.50.169.70 - - [05/Dec/2022:10:40:39 +0500] "GET /ords/f?p=101:210:0:&tz=3:00 HTTP/1.1" 503 12947
46.146.210.91 - - [05/Dec/2022:10:40:45 +0500] "GET /ords/api.HTP_ASPVK_DATA?nPVK_ID=0&vST_DT=05.12.2022%2010:30:42&vEND_DT=05.12.2022%2010:40:42 HTTP/1.1" 503 12947
87.250.224.41 - - [05/Dec/2022:10:40:52 +0500] "GET /robots.txt HTTP/1.1" 404 1014
94.50.169.70 - - [05/Dec/2022:10:40:54 +0500] "GET /ords/f?p=101:1:5790457157513:::::&tz=5:00 HTTP/1.1" 503 12947
94.50.169.70 - - [05/Dec/2022:10:40:55 +0500] "GET /favicon.ico HTTP/1.1" 200 21630
87.250.224.41 - - [05/Dec/2022:10:40:59 +0500] "GET /ords/f?p=101:210 HTTP/1.1" 503 12947
195.222.149.195 - - [05/Dec/2022:10:41:03 +0500] "GET /ords/api.HTP_ASPVK_DATA?nPVK_ID=0&vST_DT=05.12.2022%2008:33:37&vEND_DT=05.12.2022%2008:43:37 HTTP/1.1" 503 12947
87.250.224.185 - - [05/Dec/2022:10:41:03 +0500] "GET /ords/f?p=101:210 HTTP/1.1" 503 12947
94.50.169.70 - - [05/Dec/2022:10:41:06 +0500] "GET /ords/f?p=101:1:5790457157513:::::&tz=5:00 HTTP/1.1" 503 12947
87.250.224.185 - - [05/Dec/2022:10:41:07 +0500] "GET /ords/f?p=101:210 HTTP/1.1" 503 12947
46.146.210.91 - - [05/Dec/2022:10:41:15 +0500] "GET /ords/api.HTP_ASPVK_DATA?nPVK_ID=0&vST_DT=05.12.2022%2010:31:12&vEND_DT=05.12.2022%2010:41:12 HTTP/1.1" 503 12947
195.222.149.195 - - [05/Dec/2022:10:41:33 +0500] "GET /ords/api.HTP_ASPVK_DATA?nPVK_ID=0&vST_DT=05.12.2022%2008:34:07&vEND_DT=05.12.2022%2008:44:07 HTTP/1.1" 503 12947
46.146.210.91 - - [05/Dec/2022:10:41:45 +0500] "GET /ords/api.HTP_ASPVK_DATA?nPVK_ID=0&vST_DT=05.12.2022%2010:31:42&vEND_DT=05.12.2022%2010:41:42 HTTP/1.1" 503 12947
195.222.149.195 - - [05/Dec/2022:10:42:03 +0500] "GET /ords/api.HTP_ASPVK_DATA?nPVK_ID=0&vST_DT=05.12.2022%2008:34:37&vEND_DT=05.12.2022%2008:44:37 HTTP/1.1" 503 12947
46.146.210.91 - - [05/Dec/2022:10:42:15 +0500] "GET /ords/api.HTP_ASPVK_DATA?nPVK_ID=0&vST_DT=05.12.2022%2010:32:12&vEND_DT=05.12.2022%2010:42:12 HTTP/1.1" 503 12947
195.222.149.195 - - [05/Dec/2022:10:42:33 +0500] "GET /ords/api.HTP_ASPVK_DATA?nPVK_ID=0&vST_DT=05.12.2022%2008:35:07&vEND_DT=05.12.2022%2008:45:07 HTTP/1.1" 503 12947
46.146.210.91 - - [05/Dec/2022:10:42:45 +0500] "GET /ords/api.HTP_ASPVK_DATA?nPVK_ID=0&vST_DT=05.12.2022%2010:32:42&vEND_DT=05.12.2022%2010:42:42 HTTP/1.1" 503 12947
195.222.149.195 - - [05/Dec/2022:10:43:03 +0500] "GET /ords/api.HTP_ASPVK_DATA?nPVK_ID=0&vST_DT=05.12.2022%2008:35:37&vEND_DT=05.12.2022%2008:45:37 HTTP/1.1" 503 12947
81.4.234.231 - - [05/Dec/2022:10:43:11 +0500] "GET / HTTP/1.1" 302 -
81.4.234.231 - - [05/Dec/2022:10:43:14 +0500] "GET /ords/f?p=101:210 HTTP/1.1" 503 12947
46.146.210.91 - - [05/Dec/2022:10:43:15 +0500] "GET /ords/api.HTP_ASPVK_DATA?nPVK_ID=0&vST_DT=05.12.2022%2010:33:12&vEND_DT=05.12.2022%2010:43:12 HTTP/1.1" 503 12947
46.146.220.195 - - [05/Dec/2022:10:43:25 +0500] "GET /ords/f?p=101:210:0:&tz=5:00 HTTP/1.1" 503 12947
195.222.149.195 - - [05/Dec/2022:10:43:33 +0500] "GET /ords/api.HTP_ASPVK_DATA?nPVK_ID=0&vST_DT=05.12.2022%2008:36:07&vEND_DT=05.12.2022%2008:46:07 HTTP/1.1" 503 12947
194.226.162.30 - - [05/Dec/2022:10:43:37 +0500] "GET /ords/f?p=101:1:6002046056955:::::&tz=5:00 HTTP/1.1" 503 12947
188.17.156.99 - - [05/Dec/2022:10:43:50 +0500] "GET /ords/f?p=137:38:8348169202669::NO:RP:: HTTP/1.1" 503 12947
188.17.156.99 - - [05/Dec/2022:10:43:56 +0500] "GET /ords/f?p=137:38:8348169202669::NO:RP:: HTTP/1.1" 503 12947
188.17.156.99 - - [05/Dec/2022:10:43:56 +0500] "GET /favicon.ico HTTP/1.1" 200 21630
195.222.149.195 - - [05/Dec/2022:10:44:03 +0500] "GET /ords/api.HTP_ASPVK_DATA?nPVK_ID=0&vST_DT=05.12.2022%2008:36:37&vEND_DT=05.12.2022%2008:46:37 HTTP/1.1" 503 12947
188.17.156.99 - - [05/Dec/2022:10:44:12 +0500] "GET /ords/f?p=137:38:8348169202669::NO:RP:: HTTP/1.1" 503 12947
46.146.210.91 - - [05/Dec/2022:10:44:25 +0500] "GET /ords/api.HTP_ASPVK_DATA?nPVK_ID=0&vST_DT=05.12.2022%2010:34:22&vEND_DT=05.12.2022%2010:44:22 HTTP/1.1" 503 12947
195.222.149.195 - - [05/Dec/2022:10:44:33 +0500] "GET /ords/api.HTP_ASPVK_DATA?nPVK_ID=0&vST_DT=05.12.2022%2008:37:08&vEND_DT=05.12.2022%2008:47:08 HTTP/1.1" 503 12947
194.226.162.30 - - [05/Dec/2022:10:44:39 +0500] "GET /ords/f?p=101:1:6002046056955:::::&tz=5:00 HTTP/1.1" 503 12947
46.146.210.91 - - [05/Dec/2022:10:44:55 +0500] "GET /ords/api.HTP_ASPVK_DATA?nPVK_ID=0&vST_DT=05.12.2022%2010:34:52&vEND_DT=05.12.2022%2010:44:52 HTTP/1.1" 503 12947
195.222.149.195 - - [05/Dec/2022:10:45:03 +0500] "GET /ords/api.HTP_ASPVK_DATA?nPVK_ID=0&vST_DT=05.12.2022%2008:37:38&vEND_DT=05.12.2022%2008:47:38 HTTP/1.1" 503 12947
46.146.210.91 - - [05/Dec/2022:10:45:25 +0500] "GET /ords/api.HTP_ASPVK_DATA?nPVK_ID=0&vST_DT=05.12.2022%2010:35:22&vEND_DT=05.12.2022%2010:45:22 HTTP/1.1" 503 12947
195.222.149.195 - - [05/Dec/2022:10:45:33 +0500] "GET /ords/api.HTP_ASPVK_DATA?nPVK_ID=0&vST_DT=05.12.2022%2008:38:08&vEND_DT=05.12.2022%2008:48:08 HTTP/1.1" 503 12947
46.146.210.91 - - [05/Dec/2022:10:45:55 +0500] "GET /ords/api.HTP_ASPVK_DATA?nPVK_ID=0&vST_DT=05.12.2022%2010:35:52&vEND_DT=05.12.2022%2010:45:52 HTTP/1.1" 503 12947
195.222.149.195 - - [05/Dec/2022:10:46:03 +0500] "GET /ords/api.HTP_ASPVK_DATA?nPVK_ID=0&vST_DT=05.12.2022%2008:38:38&vEND_DT=05.12.2022%2008:48:38 HTTP/1.1" 503 12947
46.146.210.91 - - [05/Dec/2022:10:46:25 +0500] "GET /ords/api.HTP_ASPVK_DATA?nPVK_ID=0&vST_DT=05.12.2022%2010:36:22&vEND_DT=05.12.2022%2010:46:22 HTTP/1.1" 503 12947
195.222.149.195 - - [05/Dec/2022:10:46:33 +0500] "GET /ords/api.HTP_ASPVK_DATA?nPVK_ID=0&vST_DT=05.12.2022%2008:39:08&vEND_DT=05.12.2022%2008:49:08 HTTP/1.1" 503 12947
178.47.137.93 - - [05/Dec/2022:10:46:40 +0500] "GET /ords/f?p=101:210:0:::::&tz=5:00 HTTP/1.1" 503 12947
46.146.210.91 - - [05/Dec/2022:10:46:55 +0500] "GET /ords/api.HTP_ASPVK_DATA?nPVK_ID=0&vST_DT=05.12.2022%2010:36:52&vEND_DT=05.12.2022%2010:46:52 HTTP/1.1" 503 12947
195.222.149.195 - - [05/Dec/2022:10:47:03 +0500] "GET /ords/api.HTP_ASPVK_DATA?nPVK_ID=0&vST_DT=05.12.2022%2008:39:38&vEND_DT=05.12.2022%2008:49:38 HTTP/1.1" 503 12947
178.161.254.155 - - [05/Dec/2022:10:47:12 +0500] "GET / HTTP/1.1" 302 -
178.161.254.155 - - [05/Dec/2022:10:47:15 +0500] "GET /ords/f?p=101:210 HTTP/1.1" 503 12947
46.146.210.91 - - [05/Dec/2022:10:47:25 +0500] "GET /ords/api.HTP_ASPVK_DATA?nPVK_ID=0&vST_DT=05.12.2022%2010:37:22&vEND_DT=05.12.2022%2010:47:22 HTTP/1.1" 503 12947
195.222.149.195 - - [05/Dec/2022:10:47:33 +0500] "GET /ords/api.HTP_ASPVK_DATA?nPVK_ID=0&vST_DT=05.12.2022%2008:40:08&vEND_DT=05.12.2022%2008:50:08 HTTP/1.1" 503 12947
46.146.210.91 - - [05/Dec/2022:10:47:55 +0500] "GET /ords/api.HTP_ASPVK_DATA?nPVK_ID=0&vST_DT=05.12.2022%2010:37:52&vEND_DT=05.12.2022%2010:47:52 HTTP/1.1" 503 12947
92.118.39.78 - - [05/Dec/2022:10:47:59 +0500] "GET / HTTP/1.1" 302 -
195.222.149.195 - - [05/Dec/2022:10:48:03 +0500] "GET /ords/api.HTP_ASPVK_DATA?nPVK_ID=0&vST_DT=05.12.2022%2008:40:38&vEND_DT=05.12.2022%2008:50:38 HTTP/1.1" 503 12947
46.146.210.91 - - [05/Dec/2022:10:48:25 +0500] "GET /ords/api.HTP_ASPVK_DATA?nPVK_ID=0&vST_DT=05.12.2022%2010:38:22&vEND_DT=05.12.2022%2010:48:22 HTTP/1.1" 503 12947
195.222.149.195 - - [05/Dec/2022:10:48:33 +0500] "GET /ords/api.HTP_ASPVK_DATA?nPVK_ID=0&vST_DT=05.12.2022%2008:41:08&vEND_DT=05.12.2022%2008:51:08 HTTP/1.1" 503 12947
194.226.162.30 - - [05/Dec/2022:10:48:42 +0500] "GET /ords/f?p=101:1:6002046056955:::::&tz=5:00 HTTP/1.1" 503 12947
46.146.210.91 - - [05/Dec/2022:10:48:55 +0500] "GET /ords/api.HTP_ASPVK_DATA?nPVK_ID=0&vST_DT=05.12.2022%2010:38:52&vEND_DT=05.12.2022%2010:48:52 HTTP/1.1" 503 12947
195.222.149.195 - - [05/Dec/2022:10:49:03 +0500] "GET /ords/api.HTP_ASPVK_DATA?nPVK_ID=0&vST_DT=05.12.2022%2008:41:38&vEND_DT=05.12.2022%2008:51:38 HTTP/1.1" 503 12947
46.146.210.91 - - [05/Dec/2022:10:49:25 +0500] "GET /ords/api.HTP_ASPVK_DATA?nPVK_ID=0&vST_DT=05.12.2022%2010:39:22&vEND_DT=05.12.2022%2010:49:22 HTTP/1.1" 503 12947
195.222.149.195 - - [05/Dec/2022:10:49:33 +0500] "GET /ords/api.HTP_ASPVK_DATA?nPVK_ID=0&vST_DT=05.12.2022%2008:42:08&vEND_DT=05.12.2022%2008:52:08 HTTP/1.1" 503 12947
46.146.210.91 - - [05/Dec/2022:10:49:55 +0500] "GET /ords/api.HTP_ASPVK_DATA?nPVK_ID=0&vST_DT=05.12.2022%2010:39:52&vEND_DT=05.12.2022%2010:49:52 HTTP/1.1" 503 12947
195.222.149.195 - - [05/Dec/2022:10:50:03 +0500] "GET /ords/api.HTP_ASPVK_DATA?nPVK_ID=0&vST_DT=05.12.2022%2008:42:38&vEND_DT=05.12.2022%2008:52:38 HTTP/1.1" 503 12947
194.226.162.30 - - [05/Dec/2022:10:50:12 +0500] "GET /ords/f?p=101:210:0:&tz=5:00 HTTP/1.1" 503 12947
46.146.210.91 - - [05/Dec/2022:10:50:25 +0500] "GET /ords/api.HTP_ASPVK_DATA?nPVK_ID=0&vST_DT=05.12.2022%2010:40:22&vEND_DT=05.12.2022%2010:50:22 HTTP/1.1" 503 12947
195.222.149.195 - - [05/Dec/2022:10:50:33 +0500] "GET /ords/api.HTP_ASPVK_DATA?nPVK_ID=0&vST_DT=05.12.2022%2008:43:08&vEND_DT=05.12.2022%2008:53:08 HTTP/1.1" 503 12947
37.79.10.50 - - [05/Dec/2022:10:50:53 +0500] "GET / HTTP/1.1" 302 -
46.146.210.91 - - [05/Dec/2022:10:50:55 +0500] "GET /ords/api.HTP_ASPVK_DATA?nPVK_ID=0&vST_DT=05.12.2022%2010:40:52&vEND_DT=05.12.2022%2010:50:52 HTTP/1.1" 503 12947
37.79.10.50 - - [05/Dec/2022:10:50:56 +0500] "GET /ords/f?p=101:210 HTTP/1.1" 503 12947
37.79.10.50 - - [05/Dec/2022:10:51:03 +0500] "GET / HTTP/1.1" 302 -
195.222.149.195 - - [05/Dec/2022:10:51:03 +0500] "GET /ords/api.HTP_ASPVK_DATA?nPVK_ID=0&vST_DT=05.12.2022%2008:43:38&vEND_DT=05.12.2022%2008:53:38 HTTP/1.1" 503 12947
37.79.10.50 - - [05/Dec/2022:10:51:06 +0500] "GET /ords/f?p=101:210 HTTP/1.1" 503 12947
80.94.92.40 - - [05/Dec/2022:10:51:10 +0500] "GET / HTTP/1.1" 302 -
194.226.162.30 - - [05/Dec/2022:10:51:20 +0500] "GET /ords/f?p=101:1:6002046056955:::::&tz=5:00 HTTP/1.1" 503 12947
46.146.210.91 - - [05/Dec/2022:10:51:25 +0500] "GET /ords/api.HTP_ASPVK_DATA?nPVK_ID=0&vST_DT=05.12.2022%2010:41:22&vEND_DT=05.12.2022%2010:51:22 HTTP/1.1" 503 12947
