46.146.220.195 - - [21/Dec/2022:09:46:19 +0500] "GET /ords/f?p=101:210 HTTP/1.1" 503 12947
194.226.162.30 - - [21/Dec/2022:09:46:25 +0500] "GET /ords/f?p=101:1:6002046056955:::::&tz=5:00 HTTP/1.1" 503 12947
46.146.210.91 - - [21/Dec/2022:09:46:31 +0500] "GET /ords/api.HTP_ASPVK_DATA?nPVK_ID=0&vST_DT=21.12.2022%2009:36:27&vEND_DT=21.12.2022%2009:46:27 HTTP/1.1" 503 12947
46.146.210.91 - - [21/Dec/2022:09:47:01 +0500] "GET /ords/api.HTP_ASPVK_DATA?nPVK_ID=0&vST_DT=21.12.2022%2009:36:57&vEND_DT=21.12.2022%2009:46:57 HTTP/1.1" 503 12947
195.222.149.195 - - [21/Dec/2022:09:47:32 +0500] "GET /ords/api.HTP_ASPVK_DATA?nPVK_ID=0&vST_DT=21.12.2022%2007:39:17&vEND_DT=21.12.2022%2007:49:17 HTTP/1.1" 503 12947
178.161.151.132 - - [21/Dec/2022:09:47:38 +0500] "GET /ords/f?p=101:210:0:::::&tz=5:00 HTTP/1.1" 503 12947
195.222.149.195 - - [21/Dec/2022:09:48:02 +0500] "GET /ords/api.HTP_ASPVK_DATA?nPVK_ID=0&vST_DT=21.12.2022%2007:40:47&vEND_DT=21.12.2022%2007:50:47 HTTP/1.1" 503 12947
194.226.162.30 - - [21/Dec/2022:09:48:02 +0500] "GET /ords/f?p=101:1:1968486122694::::: HTTP/1.1" 503 12947
46.146.210.91 - - [21/Dec/2022:09:48:31 +0500] "GET /ords/api.HTP_ASPVK_DATA?nPVK_ID=0&vST_DT=21.12.2022%2009:37:27&vEND_DT=21.12.2022%2009:47:27 HTTP/1.1" 503 12947
195.222.149.195 - - [21/Dec/2022:09:48:35 +0500] "GET /ords/api.HTP_ASPVK_DATA?nPVK_ID=0&vST_DT=21.12.2022%2007:41:17&vEND_DT=21.12.2022%2007:51:17 HTTP/1.1" 503 12947
193.169.110.189 - - [21/Dec/2022:09:48:38 +0500] "GET / HTTP/1.1" 302 -
194.226.162.30 - - [21/Dec/2022:09:48:42 +0500] "GET /ords/f?p=101:210 HTTP/1.1" 503 12947
217.151.131.77 - - [21/Dec/2022:09:48:42 +0500] "GET / HTTP/1.1" 302 -
217.151.131.77 - - [21/Dec/2022:09:48:45 +0500] "GET /ords/f?p=101:210 HTTP/1.1" 503 12947
217.151.131.77 - - [21/Dec/2022:09:48:45 +0500] "GET /favicon.ico HTTP/1.1" 200 21630
92.118.39.29 - - [21/Dec/2022:09:48:53 +0500] "GET / HTTP/1.1" 302 -
194.226.162.30 - - [21/Dec/2022:09:48:59 +0500] "GET /ords/f?p=101:1:1968486122694::::: HTTP/1.1" 503 12947
46.146.210.91 - - [21/Dec/2022:09:49:01 +0500] "GET /ords/api.HTP_ASPVK_DATA?nPVK_ID=0&vST_DT=21.12.2022%2009:38:57&vEND_DT=21.12.2022%2009:48:57 HTTP/1.1" 503 12947
195.222.149.195 - - [21/Dec/2022:09:49:15 +0500] "GET /ords/api.HTP_ASPVK_DATA?nPVK_ID=0&vST_DT=21.12.2022%2007:41:47&vEND_DT=21.12.2022%2007:51:47 HTTP/1.1" 503 12947
46.146.210.91 - - [21/Dec/2022:09:49:32 +0500] "GET /ords/api.HTP_ASPVK_DATA?nPVK_ID=0&vST_DT=21.12.2022%2009:39:27&vEND_DT=21.12.2022%2009:49:27 HTTP/1.1" 503 12947
217.151.131.77 - - [21/Dec/2022:09:49:33 +0500] "GET / HTTP/1.1" 302 -
217.151.131.77 - - [21/Dec/2022:09:49:38 +0500] "GET /ords/f?p=101:210 HTTP/1.1" 503 12947
193.169.110.189 - - [21/Dec/2022:09:49:42 +0500] "GET /ords/f?p=101:210 HTTP/1.1" 503 12947
193.169.110.189 - - [21/Dec/2022:09:49:42 +0500] "GET / HTTP/1.1" 302 -
195.222.149.195 - - [21/Dec/2022:09:49:56 +0500] "GET /ords/api.HTP_ASPVK_DATA?nPVK_ID=0&vST_DT=21.12.2022%2007:42:27&vEND_DT=21.12.2022%2007:52:27 HTTP/1.1" 503 12947
194.226.162.30 - - [21/Dec/2022:09:49:59 +0500] "GET /ords/f?p=101:210 HTTP/1.1" 503 12947
46.146.210.91 - - [21/Dec/2022:09:50:03 +0500] "GET /ords/api.HTP_ASPVK_DATA?nPVK_ID=0&vST_DT=21.12.2022%2009:39:57&vEND_DT=21.12.2022%2009:49:57 HTTP/1.1" 503 12947
195.222.149.195 - - [21/Dec/2022:09:50:22 +0500] "GET /ords/api.HTP_ASPVK_DATA?nPVK_ID=0&vST_DT=21.12.2022%2007:43:07&vEND_DT=21.12.2022%2007:53:07 HTTP/1.1" 503 12947
217.151.131.77 - - [21/Dec/2022:09:50:23 +0500] "GET /ords/f?p=101:210:0:&tz=3:00 HTTP/1.1" 503 12947
193.169.110.189 - - [21/Dec/2022:09:50:45 +0500] "GET /ords/f?p=101:210 HTTP/1.1" 503 12947
92.255.133.18 - - [21/Dec/2022:09:51:03 +0500] "GET /ords/f?p=137:38:12278031306853:::: HTTP/1.1" 503 12947
81.4.255.137 - - [21/Dec/2022:09:51:09 +0500] "GET /ords/f?p=101:210:0:&tz=3:00 HTTP/1.1" 503 12947
212.33.243.160 - - [21/Dec/2022:09:51:11 +0500] "GET /ords/f?p=101:210:0:::::&tz=5:00 HTTP/1.1" 503 12947
92.255.133.18 - - [21/Dec/2022:09:51:14 +0500] "GET /ords/f?p=137:38:12278031306853:::: HTTP/1.1" 503 12947
81.4.255.137 - - [21/Dec/2022:09:51:23 +0500] "GET / HTTP/1.1" 302 -
81.4.255.137 - - [21/Dec/2022:09:51:26 +0500] "GET /ords/f?p=101:210 HTTP/1.1" 503 12947
46.146.210.91 - - [21/Dec/2022:09:51:31 +0500] "GET /ords/api.HTP_ASPVK_DATA?nPVK_ID=0&vST_DT=21.12.2022%2009:40:27&vEND_DT=21.12.2022%2009:50:27 HTTP/1.1" 503 12947
81.4.255.137 - - [21/Dec/2022:09:51:38 +0500] "GET / HTTP/1.1" 302 -
81.4.255.137 - - [21/Dec/2022:09:51:41 +0500] "GET /ords/f?p=101:210 HTTP/1.1" 503 12947
212.33.242.226 - - [21/Dec/2022:09:51:42 +0500] "GET /ords/f?p=101:210:0:::::&tz=5:00 HTTP/1.1" 503 12947
195.222.149.195 - - [21/Dec/2022:09:51:55 +0500] "GET /ords/api.HTP_ASPVK_DATA?nPVK_ID=0&vST_DT=21.12.2022%2007:43:37&vEND_DT=21.12.2022%2007:53:37 HTTP/1.1" 503 12947
195.222.149.195 - - [21/Dec/2022:09:52:24 +0500] "GET /ords/api.HTP_ASPVK_DATA?nPVK_ID=0&vST_DT=21.12.2022%2007:45:07&vEND_DT=21.12.2022%2007:55:07 HTTP/1.1" 503 12947
46.146.210.91 - - [21/Dec/2022:09:52:32 +0500] "GET /ords/api.HTP_ASPVK_DATA?nPVK_ID=0&vST_DT=21.12.2022%2009:41:57&vEND_DT=21.12.2022%2009:51:57 HTTP/1.1" 503 12947
195.222.149.195 - - [21/Dec/2022:09:52:53 +0500] "GET /ords/api.HTP_ASPVK_DATA?nPVK_ID=0&vST_DT=21.12.2022%2007:45:37&vEND_DT=21.12.2022%2007:55:37 HTTP/1.1" 503 12947
46.146.220.195 - - [21/Dec/2022:09:53:03 +0500] "GET /ords/f?p=101:210:0:&tz=5:00 HTTP/1.1" 503 12947
195.222.149.195 - - [21/Dec/2022:09:53:24 +0500] "GET /ords/api.HTP_ASPVK_DATA?nPVK_ID=0&vST_DT=21.12.2022%2007:46:07&vEND_DT=21.12.2022%2007:56:07 HTTP/1.1" 503 12947
194.226.162.30 - - [21/Dec/2022:09:53:37 +0500] "GET /ords/f?p=101:1:6002046056955:::::&tz=5:00 HTTP/1.1" 503 12947
195.222.149.195 - - [21/Dec/2022:09:53:52 +0500] "GET /ords/api.HTP_ASPVK_DATA?nPVK_ID=0&vST_DT=21.12.2022%2007:46:37&vEND_DT=21.12.2022%2007:56:37 HTTP/1.1" 503 12947
217.151.131.77 - - [21/Dec/2022:09:53:55 +0500] "GET /ords/f?p=101:210:0:&tz=3:00 HTTP/1.1" 503 12947
46.146.210.91 - - [21/Dec/2022:09:54:03 +0500] "GET /ords/api.HTP_ASPVK_DATA?nPVK_ID=0&vST_DT=21.12.2022%2009:42:57&vEND_DT=21.12.2022%2009:52:57 HTTP/1.1" 503 12947
91.218.103.75 - - [21/Dec/2022:09:54:10 +0500] "GET / HTTP/1.1" 302 -
91.218.103.75 - - [21/Dec/2022:09:54:14 +0500] "GET /ords/f?p=101:210 HTTP/1.1" 503 12947
91.218.103.75 - - [21/Dec/2022:09:54:19 +0500] "GET / HTTP/1.1" 302 -
195.222.149.195 - - [21/Dec/2022:09:54:24 +0500] "GET /ords/api.HTP_ASPVK_DATA?nPVK_ID=0&vST_DT=21.12.2022%2007:47:07&vEND_DT=21.12.2022%2007:57:07 HTTP/1.1" 503 12947
46.146.210.91 - - [21/Dec/2022:09:54:31 +0500] "GET /ords/api.HTP_ASPVK_DATA?nPVK_ID=0&vST_DT=21.12.2022%2009:44:27&vEND_DT=21.12.2022%2009:54:27 HTTP/1.1" 503 12947
185.158.113.53 - - [21/Dec/2022:09:54:35 +0500] "GET / HTTP/1.1" 302 -
193.169.110.189 - - [21/Dec/2022:09:54:36 +0500] "GET / HTTP/1.1" 302 -
185.158.113.53 - - [21/Dec/2022:09:54:38 +0500] "GET /ords/f?p=101:210 HTTP/1.1" 503 12947
193.169.110.189 - - [21/Dec/2022:09:54:39 +0500] "GET /ords/f?p=101:210 HTTP/1.1" 503 12947
193.169.110.189 - - [21/Dec/2022:09:54:39 +0500] "GET / HTTP/1.1" 302 -
185.158.113.53 - - [21/Dec/2022:09:54:41 +0500] "GET /ords/f?p=101:210 HTTP/1.1" 503 12947
185.158.113.53 - - [21/Dec/2022:09:54:41 +0500] "GET /robots.txt HTTP/1.1" 404 1014
193.169.110.189 - - [21/Dec/2022:09:54:42 +0500] "GET /ords/f?p=101:210 HTTP/1.1" 503 12947
217.151.131.77 - - [21/Dec/2022:09:54:42 +0500] "GET /favicon.ico HTTP/1.1" 200 21630
185.158.113.53 - - [21/Dec/2022:09:54:42 +0500] "GET / HTTP/1.1" 302 -
185.158.113.53 - - [21/Dec/2022:09:54:42 +0500] "GET / HTTP/1.1" 302 -
185.158.113.53 - - [21/Dec/2022:09:54:45 +0500] "GET /ords/f?p=101:210 HTTP/1.1" 503 12947
91.218.103.75 - - [21/Dec/2022:09:54:50 +0500] "GET /ords/f?p=101:210 HTTP/1.1" 503 12947
195.222.149.195 - - [21/Dec/2022:09:54:56 +0500] "GET /ords/api.HTP_ASPVK_DATA?nPVK_ID=0&vST_DT=21.12.2022%2007:47:37&vEND_DT=21.12.2022%2007:57:37 HTTP/1.1" 503 12947
46.146.220.195 - - [21/Dec/2022:09:54:57 +0500] "GET /ords/f?p=101:210:0:&tz=5:00 HTTP/1.1" 503 12947
46.146.210.91 - - [21/Dec/2022:09:55:01 +0500] "GET /ords/api.HTP_ASPVK_DATA?nPVK_ID=0&vST_DT=21.12.2022%2009:44:57&vEND_DT=21.12.2022%2009:54:57 HTTP/1.1" 503 12947
66.29.152.203 - - [21/Dec/2022:09:55:05 +0500] "GET / HTTP/1.1" 302 -
66.29.152.203 - - [21/Dec/2022:09:55:06 +0500] "GET / HTTP/1.1" 302 -
66.29.152.203 - - [21/Dec/2022:09:55:10 +0500] "GET /ords/f?p=101:210 HTTP/1.1" 503 12947
195.222.149.195 - - [21/Dec/2022:09:55:22 +0500] "GET /ords/api.HTP_ASPVK_DATA?nPVK_ID=0&vST_DT=21.12.2022%2007:48:07&vEND_DT=21.12.2022%2007:58:07 HTTP/1.1" 503 12947
46.146.210.91 - - [21/Dec/2022:09:55:29 +0500] "GET /ords/api.HTP_ASPVK_DATA?nPVK_ID=0&vST_DT=21.12.2022%2009:45:27&vEND_DT=21.12.2022%2009:55:27 HTTP/1.1" 503 12947
195.222.149.195 - - [21/Dec/2022:09:55:59 +0500] "GET /ords/api.HTP_ASPVK_DATA?nPVK_ID=0&vST_DT=21.12.2022%2007:48:37&vEND_DT=21.12.2022%2007:58:37 HTTP/1.1" 200 121
81.4.255.137 - - [21/Dec/2022:09:55:59 +0500] "GET /ords/f?p=101:210 HTTP/1.1" 200 453
46.146.210.91 - - [21/Dec/2022:09:56:01 +0500] "GET /ords/api.HTP_ASPVK_DATA?nPVK_ID=0&vST_DT=21.12.2022%2009:45:57&vEND_DT=21.12.2022%2009:55:57 HTTP/1.1" 200 121
195.222.149.195 - - [21/Dec/2022:09:56:03 +0500] "GET /ords/api.HTP_ASPVK_DATA?nPVK_ID=0&vST_DT=21.12.2022%2007:48:47&vEND_DT=21.12.2022%2007:58:47 HTTP/1.1" 200 121
217.151.131.77 - - [21/Dec/2022:09:56:08 +0500] "GET / HTTP/1.1" 302 -
46.146.210.91 - - [21/Dec/2022:09:56:11 +0500] "GET /ords/api.HTP_ASPVK_DATA?nPVK_ID=0&vST_DT=21.12.2022%2009:46:07&vEND_DT=21.12.2022%2009:56:07 HTTP/1.1" 200 121
217.151.131.77 - - [21/Dec/2022:09:56:12 +0500] "GET /ords/f?p=101:210 HTTP/1.1" 200 453
195.222.149.195 - - [21/Dec/2022:09:56:14 +0500] "GET /ords/api.HTP_ASPVK_DATA?nPVK_ID=0&vST_DT=21.12.2022%2007:48:57&vEND_DT=21.12.2022%2007:58:57 HTTP/1.1" 200 121
81.4.255.137 - - [21/Dec/2022:09:56:14 +0500] "GET /ords/f?p=101:210:0:&tz=5:00 HTTP/1.1" 200 16229
81.4.255.137 - - [21/Dec/2022:09:56:14 +0500] "GET /i/themes/theme_15/theme_4_0.css HTTP/1.1" 200 38280
81.4.255.137 - - [21/Dec/2022:09:56:14 +0500] "GET /i/app_ui/css/Core.min.css?v=18.2.0.00.12 HTTP/1.1" 200 127295
81.4.255.137 - - [21/Dec/2022:09:56:14 +0500] "GET /i/app_ui/css/Theme-Standard.min.css?v=18.2.0.00.12 HTTP/1.1" 200 25242
81.4.255.137 - - [21/Dec/2022:09:56:14 +0500] "GET /i/libraries/jquery-ui/1.12.0/jquery-ui-apex.min.css?v=18.2.0.00.12 HTTP/1.1" 200 29497
81.4.255.137 - - [21/Dec/2022:09:56:14 +0500] "GET /i/legacy_ui/css/5.0.min.css?v=18.2.0.00.12 HTTP/1.1" 200 26003
81.4.255.137 - - [21/Dec/2022:09:56:14 +0500] "GET /i/libraries/apex/minified/desktop.min.js?v=18.2.0.00.12 HTTP/1.1" 200 353354
81.4.255.137 - - [21/Dec/2022:09:56:14 +0500] "GET /i/libraries/apex/minified/legacy_18.min.js?v=18.2.0.00.12 HTTP/1.1" 200 17611
81.4.255.137 - - [21/Dec/2022:09:56:14 +0500] "GET /i/libraries/apex/minified/legacy_pre18.min.js?v=18.2.0.00.12 HTTP/1.1" 200 17984
217.151.131.77 - - [21/Dec/2022:09:56:19 +0500] "GET /ords/f?p=101:210:0:&tz=5:00 HTTP/1.1" 200 16231
217.151.131.77 - - [21/Dec/2022:09:56:19 +0500] "GET /i/themes/theme_15/theme_4_0.css HTTP/1.1" 200 38280
81.4.255.137 - - [21/Dec/2022:09:56:19 +0500] "GET /ords/r/r/files/static/v74Y/softplus_101.js HTTP/1.1" 503 13127
81.4.255.137 - - [21/Dec/2022:09:56:19 +0500] "GET /ords/r/r/files/static/v74Y/bsn.AutoSuggest_2.1.3.js HTTP/1.1" 503 13127
81.4.255.137 - - [21/Dec/2022:09:56:19 +0500] "GET /ords/r/r/files/static/v74Y/autosuggest_inquisitor.css HTTP/1.1" 503 13127
81.4.255.137 - - [21/Dec/2022:09:56:19 +0500] "GET /ords/r/r/files/static/v74Y/esia_auth.js HTTP/1.1" 503 13127
217.151.131.77 - - [21/Dec/2022:09:56:19 +0500] "GET /i/libraries/apex/minified/desktop.min.js?v=18.2.0.00.12 HTTP/1.1" 200 353354
217.151.131.77 - - [21/Dec/2022:09:56:19 +0500] "GET /i/app_ui/css/Core.min.css?v=18.2.0.00.12 HTTP/1.1" 200 127295
81.4.255.137 - - [21/Dec/2022:09:56:19 +0500] "GET /i/f_spacer.gif HTTP/1.1" 200 49
217.151.131.77 - - [21/Dec/2022:09:56:19 +0500] "GET /i/legacy_ui/css/5.0.min.css?v=18.2.0.00.12 HTTP/1.1" 200 26003
217.151.131.77 - - [21/Dec/2022:09:56:19 +0500] "GET /i/app_ui/css/Theme-Standard.min.css?v=18.2.0.00.12 HTTP/1.1" 200 25242
217.151.131.77 - - [21/Dec/2022:09:56:19 +0500] "GET /i/libraries/apex/minified/legacy_18.min.js?v=18.2.0.00.12 HTTP/1.1" 200 17611
217.151.131.77 - - [21/Dec/2022:09:56:19 +0500] "GET /i/libraries/jquery-ui/1.12.0/jquery-ui-apex.min.css?v=18.2.0.00.12 HTTP/1.1" 200 29497
217.151.131.77 - - [21/Dec/2022:09:56:19 +0500] "GET /i/libraries/apex/minified/legacy_pre18.min.js?v=18.2.0.00.12 HTTP/1.1" 200 17984
46.146.210.91 - - [21/Dec/2022:09:56:19 +0500] "GET /ords/api.HTP_ASPVK_DATA?nPVK_ID=0&vST_DT=21.12.2022%2009:46:17&vEND_DT=21.12.2022%2009:56:17 HTTP/1.1" 200 121
195.222.149.195 - - [21/Dec/2022:09:56:20 +0500] "GET /ords/api.HTP_ASPVK_DATA?nPVK_ID=0&vST_DT=21.12.2022%2007:49:07&vEND_DT=21.12.2022%2007:59:07 HTTP/1.1" 200 121
217.151.131.77 - - [21/Dec/2022:09:56:20 +0500] "GET /ords/r/r/files/static/v74Y/autosuggest_inquisitor.css HTTP/1.1" 503 13127
81.4.255.137 - - [21/Dec/2022:09:56:21 +0500] "GET /ords/r/r/files/static/v74Y/Z_TECHNO_LOGO_white.png HTTP/1.1" 200 22182
217.151.131.77 - - [21/Dec/2022:09:56:21 +0500] "GET /ords/r/r/files/static/v74Y/softplus_101.js HTTP/1.1" 200 23382
217.151.131.77 - - [21/Dec/2022:09:56:21 +0500] "GET /ords/r/r/files/static/v74Y/esia_auth.js HTTP/1.1" 200 4791
217.151.131.77 - - [21/Dec/2022:09:56:21 +0500] "GET /ords/r/r/files/static/v74Y/bsn.AutoSuggest_2.1.3.js HTTP/1.1" 200 36099
217.151.131.77 - - [21/Dec/2022:09:56:21 +0500] "GET /i/f_spacer.gif HTTP/1.1" 200 49
46.146.222.133 - - [21/Dec/2022:09:56:22 +0500] "GET / HTTP/1.1" 302 -
217.151.131.77 - - [21/Dec/2022:09:56:22 +0500] "GET /ords/r/r/files/static/v74Y/Z_TECHNO_LOGO_white.png HTTP/1.1" 200 22182
81.4.255.137 - - [21/Dec/2022:09:56:22 +0500] "GET /ords/r/r/files/static/v74Y/bg_perm_road.jpg HTTP/1.1" 200 976540
81.4.255.137 - - [21/Dec/2022:09:56:22 +0500] "GET /ords/r/r/files/static/v74Y/Z_TECHNO_FAV.ico HTTP/1.1" 200 15107
46.146.222.133 - - [21/Dec/2022:09:56:23 +0500] "GET /ords/f?p=101:210 HTTP/1.1" 200 453
217.151.131.77 - - [21/Dec/2022:09:56:23 +0500] "GET /ords/r/r/files/static/v74Y/bg_perm_road.jpg HTTP/1.1" 200 976540
217.151.131.77 - - [21/Dec/2022:09:56:25 +0500] "GET /ords/r/r/files/static/v74Y/Z_TECHNO_FAV.ico HTTP/1.1" 200 15107
46.146.222.133 - - [21/Dec/2022:09:56:25 +0500] "GET /ords/f?p=101:210:0:&tz=5:00 HTTP/1.1" 200 16253
46.146.210.91 - - [21/Dec/2022:09:56:29 +0500] "GET /ords/api.HTP_ASPVK_DATA?nPVK_ID=0&vST_DT=21.12.2022%2009:46:27&vEND_DT=21.12.2022%2009:56:27 HTTP/1.1" 200 121
195.222.149.195 - - [21/Dec/2022:09:56:30 +0500] "GET /ords/api.HTP_ASPVK_DATA?nPVK_ID=0&vST_DT=21.12.2022%2007:49:17&vEND_DT=21.12.2022%2007:59:17 HTTP/1.1" 200 121
46.146.222.133 - - [21/Dec/2022:09:56:34 +0500] "POST /ords/wwv_flow.accept HTTP/1.1" 302 5
46.146.222.133 - - [21/Dec/2022:09:56:35 +0500] "GET /ords/f?p=101:1:4852757019611::::: HTTP/1.1" 200 502
185.158.113.53 - - [21/Dec/2022:09:56:36 +0500] "GET / HTTP/1.1" 302 -
185.158.113.53 - - [21/Dec/2022:09:56:37 +0500] "GET /ords/f?p=101:210 HTTP/1.1" 200 453
185.158.113.53 - - [21/Dec/2022:09:56:37 +0500] "GET /ords/f?p=101:210 HTTP/1.1" 200 453
185.158.113.53 - - [21/Dec/2022:09:56:37 +0500] "GET /robots.txt HTTP/1.1" 404 1014
46.146.222.133 - - [21/Dec/2022:09:56:37 +0500] "GET /ords/f?p=101:1:4852757019611:::::&tz=5:00 HTTP/1.1" 200 10155
46.146.210.91 - - [21/Dec/2022:09:56:39 +0500] "GET /ords/api.HTP_ASPVK_DATA?nPVK_ID=0&vST_DT=21.12.2022%2009:46:37&vEND_DT=21.12.2022%2009:56:37 HTTP/1.1" 200 121
195.222.149.195 - - [21/Dec/2022:09:56:40 +0500] "GET /ords/api.HTP_ASPVK_DATA?nPVK_ID=0&vST_DT=21.12.2022%2007:49:27&vEND_DT=21.12.2022%2007:59:27 HTTP/1.1" 200 121
81.4.255.137 - - [21/Dec/2022:09:56:44 +0500] "POST /ords/wwv_flow.accept HTTP/1.1" 302 5
81.4.255.137 - - [21/Dec/2022:09:56:45 +0500] "GET /ords/f?p=101:1:12419048767444::::: HTTP/1.1" 200 504
81.4.255.137 - - [21/Dec/2022:09:56:46 +0500] "GET /ords/f?p=101:1:12419048767444:::::&tz=5:00 HTTP/1.1" 200 13490
81.4.255.137 - - [21/Dec/2022:09:56:47 +0500] "GET /i/libraries/apex/minified/desktop.min.js?v=4.2.2.00.11 HTTP/1.1" 200 353354
81.4.255.137 - - [21/Dec/2022:09:56:47 +0500] "GET /i/libraries/apex/minified/legacy.min.js?v=4.2.2.00.11 HTTP/1.1" 200 18268
81.4.255.137 - - [21/Dec/2022:09:56:48 +0500] "GET /ords/r/r/files/static/v74Y/autosuggest_inquisitor.css HTTP/1.1" 200 2786
81.4.255.137 - - [21/Dec/2022:09:56:49 +0500] "GET /ords/r/r/files/static/v74Y/bsn.AutoSuggest_2.1.3.js HTTP/1.1" 200 36099
46.146.210.91 - - [21/Dec/2022:09:56:49 +0500] "GET /ords/api.HTP_ASPVK_DATA?nPVK_ID=0&vST_DT=21.12.2022%2009:46:47&vEND_DT=21.12.2022%2009:56:47 HTTP/1.1" 200 121
81.4.255.137 - - [21/Dec/2022:09:56:49 +0500] "GET /ords/r/r/files/static/v74Y/softplus_101.js HTTP/1.1" 200 23382
81.4.255.137 - - [21/Dec/2022:09:56:49 +0500] "GET /i/themes/theme_15/page_line_center.gif HTTP/1.1" 200 92
81.4.255.137 - - [21/Dec/2022:09:56:49 +0500] "GET /i/fndtip11.gif HTTP/1.1" 200 218
81.4.255.137 - - [21/Dec/2022:09:56:49 +0500] "GET /i/menu/client_32.gif HTTP/1.1" 200 1551
81.4.255.137 - - [21/Dec/2022:09:56:49 +0500] "GET /i/menu/report_32.gif HTTP/1.1" 200 1586
195.222.149.195 - - [21/Dec/2022:09:56:49 +0500] "GET /ords/api.HTP_ASPVK_DATA?nPVK_ID=0&vST_DT=21.12.2022%2007:49:37&vEND_DT=21.12.2022%2007:59:37 HTTP/1.1" 200 121
46.146.210.91 - - [21/Dec/2022:09:56:58 +0500] "GET /ords/api.HTP_ASPVK_DATA?nPVK_ID=0&vST_DT=21.12.2022%2009:46:57&vEND_DT=21.12.2022%2009:56:57 HTTP/1.1" 200 121
195.222.149.195 - - [21/Dec/2022:09:57:00 +0500] "GET /ords/api.HTP_ASPVK_DATA?nPVK_ID=0&vST_DT=21.12.2022%2007:49:47&vEND_DT=21.12.2022%2007:59:47 HTTP/1.1" 200 121
46.146.210.91 - - [21/Dec/2022:09:57:08 +0500] "GET /ords/api.HTP_ASPVK_DATA?nPVK_ID=0&vST_DT=21.12.2022%2009:47:07&vEND_DT=21.12.2022%2009:57:07 HTTP/1.1" 200 121
195.222.149.195 - - [21/Dec/2022:09:57:09 +0500] "GET /ords/api.HTP_ASPVK_DATA?nPVK_ID=0&vST_DT=21.12.2022%2007:49:57&vEND_DT=21.12.2022%2007:59:57 HTTP/1.1" 200 121
46.146.210.91 - - [21/Dec/2022:09:57:18 +0500] "GET /ords/api.HTP_ASPVK_DATA?nPVK_ID=0&vST_DT=21.12.2022%2009:47:17&vEND_DT=21.12.2022%2009:57:17 HTTP/1.1" 200 121
195.222.149.195 - - [21/Dec/2022:09:57:20 +0500] "GET /ords/api.HTP_ASPVK_DATA?nPVK_ID=0&vST_DT=21.12.2022%2007:50:07&vEND_DT=21.12.2022%2008:00:07 HTTP/1.1" 200 121
193.169.110.189 - - [21/Dec/2022:09:57:24 +0500] "GET / HTTP/1.1" 302 -
193.169.110.189 - - [21/Dec/2022:09:57:25 +0500] "GET /ords/f?p=101:210 HTTP/1.1" 200 453
193.150.52.182 - - [21/Dec/2022:09:57:26 +0500] "GET /ords/f?p=101:210 HTTP/1.1" 200 453
193.169.110.189 - - [21/Dec/2022:09:57:27 +0500] "GET /ords/f?p=101:210:0:&tz=5:00 HTTP/1.1" 200 16241
193.150.52.182 - - [21/Dec/2022:09:57:28 +0500] "GET /ords/f?p=101:210:0:&tz=5:00 HTTP/1.1" 200 16246
193.150.52.182 - - [21/Dec/2022:09:57:28 +0500] "GET /i/themes/theme_15/theme_4_0.css HTTP/1.1" 200 38280
193.150.52.182 - - [21/Dec/2022:09:57:28 +0500] "GET /i/app_ui/css/Core.min.css?v=18.2.0.00.12 HTTP/1.1" 200 127295
193.150.52.182 - - [21/Dec/2022:09:57:28 +0500] "GET /i/libraries/apex/minified/desktop.min.js?v=18.2.0.00.12 HTTP/1.1" 200 353354
193.150.52.182 - - [21/Dec/2022:09:57:28 +0500] "GET /i/app_ui/css/Theme-Standard.min.css?v=18.2.0.00.12 HTTP/1.1" 200 25242
193.150.52.182 - - [21/Dec/2022:09:57:28 +0500] "GET /i/legacy_ui/css/5.0.min.css?v=18.2.0.00.12 HTTP/1.1" 200 26003
193.150.52.182 - - [21/Dec/2022:09:57:28 +0500] "GET /i/libraries/jquery-ui/1.12.0/jquery-ui-apex.min.css?v=18.2.0.00.12 HTTP/1.1" 200 29497
193.150.52.182 - - [21/Dec/2022:09:57:28 +0500] "GET /i/libraries/apex/minified/legacy_pre18.min.js?v=18.2.0.00.12 HTTP/1.1" 200 17984
193.150.52.182 - - [21/Dec/2022:09:57:28 +0500] "GET /i/libraries/apex/minified/legacy_18.min.js?v=18.2.0.00.12 HTTP/1.1" 200 17611
46.146.210.91 - - [21/Dec/2022:09:57:29 +0500] "GET /ords/api.HTP_ASPVK_DATA?nPVK_ID=0&vST_DT=21.12.2022%2009:47:27&vEND_DT=21.12.2022%2009:57:27 HTTP/1.1" 200 121
193.150.52.182 - - [21/Dec/2022:09:57:29 +0500] "GET /ords/r/r/files/static/v74Y/autosuggest_inquisitor.css HTTP/1.1" 200 2786
193.150.52.182 - - [21/Dec/2022:09:57:29 +0500] "GET /ords/r/r/files/static/v74Y/esia_auth.js HTTP/1.1" 200 4791
193.150.52.182 - - [21/Dec/2022:09:57:29 +0500] "GET /ords/r/r/files/static/v74Y/softplus_101.js HTTP/1.1" 200 23382
193.150.52.182 - - [21/Dec/2022:09:57:29 +0500] "GET /ords/r/r/files/static/v74Y/bsn.AutoSuggest_2.1.3.js HTTP/1.1" 200 36099
193.150.52.182 - - [21/Dec/2022:09:57:29 +0500] "GET /i/f_spacer.gif HTTP/1.1" 200 49
193.150.52.182 - - [21/Dec/2022:09:57:29 +0500] "GET /ords/r/r/files/static/v74Y/Z_TECHNO_LOGO_white.png HTTP/1.1" 200 22182
193.150.52.182 - - [21/Dec/2022:09:57:29 +0500] "GET /ords/r/r/files/static/v74Y/bg_perm_road.jpg HTTP/1.1" 200 976540
193.150.52.182 - - [21/Dec/2022:09:57:29 +0500] "GET /ords/r/r/files/static/v74Y/Z_TECHNO_FAV.ico HTTP/1.1" 200 15107
195.222.149.195 - - [21/Dec/2022:09:57:30 +0500] "GET /ords/api.HTP_ASPVK_DATA?nPVK_ID=0&vST_DT=21.12.2022%2007:50:17&vEND_DT=21.12.2022%2008:00:17 HTTP/1.1" 200 121
193.169.110.189 - - [21/Dec/2022:09:57:31 +0500] "POST /ords/wwv_flow.accept HTTP/1.1" 302 5
193.169.110.189 - - [21/Dec/2022:09:57:31 +0500] "POST /ords/wwv_flow.accept HTTP/1.1" 302 5
193.169.110.189 - - [21/Dec/2022:09:57:32 +0500] "GET /ords/f?p=101:1:7274304515808::::: HTTP/1.1" 302 5
193.169.110.189 - - [21/Dec/2022:09:57:32 +0500] "GET /ords/f?p=101:210:::::: HTTP/1.1" 200 482
193.150.52.182 - - [21/Dec/2022:09:57:32 +0500] "POST /ords/wwv_flow.accept HTTP/1.1" 302 5
193.150.52.182 - - [21/Dec/2022:09:57:32 +0500] "GET /ords/f?p=101:1:11888619527976::::: HTTP/1.1" 200 504
193.169.110.189 - - [21/Dec/2022:09:57:33 +0500] "GET /ords/f?p=101:210:0:::::&tz=5:00 HTTP/1.1" 200 16246
193.150.52.182 - - [21/Dec/2022:09:57:34 +0500] "GET /ords/f?p=101:1:11888619527976:::::&tz=5:00 HTTP/1.1" 200 13478
193.150.52.182 - - [21/Dec/2022:09:57:34 +0500] "GET /i/libraries/apex/minified/desktop.min.js?v=4.2.2.00.11 HTTP/1.1" 200 353354
193.150.52.182 - - [21/Dec/2022:09:57:34 +0500] "GET /i/libraries/apex/minified/legacy.min.js?v=4.2.2.00.11 HTTP/1.1" 200 18268
193.150.52.182 - - [21/Dec/2022:09:57:34 +0500] "GET /i/themes/theme_15/page_line_center.gif HTTP/1.1" 200 92
193.150.52.182 - - [21/Dec/2022:09:57:34 +0500] "GET /i/fndtip11.gif HTTP/1.1" 200 218
193.150.52.182 - - [21/Dec/2022:09:57:34 +0500] "GET /i/menu/report_32.gif HTTP/1.1" 200 1586
193.150.52.182 - - [21/Dec/2022:09:57:34 +0500] "GET /i/menu/client_32.gif HTTP/1.1" 200 1551
193.169.110.189 - - [21/Dec/2022:09:57:38 +0500] "POST /ords/wwv_flow.accept HTTP/1.1" 302 5
193.169.110.189 - - [21/Dec/2022:09:57:38 +0500] "POST /ords/wwv_flow.accept HTTP/1.1" 302 5
193.169.110.189 - - [21/Dec/2022:09:57:38 +0500] "GET /ords/f?p=101:1:13811404149564::::: HTTP/1.1" 302 5
193.169.110.189 - - [21/Dec/2022:09:57:38 +0500] "GET /ords/f?p=101:210:::::: HTTP/1.1" 200 482
46.146.210.91 - - [21/Dec/2022:09:57:39 +0500] "GET /ords/api.HTP_ASPVK_DATA?nPVK_ID=0&vST_DT=21.12.2022%2009:47:37&vEND_DT=21.12.2022%2009:57:37 HTTP/1.1" 200 121
195.222.149.195 - - [21/Dec/2022:09:57:40 +0500] "GET /ords/api.HTP_ASPVK_DATA?nPVK_ID=0&vST_DT=21.12.2022%2007:50:27&vEND_DT=21.12.2022%2008:00:27 HTTP/1.1" 200 121
193.169.110.189 - - [21/Dec/2022:09:57:40 +0500] "GET /ords/f?p=101:210:0:::::&tz=5:00 HTTP/1.1" 200 16246
193.169.110.189 - - [21/Dec/2022:09:57:45 +0500] "POST /ords/wwv_flow.accept HTTP/1.1" 302 5
193.169.110.189 - - [21/Dec/2022:09:57:45 +0500] "POST /ords/wwv_flow.accept HTTP/1.1" 200 7560
217.151.131.77 - - [21/Dec/2022:09:57:49 +0500] "POST /ords/wwv_flow.accept HTTP/1.1" 302 5
46.146.210.91 - - [21/Dec/2022:09:57:50 +0500] "GET /ords/api.HTP_ASPVK_DATA?nPVK_ID=0&vST_DT=21.12.2022%2009:47:47&vEND_DT=21.12.2022%2009:57:47 HTTP/1.1" 200 121
217.151.131.77 - - [21/Dec/2022:09:57:50 +0500] "GET /ords/f?p=101:1:13097526440995::::: HTTP/1.1" 200 504
195.222.149.195 - - [21/Dec/2022:09:57:51 +0500] "GET /ords/api.HTP_ASPVK_DATA?nPVK_ID=0&vST_DT=21.12.2022%2007:50:37&vEND_DT=21.12.2022%2008:00:37 HTTP/1.1" 200 121
217.151.131.77 - - [21/Dec/2022:09:57:52 +0500] "GET /ords/f?p=101:1:13097526440995:::::&tz=5:00 HTTP/1.1" 200 13476
217.151.131.77 - - [21/Dec/2022:09:57:52 +0500] "GET /i/libraries/apex/minified/desktop.min.js?v=4.2.2.00.11 HTTP/1.1" 200 353354
217.151.131.77 - - [21/Dec/2022:09:57:53 +0500] "GET /i/libraries/apex/minified/legacy.min.js?v=4.2.2.00.11 HTTP/1.1" 200 18268
217.151.131.77 - - [21/Dec/2022:09:57:53 +0500] "GET /i/themes/theme_15/page_line_center.gif HTTP/1.1" 200 92
217.151.131.77 - - [21/Dec/2022:09:57:53 +0500] "GET /i/fndtip11.gif HTTP/1.1" 200 218
217.151.131.77 - - [21/Dec/2022:09:57:53 +0500] "GET /i/menu/report_32.gif HTTP/1.1" 200 1586
217.151.131.77 - - [21/Dec/2022:09:57:53 +0500] "GET /i/menu/client_32.gif HTTP/1.1" 200 1551
217.151.131.77 - - [21/Dec/2022:09:57:54 +0500] "GET /ords/r/r/files/static/v74Y/autosuggest_inquisitor.css HTTP/1.1" 200 2786
46.146.210.91 - - [21/Dec/2022:09:57:59 +0500] "GET /ords/api.HTP_ASPVK_DATA?nPVK_ID=0&vST_DT=21.12.2022%2009:47:57&vEND_DT=21.12.2022%2009:57:57 HTTP/1.1" 200 121
195.222.149.195 - - [21/Dec/2022:09:58:00 +0500] "GET /ords/api.HTP_ASPVK_DATA?nPVK_ID=0&vST_DT=21.12.2022%2007:50:47&vEND_DT=21.12.2022%2008:00:47 HTTP/1.1" 200 121
46.146.210.91 - - [21/Dec/2022:09:58:08 +0500] "GET /ords/api.HTP_ASPVK_DATA?nPVK_ID=0&vST_DT=21.12.2022%2009:48:07&vEND_DT=21.12.2022%2009:58:07 HTTP/1.1" 200 121
195.222.149.195 - - [21/Dec/2022:09:58:10 +0500] "GET /ords/api.HTP_ASPVK_DATA?nPVK_ID=0&vST_DT=21.12.2022%2007:50:57&vEND_DT=21.12.2022%2008:00:57 HTTP/1.1" 200 121
194.226.162.30 - - [21/Dec/2022:09:58:16 +0500] "GET /ords/f?p=101:1:6002046056955:::::&tz=5:00 HTTP/1.1" 503 12947
46.146.210.91 - - [21/Dec/2022:09:58:21 +0500] "GET /ords/api.HTP_ASPVK_DATA?nPVK_ID=0&vST_DT=21.12.2022%2009:48:17&vEND_DT=21.12.2022%2009:58:17 HTTP/1.1" 503 12947
195.222.149.195 - - [21/Dec/2022:09:58:23 +0500] "GET /ords/api.HTP_ASPVK_DATA?nPVK_ID=0&vST_DT=21.12.2022%2007:51:07&vEND_DT=21.12.2022%2008:01:07 HTTP/1.1" 503 12947
46.146.210.91 - - [21/Dec/2022:09:58:51 +0500] "GET /ords/api.HTP_ASPVK_DATA?nPVK_ID=0&vST_DT=21.12.2022%2009:48:47&vEND_DT=21.12.2022%2009:58:47 HTTP/1.1" 503 12947
195.222.149.195 - - [21/Dec/2022:09:58:53 +0500] "GET /ords/api.HTP_ASPVK_DATA?nPVK_ID=0&vST_DT=21.12.2022%2007:51:37&vEND_DT=21.12.2022%2008:01:37 HTTP/1.1" 503 12947
193.150.52.182 - - [21/Dec/2022:09:58:55 +0500] "GET /ords/f?p=137:38:11888619527976:::: HTTP/1.1" 200 51280
193.150.52.182 - - [21/Dec/2022:09:58:55 +0500] "GET /i/libraries/oraclejet/4.2.0/css/libs/oj/v4.2.0/alta/oj-alta-notag-min.css?v=18.2.0.00.12 HTTP/1.1" 200 491978
193.150.52.182 - - [21/Dec/2022:09:58:55 +0500] "GET /i/libraries/apex/minified/desktop_all.min.js?v=18.2.0.00.12 HTTP/1.1" 200 460792
217.151.131.77 - - [21/Dec/2022:09:58:55 +0500] "GET /ords/f?p=137:38:13097526440995:::: HTTP/1.1" 200 54287
193.150.52.182 - - [21/Dec/2022:09:58:55 +0500] "GET /i/libraries/jquery-migrate/3.0.0/jquery-migrate-3.0.0.min.js?v=18.2.0.00.12 HTTP/1.1" 200 7083
217.151.131.77 - - [21/Dec/2022:09:58:55 +0500] "GET /i/libraries/apex/minified/desktop_all.min.js?v=18.2.0.00.12 HTTP/1.1" 200 460792
217.151.131.77 - - [21/Dec/2022:09:58:55 +0500] "GET /i/libraries/jquery-migrate/3.0.0/jquery-migrate-3.0.0.min.js?v=18.2.0.00.12 HTTP/1.1" 200 7083
217.151.131.77 - - [21/Dec/2022:09:58:55 +0500] "GET /i/libraries/oraclejet/4.2.0/css/libs/oj/v4.2.0/alta/oj-alta-notag-min.css?v=18.2.0.00.12 HTTP/1.1" 200 491978
193.150.52.182 - - [21/Dec/2022:09:58:55 +0500] "GET /ords/wwv_flow.js_messages?p_app_id=137&p_lang=ru&p_version=18.2.0.00.12-1185418106 HTTP/1.1" 200 80763
193.150.52.182 - - [21/Dec/2022:09:58:55 +0500] "GET /i/libraries/jquery-ui/1.12.0/ui/i18n/oracle/jquery.ui.datepicker-ru.js?v=18.2.0.00.12 HTTP/1.1" 200 1041
193.150.52.182 - - [21/Dec/2022:09:58:55 +0500] "GET /i/libraries/apex/minified/widget.interactiveReport.min.js?v=18.2.0.00.12 HTTP/1.1" 200 52406
193.150.52.182 - - [21/Dec/2022:09:58:55 +0500] "GET /i/libraries/oraclejet/4.2.0/js/libs/require/require.js?v=18.2.0.00.12 HTTP/1.1" 200 17831
193.150.52.182 - - [21/Dec/2022:09:58:55 +0500] "GET /i/libraries/apex/minified/requirejs.jetConfig.min.js?v=18.2.0.00.12 HTTP/1.1" 200 957
193.150.52.182 - - [21/Dec/2022:09:58:55 +0500] "GET /i/libraries/apex/minified/jetCommonBundle.min.js?v=18.2.0.00.12 HTTP/1.1" 200 238918
193.150.52.182 - - [21/Dec/2022:09:58:55 +0500] "GET /i/libraries/apex/minified/chartBundle.min.js?v=18.2.0.00.12 HTTP/1.1" 200 382998
193.150.52.182 - - [21/Dec/2022:09:58:56 +0500] "GET /i/themes/theme_15/button-l.gif HTTP/1.1" 200 286
193.150.52.182 - - [21/Dec/2022:09:58:56 +0500] "GET /i/themes/theme_15/button-r.gif HTTP/1.1" 200 288
217.151.131.77 - - [21/Dec/2022:09:58:56 +0500] "GET /ords/wwv_flow.js_messages?p_app_id=137&p_lang=ru&p_version=18.2.0.00.12-1185418106 HTTP/1.1" 200 80763
193.150.52.182 - - [21/Dec/2022:09:58:56 +0500] "GET /i/ed-item.gif HTTP/1.1" 200 608
217.151.131.77 - - [21/Dec/2022:09:58:56 +0500] "GET /i/libraries/jquery-ui/1.12.0/ui/i18n/oracle/jquery.ui.datepicker-ru.js?v=18.2.0.00.12 HTTP/1.1" 200 1041
217.151.131.77 - - [21/Dec/2022:09:58:56 +0500] "GET /i/libraries/oraclejet/4.2.0/js/libs/require/require.js?v=18.2.0.00.12 HTTP/1.1" 200 17831
217.151.131.77 - - [21/Dec/2022:09:58:56 +0500] "GET /i/libraries/apex/minified/requirejs.jetConfig.min.js?v=18.2.0.00.12 HTTP/1.1" 200 957
217.151.131.77 - - [21/Dec/2022:09:58:56 +0500] "GET /i/libraries/apex/minified/chartBundle.min.js?v=18.2.0.00.12 HTTP/1.1" 200 382998
217.151.131.77 - - [21/Dec/2022:09:58:56 +0500] "GET /i/libraries/apex/minified/widget.interactiveReport.min.js?v=18.2.0.00.12 HTTP/1.1" 200 52406
217.151.131.77 - - [21/Dec/2022:09:58:56 +0500] "GET /i/libraries/apex/minified/jetCommonBundle.min.js?v=18.2.0.00.12 HTTP/1.1" 200 238918
217.151.131.77 - - [21/Dec/2022:09:58:56 +0500] "GET /i/themes/theme_15/button-l.gif HTTP/1.1" 200 286
217.151.131.77 - - [21/Dec/2022:09:58:56 +0500] "GET /i/themes/theme_15/button-r.gif HTTP/1.1" 200 288
217.151.131.77 - - [21/Dec/2022:09:58:56 +0500] "GET /i/ed-item.gif HTTP/1.1" 200 608
217.151.131.77 - - [21/Dec/2022:09:58:56 +0500] "GET /ords/r/r/files/static/v74Y/jquery.cookie.js HTTP/1.1" 200 2309
193.150.52.182 - - [21/Dec/2022:09:58:56 +0500] "GET /ords/r/r/files/static/v74Y/jquery.cookie.js HTTP/1.1" 200 2309
217.151.131.77 - - [21/Dec/2022:09:58:56 +0500] "GET /i/themes/theme_15/button-m.gif HTTP/1.1" 200 236
193.150.52.182 - - [21/Dec/2022:09:58:56 +0500] "GET /i/themes/theme_15/button-m.gif HTTP/1.1" 200 236
193.150.52.182 - - [21/Dec/2022:09:58:57 +0500] "GET /i/app_ui/font/apex-5-icon-font.woff2 HTTP/1.1" 200 35572
217.151.131.77 - - [21/Dec/2022:09:58:57 +0500] "GET /i/app_ui/font/apex-5-icon-font.woff2 HTTP/1.1" 200 35572
193.150.52.182 - - [21/Dec/2022:09:58:57 +0500] "GET /ords/r/r/files/static/v74Y/FixedHeader.js HTTP/1.1" 200 28172
217.151.131.77 - - [21/Dec/2022:09:58:57 +0500] "GET /ords/r/r/files/static/v74Y/FixedHeader.js HTTP/1.1" 200 28172
46.146.210.91 - - [21/Dec/2022:09:59:19 +0500] "GET /ords/api.HTP_ASPVK_DATA?nPVK_ID=0&vST_DT=21.12.2022%2009:49:17&vEND_DT=21.12.2022%2009:59:17 HTTP/1.1" 200 6179
195.222.149.195 - - [21/Dec/2022:09:59:20 +0500] "GET /ords/api.HTP_ASPVK_DATA?nPVK_ID=0&vST_DT=21.12.2022%2007:52:07&vEND_DT=21.12.2022%2008:02:07 HTTP/1.1" 200 5077
46.146.210.91 - - [21/Dec/2022:09:59:28 +0500] "GET /ords/api.HTP_ASPVK_DATA?nPVK_ID=0&vST_DT=21.12.2022%2009:49:27&vEND_DT=21.12.2022%2009:59:27 HTTP/1.1" 200 6179
195.222.149.195 - - [21/Dec/2022:09:59:30 +0500] "GET /ords/api.HTP_ASPVK_DATA?nPVK_ID=0&vST_DT=21.12.2022%2007:52:17&vEND_DT=21.12.2022%2008:02:17 HTTP/1.1" 200 5077
46.146.210.91 - - [21/Dec/2022:09:59:38 +0500] "GET /ords/api.HTP_ASPVK_DATA?nPVK_ID=0&vST_DT=21.12.2022%2009:49:37&vEND_DT=21.12.2022%2009:59:37 HTTP/1.1" 200 7709
193.169.110.189 - - [21/Dec/2022:09:59:39 +0500] "GET /ords/f?p=101:210:0:::::&tz=5:00 HTTP/1.1" 200 16243
195.222.149.195 - - [21/Dec/2022:09:59:40 +0500] "GET /ords/api.HTP_ASPVK_DATA?nPVK_ID=0&vST_DT=21.12.2022%2007:52:27&vEND_DT=21.12.2022%2008:02:27 HTTP/1.1" 200 5077
193.169.110.189 - - [21/Dec/2022:09:59:45 +0500] "POST /ords/wwv_flow.accept HTTP/1.1" 302 5
193.169.110.189 - - [21/Dec/2022:09:59:45 +0500] "POST /ords/wwv_flow.accept HTTP/1.1" 302 5
193.169.110.189 - - [21/Dec/2022:09:59:46 +0500] "GET /ords/f?p=101:1:1438917668973::::: HTTP/1.1" 302 5
193.169.110.189 - - [21/Dec/2022:09:59:46 +0500] "GET /ords/f?p=101:210:::::: HTTP/1.1" 200 482
193.169.110.189 - - [21/Dec/2022:09:59:47 +0500] "GET /ords/f?p=101:210:0:::::&tz=5:00 HTTP/1.1" 200 16243
46.146.210.91 - - [21/Dec/2022:09:59:49 +0500] "GET /ords/api.HTP_ASPVK_DATA?nPVK_ID=0&vST_DT=21.12.2022%2009:49:47&vEND_DT=21.12.2022%2009:59:47 HTTP/1.1" 200 7709
195.222.149.195 - - [21/Dec/2022:09:59:50 +0500] "GET /ords/api.HTP_ASPVK_DATA?nPVK_ID=0&vST_DT=21.12.2022%2007:52:37&vEND_DT=21.12.2022%2008:02:37 HTTP/1.1" 200 5077
193.169.110.189 - - [21/Dec/2022:09:59:55 +0500] "POST /ords/wwv_flow.accept HTTP/1.1" 302 5
193.169.110.189 - - [21/Dec/2022:09:59:55 +0500] "POST /ords/wwv_flow.accept HTTP/1.1" 302 5
193.169.110.189 - - [21/Dec/2022:09:59:55 +0500] "GET /ords/f?p=101:1:5213760536325::::: HTTP/1.1" 200 502
193.169.110.189 - - [21/Dec/2022:09:59:56 +0500] "GET /ords/f?p=101:1:5213760536325:::::&tz=5:00 HTTP/1.1" 200 10896
46.146.210.91 - - [21/Dec/2022:09:59:59 +0500] "GET /ords/api.HTP_ASPVK_DATA?nPVK_ID=0&vST_DT=21.12.2022%2009:49:57&vEND_DT=21.12.2022%2009:59:57 HTTP/1.1" 200 7709
195.222.149.195 - - [21/Dec/2022:10:00:00 +0500] "GET /ords/api.HTP_ASPVK_DATA?nPVK_ID=0&vST_DT=21.12.2022%2007:52:47&vEND_DT=21.12.2022%2008:02:47 HTTP/1.1" 200 5077
46.146.210.91 - - [21/Dec/2022:10:00:09 +0500] "GET /ords/api.HTP_ASPVK_DATA?nPVK_ID=0&vST_DT=21.12.2022%2009:50:07&vEND_DT=21.12.2022%2010:00:07 HTTP/1.1" 200 7709
195.222.149.195 - - [21/Dec/2022:10:00:10 +0500] "GET /ords/api.HTP_ASPVK_DATA?nPVK_ID=0&vST_DT=21.12.2022%2007:52:57&vEND_DT=21.12.2022%2008:02:57 HTTP/1.1" 200 5077
85.140.14.165 - - [21/Dec/2022:10:00:12 +0500] "GET /ords/f?p=137:38:17302817488820:::: HTTP/1.1" 302 5
85.140.14.165 - - [21/Dec/2022:10:00:15 +0500] "GET /ords/f?p=101:210:::::: HTTP/1.1" 200 482
85.140.14.165 - - [21/Dec/2022:10:00:18 +0500] "GET /ords/f?p=101:210:0:::::&tz=5:00 HTTP/1.1" 200 16249
46.146.210.91 - - [21/Dec/2022:10:00:19 +0500] "GET /ords/api.HTP_ASPVK_DATA?nPVK_ID=0&vST_DT=21.12.2022%2009:50:17&vEND_DT=21.12.2022%2010:00:17 HTTP/1.1" 200 7709
195.222.149.195 - - [21/Dec/2022:10:00:20 +0500] "GET /ords/api.HTP_ASPVK_DATA?nPVK_ID=0&vST_DT=21.12.2022%2007:53:07&vEND_DT=21.12.2022%2008:03:07 HTTP/1.1" 200 5077
217.151.131.77 - - [21/Dec/2022:10:00:20 +0500] "GET /i/libraries/jquery-ui/1.12.0/images/ui-icons_444444_256x240.png HTTP/1.1" 200 7006
85.140.14.165 - - [21/Dec/2022:10:00:22 +0500] "GET /i/libraries/apex/minified/desktop.min.js?v=18.2.0.00.12 HTTP/1.1" 304 -
217.151.131.77 - - [21/Dec/2022:10:00:22 +0500] "GET /i/libraries/jquery-ui/1.12.0/images/ui-icons_555555_256x240.png HTTP/1.1" 200 7074
46.146.210.91 - - [21/Dec/2022:10:00:29 +0500] "GET /ords/api.HTP_ASPVK_DATA?nPVK_ID=0&vST_DT=21.12.2022%2009:50:27&vEND_DT=21.12.2022%2010:00:27 HTTP/1.1" 200 7709
85.140.14.165 - - [21/Dec/2022:10:00:33 +0500] "POST /ords/wwv_flow.accept HTTP/1.1" 503 12947
195.222.149.195 - - [21/Dec/2022:10:00:33 +0500] "GET /ords/api.HTP_ASPVK_DATA?nPVK_ID=0&vST_DT=21.12.2022%2007:53:17&vEND_DT=21.12.2022%2008:03:17 HTTP/1.1" 503 12947
193.150.52.182 - - [21/Dec/2022:10:00:37 +0500] "GET /ords/f?p=137:2:11888619527976::NO::P2_ID,P2_COUNT_ALL,P2_EDIT_MODE:,,1 HTTP/1.1" 200 94576
193.150.52.182 - - [21/Dec/2022:10:00:41 +0500] "GET /ords/r/r/files/static/v74Y/ecp_cadesplugin_api.js HTTP/1.1" 200 20706
193.150.52.182 - - [21/Dec/2022:10:00:41 +0500] "GET /ords/r/r/files/static/v74Y/ecp_code.js HTTP/1.1" 200 43396
193.150.52.182 - - [21/Dec/2022:10:00:41 +0500] "GET /ords/r/r/files/static/v74Y/zip.js HTTP/1.1" 200 30612
193.150.52.182 - - [21/Dec/2022:10:00:42 +0500] "GET /ords/r/r/files/static/v74Y/jquery.maskedinput-1.3.min.js HTTP/1.1" 200 4337
193.150.52.182 - - [21/Dec/2022:10:00:42 +0500] "GET /ords/r/r/files/static/v74Y/balloon.js HTTP/1.1" 200 15291
193.150.52.182 - - [21/Dec/2022:10:00:42 +0500] "GET /ords/r/r/files/static/v74Y/zip-ext.js HTTP/1.1" 200 7337
46.146.210.91 - - [21/Dec/2022:10:00:42 +0500] "GET /ords/api.HTP_ASPVK_DATA?nPVK_ID=0&vST_DT=21.12.2022%2009:50:37&vEND_DT=21.12.2022%2010:00:37 HTTP/1.1" 200 7709
85.140.14.165 - - [21/Dec/2022:10:00:42 +0500] "GET /ords/f?p=137:38:17302817488820:::: HTTP/1.1" 302 5
193.150.52.182 - - [21/Dec/2022:10:00:43 +0500] "GET /ords/r/r/files/static/v74Y/smev3Obj.js HTTP/1.1" 200 13059
193.150.52.182 - - [21/Dec/2022:10:00:43 +0500] "GET /i/libraries/apex/minified/widget.timepicker.min.js?v=18.2.0.00.12 HTTP/1.1" 200 25373
193.150.52.182 - - [21/Dec/2022:10:00:43 +0500] "GET /i/libraries/apex/minified/widget.report.min.js?v=18.2.0.00.12 HTTP/1.1" 200 2085
193.150.52.182 - - [21/Dec/2022:10:00:43 +0500] "GET /ords/r/r/files/static/v74Y/savefiles.js HTTP/1.1" 200 4957
193.150.52.182 - - [21/Dec/2022:10:00:43 +0500] "GET /i/themes/theme_15/requiredicon_status2.gif HTTP/1.1" 200 80
193.150.52.182 - - [21/Dec/2022:10:00:43 +0500] "POST /ords/wwv_flow.ajax HTTP/1.1" 200 1575
85.140.14.165 - - [21/Dec/2022:10:00:43 +0500] "GET /ords/f?p=101:210:::::: HTTP/1.1" 200 482
193.150.52.182 - - [21/Dec/2022:10:00:44 +0500] "GET /ords/r/r/files/static/v74Y/ecp_async_code.js HTTP/1.1" 200 53505
85.140.14.165 - - [21/Dec/2022:10:00:46 +0500] "GET /ords/f?p=101:210:0:::::&tz=5:00 HTTP/1.1" 200 16252
46.146.210.91 - - [21/Dec/2022:10:00:49 +0500] "GET /ords/api.HTP_ASPVK_DATA?nPVK_ID=0&vST_DT=21.12.2022%2009:50:47&vEND_DT=21.12.2022%2010:00:47 HTTP/1.1" 200 7709
194.226.162.30 - - [21/Dec/2022:10:00:50 +0500] "GET /ords/f?p=101:1:6002046056955:::::&tz=5:00 HTTP/1.1" 302 5
194.226.162.30 - - [21/Dec/2022:10:00:50 +0500] "GET /ords/f?p=101:210:::::: HTTP/1.1" 200 16254
85.140.14.165 - - [21/Dec/2022:10:00:51 +0500] "POST /ords/wwv_flow.accept HTTP/1.1" 302 5
85.140.14.165 - - [21/Dec/2022:10:00:52 +0500] "GET /ords/f?p=137:1:13197629112394::::: HTTP/1.1" 302 5
193.169.110.189 - - [21/Dec/2022:10:00:56 +0500] "GET /ords/f?p=147:1:5213760536325:::: HTTP/1.1" 200 44074
194.226.162.30 - - [21/Dec/2022:10:00:56 +0500] "POST /ords/wwv_flow.accept HTTP/1.1" 302 5
194.226.162.30 - - [21/Dec/2022:10:00:57 +0500] "GET /ords/f?p=101:1:11189667434638:::::&tz=5%3A00 HTTP/1.1" 200 15265
81.4.234.225 - - [21/Dec/2022:10:00:58 +0500] "GET /ords/f?p=101:1:7750147712440::::: HTTP/1.1" 302 5
81.4.234.225 - - [21/Dec/2022:10:00:58 +0500] "GET /ords/f?p=101:210:::::: HTTP/1.1" 200 482
81.4.234.225 - - [21/Dec/2022:10:00:58 +0500] "GET /ords/f?p=101:210:0:::::&tz=5:00 HTTP/1.1" 200 16250
193.150.52.182 - - [21/Dec/2022:10:00:58 +0500] "GET /ords/r/r/files/static/v74Y/ui-anim_basic_16x16.gif HTTP/1.1" 404 5
81.4.234.225 - - [21/Dec/2022:10:00:58 +0500] "GET /i/libraries/apex/minified/desktop.min.js?v=18.2.0.00.12 HTTP/1.1" 200 353354
193.150.52.182 - - [21/Dec/2022:10:00:58 +0500] "GET /ords/wwv_flow.show?p_request=APPLICATION_PROCESS%3DGET_SQL_RESULT&p_flow_id=555&p_flow_step_id=0&p_instance=11888619527976&p_arg_names=F_APPLICATION_ID&p_arg_values=137&p_arg_names=F_FILTER_TEXT&p_arg_values=&p_arg_names=F_LOV_NAME&p_arg_values=%D0%A1%D0%A2%D0%90%D0%A2%D0%A3%D0%A1%D0%AB_%D0%97%D0%90%D0%AF%D0%92%D0%9E%D0%9A&p_arg_names=F_FILTER_TEXT2&p_arg_values=&p_arg_names=F_RESULT_COUNT&p_arg_values=50 HTTP/1.1" 200 147
81.4.234.225 - - [21/Dec/2022:10:00:58 +0500] "GET /ords/r/r/files/static/v74Y/esia_auth.js HTTP/1.1" 200 4791
46.146.210.91 - - [21/Dec/2022:10:00:59 +0500] "GET /ords/api.HTP_ASPVK_DATA?nPVK_ID=0&vST_DT=21.12.2022%2009:50:57&vEND_DT=21.12.2022%2010:00:57 HTTP/1.1" 200 6179
193.150.52.182 - - [21/Dec/2022:10:00:59 +0500] "GET /ords/wwv_flow.show?p_request=APPLICATION_PROCESS%3DGET_SQL_RESULT&p_flow_id=555&p_flow_step_id=0&p_instance=11888619527976&p_arg_names=F_APPLICATION_ID&p_arg_values=137&p_arg_names=F_FILTER_TEXT&p_arg_values=&p_arg_names=F_LOV_NAME&p_arg_values=%D0%A1%D0%A2%D0%90%D0%A2%D0%A3%D0%A1%D0%AB_%D0%97%D0%90%D0%AF%D0%92%D0%9E%D0%9A&p_arg_names=F_FILTER_TEXT2&p_arg_values=&p_arg_names=F_RESULT_COUNT&p_arg_values=50 HTTP/1.1" 200 147
193.150.52.182 - - [21/Dec/2022:10:01:00 +0500] "GET /ords/wwv_flow.show?p_request=APPLICATION_PROCESS%3DGET_SQL_RESULT&p_flow_id=555&p_flow_step_id=0&p_instance=11888619527976&p_arg_names=F_APPLICATION_ID&p_arg_values=137&p_arg_names=F_FILTER_TEXT&p_arg_values=&p_arg_names=F_LOV_NAME&p_arg_values=%D0%A1%D0%A2%D0%90%D0%A2%D0%A3%D0%A1%D0%AB_%D0%97%D0%90%D0%AF%D0%92%D0%9E%D0%9A&p_arg_names=F_FILTER_TEXT2&p_arg_values=&p_arg_names=F_RESULT_COUNT&p_arg_values=50 HTTP/1.1" 200 147
81.4.234.225 - - [21/Dec/2022:10:01:00 +0500] "GET /ords/r/r/files/static/v74Y/bg_perm_road.jpg HTTP/1.1" 200 976540
195.222.149.195 - - [21/Dec/2022:10:01:03 +0500] "GET /ords/api.HTP_ASPVK_DATA?nPVK_ID=0&vST_DT=21.12.2022%2007:53:47&vEND_DT=21.12.2022%2008:03:47 HTTP/1.1" 503 12947
194.226.162.30 - - [21/Dec/2022:10:01:07 +0500] "GET /ords/f?p=137:38:11189667434638:::: HTTP/1.1" 503 12947
194.226.162.30 - - [21/Dec/2022:10:01:10 +0500] "GET /ords/f?p=137:47:11189667434638:::: HTTP/1.1" 503 12947
81.4.234.225 - - [21/Dec/2022:10:01:10 +0500] "POST /ords/wwv_flow.accept HTTP/1.1" 503 12947
46.146.210.91 - - [21/Dec/2022:10:01:11 +0500] "GET /ords/api.HTP_ASPVK_DATA?nPVK_ID=0&vST_DT=21.12.2022%2009:51:07&vEND_DT=21.12.2022%2010:01:07 HTTP/1.1" 503 12947
193.169.110.189 - - [21/Dec/2022:10:01:15 +0500] "GET /ords/f?p=147:2:5213760536325::NO::P2_ID,P2_COUNT_ALL,P2_EDIT_MODE:116101,6, HTTP/1.1" 503 12947
194.226.162.30 - - [21/Dec/2022:10:01:15 +0500] "GET /ords/f?p=101:210 HTTP/1.1" 503 12947
193.150.52.182 - - [21/Dec/2022:10:01:18 +0500] "GET /ords/r/r/files/static/v74Y/ui-anim_basic_16x16.gif HTTP/1.1" 404 5
217.151.131.77 - - [21/Dec/2022:10:01:19 +0500] "POST /ords/wwv_flow.ajax HTTP/1.1" 200 6563
193.150.52.182 - - [21/Dec/2022:10:01:20 +0500] "GET /ords/wwv_flow.show?p_request=APPLICATION_PROCESS%3DGET_SQL_RESULT&p_flow_id=555&p_flow_step_id=0&p_instance=11888619527976&p_arg_names=F_APPLICATION_ID&p_arg_values=137&p_arg_names=F_FILTER_TEXT&p_arg_values=&p_arg_names=F_LOV_NAME&p_arg_values=%D0%A1%D0%9F%D0%98%D0%A1%D0%9E%D0%9A_%D0%9E%D0%A0%D0%93%D0%90%D0%9D%D0%98%D0%97%D0%90%D0%A6%D0%98%D0%99&p_arg_names=F_FILTER_TEXT2&p_arg_values=&p_arg_names=F_RESULT_COUNT&p_arg_values=50 HTTP/1.1" 503 12947
193.150.52.182 - - [21/Dec/2022:10:01:20 +0500] "GET /i/libraries/jquery-ui/1.12.0/images/ui-icons_777777_256x240.png HTTP/1.1" 200 7013
193.150.52.182 - - [21/Dec/2022:10:01:20 +0500] "GET /i/libraries/jquery-ui/1.12.0/images/ui-icons_444444_256x240.png HTTP/1.1" 200 7006
81.4.234.225 - - [21/Dec/2022:10:01:20 +0500] "POST /ords/wwv_flow.accept HTTP/1.1" 302 5
81.4.234.225 - - [21/Dec/2022:10:01:23 +0500] "GET /ords/f?p=101:1:10341359406270::::: HTTP/1.1" 503 12947
217.151.131.77 - - [21/Dec/2022:10:01:30 +0500] "POST /ords/wwv_flow.ajax HTTP/1.1" 503 12947
217.151.131.77 - - [21/Dec/2022:10:01:30 +0500] "GET /i/delete.gif HTTP/1.1" 200 62
85.140.14.165 - - [21/Dec/2022:10:01:30 +0500] "GET /i/app_ui/font/apex-5-icon-font.woff2 HTTP/1.1" 304 -
193.169.110.189 - - [21/Dec/2022:10:01:31 +0500] "GET /ords/f?p=147:2:5213760536325::NO::P2_ID,P2_COUNT_ALL,P2_EDIT_MODE:116101,6, HTTP/1.1" 503 12947
85.140.14.165 - - [21/Dec/2022:10:01:31 +0500] "GET /ords/f?p=137:38:13197629112394::NO:RP:: HTTP/1.1" 200 87368
81.4.234.225 - - [21/Dec/2022:10:01:31 +0500] "GET /ords/f?p=101:1:10341359406270::::: HTTP/1.1" 200 504
195.222.149.195 - - [21/Dec/2022:10:01:32 +0500] "GET /ords/api.HTP_ASPVK_DATA?nPVK_ID=0&vST_DT=21.12.2022%2007:54:18&vEND_DT=21.12.2022%2008:04:18 HTTP/1.1" 200 3546
81.4.234.225 - - [21/Dec/2022:10:01:34 +0500] "GET /ords/f?p=101:1:10341359406270:::::&tz=5:00 HTTP/1.1" 503 12947
193.169.110.189 - - [21/Dec/2022:10:01:37 +0500] "GET /ords/f?p=147:2:5213760536325::NO::P2_ID,P2_COUNT_ALL,P2_EDIT_MODE:116101,6, HTTP/1.1" 503 12947
193.150.52.182 - - [21/Dec/2022:10:01:39 +0500] "GET /ords/wwv_flow.show?p_request=APPLICATION_PROCESS%3DGET_SQL_RESULT&p_flow_id=555&p_flow_step_id=0&p_instance=11888619527976&p_arg_names=F_APPLICATION_ID&p_arg_values=137&p_arg_names=F_FILTER_TEXT&p_arg_values=&p_arg_names=F_LOV_NAME&p_arg_values=%D0%A1%D0%9F%D0%98%D0%A1%D0%9E%D0%9A_%D0%9E%D0%A0%D0%93%D0%90%D0%9D%D0%98%D0%97%D0%90%D0%A6%D0%98%D0%99&p_arg_names=F_FILTER_TEXT2&p_arg_values=&p_arg_names=F_RESULT_COUNT&p_arg_values=50 HTTP/1.1" 200 250
46.146.210.91 - - [21/Dec/2022:10:01:39 +0500] "GET /ords/api.HTP_ASPVK_DATA?nPVK_ID=0&vST_DT=21.12.2022%2009:51:37&vEND_DT=21.12.2022%2010:01:37 HTTP/1.1" 200 6179
194.226.162.30 - - [21/Dec/2022:10:01:40 +0500] "GET /ords/f?p=101:1:6002046056955:::::&tz=5:00 HTTP/1.1" 302 5
194.226.162.30 - - [21/Dec/2022:10:01:40 +0500] "GET /ords/f?p=101:210:::::: HTTP/1.1" 200 16251
195.222.149.195 - - [21/Dec/2022:10:01:41 +0500] "GET /ords/api.HTP_ASPVK_DATA?nPVK_ID=0&vST_DT=21.12.2022%2007:54:28&vEND_DT=21.12.2022%2008:04:28 HTTP/1.1" 200 3546
217.151.131.77 - - [21/Dec/2022:10:01:42 +0500] "POST /ords/wwv_flow.accept HTTP/1.1" 302 5
194.226.162.30 - - [21/Dec/2022:10:01:42 +0500] "GET /ords/f?p=101:210:2110218658023:APPLICATION_PROCESS=REC_PASSWORD:NO:: HTTP/1.1" 200 800
194.226.162.30 - - [21/Dec/2022:10:01:47 +0500] "POST /ords/wwv_flow.accept HTTP/1.1" 503 12947
46.146.220.195 - - [21/Dec/2022:10:01:48 +0500] "GET /ords/f?p=101:210:0:&tz=5:00 HTTP/1.1" 503 12947
46.146.210.91 - - [21/Dec/2022:10:01:51 +0500] "GET /ords/api.HTP_ASPVK_DATA?nPVK_ID=0&vST_DT=21.12.2022%2009:51:47&vEND_DT=21.12.2022%2010:01:47 HTTP/1.1" 503 12947
195.222.149.195 - - [21/Dec/2022:10:01:53 +0500] "GET /ords/api.HTP_ASPVK_DATA?nPVK_ID=0&vST_DT=21.12.2022%2007:54:38&vEND_DT=21.12.2022%2008:04:38 HTTP/1.1" 503 12947
217.151.131.77 - - [21/Dec/2022:10:01:54 +0500] "GET /ords/f?p=137:38:13097526440995:::: HTTP/1.1" 200 41006
217.151.131.77 - - [21/Dec/2022:10:01:59 +0500] "GET /ords/f?p=137:38:13097526440995::NO::: HTTP/1.1" 200 43480
194.226.162.30 - - [21/Dec/2022:10:02:09 +0500] "POST /ords/wwv_flow.accept HTTP/1.1" 302 5
194.226.162.30 - - [21/Dec/2022:10:02:10 +0500] "GET /ords/f?p=101:1:2110218658023:::::&tz=5%3A00 HTTP/1.1" 200 15246
39.90.129.96 - - [21/Dec/2022:10:02:12 +0500] "GET /boaform/admin/formLogin?username=ec8&psd=ec8 HTTP/1.0" 404 1040
194.226.162.30 - - [21/Dec/2022:10:02:18 +0500] "GET /ords/f?p=137:47:2110218658023:::: HTTP/1.1" 503 12947
46.146.210.91 - - [21/Dec/2022:10:02:21 +0500] "GET /ords/api.HTP_ASPVK_DATA?nPVK_ID=0&vST_DT=21.12.2022%2009:52:17&vEND_DT=21.12.2022%2010:02:17 HTTP/1.1" 503 12947
195.222.149.195 - - [21/Dec/2022:10:02:23 +0500] "GET /ords/api.HTP_ASPVK_DATA?nPVK_ID=0&vST_DT=21.12.2022%2007:55:08&vEND_DT=21.12.2022%2008:05:08 HTTP/1.1" 503 12947
217.151.131.77 - - [21/Dec/2022:10:02:24 +0500] "POST /ords/wwv_flow.accept HTTP/1.1" 503 12947
178.47.142.68 - - [21/Dec/2022:10:02:30 +0500] "GET /ords/f?p=101:1:3930953951089:::::&tz=5%3A00 HTTP/1.1" 503 12947
194.226.162.30 - - [21/Dec/2022:10:02:39 +0500] "GET /ords/f?p=137:38:2110218658023:::: HTTP/1.1" 503 12947
194.226.162.30 - - [21/Dec/2022:10:02:40 +0500] "GET /ords/f?p=137:47:2110218658023:::: HTTP/1.1" 503 12947
217.151.131.77 - - [21/Dec/2022:10:02:45 +0500] "GET /ords/f?p=137:38:13097526440995:::: HTTP/1.1" 503 12947
46.146.210.91 - - [21/Dec/2022:10:02:52 +0500] "GET /ords/api.HTP_ASPVK_DATA?nPVK_ID=0&vST_DT=21.12.2022%2009:52:47&vEND_DT=21.12.2022%2010:02:47 HTTP/1.1" 503 12947
195.222.149.195 - - [21/Dec/2022:10:02:53 +0500] "GET /ords/api.HTP_ASPVK_DATA?nPVK_ID=0&vST_DT=21.12.2022%2007:55:38&vEND_DT=21.12.2022%2008:05:38 HTTP/1.1" 503 12947
217.151.131.77 - - [21/Dec/2022:10:02:55 +0500] "GET /ords/f?p=137:38:13097526440995:::: HTTP/1.1" 503 12947
178.47.142.68 - - [21/Dec/2022:10:03:02 +0500] "GET /ords/f?p=101:1:3930953951089:::::&tz=5%3A00 HTTP/1.1" 503 12947
85.140.14.165 - - [21/Dec/2022:10:03:03 +0500] "GET /ords/f?p=137:2:13197629112394::NO::P2_ID,P2_COUNT_ALL,P2_EDIT_MODE:116059,8, HTTP/1.1" 200 107338
194.226.162.30 - - [21/Dec/2022:10:03:08 +0500] "GET /ords/f?p=137:38:2110218658023:::: HTTP/1.1" 200 24600
217.151.131.77 - - [21/Dec/2022:10:03:12 +0500] "GET /ords/DISPLAY_IMAGE?inID=101 HTTP/1.1" 200 84480
46.146.210.91 - - [21/Dec/2022:10:03:19 +0500] "GET /ords/api.HTP_ASPVK_DATA?nPVK_ID=0&vST_DT=21.12.2022%2009:53:17&vEND_DT=21.12.2022%2010:03:17 HTTP/1.1" 200 6590
195.222.149.195 - - [21/Dec/2022:10:03:20 +0500] "GET /ords/api.HTP_ASPVK_DATA?nPVK_ID=0&vST_DT=21.12.2022%2007:56:08&vEND_DT=21.12.2022%2008:06:08 HTTP/1.1" 200 3546
46.146.210.91 - - [21/Dec/2022:10:03:28 +0500] "GET /ords/api.HTP_ASPVK_DATA?nPVK_ID=0&vST_DT=21.12.2022%2009:53:27&vEND_DT=21.12.2022%2010:03:27 HTTP/1.1" 200 6590
195.222.149.195 - - [21/Dec/2022:10:03:30 +0500] "GET /ords/api.HTP_ASPVK_DATA?nPVK_ID=0&vST_DT=21.12.2022%2007:56:18&vEND_DT=21.12.2022%2008:06:18 HTTP/1.1" 200 3546
85.140.14.165 - - [21/Dec/2022:10:03:32 +0500] "POST /ords/wwv_flow.ajax HTTP/1.1" 200 1575
46.146.210.91 - - [21/Dec/2022:10:03:38 +0500] "GET /ords/api.HTP_ASPVK_DATA?nPVK_ID=0&vST_DT=21.12.2022%2009:53:37&vEND_DT=21.12.2022%2010:03:37 HTTP/1.1" 200 6590
217.151.131.77 - - [21/Dec/2022:10:03:39 +0500] "GET /ords/f?p=137:38:13097526440995:::: HTTP/1.1" 200 43482
195.222.149.195 - - [21/Dec/2022:10:03:40 +0500] "GET /ords/api.HTP_ASPVK_DATA?nPVK_ID=0&vST_DT=21.12.2022%2007:56:28&vEND_DT=21.12.2022%2008:06:28 HTTP/1.1" 200 3546
46.146.210.91 - - [21/Dec/2022:10:03:51 +0500] "GET /ords/api.HTP_ASPVK_DATA?nPVK_ID=0&vST_DT=21.12.2022%2009:53:47&vEND_DT=21.12.2022%2010:03:47 HTTP/1.1" 503 12947
195.222.149.195 - - [21/Dec/2022:10:03:53 +0500] "GET /ords/api.HTP_ASPVK_DATA?nPVK_ID=0&vST_DT=21.12.2022%2007:56:38&vEND_DT=21.12.2022%2008:06:38 HTTP/1.1" 503 12947
192.241.223.18 - - [21/Dec/2022:10:03:56 +0500] "GET / HTTP/1.1" 302 -
