194.226.162.30 - - [12/Dec/2022:09:16:26 +0500] "GET /i/sp/aspvk/31/33/0307931335384498_oi.jpg HTTP/1.1" 200 82845
194.226.162.30 - - [12/Dec/2022:09:16:27 +0500] "GET /ords/DISPLAY_IMAGE?inID=22 HTTP/1.1" 200 4694
195.222.149.195 - - [12/Dec/2022:09:16:27 +0500] "GET /ords/api.HTP_ASPVK_DATA?nPVK_ID=0&vST_DT=12.12.2022%2007:09:08&vEND_DT=12.12.2022%2007:19:08 HTTP/1.1" 200 121
194.226.162.30 - - [12/Dec/2022:09:16:27 +0500] "GET /i/sp/aspvk/31/36/0307931365384500_oi.jpg HTTP/1.1" 200 81573
178.216.65.66 - - [12/Dec/2022:09:16:28 +0500] "POST /ords/wwv_flow.accept HTTP/1.1" 302 5
46.146.210.91 - - [12/Dec/2022:09:16:29 +0500] "GET /ords/api.HTP_ASPVK_DATA?nPVK_ID=0&vST_DT=12.12.2022%2009:06:27&vEND_DT=12.12.2022%2009:16:27 HTTP/1.1" 200 8900
194.226.162.30 - - [12/Dec/2022:09:16:34 +0500] "GET /i/sp/aspvk/31/47/0307931471686377_lpif.jpg HTTP/1.1" 200 3595
194.226.162.30 - - [12/Dec/2022:09:16:37 +0500] "GET /i/sp/aspvk/31/47/0307931471686377_oi.jpg HTTP/1.1" 200 211252
178.216.65.66 - - [12/Dec/2022:09:16:37 +0500] "GET /ords/f?p=137:2:15433530559097::NO:::&success_msg=xODt7fvlIOjn7OXt5e37Lg%7E%7E%2FgeU-h4oYRoj4X-kaPyR91UI4mfZX0jYlQbJQS3skicntDg3-gknf1eF4GwlgbcBLskhblyH_UKk9dnCQwUvbhg HTTP/1.1" 200 112152
195.222.149.195 - - [12/Dec/2022:09:16:37 +0500] "GET /ords/api.HTP_ASPVK_DATA?nPVK_ID=0&vST_DT=12.12.2022%2007:09:18&vEND_DT=12.12.2022%2007:19:18 HTTP/1.1" 200 121
178.216.65.66 - - [12/Dec/2022:09:16:37 +0500] "POST /ords/wwv_flow.ajax HTTP/1.1" 200 1551
46.146.210.91 - - [12/Dec/2022:09:16:39 +0500] "GET /ords/api.HTP_ASPVK_DATA?nPVK_ID=0&vST_DT=12.12.2022%2009:06:37&vEND_DT=12.12.2022%2009:16:37 HTTP/1.1" 200 8900
178.216.65.66 - - [12/Dec/2022:09:16:39 +0500] "POST /ords/wwv_flow.accept HTTP/1.1" 302 5
194.226.162.30 - - [12/Dec/2022:09:16:40 +0500] "GET /ords/f?p=137:39:12111983733066::::P39_BEG_DATE,P39_END_DATE: HTTP/1.1" 200 214161
194.226.162.30 - - [12/Dec/2022:09:16:41 +0500] "GET /i/sp/aspvk/31/43/0307931435384503_lpif.jpg HTTP/1.1" 200 313232
194.226.162.30 - - [12/Dec/2022:09:16:41 +0500] "GET /i/sp/aspvk/31/36/0307931365384500_lpif.jpg HTTP/1.1" 200 96840
194.226.162.30 - - [12/Dec/2022:09:16:43 +0500] "GET /ords/r/r/files/static/v74Y/FixedHeader.js?_=1670818599900 HTTP/1.1" 200 28172
194.226.162.30 - - [12/Dec/2022:09:16:43 +0500] "GET /i/sp/aspvk/31/43/0307931435384503_oi.jpg HTTP/1.1" 200 129735
31.162.9.49 - - [12/Dec/2022:09:16:43 +0500] "GET /ords/f?p=147:2:2343932168737:::::&success_msg=xODt7fvlIOjn7OXt5e37Lg%7E%7E%2Fk7A_rho3CNQqeHVXTjpdNQMh0-UFt9iLfkSx8dU5oUFgcwIE8K1o2qVuuYpk-b0WnPF4ScgJ2ATQ6JynSSpEKg HTTP/1.1" 200 97755
194.226.162.30 - - [12/Dec/2022:09:16:45 +0500] "GET /i/sp/aspvk/32/21/0307932215384540_lpif.jpg HTTP/1.1" 200 94700
195.222.149.195 - - [12/Dec/2022:09:16:47 +0500] "GET /ords/api.HTP_ASPVK_DATA?nPVK_ID=0&vST_DT=12.12.2022%2007:09:28&vEND_DT=12.12.2022%2007:19:28 HTTP/1.1" 200 121
46.146.210.91 - - [12/Dec/2022:09:16:49 +0500] "GET /ords/api.HTP_ASPVK_DATA?nPVK_ID=0&vST_DT=12.12.2022%2009:06:47&vEND_DT=12.12.2022%2009:16:47 HTTP/1.1" 200 8900
194.226.162.30 - - [12/Dec/2022:09:16:50 +0500] "GET /i/sp/aspvk/32/21/0307932215384540_oi.jpg HTTP/1.1" 200 64234
194.226.162.30 - - [12/Dec/2022:09:16:51 +0500] "GET /ords/DISPLAY_IMAGE?inID=27 HTTP/1.1" 200 2657
194.226.162.30 - - [12/Dec/2022:09:16:51 +0500] "GET /i/sp/aspvk/32/32/0307932325384546_lpif.jpg HTTP/1.1" 200 66976
194.226.162.30 - - [12/Dec/2022:09:16:56 +0500] "GET /i/sp/aspvk/32/32/0307932325384546_oi.jpg HTTP/1.1" 200 95667
194.226.162.30 - - [12/Dec/2022:09:16:56 +0500] "GET /i/sp/aspvk/32/36/0307932365384550_lpif.jpg HTTP/1.1" 200 2528
194.226.162.30 - - [12/Dec/2022:09:16:57 +0500] "GET /i/sp/aspvk/32/36/0307932365384550_oi.jpg HTTP/1.1" 200 80551
195.222.149.195 - - [12/Dec/2022:09:16:57 +0500] "GET /ords/api.HTP_ASPVK_DATA?nPVK_ID=0&vST_DT=12.12.2022%2007:09:38&vEND_DT=12.12.2022%2007:19:38 HTTP/1.1" 200 121
46.146.210.91 - - [12/Dec/2022:09:16:59 +0500] "GET /ords/api.HTP_ASPVK_DATA?nPVK_ID=0&vST_DT=12.12.2022%2009:06:57&vEND_DT=12.12.2022%2009:16:57 HTTP/1.1" 200 8900
194.226.162.30 - - [12/Dec/2022:09:17:00 +0500] "GET /i/sp/aspvk/32/40/0307932401686419_lpif.jpg HTTP/1.1" 200 4131
194.226.162.30 - - [12/Dec/2022:09:17:00 +0500] "GET /i/sp/aspvk/32/40/0307932401686419_oi.jpg HTTP/1.1" 200 210107
178.216.65.66 - - [12/Dec/2022:09:17:03 +0500] "GET /ords/wwv_flow.show?p_request=APPLICATION_PROCESS%3DGET_SQL_RESULT&p_flow_id=555&p_flow_step_id=0&p_instance=15433530559097&p_arg_names=F_APPLICATION_ID&p_arg_values=137&p_arg_names=F_FILTER_TEXT&p_arg_values=&p_arg_names=F_LOV_NAME&p_arg_values=%D0%A1%D0%A2%D0%90%D0%A2%D0%A3%D0%A1%D0%AB_%D0%97%D0%90%D0%AF%D0%92%D0%9E%D0%9A&p_arg_names=F_FILTER_TEXT2&p_arg_values=&p_arg_names=F_RESULT_COUNT&p_arg_values=50 HTTP/1.1" 200 147
178.216.65.66 - - [12/Dec/2022:09:17:04 +0500] "GET /ords/r/r/files/static/v74Y/ui-anim_basic_16x16.gif HTTP/1.1" 404 5
195.222.149.195 - - [12/Dec/2022:09:17:07 +0500] "GET /ords/api.HTP_ASPVK_DATA?nPVK_ID=0&vST_DT=12.12.2022%2007:09:48&vEND_DT=12.12.2022%2007:19:48 HTTP/1.1" 200 121
194.226.162.30 - - [12/Dec/2022:09:17:08 +0500] "GET /i/sp/aspvk/32/59/0307932595384560_lpif.jpg HTTP/1.1" 200 2231
194.226.162.30 - - [12/Dec/2022:09:17:09 +0500] "GET /i/sp/aspvk/32/59/0307932595384560_oi.jpg HTTP/1.1" 200 100701
46.146.210.91 - - [12/Dec/2022:09:17:09 +0500] "GET /ords/api.HTP_ASPVK_DATA?nPVK_ID=0&vST_DT=12.12.2022%2009:07:07&vEND_DT=12.12.2022%2009:17:07 HTTP/1.1" 200 8900
194.226.162.30 - - [12/Dec/2022:09:17:11 +0500] "GET /i/sp/aspvk/32/94/0307932941686439_lpif.jpg HTTP/1.1" 200 3950
194.226.162.30 - - [12/Dec/2022:09:17:11 +0500] "GET /i/sp/aspvk/32/94/0307932941686439_oi.jpg HTTP/1.1" 200 202975
194.226.162.30 - - [12/Dec/2022:09:17:11 +0500] "GET /i/sp/aspvk/33/18/0307933181686448_lpif.jpg HTTP/1.1" 200 2722
194.226.162.30 - - [12/Dec/2022:09:17:11 +0500] "GET /i/sp/aspvk/33/18/0307933181686448_oi.jpg HTTP/1.1" 200 198352
194.226.162.30 - - [12/Dec/2022:09:17:11 +0500] "GET /i/sp/aspvk/33/37/0307933375384588_lpif.jpg HTTP/1.1" 200 43736
194.226.162.30 - - [12/Dec/2022:09:17:11 +0500] "GET /i/sp/aspvk/33/37/0307933375384588_oi.jpg HTTP/1.1" 200 83400
194.226.162.30 - - [12/Dec/2022:09:17:11 +0500] "GET /i/sp/aspvk/33/44/0307933441686459_lpif.jpg HTTP/1.1" 200 3288
194.226.162.30 - - [12/Dec/2022:09:17:11 +0500] "GET /i/sp/aspvk/33/44/0307933441686459_oi.jpg HTTP/1.1" 200 182475
194.226.162.30 - - [12/Dec/2022:09:17:12 +0500] "GET /i/sp/aspvk/33/66/0307933661686474_lpif.jpg HTTP/1.1" 200 1545951
178.216.65.66 - - [12/Dec/2022:09:17:14 +0500] "GET /ords/f?p=137:2:15433530559097::NO:::&success_msg=xODt7fvlIOjn7OXt5e37Lg%7E%7E%2FgeU-h4oYRoj4X-kaPyR91UI4mfZX0jYlQbJQS3skicntDg3-gknf1eF4GwlgbcBLskhblyH_UKk9dnCQwUvbhg HTTP/1.1" 200 112210
194.226.162.30 - - [12/Dec/2022:09:17:14 +0500] "GET /i/sp/aspvk/33/66/0307933661686474_oi.jpg HTTP/1.1" 200 196706
194.226.162.30 - - [12/Dec/2022:09:17:14 +0500] "GET /i/sp/aspvk/33/77/0307933775384599_lpif.jpg HTTP/1.1" 200 2361
194.226.162.30 - - [12/Dec/2022:09:17:14 +0500] "GET /i/sp/aspvk/33/77/0307933775384599_oi.jpg HTTP/1.1" 200 83749
194.226.162.30 - - [12/Dec/2022:09:17:14 +0500] "GET /i/sp/aspvk/34/35/0307934355384625_lpif.jpg HTTP/1.1" 200 2301
194.226.162.30 - - [12/Dec/2022:09:17:14 +0500] "GET /i/sp/aspvk/34/35/0307934355384625_oi.jpg HTTP/1.1" 200 97981
178.216.65.66 - - [12/Dec/2022:09:17:14 +0500] "POST /ords/wwv_flow.ajax HTTP/1.1" 200 1551
194.226.162.30 - - [12/Dec/2022:09:17:15 +0500] "GET /i/sp/aspvk/34/68/0307934685384645_lpif.jpg HTTP/1.1" 200 2244
194.226.162.30 - - [12/Dec/2022:09:17:15 +0500] "GET /i/sp/aspvk/34/68/0307934685384645_oi.jpg HTTP/1.1" 200 91648
194.226.162.30 - - [12/Dec/2022:09:17:15 +0500] "GET /ords/DISPLAY_IMAGE?inID=9 HTTP/1.1" 200 4174
194.226.162.30 - - [12/Dec/2022:09:17:15 +0500] "GET /ords/DISPLAY_IMAGE?inID=7 HTTP/1.1" 200 4461
194.226.162.30 - - [12/Dec/2022:09:17:15 +0500] "GET /ords/DISPLAY_IMAGE?inID=18 HTTP/1.1" 200 4438
195.222.149.195 - - [12/Dec/2022:09:17:18 +0500] "GET /ords/api.HTP_ASPVK_DATA?nPVK_ID=0&vST_DT=12.12.2022%2007:09:58&vEND_DT=12.12.2022%2007:19:58 HTTP/1.1" 200 121
46.146.210.91 - - [12/Dec/2022:09:17:19 +0500] "GET /ords/api.HTP_ASPVK_DATA?nPVK_ID=0&vST_DT=12.12.2022%2009:07:17&vEND_DT=12.12.2022%2009:17:17 HTTP/1.1" 200 8900
195.222.149.195 - - [12/Dec/2022:09:17:27 +0500] "GET /ords/api.HTP_ASPVK_DATA?nPVK_ID=0&vST_DT=12.12.2022%2007:10:08&vEND_DT=12.12.2022%2007:20:08 HTTP/1.1" 200 121
46.146.210.91 - - [12/Dec/2022:09:17:29 +0500] "GET /ords/api.HTP_ASPVK_DATA?nPVK_ID=0&vST_DT=12.12.2022%2009:07:27&vEND_DT=12.12.2022%2009:17:27 HTTP/1.1" 200 7363
178.216.65.66 - - [12/Dec/2022:09:17:32 +0500] "GET /ords/wwv_flow.show?p_request=APPLICATION_PROCESS%3DGET_SQL_RESULT&p_flow_id=555&p_flow_step_id=0&p_instance=15433530559097&p_arg_names=F_APPLICATION_ID&p_arg_values=137&p_arg_names=F_FILTER_TEXT&p_arg_values=&p_arg_names=F_LOV_NAME&p_arg_values=%D0%A1%D0%A2%D0%90%D0%A2%D0%A3%D0%A1%D0%AB_%D0%97%D0%90%D0%AF%D0%92%D0%9E%D0%9A&p_arg_names=F_FILTER_TEXT2&p_arg_values=&p_arg_names=F_RESULT_COUNT&p_arg_values=50 HTTP/1.1" 200 147
178.216.65.66 - - [12/Dec/2022:09:17:33 +0500] "GET /ords/r/r/files/static/v74Y/ui-anim_basic_16x16.gif HTTP/1.1" 404 5
195.222.149.195 - - [12/Dec/2022:09:17:37 +0500] "GET /ords/api.HTP_ASPVK_DATA?nPVK_ID=0&vST_DT=12.12.2022%2007:10:18&vEND_DT=12.12.2022%2007:20:18 HTTP/1.1" 200 121
212.33.243.160 - - [12/Dec/2022:09:17:38 +0500] "GET /ords/f?p=137:2:7581404511818::NO::: HTTP/1.1" 200 119326
212.33.243.160 - - [12/Dec/2022:09:17:39 +0500] "POST /ords/wwv_flow.ajax HTTP/1.1" 200 1629
46.146.210.91 - - [12/Dec/2022:09:17:39 +0500] "GET /ords/api.HTP_ASPVK_DATA?nPVK_ID=0&vST_DT=12.12.2022%2009:07:37&vEND_DT=12.12.2022%2009:17:37 HTTP/1.1" 200 7363
178.216.65.66 - - [12/Dec/2022:09:17:40 +0500] "GET /ords/f?p=137:2:15433530559097::NO:::&success_msg=xODt7fvlIOjn7OXt5e37Lg%7E%7E%2FgeU-h4oYRoj4X-kaPyR91UI4mfZX0jYlQbJQS3skicntDg3-gknf1eF4GwlgbcBLskhblyH_UKk9dnCQwUvbhg HTTP/1.1" 200 112208
178.216.65.66 - - [12/Dec/2022:09:17:40 +0500] "POST /ords/wwv_flow.ajax HTTP/1.1" 200 1551
178.216.65.66 - - [12/Dec/2022:09:17:45 +0500] "POST /ords/wwv_flow.accept HTTP/1.1" 302 5
195.222.149.195 - - [12/Dec/2022:09:17:47 +0500] "GET /ords/api.HTP_ASPVK_DATA?nPVK_ID=0&vST_DT=12.12.2022%2007:10:28&vEND_DT=12.12.2022%2007:20:28 HTTP/1.1" 200 121
46.146.210.91 - - [12/Dec/2022:09:17:49 +0500] "GET /ords/api.HTP_ASPVK_DATA?nPVK_ID=0&vST_DT=12.12.2022%2009:07:47&vEND_DT=12.12.2022%2009:17:47 HTTP/1.1" 200 7363
195.222.149.195 - - [12/Dec/2022:09:17:57 +0500] "GET /ords/api.HTP_ASPVK_DATA?nPVK_ID=0&vST_DT=12.12.2022%2007:10:38&vEND_DT=12.12.2022%2007:20:38 HTTP/1.1" 200 121
46.146.210.91 - - [12/Dec/2022:09:17:59 +0500] "GET /ords/api.HTP_ASPVK_DATA?nPVK_ID=0&vST_DT=12.12.2022%2009:07:57&vEND_DT=12.12.2022%2009:17:57 HTTP/1.1" 200 7363
31.162.9.49 - - [12/Dec/2022:09:18:02 +0500] "GET /ords/f?p=147:2:2343932168737::NO::P2_ID,P2_COUNT_ALL,P2_EDIT_MODE:114274,5, HTTP/1.1" 200 97090
195.222.149.195 - - [12/Dec/2022:09:18:07 +0500] "GET /ords/api.HTP_ASPVK_DATA?nPVK_ID=0&vST_DT=12.12.2022%2007:10:48&vEND_DT=12.12.2022%2007:20:48 HTTP/1.1" 200 121
46.146.210.91 - - [12/Dec/2022:09:18:09 +0500] "GET /ords/api.HTP_ASPVK_DATA?nPVK_ID=0&vST_DT=12.12.2022%2009:08:07&vEND_DT=12.12.2022%2009:18:07 HTTP/1.1" 200 7363
178.216.65.66 - - [12/Dec/2022:09:18:16 +0500] "POST /ords/wwv_flow.accept HTTP/1.1" 302 5
212.33.243.160 - - [12/Dec/2022:09:18:16 +0500] "POST /ords/wwv_flow.ajax HTTP/1.1" 200 52322
195.222.149.195 - - [12/Dec/2022:09:18:17 +0500] "GET /ords/api.HTP_ASPVK_DATA?nPVK_ID=0&vST_DT=12.12.2022%2007:10:58&vEND_DT=12.12.2022%2007:20:58 HTTP/1.1" 200 121
46.146.210.91 - - [12/Dec/2022:09:18:19 +0500] "GET /ords/api.HTP_ASPVK_DATA?nPVK_ID=0&vST_DT=12.12.2022%2009:08:17&vEND_DT=12.12.2022%2009:18:17 HTTP/1.1" 200 7363
178.216.65.66 - - [12/Dec/2022:09:18:25 +0500] "GET /ords/f?p=137:2:15433530559097::NO:::&success_msg=xODt7fvlIOjn7OXt5e37Lg%7E%7E%2FgeU-h4oYRoj4X-kaPyR91UI4mfZX0jYlQbJQS3skicntDg3-gknf1eF4GwlgbcBLskhblyH_UKk9dnCQwUvbhg HTTP/1.1" 200 111678
178.216.65.66 - - [12/Dec/2022:09:18:26 +0500] "POST /ords/wwv_flow.ajax HTTP/1.1" 200 1551
195.222.149.195 - - [12/Dec/2022:09:18:27 +0500] "GET /ords/api.HTP_ASPVK_DATA?nPVK_ID=0&vST_DT=12.12.2022%2007:11:08&vEND_DT=12.12.2022%2007:21:08 HTTP/1.1" 200 121
46.146.210.91 - - [12/Dec/2022:09:18:29 +0500] "GET /ords/api.HTP_ASPVK_DATA?nPVK_ID=0&vST_DT=12.12.2022%2009:08:27&vEND_DT=12.12.2022%2009:18:27 HTTP/1.1" 200 7363
31.162.9.49 - - [12/Dec/2022:09:18:34 +0500] "POST /ords/wwv_flow.show HTTP/1.1" 200 12
195.222.149.195 - - [12/Dec/2022:09:18:37 +0500] "GET /ords/api.HTP_ASPVK_DATA?nPVK_ID=0&vST_DT=12.12.2022%2007:11:18&vEND_DT=12.12.2022%2007:21:18 HTTP/1.1" 200 121
46.146.210.91 - - [12/Dec/2022:09:18:39 +0500] "GET /ords/api.HTP_ASPVK_DATA?nPVK_ID=0&vST_DT=12.12.2022%2009:08:37&vEND_DT=12.12.2022%2009:18:37 HTTP/1.1" 200 7363
195.222.149.195 - - [12/Dec/2022:09:18:47 +0500] "GET /ords/api.HTP_ASPVK_DATA?nPVK_ID=0&vST_DT=12.12.2022%2007:11:28&vEND_DT=12.12.2022%2007:21:28 HTTP/1.1" 200 121
46.146.210.91 - - [12/Dec/2022:09:18:49 +0500] "GET /ords/api.HTP_ASPVK_DATA?nPVK_ID=0&vST_DT=12.12.2022%2009:08:47&vEND_DT=12.12.2022%2009:18:47 HTTP/1.1" 200 7363
31.162.9.49 - - [12/Dec/2022:09:18:52 +0500] "POST /ords/wwv_flow.accept HTTP/1.1" 302 5
195.222.149.195 - - [12/Dec/2022:09:18:57 +0500] "GET /ords/api.HTP_ASPVK_DATA?nPVK_ID=0&vST_DT=12.12.2022%2007:11:38&vEND_DT=12.12.2022%2007:21:38 HTTP/1.1" 200 121
188.17.152.148 - - [12/Dec/2022:09:18:58 +0500] "GET /ords/f?p=147:1:3888170339588::NO::: HTTP/1.1" 200 46578
46.146.210.91 - - [12/Dec/2022:09:18:59 +0500] "GET /ords/api.HTP_ASPVK_DATA?nPVK_ID=0&vST_DT=12.12.2022%2009:08:57&vEND_DT=12.12.2022%2009:18:57 HTTP/1.1" 200 7363
178.216.65.66 - - [12/Dec/2022:09:19:04 +0500] "GET /ords/f?p=137:2:15433530559097::NO:::&success_msg=xODt7fvlIOjn7OXt5e37Lg%7E%7E%2FgeU-h4oYRoj4X-kaPyR91UI4mfZX0jYlQbJQS3skicntDg3-gknf1eF4GwlgbcBLskhblyH_UKk9dnCQwUvbhg HTTP/1.1" 200 111680
178.216.65.66 - - [12/Dec/2022:09:19:05 +0500] "POST /ords/wwv_flow.ajax HTTP/1.1" 200 1551
178.216.65.66 - - [12/Dec/2022:09:19:07 +0500] "GET /ords/wwv_flow.show?p_request=APPLICATION_PROCESS%3DGET_SQL_RESULT&p_flow_id=555&p_flow_step_id=0&p_instance=15433530559097&p_arg_names=F_APPLICATION_ID&p_arg_values=137&p_arg_names=F_FILTER_TEXT&p_arg_values=&p_arg_names=F_LOV_NAME&p_arg_values=%D0%A1%D0%A2%D0%90%D0%A2%D0%A3%D0%A1%D0%AB_%D0%97%D0%90%D0%AF%D0%92%D0%9E%D0%9A&p_arg_names=F_FILTER_TEXT2&p_arg_values=&p_arg_names=F_RESULT_COUNT&p_arg_values=50 HTTP/1.1" 200 147
178.216.65.66 - - [12/Dec/2022:09:19:07 +0500] "GET /ords/r/r/files/static/v74Y/ui-anim_basic_16x16.gif HTTP/1.1" 404 5
195.222.149.195 - - [12/Dec/2022:09:19:08 +0500] "GET /ords/api.HTP_ASPVK_DATA?nPVK_ID=0&vST_DT=12.12.2022%2007:11:48&vEND_DT=12.12.2022%2007:21:48 HTTP/1.1" 200 121
46.146.210.91 - - [12/Dec/2022:09:19:09 +0500] "GET /ords/api.HTP_ASPVK_DATA?nPVK_ID=0&vST_DT=12.12.2022%2009:09:07&vEND_DT=12.12.2022%2009:19:07 HTTP/1.1" 200 7363
195.222.149.195 - - [12/Dec/2022:09:19:17 +0500] "GET /ords/api.HTP_ASPVK_DATA?nPVK_ID=0&vST_DT=12.12.2022%2007:11:58&vEND_DT=12.12.2022%2007:21:58 HTTP/1.1" 200 121
46.146.210.91 - - [12/Dec/2022:09:19:19 +0500] "GET /ords/api.HTP_ASPVK_DATA?nPVK_ID=0&vST_DT=12.12.2022%2009:09:17&vEND_DT=12.12.2022%2009:19:17 HTTP/1.1" 200 7363
178.216.65.66 - - [12/Dec/2022:09:19:22 +0500] "GET /ords/wwv_flow.show?p_request=APPLICATION_PROCESS%3DGET_SQL_RESULT&p_flow_id=555&p_flow_step_id=0&p_instance=15433530559097&p_arg_names=F_APPLICATION_ID&p_arg_values=137&p_arg_names=F_FILTER_TEXT&p_arg_values=&p_arg_names=F_LOV_NAME&p_arg_values=%D0%A1%D0%A2%D0%90%D0%A2%D0%A3%D0%A1%D0%AB_%D0%97%D0%90%D0%AF%D0%92%D0%9E%D0%9A&p_arg_names=F_FILTER_TEXT2&p_arg_values=&p_arg_names=F_RESULT_COUNT&p_arg_values=50 HTTP/1.1" 200 147
178.216.65.66 - - [12/Dec/2022:09:19:22 +0500] "GET /ords/r/r/files/static/v74Y/ui-anim_basic_16x16.gif HTTP/1.1" 404 5
195.222.149.195 - - [12/Dec/2022:09:19:27 +0500] "GET /ords/api.HTP_ASPVK_DATA?nPVK_ID=0&vST_DT=12.12.2022%2007:12:08&vEND_DT=12.12.2022%2007:22:08 HTTP/1.1" 200 121
46.146.210.91 - - [12/Dec/2022:09:19:29 +0500] "GET /ords/api.HTP_ASPVK_DATA?nPVK_ID=0&vST_DT=12.12.2022%2009:09:27&vEND_DT=12.12.2022%2009:19:27 HTTP/1.1" 200 7363
195.222.149.195 - - [12/Dec/2022:09:19:37 +0500] "GET /ords/api.HTP_ASPVK_DATA?nPVK_ID=0&vST_DT=12.12.2022%2007:12:18&vEND_DT=12.12.2022%2007:22:18 HTTP/1.1" 200 121
46.146.210.91 - - [12/Dec/2022:09:19:39 +0500] "GET /ords/api.HTP_ASPVK_DATA?nPVK_ID=0&vST_DT=12.12.2022%2009:09:37&vEND_DT=12.12.2022%2009:19:37 HTTP/1.1" 200 7363
178.216.65.66 - - [12/Dec/2022:09:19:46 +0500] "POST /ords/wwv_flow.accept HTTP/1.1" 302 5
195.222.149.195 - - [12/Dec/2022:09:19:47 +0500] "GET /ords/api.HTP_ASPVK_DATA?nPVK_ID=0&vST_DT=12.12.2022%2007:12:28&vEND_DT=12.12.2022%2007:22:28 HTTP/1.1" 200 121
46.146.210.91 - - [12/Dec/2022:09:19:49 +0500] "GET /ords/api.HTP_ASPVK_DATA?nPVK_ID=0&vST_DT=12.12.2022%2009:09:47&vEND_DT=12.12.2022%2009:19:47 HTTP/1.1" 200 7363
212.33.243.160 - - [12/Dec/2022:09:19:55 +0500] "GET /ords/f?p=137:2:7581404511818::NO::P2_ID,P2_COUNT_ALL,P2_EDIT_MODE:114814,7, HTTP/1.1" 200 107037
212.33.243.160 - - [12/Dec/2022:09:19:55 +0500] "POST /ords/wwv_flow.ajax HTTP/1.1" 200 1629
178.216.65.66 - - [12/Dec/2022:09:19:55 +0500] "GET /ords/wwv_flow.show?p_request=APPLICATION_PROCESS%3DGET_SQL_RESULT&p_flow_id=555&p_flow_step_id=0&p_instance=15433530559097&p_arg_names=F_APPLICATION_ID&p_arg_values=137&p_arg_names=F_FILTER_TEXT&p_arg_values=&p_arg_names=F_LOV_NAME&p_arg_values=%D0%A1%D0%A2%D0%90%D0%A2%D0%A3%D0%A1%D0%AB_%D0%97%D0%90%D0%AF%D0%92%D0%9E%D0%9A&p_arg_names=F_FILTER_TEXT2&p_arg_values=&p_arg_names=F_RESULT_COUNT&p_arg_values=50 HTTP/1.1" 200 147
178.216.65.66 - - [12/Dec/2022:09:19:56 +0500] "GET /ords/r/r/files/static/v74Y/ui-anim_basic_16x16.gif HTTP/1.1" 404 5
31.162.9.49 - - [12/Dec/2022:09:19:56 +0500] "GET /ords/f?p=147:2:2343932168737:::::&success_msg=xODt7fvlIOjn7OXt5e37Lg%7E%7E%2Fk7A_rho3CNQqeHVXTjpdNQMh0-UFt9iLfkSx8dU5oUFgcwIE8K1o2qVuuYpk-b0WnPF4ScgJ2ATQ6JynSSpEKg HTTP/1.1" 200 97747
195.222.149.195 - - [12/Dec/2022:09:19:57 +0500] "GET /ords/api.HTP_ASPVK_DATA?nPVK_ID=0&vST_DT=12.12.2022%2007:12:38&vEND_DT=12.12.2022%2007:22:38 HTTP/1.1" 200 121
46.146.210.91 - - [12/Dec/2022:09:19:59 +0500] "GET /ords/api.HTP_ASPVK_DATA?nPVK_ID=0&vST_DT=12.12.2022%2009:09:57&vEND_DT=12.12.2022%2009:19:57 HTTP/1.1" 200 5831
178.216.65.66 - - [12/Dec/2022:09:20:05 +0500] "POST /ords/wwv_flow.accept HTTP/1.1" 302 5
195.222.149.195 - - [12/Dec/2022:09:20:07 +0500] "GET /ords/api.HTP_ASPVK_DATA?nPVK_ID=0&vST_DT=12.12.2022%2007:12:48&vEND_DT=12.12.2022%2007:22:48 HTTP/1.1" 200 121
46.146.210.91 - - [12/Dec/2022:09:20:09 +0500] "GET /ords/api.HTP_ASPVK_DATA?nPVK_ID=0&vST_DT=12.12.2022%2009:10:07&vEND_DT=12.12.2022%2009:20:07 HTTP/1.1" 200 5831
195.222.149.195 - - [12/Dec/2022:09:20:17 +0500] "GET /ords/api.HTP_ASPVK_DATA?nPVK_ID=0&vST_DT=12.12.2022%2007:12:58&vEND_DT=12.12.2022%2007:22:58 HTTP/1.1" 200 121
46.146.210.91 - - [12/Dec/2022:09:20:19 +0500] "GET /ords/api.HTP_ASPVK_DATA?nPVK_ID=0&vST_DT=12.12.2022%2009:10:17&vEND_DT=12.12.2022%2009:20:17 HTTP/1.1" 200 5831
178.216.65.66 - - [12/Dec/2022:09:20:25 +0500] "GET /ords/f?p=137:2:15433530559097::NO:::&success_msg=xODt7fvlIOjn7OXt5e37Lg%7E%7E%2FgeU-h4oYRoj4X-kaPyR91UI4mfZX0jYlQbJQS3skicntDg3-gknf1eF4GwlgbcBLskhblyH_UKk9dnCQwUvbhg HTTP/1.1" 200 111065
178.216.65.66 - - [12/Dec/2022:09:20:25 +0500] "POST /ords/wwv_flow.ajax HTTP/1.1" 200 1551
195.222.149.195 - - [12/Dec/2022:09:20:27 +0500] "GET /ords/api.HTP_ASPVK_DATA?nPVK_ID=0&vST_DT=12.12.2022%2007:13:08&vEND_DT=12.12.2022%2007:23:08 HTTP/1.1" 200 121
46.146.210.91 - - [12/Dec/2022:09:20:29 +0500] "GET /ords/api.HTP_ASPVK_DATA?nPVK_ID=0&vST_DT=12.12.2022%2009:10:27&vEND_DT=12.12.2022%2009:20:27 HTTP/1.1" 200 5831
195.222.149.195 - - [12/Dec/2022:09:20:37 +0500] "GET /ords/api.HTP_ASPVK_DATA?nPVK_ID=0&vST_DT=12.12.2022%2007:13:18&vEND_DT=12.12.2022%2007:23:18 HTTP/1.1" 200 121
46.146.210.91 - - [12/Dec/2022:09:20:39 +0500] "GET /ords/api.HTP_ASPVK_DATA?nPVK_ID=0&vST_DT=12.12.2022%2009:10:37&vEND_DT=12.12.2022%2009:20:37 HTTP/1.1" 200 5831
195.222.149.195 - - [12/Dec/2022:09:20:48 +0500] "GET /ords/api.HTP_ASPVK_DATA?nPVK_ID=0&vST_DT=12.12.2022%2007:13:28&vEND_DT=12.12.2022%2007:23:28 HTTP/1.1" 200 121
178.161.255.137 - - [12/Dec/2022:09:20:48 +0500] "GET / HTTP/1.1" 302 -
46.146.210.91 - - [12/Dec/2022:09:20:49 +0500] "GET /ords/api.HTP_ASPVK_DATA?nPVK_ID=0&vST_DT=12.12.2022%2009:10:47&vEND_DT=12.12.2022%2009:20:47 HTTP/1.1" 200 5831
178.161.255.137 - - [12/Dec/2022:09:20:51 +0500] "GET /ords/f?p=101:210 HTTP/1.1" 200 453
195.222.149.195 - - [12/Dec/2022:09:20:57 +0500] "GET /ords/api.HTP_ASPVK_DATA?nPVK_ID=0&vST_DT=12.12.2022%2007:13:38&vEND_DT=12.12.2022%2007:23:38 HTTP/1.1" 200 121
46.146.210.91 - - [12/Dec/2022:09:20:59 +0500] "GET /ords/api.HTP_ASPVK_DATA?nPVK_ID=0&vST_DT=12.12.2022%2009:10:57&vEND_DT=12.12.2022%2009:20:57 HTTP/1.1" 200 5831
178.216.65.66 - - [12/Dec/2022:09:21:00 +0500] "GET /ords/f?p=137:2:15433530559097::NO:::&success_msg=xODt7fvlIOjn7OXt5e37Lg%7E%7E%2FgeU-h4oYRoj4X-kaPyR91UI4mfZX0jYlQbJQS3skicntDg3-gknf1eF4GwlgbcBLskhblyH_UKk9dnCQwUvbhg HTTP/1.1" 200 111065
178.216.65.66 - - [12/Dec/2022:09:21:01 +0500] "POST /ords/wwv_flow.ajax HTTP/1.1" 200 1551
195.222.149.195 - - [12/Dec/2022:09:21:08 +0500] "GET /ords/api.HTP_ASPVK_DATA?nPVK_ID=0&vST_DT=12.12.2022%2007:13:48&vEND_DT=12.12.2022%2007:23:48 HTTP/1.1" 200 121
46.146.210.91 - - [12/Dec/2022:09:21:10 +0500] "GET /ords/api.HTP_ASPVK_DATA?nPVK_ID=0&vST_DT=12.12.2022%2009:11:07&vEND_DT=12.12.2022%2009:21:07 HTTP/1.1" 200 7361
195.222.149.195 - - [12/Dec/2022:09:21:17 +0500] "GET /ords/api.HTP_ASPVK_DATA?nPVK_ID=0&vST_DT=12.12.2022%2007:13:58&vEND_DT=12.12.2022%2007:23:58 HTTP/1.1" 200 121
46.146.210.91 - - [12/Dec/2022:09:21:19 +0500] "GET /ords/api.HTP_ASPVK_DATA?nPVK_ID=0&vST_DT=12.12.2022%2009:11:17&vEND_DT=12.12.2022%2009:21:17 HTTP/1.1" 200 7361
195.222.149.195 - - [12/Dec/2022:09:21:27 +0500] "GET /ords/api.HTP_ASPVK_DATA?nPVK_ID=0&vST_DT=12.12.2022%2007:14:08&vEND_DT=12.12.2022%2007:24:08 HTTP/1.1" 200 121
46.146.210.91 - - [12/Dec/2022:09:21:29 +0500] "GET /ords/api.HTP_ASPVK_DATA?nPVK_ID=0&vST_DT=12.12.2022%2009:11:27&vEND_DT=12.12.2022%2009:21:27 HTTP/1.1" 200 5827
195.222.149.195 - - [12/Dec/2022:09:21:37 +0500] "GET /ords/api.HTP_ASPVK_DATA?nPVK_ID=0&vST_DT=12.12.2022%2007:14:18&vEND_DT=12.12.2022%2007:24:18 HTTP/1.1" 200 121
46.146.210.91 - - [12/Dec/2022:09:21:39 +0500] "GET /ords/api.HTP_ASPVK_DATA?nPVK_ID=0&vST_DT=12.12.2022%2009:11:37&vEND_DT=12.12.2022%2009:21:37 HTTP/1.1" 200 4297
178.216.65.66 - - [12/Dec/2022:09:21:44 +0500] "POST /ords/wwv_flow.accept HTTP/1.1" 302 5
195.222.149.195 - - [12/Dec/2022:09:21:47 +0500] "GET /ords/api.HTP_ASPVK_DATA?nPVK_ID=0&vST_DT=12.12.2022%2007:14:28&vEND_DT=12.12.2022%2007:24:28 HTTP/1.1" 200 121
46.146.210.91 - - [12/Dec/2022:09:21:49 +0500] "GET /ords/api.HTP_ASPVK_DATA?nPVK_ID=0&vST_DT=12.12.2022%2009:11:47&vEND_DT=12.12.2022%2009:21:47 HTTP/1.1" 200 4297
195.222.149.195 - - [12/Dec/2022:09:21:57 +0500] "GET /ords/api.HTP_ASPVK_DATA?nPVK_ID=0&vST_DT=12.12.2022%2007:14:38&vEND_DT=12.12.2022%2007:24:38 HTTP/1.1" 200 121
46.146.210.91 - - [12/Dec/2022:09:21:59 +0500] "GET /ords/api.HTP_ASPVK_DATA?nPVK_ID=0&vST_DT=12.12.2022%2009:11:57&vEND_DT=12.12.2022%2009:21:57 HTTP/1.1" 200 4297
212.33.243.160 - - [12/Dec/2022:09:22:02 +0500] "POST /ords/wwv_flow.accept HTTP/1.1" 302 5
195.222.149.195 - - [12/Dec/2022:09:22:07 +0500] "GET /ords/api.HTP_ASPVK_DATA?nPVK_ID=0&vST_DT=12.12.2022%2007:14:48&vEND_DT=12.12.2022%2007:24:48 HTTP/1.1" 200 121
46.146.210.91 - - [12/Dec/2022:09:22:09 +0500] "GET /ords/api.HTP_ASPVK_DATA?nPVK_ID=0&vST_DT=12.12.2022%2009:12:07&vEND_DT=12.12.2022%2009:22:07 HTTP/1.1" 200 4297
31.162.9.49 - - [12/Dec/2022:09:22:15 +0500] "GET /ords/f?p=147:2:2343932168737::NO::P2_ID,P2_COUNT_ALL,P2_EDIT_MODE:114273,5, HTTP/1.1" 200 97058
195.222.149.195 - - [12/Dec/2022:09:22:17 +0500] "GET /ords/api.HTP_ASPVK_DATA?nPVK_ID=0&vST_DT=12.12.2022%2007:14:58&vEND_DT=12.12.2022%2007:24:58 HTTP/1.1" 200 121
46.146.210.91 - - [12/Dec/2022:09:22:19 +0500] "GET /ords/api.HTP_ASPVK_DATA?nPVK_ID=0&vST_DT=12.12.2022%2009:12:17&vEND_DT=12.12.2022%2009:22:17 HTTP/1.1" 200 4297
178.216.65.66 - - [12/Dec/2022:09:22:22 +0500] "POST /ords/wwv_flow.ajax HTTP/1.1" 200 49723
178.216.65.66 - - [12/Dec/2022:09:22:24 +0500] "GET /ords/f?p=137:2:15433530559097::NO:::&success_msg=xODt7fvlIOjn7OXt5e37Lg%7E%7E%2FgeU-h4oYRoj4X-kaPyR91UI4mfZX0jYlQbJQS3skicntDg3-gknf1eF4GwlgbcBLskhblyH_UKk9dnCQwUvbhg HTTP/1.1" 200 112333
178.216.65.66 - - [12/Dec/2022:09:22:24 +0500] "POST /ords/wwv_flow.ajax HTTP/1.1" 200 1551
195.222.149.195 - - [12/Dec/2022:09:22:27 +0500] "GET /ords/api.HTP_ASPVK_DATA?nPVK_ID=0&vST_DT=12.12.2022%2007:15:08&vEND_DT=12.12.2022%2007:25:08 HTTP/1.1" 200 121
46.146.210.91 - - [12/Dec/2022:09:22:29 +0500] "GET /ords/api.HTP_ASPVK_DATA?nPVK_ID=0&vST_DT=12.12.2022%2009:12:27&vEND_DT=12.12.2022%2009:22:27 HTTP/1.1" 200 4297
212.120.180.146 - - [12/Dec/2022:09:22:30 +0500] "GET /ords/f?p=101:210:0:::::&tz=5:00 HTTP/1.1" 200 16248
195.222.149.195 - - [12/Dec/2022:09:22:38 +0500] "GET /ords/api.HTP_ASPVK_DATA?nPVK_ID=0&vST_DT=12.12.2022%2007:15:18&vEND_DT=12.12.2022%2007:25:18 HTTP/1.1" 200 121
46.146.210.91 - - [12/Dec/2022:09:22:39 +0500] "GET /ords/api.HTP_ASPVK_DATA?nPVK_ID=0&vST_DT=12.12.2022%2009:12:37&vEND_DT=12.12.2022%2009:22:37 HTTP/1.1" 200 1600
212.33.243.160 - - [12/Dec/2022:09:22:41 +0500] "GET /ords/f?p=137:2:7581404511818::NO:::&success_msg=xODt7fvlIOjn7OXt5e37Lg%7E%7E%2FP_VJh2aylOCE8ZulwQXWtbIhoIIcChmprUcIGa3LtnSoaxMTDgioGUrQfT0YdidYm5EXespSeAcE1piWZNSpXg HTTP/1.1" 200 107322
212.33.243.160 - - [12/Dec/2022:09:22:41 +0500] "POST /ords/wwv_flow.ajax HTTP/1.1" 200 1629
31.162.9.49 - - [12/Dec/2022:09:22:47 +0500] "POST /ords/wwv_flow.show HTTP/1.1" 200 12
195.222.149.195 - - [12/Dec/2022:09:22:48 +0500] "GET /ords/api.HTP_ASPVK_DATA?nPVK_ID=0&vST_DT=12.12.2022%2007:15:28&vEND_DT=12.12.2022%2007:25:28 HTTP/1.1" 200 121
46.146.210.91 - - [12/Dec/2022:09:22:49 +0500] "GET /ords/api.HTP_ASPVK_DATA?nPVK_ID=0&vST_DT=12.12.2022%2009:12:48&vEND_DT=12.12.2022%2009:22:48 HTTP/1.1" 200 1600
195.222.149.195 - - [12/Dec/2022:09:22:58 +0500] "GET /ords/api.HTP_ASPVK_DATA?nPVK_ID=0&vST_DT=12.12.2022%2007:15:38&vEND_DT=12.12.2022%2007:25:38 HTTP/1.1" 200 121
46.146.210.91 - - [12/Dec/2022:09:22:59 +0500] "GET /ords/api.HTP_ASPVK_DATA?nPVK_ID=0&vST_DT=12.12.2022%2009:12:58&vEND_DT=12.12.2022%2009:22:58 HTTP/1.1" 200 1600
195.222.149.195 - - [12/Dec/2022:09:23:07 +0500] "GET /ords/api.HTP_ASPVK_DATA?nPVK_ID=0&vST_DT=12.12.2022%2007:15:48&vEND_DT=12.12.2022%2007:25:48 HTTP/1.1" 200 121
46.146.210.91 - - [12/Dec/2022:09:23:09 +0500] "GET /ords/api.HTP_ASPVK_DATA?nPVK_ID=0&vST_DT=12.12.2022%2009:13:08&vEND_DT=12.12.2022%2009:23:08 HTTP/1.1" 200 1600
31.162.9.49 - - [12/Dec/2022:09:23:10 +0500] "POST /ords/wwv_flow.accept HTTP/1.1" 302 5
195.222.149.195 - - [12/Dec/2022:09:23:17 +0500] "GET /ords/api.HTP_ASPVK_DATA?nPVK_ID=0&vST_DT=12.12.2022%2007:15:58&vEND_DT=12.12.2022%2007:25:58 HTTP/1.1" 200 121
178.216.65.66 - - [12/Dec/2022:09:23:18 +0500] "GET /ords/f?p=137:2:15433530559097::NO::P2_ID,P2_COUNT_ALL,P2_EDIT_MODE:114566,6, HTTP/1.1" 200 111903
178.216.65.66 - - [12/Dec/2022:09:23:19 +0500] "POST /ords/wwv_flow.ajax HTTP/1.1" 200 1551
46.146.210.91 - - [12/Dec/2022:09:23:19 +0500] "GET /ords/api.HTP_ASPVK_DATA?nPVK_ID=0&vST_DT=12.12.2022%2009:13:18&vEND_DT=12.12.2022%2009:23:18 HTTP/1.1" 200 1600
178.216.65.66 - - [12/Dec/2022:09:23:22 +0500] "GET /ords/f?p=137:2:15433530559097::NO::P2_ID,P2_COUNT_ALL,P2_EDIT_MODE:114567,6, HTTP/1.1" 200 112160
178.216.65.66 - - [12/Dec/2022:09:23:23 +0500] "POST /ords/wwv_flow.ajax HTTP/1.1" 200 1551
178.216.65.66 - - [12/Dec/2022:09:23:24 +0500] "GET /ords/f?p=137:2:15433530559097::NO::P2_ID,P2_COUNT_ALL,P2_EDIT_MODE:114569,6, HTTP/1.1" 200 112543
178.216.65.66 - - [12/Dec/2022:09:23:24 +0500] "POST /ords/wwv_flow.ajax HTTP/1.1" 200 1551
212.33.243.160 - - [12/Dec/2022:09:23:29 +0500] "POST /ords/wwv_flow.show HTTP/1.1" 200 14
212.33.243.160 - - [12/Dec/2022:09:23:29 +0500] "POST /ords/wwv_flow.show HTTP/1.1" 200 537
46.146.210.91 - - [12/Dec/2022:09:23:29 +0500] "GET /ords/api.HTP_ASPVK_DATA?nPVK_ID=0&vST_DT=12.12.2022%2009:13:28&vEND_DT=12.12.2022%2009:23:28 HTTP/1.1" 200 1600
195.222.149.195 - - [12/Dec/2022:09:23:30 +0500] "GET /ords/api.HTP_ASPVK_DATA?nPVK_ID=0&vST_DT=12.12.2022%2007:16:08&vEND_DT=12.12.2022%2007:26:08 HTTP/1.1" 200 121
178.216.65.66 - - [12/Dec/2022:09:23:31 +0500] "GET /ords/f?p=137:2:15433530559097::NO::P2_ID,P2_COUNT_ALL,P2_EDIT_MODE:114571,6, HTTP/1.1" 200 112433
178.216.65.66 - - [12/Dec/2022:09:23:32 +0500] "POST /ords/wwv_flow.ajax HTTP/1.1" 200 1551
212.33.243.160 - - [12/Dec/2022:09:23:33 +0500] "POST /ords/wwv_flow.show HTTP/1.1" 200 14
212.33.243.160 - - [12/Dec/2022:09:23:34 +0500] "POST /ords/wwv_flow.show HTTP/1.1" 200 14
212.33.243.160 - - [12/Dec/2022:09:23:35 +0500] "POST /ords/wwv_flow.show HTTP/1.1" 200 14
212.33.243.160 - - [12/Dec/2022:09:23:36 +0500] "POST /ords/wwv_flow.show HTTP/1.1" 200 14
178.216.65.66 - - [12/Dec/2022:09:23:37 +0500] "GET /ords/f?p=137:2:15433530559097::NO::P2_ID,P2_COUNT_ALL,P2_EDIT_MODE:114572,6, HTTP/1.1" 200 112627
195.222.149.195 - - [12/Dec/2022:09:23:37 +0500] "GET /ords/api.HTP_ASPVK_DATA?nPVK_ID=0&vST_DT=12.12.2022%2007:16:18&vEND_DT=12.12.2022%2007:26:18 HTTP/1.1" 200 121
178.216.65.66 - - [12/Dec/2022:09:23:38 +0500] "POST /ords/wwv_flow.ajax HTTP/1.1" 200 1551
46.146.210.91 - - [12/Dec/2022:09:23:39 +0500] "GET /ords/api.HTP_ASPVK_DATA?nPVK_ID=0&vST_DT=12.12.2022%2009:13:38&vEND_DT=12.12.2022%2009:23:38 HTTP/1.1" 200 1600
178.216.65.66 - - [12/Dec/2022:09:23:40 +0500] "GET /ords/f?p=137:2:15433530559097::NO::P2_ID,P2_COUNT_ALL,P2_EDIT_MODE:114573,6, HTTP/1.1" 200 111471
178.216.65.66 - - [12/Dec/2022:09:23:41 +0500] "POST /ords/wwv_flow.ajax HTTP/1.1" 200 1551
195.222.149.195 - - [12/Dec/2022:09:23:48 +0500] "GET /ords/api.HTP_ASPVK_DATA?nPVK_ID=0&vST_DT=12.12.2022%2007:16:28&vEND_DT=12.12.2022%2007:26:28 HTTP/1.1" 200 121
46.146.210.91 - - [12/Dec/2022:09:23:49 +0500] "GET /ords/api.HTP_ASPVK_DATA?nPVK_ID=0&vST_DT=12.12.2022%2009:13:48&vEND_DT=12.12.2022%2009:23:48 HTTP/1.1" 200 1600
31.162.9.49 - - [12/Dec/2022:09:23:53 +0500] "GET /ords/f?p=147:2:2343932168737::NO::P2_ID,P2_COUNT_ALL,P2_EDIT_MODE:114272,5, HTTP/1.1" 200 8206
195.222.149.195 - - [12/Dec/2022:09:23:58 +0500] "GET /ords/api.HTP_ASPVK_DATA?nPVK_ID=0&vST_DT=12.12.2022%2007:16:38&vEND_DT=12.12.2022%2007:26:38 HTTP/1.1" 200 121
46.146.210.91 - - [12/Dec/2022:09:23:59 +0500] "GET /ords/api.HTP_ASPVK_DATA?nPVK_ID=0&vST_DT=12.12.2022%2009:13:58&vEND_DT=12.12.2022%2009:23:58 HTTP/1.1" 200 1600
178.216.65.66 - - [12/Dec/2022:09:24:08 +0500] "GET /ords/f?p=137:2:15433530559097::NO::P2_ID,P2_COUNT_ALL,P2_EDIT_MODE:114574,6, HTTP/1.1" 200 112067
195.222.149.195 - - [12/Dec/2022:09:24:08 +0500] "GET /ords/api.HTP_ASPVK_DATA?nPVK_ID=0&vST_DT=12.12.2022%2007:16:48&vEND_DT=12.12.2022%2007:26:48 HTTP/1.1" 200 121
178.216.65.66 - - [12/Dec/2022:09:24:08 +0500] "POST /ords/wwv_flow.ajax HTTP/1.1" 200 1551
46.146.210.91 - - [12/Dec/2022:09:24:09 +0500] "GET /ords/api.HTP_ASPVK_DATA?nPVK_ID=0&vST_DT=12.12.2022%2009:14:08&vEND_DT=12.12.2022%2009:24:08 HTTP/1.1" 200 4661
178.216.65.66 - - [12/Dec/2022:09:24:12 +0500] "GET /ords/f?p=137:2:15433530559097::NO::P2_ID,P2_COUNT_ALL,P2_EDIT_MODE:114576,6, HTTP/1.1" 200 110855
87.250.224.126 - - [12/Dec/2022:09:24:12 +0500] "GET /robots.txt HTTP/1.1" 404 1014
95.108.213.71 - - [12/Dec/2022:09:24:12 +0500] "GET /robots.txt HTTP/1.1" 404 1014
178.216.65.66 - - [12/Dec/2022:09:24:12 +0500] "POST /ords/wwv_flow.ajax HTTP/1.1" 200 1551
95.108.213.71 - - [12/Dec/2022:09:24:12 +0500] "GET /robots.txt HTTP/1.1" 404 1014
95.108.213.71 - - [12/Dec/2022:09:24:16 +0500] "GET / HTTP/1.1" 302 -
87.250.224.126 - - [12/Dec/2022:09:24:16 +0500] "GET / HTTP/1.1" 302 -
95.108.213.69 - - [12/Dec/2022:09:24:16 +0500] "GET / HTTP/1.1" 302 -
178.216.65.66 - - [12/Dec/2022:09:24:17 +0500] "GET /ords/f?p=137:2:15433530559097::NO::P2_ID,P2_COUNT_ALL,P2_EDIT_MODE:114577,6, HTTP/1.1" 200 111538
178.216.65.66 - - [12/Dec/2022:09:24:18 +0500] "POST /ords/wwv_flow.ajax HTTP/1.1" 200 1551
195.222.149.195 - - [12/Dec/2022:09:24:18 +0500] "GET /ords/api.HTP_ASPVK_DATA?nPVK_ID=0&vST_DT=12.12.2022%2007:16:59&vEND_DT=12.12.2022%2007:26:59 HTTP/1.1" 200 121
178.216.65.66 - - [12/Dec/2022:09:24:19 +0500] "GET /ords/f?p=137:2:15433530559097::NO::P2_ID,P2_COUNT_ALL,P2_EDIT_MODE:114579,6, HTTP/1.1" 200 111528
87.250.224.83 - - [12/Dec/2022:09:24:20 +0500] "GET /ords/f?p=101:210 HTTP/1.1" 200 453
46.146.210.91 - - [12/Dec/2022:09:24:20 +0500] "GET /ords/api.HTP_ASPVK_DATA?nPVK_ID=0&vST_DT=12.12.2022%2009:14:18&vEND_DT=12.12.2022%2009:24:18 HTTP/1.1" 200 4661
178.216.65.66 - - [12/Dec/2022:09:24:20 +0500] "POST /ords/wwv_flow.ajax HTTP/1.1" 200 1551
5.255.231.205 - - [12/Dec/2022:09:24:20 +0500] "GET /ords/f?p=101:210 HTTP/1.1" 200 453
178.216.65.66 - - [12/Dec/2022:09:24:24 +0500] "GET /ords/f?p=137:2:15433530559097::NO::P2_ID,P2_COUNT_ALL,P2_EDIT_MODE:114581,6, HTTP/1.1" 200 111318
31.162.9.49 - - [12/Dec/2022:09:24:26 +0500] "GET /ords/f?p=147:2:2343932168737:::::&success_msg=xODt7fvlIOjn7OXt5e37Lg%7E%7E%2Fk7A_rho3CNQqeHVXTjpdNQMh0-UFt9iLfkSx8dU5oUFgcwIE8K1o2qVuuYpk-b0WnPF4ScgJ2ATQ6JynSSpEKg HTTP/1.1" 200 97770
178.216.65.66 - - [12/Dec/2022:09:24:26 +0500] "POST /ords/wwv_flow.ajax HTTP/1.1" 200 1551
195.222.149.195 - - [12/Dec/2022:09:24:28 +0500] "GET /ords/api.HTP_ASPVK_DATA?nPVK_ID=0&vST_DT=12.12.2022%2007:17:09&vEND_DT=12.12.2022%2007:27:09 HTTP/1.1" 200 121
178.216.65.66 - - [12/Dec/2022:09:24:28 +0500] "GET /ords/f?p=137:2:15433530559097::NO::P2_ID,P2_COUNT_ALL,P2_EDIT_MODE:114584,6, HTTP/1.1" 200 111327
178.216.65.66 - - [12/Dec/2022:09:24:29 +0500] "POST /ords/wwv_flow.ajax HTTP/1.1" 200 1551
212.33.243.160 - - [12/Dec/2022:09:24:29 +0500] "GET /ords/f?p=137:2:7581404511818::NO::P2_ID,P2_COUNT_ALL,P2_EDIT_MODE:114814,7, HTTP/1.1" 200 111783
46.146.210.91 - - [12/Dec/2022:09:24:29 +0500] "GET /ords/api.HTP_ASPVK_DATA?nPVK_ID=0&vST_DT=12.12.2022%2009:14:28&vEND_DT=12.12.2022%2009:24:28 HTTP/1.1" 200 4661
212.33.243.160 - - [12/Dec/2022:09:24:30 +0500] "POST /ords/wwv_flow.ajax HTTP/1.1" 200 1629
178.216.65.66 - - [12/Dec/2022:09:24:32 +0500] "GET /ords/f?p=137:2:15433530559097::NO::P2_ID,P2_COUNT_ALL,P2_EDIT_MODE:114593,6, HTTP/1.1" 200 111571
178.216.65.66 - - [12/Dec/2022:09:24:32 +0500] "GET /ords/f?p=137:2:15433530559097::NO::P2_ID,P2_COUNT_ALL,P2_EDIT_MODE:114588,6, HTTP/1.1" 200 111581
178.216.65.66 - - [12/Dec/2022:09:24:32 +0500] "POST /ords/wwv_flow.ajax HTTP/1.1" 200 1551
178.216.65.66 - - [12/Dec/2022:09:24:33 +0500] "POST /ords/wwv_flow.ajax HTTP/1.1" 200 1551
195.222.149.195 - - [12/Dec/2022:09:24:38 +0500] "GET /ords/api.HTP_ASPVK_DATA?nPVK_ID=0&vST_DT=12.12.2022%2007:17:19&vEND_DT=12.12.2022%2007:27:19 HTTP/1.1" 200 121
31.162.9.49 - - [12/Dec/2022:09:24:38 +0500] "POST /ords/wwv_flow.show HTTP/1.1" 200 12
46.146.210.91 - - [12/Dec/2022:09:24:39 +0500] "GET /ords/api.HTP_ASPVK_DATA?nPVK_ID=0&vST_DT=12.12.2022%2009:14:38&vEND_DT=12.12.2022%2009:24:38 HTTP/1.1" 200 4661
195.222.149.195 - - [12/Dec/2022:09:24:48 +0500] "GET /ords/api.HTP_ASPVK_DATA?nPVK_ID=0&vST_DT=12.12.2022%2007:17:29&vEND_DT=12.12.2022%2007:27:29 HTTP/1.1" 200 121
195.222.149.195 - - [12/Dec/2022:09:24:49 +0500] "GET /ords/api.HTP_ASPVK_DATA?nPVK_ID=0&vST_DT=11.12.2022%2007:26:44&vEND_DT=12.12.2022%2007:26:44 HTTP/1.1" 500 12951
46.146.210.91 - - [12/Dec/2022:09:24:49 +0500] "GET /ords/api.HTP_ASPVK_DATA?nPVK_ID=0&vST_DT=12.12.2022%2009:14:48&vEND_DT=12.12.2022%2009:24:48 HTTP/1.1" 200 4661
31.162.9.49 - - [12/Dec/2022:09:24:56 +0500] "POST /ords/wwv_flow.accept HTTP/1.1" 302 5
195.222.149.195 - - [12/Dec/2022:09:24:58 +0500] "GET /ords/api.HTP_ASPVK_DATA?nPVK_ID=0&vST_DT=12.12.2022%2007:17:39&vEND_DT=12.12.2022%2007:27:39 HTTP/1.1" 200 1603
46.146.210.91 - - [12/Dec/2022:09:24:59 +0500] "GET /ords/api.HTP_ASPVK_DATA?nPVK_ID=0&vST_DT=12.12.2022%2009:14:58&vEND_DT=12.12.2022%2009:24:58 HTTP/1.1" 200 4661
195.222.149.195 - - [12/Dec/2022:09:25:08 +0500] "GET /ords/api.HTP_ASPVK_DATA?nPVK_ID=0&vST_DT=12.12.2022%2007:17:49&vEND_DT=12.12.2022%2007:27:49 HTTP/1.1" 200 1603
46.146.210.91 - - [12/Dec/2022:09:25:09 +0500] "GET /ords/api.HTP_ASPVK_DATA?nPVK_ID=0&vST_DT=12.12.2022%2009:15:08&vEND_DT=12.12.2022%2009:25:08 HTTP/1.1" 200 4661
195.222.149.195 - - [12/Dec/2022:09:25:18 +0500] "GET /ords/api.HTP_ASPVK_DATA?nPVK_ID=0&vST_DT=12.12.2022%2007:17:59&vEND_DT=12.12.2022%2007:27:59 HTTP/1.1" 200 1603
46.146.210.91 - - [12/Dec/2022:09:25:19 +0500] "GET /ords/api.HTP_ASPVK_DATA?nPVK_ID=0&vST_DT=12.12.2022%2009:15:18&vEND_DT=12.12.2022%2009:25:18 HTTP/1.1" 200 4661
212.33.243.160 - - [12/Dec/2022:09:25:26 +0500] "POST /ords/wwv_flow.show HTTP/1.1" 200 14
178.216.65.66 - - [12/Dec/2022:09:25:26 +0500] "GET /ords/wwv_flow.show?p_request=APPLICATION_PROCESS%3DGET_SQL_RESULT&p_flow_id=555&p_flow_step_id=0&p_instance=15433530559097&p_arg_names=F_APPLICATION_ID&p_arg_values=137&p_arg_names=F_FILTER_TEXT&p_arg_values=&p_arg_names=F_LOV_NAME&p_arg_values=%D0%A1%D0%A2%D0%90%D0%A2%D0%A3%D0%A1%D0%AB_%D0%97%D0%90%D0%AF%D0%92%D0%9E%D0%9A&p_arg_names=F_FILTER_TEXT2&p_arg_values=&p_arg_names=F_RESULT_COUNT&p_arg_values=50 HTTP/1.1" 200 147
178.216.65.66 - - [12/Dec/2022:09:25:27 +0500] "GET /ords/r/r/files/static/v74Y/ui-anim_basic_16x16.gif HTTP/1.1" 404 5
195.222.149.195 - - [12/Dec/2022:09:25:28 +0500] "GET /ords/api.HTP_ASPVK_DATA?nPVK_ID=0&vST_DT=12.12.2022%2007:18:09&vEND_DT=12.12.2022%2007:28:09 HTTP/1.1" 200 1603
46.146.210.91 - - [12/Dec/2022:09:25:29 +0500] "GET /ords/api.HTP_ASPVK_DATA?nPVK_ID=0&vST_DT=12.12.2022%2009:15:28&vEND_DT=12.12.2022%2009:25:28 HTTP/1.1" 200 4661
195.222.149.195 - - [12/Dec/2022:09:25:38 +0500] "GET /ords/api.HTP_ASPVK_DATA?nPVK_ID=0&vST_DT=12.12.2022%2007:18:19&vEND_DT=12.12.2022%2007:28:19 HTTP/1.1" 200 1603
46.146.210.91 - - [12/Dec/2022:09:25:40 +0500] "GET /ords/api.HTP_ASPVK_DATA?nPVK_ID=0&vST_DT=12.12.2022%2009:15:38&vEND_DT=12.12.2022%2009:25:38 HTTP/1.1" 200 4661
178.216.65.66 - - [12/Dec/2022:09:25:41 +0500] "GET /ords/wwv_flow.show?p_request=APPLICATION_PROCESS%3DGET_SQL_RESULT&p_flow_id=555&p_flow_step_id=0&p_instance=15433530559097&p_arg_names=F_APPLICATION_ID&p_arg_values=137&p_arg_names=F_FILTER_TEXT&p_arg_values=&p_arg_names=F_LOV_NAME&p_arg_values=%D0%A1%D0%A2%D0%90%D0%A2%D0%A3%D0%A1%D0%AB_%D0%97%D0%90%D0%AF%D0%92%D0%9E%D0%9A&p_arg_names=F_FILTER_TEXT2&p_arg_values=&p_arg_names=F_RESULT_COUNT&p_arg_values=50 HTTP/1.1" 200 147
178.216.65.66 - - [12/Dec/2022:09:25:41 +0500] "GET /ords/r/r/files/static/v74Y/ui-anim_basic_16x16.gif HTTP/1.1" 404 5
31.162.9.49 - - [12/Dec/2022:09:25:45 +0500] "GET /ords/f?p=147:2:2343932168737::NO::P2_ID,P2_COUNT_ALL,P2_EDIT_MODE:114272,5, HTTP/1.1" 200 97067
195.222.149.195 - - [12/Dec/2022:09:25:48 +0500] "GET /ords/api.HTP_ASPVK_DATA?nPVK_ID=0&vST_DT=12.12.2022%2007:18:29&vEND_DT=12.12.2022%2007:28:29 HTTP/1.1" 200 1603
46.146.210.91 - - [12/Dec/2022:09:25:49 +0500] "GET /ords/api.HTP_ASPVK_DATA?nPVK_ID=0&vST_DT=12.12.2022%2009:15:48&vEND_DT=12.12.2022%2009:25:48 HTTP/1.1" 200 4661
178.216.65.66 - - [12/Dec/2022:09:25:51 +0500] "GET /ords/wwv_flow.show?p_request=APPLICATION_PROCESS%3DGET_SQL_RESULT&p_flow_id=555&p_flow_step_id=0&p_instance=15433530559097&p_arg_names=F_APPLICATION_ID&p_arg_values=137&p_arg_names=F_FILTER_TEXT&p_arg_values=&p_arg_names=F_LOV_NAME&p_arg_values=%D0%A1%D0%A2%D0%90%D0%A2%D0%A3%D0%A1%D0%AB_%D0%97%D0%90%D0%AF%D0%92%D0%9E%D0%9A&p_arg_names=F_FILTER_TEXT2&p_arg_values=&p_arg_names=F_RESULT_COUNT&p_arg_values=50 HTTP/1.1" 200 147
178.216.65.66 - - [12/Dec/2022:09:25:52 +0500] "GET /ords/r/r/files/static/v74Y/ui-anim_basic_16x16.gif HTTP/1.1" 404 5
195.222.149.195 - - [12/Dec/2022:09:25:58 +0500] "GET /ords/api.HTP_ASPVK_DATA?nPVK_ID=0&vST_DT=12.12.2022%2007:18:39&vEND_DT=12.12.2022%2007:28:39 HTTP/1.1" 200 1603
212.33.243.160 - - [12/Dec/2022:09:25:58 +0500] "POST /ords/wwv_flow.accept HTTP/1.1" 302 5
46.146.210.91 - - [12/Dec/2022:09:25:59 +0500] "GET /ords/api.HTP_ASPVK_DATA?nPVK_ID=0&vST_DT=12.12.2022%2009:15:58&vEND_DT=12.12.2022%2009:25:58 HTTP/1.1" 200 4661
31.162.9.49 - - [12/Dec/2022:09:26:00 +0500] "GET /ords/f?p=147:2:2343932168737:::::&success_msg=xODt7fvlIOjn7OXt5e37Lg%7E%7E%2Fk7A_rho3CNQqeHVXTjpdNQMh0-UFt9iLfkSx8dU5oUFgcwIE8K1o2qVuuYpk-b0WnPF4ScgJ2ATQ6JynSSpEKg HTTP/1.1" 200 97227
178.216.65.66 - - [12/Dec/2022:09:26:03 +0500] "POST /ords/wwv_flow.accept HTTP/1.1" 302 5
178.216.65.66 - - [12/Dec/2022:09:26:03 +0500] "GET /ords/wwv_flow.show?p_request=APPLICATION_PROCESS%3DGET_SQL_RESULT&p_flow_id=555&p_flow_step_id=0&p_instance=15433530559097&p_arg_names=F_APPLICATION_ID&p_arg_values=137&p_arg_names=F_FILTER_TEXT&p_arg_values=&p_arg_names=F_LOV_NAME&p_arg_values=%D0%A1%D0%A2%D0%90%D0%A2%D0%A3%D0%A1%D0%AB_%D0%97%D0%90%D0%AF%D0%92%D0%9E%D0%9A&p_arg_names=F_FILTER_TEXT2&p_arg_values=&p_arg_names=F_RESULT_COUNT&p_arg_values=50 HTTP/1.1" 200 147
178.216.65.66 - - [12/Dec/2022:09:26:03 +0500] "GET /ords/r/r/files/static/v74Y/ui-anim_basic_16x16.gif HTTP/1.1" 404 5
195.222.149.195 - - [12/Dec/2022:09:26:08 +0500] "GET /ords/api.HTP_ASPVK_DATA?nPVK_ID=0&vST_DT=12.12.2022%2007:18:49&vEND_DT=12.12.2022%2007:28:49 HTTP/1.1" 200 1603
46.146.210.91 - - [12/Dec/2022:09:26:09 +0500] "GET /ords/api.HTP_ASPVK_DATA?nPVK_ID=0&vST_DT=12.12.2022%2009:16:08&vEND_DT=12.12.2022%2009:26:08 HTTP/1.1" 200 4661
178.216.65.66 - - [12/Dec/2022:09:26:10 +0500] "GET /ords/wwv_flow.show?p_request=APPLICATION_PROCESS%3DGET_SQL_RESULT&p_flow_id=555&p_flow_step_id=0&p_instance=15433530559097&p_arg_names=F_APPLICATION_ID&p_arg_values=137&p_arg_names=F_FILTER_TEXT&p_arg_values=&p_arg_names=F_LOV_NAME&p_arg_values=%D0%A1%D0%A2%D0%90%D0%A2%D0%A3%D0%A1%D0%AB_%D0%97%D0%90%D0%AF%D0%92%D0%9E%D0%9A&p_arg_names=F_FILTER_TEXT2&p_arg_values=&p_arg_names=F_RESULT_COUNT&p_arg_values=50 HTTP/1.1" 200 147
178.216.65.66 - - [12/Dec/2022:09:26:10 +0500] "GET /ords/r/r/files/static/v74Y/ui-anim_basic_16x16.gif HTTP/1.1" 404 5
195.222.149.195 - - [12/Dec/2022:09:26:18 +0500] "GET /ords/api.HTP_ASPVK_DATA?nPVK_ID=0&vST_DT=12.12.2022%2007:18:59&vEND_DT=12.12.2022%2007:28:59 HTTP/1.1" 200 1603
46.146.210.91 - - [12/Dec/2022:09:26:19 +0500] "GET /ords/api.HTP_ASPVK_DATA?nPVK_ID=0&vST_DT=12.12.2022%2009:16:18&vEND_DT=12.12.2022%2009:26:18 HTTP/1.1" 200 4661
178.216.65.66 - - [12/Dec/2022:09:26:19 +0500] "POST /ords/wwv_flow.accept HTTP/1.1" 302 5
178.216.65.66 - - [12/Dec/2022:09:26:26 +0500] "GET /ords/wwv_flow.show?p_request=APPLICATION_PROCESS%3DGET_SQL_RESULT&p_flow_id=555&p_flow_step_id=0&p_instance=15433530559097&p_arg_names=F_APPLICATION_ID&p_arg_values=137&p_arg_names=F_FILTER_TEXT&p_arg_values=&p_arg_names=F_LOV_NAME&p_arg_values=%D0%A1%D0%A2%D0%90%D0%A2%D0%A3%D0%A1%D0%AB_%D0%97%D0%90%D0%AF%D0%92%D0%9E%D0%9A&p_arg_names=F_FILTER_TEXT2&p_arg_values=&p_arg_names=F_RESULT_COUNT&p_arg_values=50 HTTP/1.1" 200 147
178.216.65.66 - - [12/Dec/2022:09:26:26 +0500] "GET /ords/r/r/files/static/v74Y/ui-anim_basic_16x16.gif HTTP/1.1" 404 5
195.222.149.195 - - [12/Dec/2022:09:26:28 +0500] "GET /ords/api.HTP_ASPVK_DATA?nPVK_ID=0&vST_DT=12.12.2022%2007:19:09&vEND_DT=12.12.2022%2007:29:09 HTTP/1.1" 200 1603
178.216.65.66 - - [12/Dec/2022:09:26:28 +0500] "POST /ords/wwv_flow.accept HTTP/1.1" 302 5
46.146.210.91 - - [12/Dec/2022:09:26:29 +0500] "GET /ords/api.HTP_ASPVK_DATA?nPVK_ID=0&vST_DT=12.12.2022%2009:16:28&vEND_DT=12.12.2022%2009:26:28 HTTP/1.1" 200 4661
89.250.216.22 - - [12/Dec/2022:09:26:35 +0500] "GET /ords/f?p=137:2:2930156283573::NO::P2_ID,P2_COUNT_ALL,P2_EDIT_MODE:114662,2, HTTP/1.1" 200 103740
89.250.216.22 - - [12/Dec/2022:09:26:36 +0500] "POST /ords/wwv_flow.ajax HTTP/1.1" 200 1569
212.33.243.160 - - [12/Dec/2022:09:26:38 +0500] "GET /ords/f?p=137:2:7581404511818::NO:::&success_msg=xODt7fvlIOjn7OXt5e37Lg%7E%7E%2FP_VJh2aylOCE8ZulwQXWtbIhoIIcChmprUcIGa3LtnSoaxMTDgioGUrQfT0YdidYm5EXespSeAcE1piWZNSpXg HTTP/1.1" 200 112847
195.222.149.195 - - [12/Dec/2022:09:26:38 +0500] "GET /ords/api.HTP_ASPVK_DATA?nPVK_ID=0&vST_DT=12.12.2022%2007:19:19&vEND_DT=12.12.2022%2007:29:19 HTTP/1.1" 200 1603
212.33.243.160 - - [12/Dec/2022:09:26:38 +0500] "POST /ords/wwv_flow.ajax HTTP/1.1" 200 1629
46.146.210.91 - - [12/Dec/2022:09:26:39 +0500] "GET /ords/api.HTP_ASPVK_DATA?nPVK_ID=0&vST_DT=12.12.2022%2009:16:38&vEND_DT=12.12.2022%2009:26:38 HTTP/1.1" 200 4661
178.216.65.66 - - [12/Dec/2022:09:26:40 +0500] "POST /ords/wwv_flow.accept HTTP/1.1" 302 5
178.216.65.66 - - [12/Dec/2022:09:26:43 +0500] "GET /ords/f?p=137:2:15433530559097::NO:::&success_msg=xODt7fvlIOjn7OXt5e37Lg%7E%7E%2FgeU-h4oYRoj4X-kaPyR91UI4mfZX0jYlQbJQS3skicntDg3-gknf1eF4GwlgbcBLskhblyH_UKk9dnCQwUvbhg HTTP/1.1" 200 112704
178.216.65.66 - - [12/Dec/2022:09:26:44 +0500] "POST /ords/wwv_flow.ajax HTTP/1.1" 200 1551
195.222.149.195 - - [12/Dec/2022:09:26:48 +0500] "GET /ords/api.HTP_ASPVK_DATA?nPVK_ID=0&vST_DT=12.12.2022%2007:19:29&vEND_DT=12.12.2022%2007:29:29 HTTP/1.1" 200 3134
46.146.210.91 - - [12/Dec/2022:09:26:49 +0500] "GET /ords/api.HTP_ASPVK_DATA?nPVK_ID=0&vST_DT=12.12.2022%2009:16:48&vEND_DT=12.12.2022%2009:26:48 HTTP/1.1" 200 4661
178.216.65.66 - - [12/Dec/2022:09:26:52 +0500] "POST /ords/wwv_flow.accept HTTP/1.1" 302 5
195.222.149.195 - - [12/Dec/2022:09:26:58 +0500] "GET /ords/api.HTP_ASPVK_DATA?nPVK_ID=0&vST_DT=12.12.2022%2007:19:39&vEND_DT=12.12.2022%2007:29:39 HTTP/1.1" 200 3134
46.146.210.91 - - [12/Dec/2022:09:26:59 +0500] "GET /ords/api.HTP_ASPVK_DATA?nPVK_ID=0&vST_DT=12.12.2022%2009:16:58&vEND_DT=12.12.2022%2009:26:58 HTTP/1.1" 200 4661
195.222.149.195 - - [12/Dec/2022:09:27:08 +0500] "GET /ords/api.HTP_ASPVK_DATA?nPVK_ID=0&vST_DT=12.12.2022%2007:19:49&vEND_DT=12.12.2022%2007:29:49 HTTP/1.1" 200 3134
46.146.210.91 - - [12/Dec/2022:09:27:09 +0500] "GET /ords/api.HTP_ASPVK_DATA?nPVK_ID=0&vST_DT=12.12.2022%2009:17:08&vEND_DT=12.12.2022%2009:27:08 HTTP/1.1" 200 7979
178.216.65.66 - - [12/Dec/2022:09:27:17 +0500] "GET /ords/f?p=137:2:15433530559097::NO:::&success_msg=xODt7fvlIOjn7OXt5e37Lg%7E%7E%2FgeU-h4oYRoj4X-kaPyR91UI4mfZX0jYlQbJQS3skicntDg3-gknf1eF4GwlgbcBLskhblyH_UKk9dnCQwUvbhg HTTP/1.1" 200 112784
178.216.65.66 - - [12/Dec/2022:09:27:17 +0500] "POST /ords/wwv_flow.accept HTTP/1.1" 302 5
178.216.65.66 - - [12/Dec/2022:09:27:18 +0500] "POST /ords/wwv_flow.ajax HTTP/1.1" 200 1551
195.222.149.195 - - [12/Dec/2022:09:27:18 +0500] "GET /ords/api.HTP_ASPVK_DATA?nPVK_ID=0&vST_DT=12.12.2022%2007:19:59&vEND_DT=12.12.2022%2007:29:59 HTTP/1.1" 200 4670
178.216.65.66 - - [12/Dec/2022:09:27:19 +0500] "GET /ords/f?p=137:2:15433530559097::NO:::&success_msg=xODt7fvlIOjn7OXt5e37Lg%7E%7E%2FgeU-h4oYRoj4X-kaPyR91UI4mfZX0jYlQbJQS3skicntDg3-gknf1eF4GwlgbcBLskhblyH_UKk9dnCQwUvbhg HTTP/1.1" 200 112786
46.146.210.91 - - [12/Dec/2022:09:27:19 +0500] "GET /ords/api.HTP_ASPVK_DATA?nPVK_ID=0&vST_DT=12.12.2022%2009:17:18&vEND_DT=12.12.2022%2009:27:18 HTTP/1.1" 200 7979
178.216.65.66 - - [12/Dec/2022:09:27:20 +0500] "POST /ords/wwv_flow.ajax HTTP/1.1" 200 1551
89.250.216.22 - - [12/Dec/2022:09:27:21 +0500] "POST /ords/wwv_flow.show HTTP/1.1" 200 14
195.222.149.195 - - [12/Dec/2022:09:27:28 +0500] "GET /ords/api.HTP_ASPVK_DATA?nPVK_ID=0&vST_DT=12.12.2022%2007:20:09&vEND_DT=12.12.2022%2007:30:09 HTTP/1.1" 200 4670
46.146.210.91 - - [12/Dec/2022:09:27:29 +0500] "GET /ords/api.HTP_ASPVK_DATA?nPVK_ID=0&vST_DT=12.12.2022%2009:17:28&vEND_DT=12.12.2022%2009:27:28 HTTP/1.1" 200 7979
178.216.65.66 - - [12/Dec/2022:09:27:30 +0500] "GET /ords/wwv_flow.show?p_request=APPLICATION_PROCESS%3DGET_SQL_RESULT&p_flow_id=555&p_flow_step_id=0&p_instance=15433530559097&p_arg_names=F_APPLICATION_ID&p_arg_values=137&p_arg_names=F_FILTER_TEXT&p_arg_values=&p_arg_names=F_LOV_NAME&p_arg_values=%D0%A1%D0%A2%D0%90%D0%A2%D0%A3%D0%A1%D0%AB_%D0%97%D0%90%D0%AF%D0%92%D0%9E%D0%9A&p_arg_names=F_FILTER_TEXT2&p_arg_values=&p_arg_names=F_RESULT_COUNT&p_arg_values=50 HTTP/1.1" 200 147
178.216.65.66 - - [12/Dec/2022:09:27:30 +0500] "GET /ords/r/r/files/static/v74Y/ui-anim_basic_16x16.gif HTTP/1.1" 404 5
195.222.149.195 - - [12/Dec/2022:09:27:38 +0500] "GET /ords/api.HTP_ASPVK_DATA?nPVK_ID=0&vST_DT=12.12.2022%2007:20:19&vEND_DT=12.12.2022%2007:30:19 HTTP/1.1" 200 4670
46.146.210.91 - - [12/Dec/2022:09:27:39 +0500] "GET /ords/api.HTP_ASPVK_DATA?nPVK_ID=0&vST_DT=12.12.2022%2009:17:38&vEND_DT=12.12.2022%2009:27:38 HTTP/1.1" 200 7979
178.216.65.66 - - [12/Dec/2022:09:27:41 +0500] "GET /ords/f?p=137:2:15433530559097::NO:::&success_msg=xODt7fvlIOjn7OXt5e37Lg%7E%7E%2FgeU-h4oYRoj4X-kaPyR91UI4mfZX0jYlQbJQS3skicntDg3-gknf1eF4GwlgbcBLskhblyH_UKk9dnCQwUvbhg HTTP/1.1" 200 111632
178.216.65.66 - - [12/Dec/2022:09:27:41 +0500] "POST /ords/wwv_flow.ajax HTTP/1.1" 200 1551
178.216.65.66 - - [12/Dec/2022:09:27:46 +0500] "GET /ords/r/r/files/static/v74Y/ui-anim_basic_16x16.gif HTTP/1.1" 404 5
178.216.65.66 - - [12/Dec/2022:09:27:46 +0500] "GET /ords/wwv_flow.show?p_request=APPLICATION_PROCESS%3DGET_SQL_RESULT&p_flow_id=555&p_flow_step_id=0&p_instance=15433530559097&p_arg_names=F_APPLICATION_ID&p_arg_values=137&p_arg_names=F_FILTER_TEXT&p_arg_values=&p_arg_names=F_LOV_NAME&p_arg_values=%D0%A1%D0%A2%D0%90%D0%A2%D0%A3%D0%A1%D0%AB_%D0%97%D0%90%D0%AF%D0%92%D0%9E%D0%9A&p_arg_names=F_FILTER_TEXT2&p_arg_values=&p_arg_names=F_RESULT_COUNT&p_arg_values=50 HTTP/1.1" 200 147
195.222.149.195 - - [12/Dec/2022:09:27:48 +0500] "GET /ords/api.HTP_ASPVK_DATA?nPVK_ID=0&vST_DT=12.12.2022%2007:20:29&vEND_DT=12.12.2022%2007:30:29 HTTP/1.1" 200 4670
46.146.210.91 - - [12/Dec/2022:09:27:49 +0500] "GET /ords/api.HTP_ASPVK_DATA?nPVK_ID=0&vST_DT=12.12.2022%2009:17:48&vEND_DT=12.12.2022%2009:27:48 HTTP/1.1" 200 7979
89.250.216.22 - - [12/Dec/2022:09:27:53 +0500] "POST /ords/wwv_flow.accept HTTP/1.1" 302 5
