178.216.65.66 - - [12/Dec/2022:09:27:55 +0500] "GET /ords/f?p=137:2:15433530559097::NO:::&success_msg=xODt7fvlIOjn7OXt5e37Lg%7E%7E%2FgeU-h4oYRoj4X-kaPyR91UI4mfZX0jYlQbJQS3skicntDg3-gknf1eF4GwlgbcBLskhblyH_UKk9dnCQwUvbhg HTTP/1.1" 200 111632
178.216.65.66 - - [12/Dec/2022:09:27:55 +0500] "POST /ords/wwv_flow.ajax HTTP/1.1" 200 1551
178.216.65.66 - - [12/Dec/2022:09:27:57 +0500] "GET /ords/f?p=137:2:15433530559097::NO:::&success_msg=xODt7fvlIOjn7OXt5e37Lg%7E%7E%2FgeU-h4oYRoj4X-kaPyR91UI4mfZX0jYlQbJQS3skicntDg3-gknf1eF4GwlgbcBLskhblyH_UKk9dnCQwUvbhg HTTP/1.1" 200 111632
178.216.65.66 - - [12/Dec/2022:09:27:57 +0500] "POST /ords/wwv_flow.ajax HTTP/1.1" 200 1551
195.222.149.195 - - [12/Dec/2022:09:27:58 +0500] "GET /ords/api.HTP_ASPVK_DATA?nPVK_ID=0&vST_DT=12.12.2022%2007:20:39&vEND_DT=12.12.2022%2007:30:39 HTTP/1.1" 200 4670
46.146.210.91 - - [12/Dec/2022:09:27:59 +0500] "GET /ords/api.HTP_ASPVK_DATA?nPVK_ID=0&vST_DT=12.12.2022%2009:17:58&vEND_DT=12.12.2022%2009:27:58 HTTP/1.1" 200 7979
178.216.65.66 - - [12/Dec/2022:09:28:05 +0500] "POST /ords/wwv_flow.accept HTTP/1.1" 302 5
195.222.149.195 - - [12/Dec/2022:09:28:08 +0500] "GET /ords/api.HTP_ASPVK_DATA?nPVK_ID=0&vST_DT=12.12.2022%2007:20:49&vEND_DT=12.12.2022%2007:30:49 HTTP/1.1" 200 4670
46.146.210.91 - - [12/Dec/2022:09:28:09 +0500] "GET /ords/api.HTP_ASPVK_DATA?nPVK_ID=0&vST_DT=12.12.2022%2009:18:08&vEND_DT=12.12.2022%2009:28:08 HTTP/1.1" 200 7979
195.222.149.195 - - [12/Dec/2022:09:28:18 +0500] "GET /ords/api.HTP_ASPVK_DATA?nPVK_ID=0&vST_DT=12.12.2022%2007:20:59&vEND_DT=12.12.2022%2007:30:59 HTTP/1.1" 200 4670
46.146.210.91 - - [12/Dec/2022:09:28:19 +0500] "GET /ords/api.HTP_ASPVK_DATA?nPVK_ID=0&vST_DT=12.12.2022%2009:18:18&vEND_DT=12.12.2022%2009:28:18 HTTP/1.1" 200 7979
178.216.65.66 - - [12/Dec/2022:09:28:25 +0500] "POST /ords/wwv_flow.accept HTTP/1.1" 302 5
194.226.162.30 - - [12/Dec/2022:09:28:26 +0500] "GET /i/sp/aspvk/62/48/030766248461037_dif.jpg HTTP/1.1" 200 50847
194.226.162.30 - - [12/Dec/2022:09:28:26 +0500] "GET /i/sp/aspvk/62/48/030766248461037_lpib.jpg HTTP/1.1" 200 197034
194.226.162.30 - - [12/Dec/2022:09:28:26 +0500] "GET /i/sp/aspvk/62/48/030766248461037_oib.jpg HTTP/1.1" 200 206597
194.226.162.30 - - [12/Dec/2022:09:28:26 +0500] "GET /i/sp/aspvk/62/48/030766248461037_dib.jpg HTTP/1.1" 200 197034
195.222.149.195 - - [12/Dec/2022:09:28:28 +0500] "GET /ords/api.HTP_ASPVK_DATA?nPVK_ID=0&vST_DT=12.12.2022%2007:21:09&vEND_DT=12.12.2022%2007:31:09 HTTP/1.1" 200 4670
46.146.210.91 - - [12/Dec/2022:09:28:29 +0500] "GET /ords/api.HTP_ASPVK_DATA?nPVK_ID=0&vST_DT=12.12.2022%2009:18:28&vEND_DT=12.12.2022%2009:28:28 HTTP/1.1" 200 7979
89.250.216.22 - - [12/Dec/2022:09:28:31 +0500] "GET /ords/f?p=137:2:2930156283573::NO:::&success_msg=xODt7fvlIOjn7OXt5e37Lg%7E%7E%2FOUpUghuUOQFhucacD7bHKRxS7ho_pWS42w5eDFp8zZclpIDfAOXu_YRPJjTjTgd6rZpWl0vQ6X_VZDPeof31PQ HTTP/1.1" 200 105278
89.250.216.22 - - [12/Dec/2022:09:28:32 +0500] "POST /ords/wwv_flow.ajax HTTP/1.1" 200 1569
195.222.149.195 - - [12/Dec/2022:09:28:38 +0500] "GET /ords/api.HTP_ASPVK_DATA?nPVK_ID=0&vST_DT=12.12.2022%2007:21:19&vEND_DT=12.12.2022%2007:31:19 HTTP/1.1" 200 4670
46.146.210.91 - - [12/Dec/2022:09:28:39 +0500] "GET /ords/api.HTP_ASPVK_DATA?nPVK_ID=0&vST_DT=12.12.2022%2009:18:38&vEND_DT=12.12.2022%2009:28:38 HTTP/1.1" 200 7979
178.216.65.66 - - [12/Dec/2022:09:28:43 +0500] "GET /ords/f?p=137:2:15433530559097::NO:::&success_msg=xODt7fvlIOjn7OXt5e37Lg%7E%7E%2FgeU-h4oYRoj4X-kaPyR91UI4mfZX0jYlQbJQS3skicntDg3-gknf1eF4GwlgbcBLskhblyH_UKk9dnCQwUvbhg HTTP/1.1" 200 111016
178.216.65.66 - - [12/Dec/2022:09:28:44 +0500] "POST /ords/wwv_flow.ajax HTTP/1.1" 200 1551
195.222.149.195 - - [12/Dec/2022:09:28:48 +0500] "GET /ords/api.HTP_ASPVK_DATA?nPVK_ID=0&vST_DT=12.12.2022%2007:21:29&vEND_DT=12.12.2022%2007:31:29 HTTP/1.1" 200 4670
46.146.210.91 - - [12/Dec/2022:09:28:49 +0500] "GET /ords/api.HTP_ASPVK_DATA?nPVK_ID=0&vST_DT=12.12.2022%2009:18:48&vEND_DT=12.12.2022%2009:28:48 HTTP/1.1" 200 7979
194.226.162.30 - - [12/Dec/2022:09:28:54 +0500] "GET /i/sp/aspvk/58/58/030775858461380_oib.jpg HTTP/1.1" 200 137853
194.226.162.30 - - [12/Dec/2022:09:28:54 +0500] "GET /i/sp/aspvk/58/58/030775858461380_dif.jpg HTTP/1.1" 200 59627
194.226.162.30 - - [12/Dec/2022:09:28:54 +0500] "GET /i/sp/aspvk/58/58/030775858461380_lpib.jpg HTTP/1.1" 200 189511
194.226.162.30 - - [12/Dec/2022:09:28:54 +0500] "GET /i/sp/aspvk/58/58/030775858461380_dib.jpg HTTP/1.1" 200 189511
178.216.65.66 - - [12/Dec/2022:09:28:55 +0500] "POST /ords/wwv_flow.accept HTTP/1.1" 302 5
195.222.149.195 - - [12/Dec/2022:09:28:58 +0500] "GET /ords/api.HTP_ASPVK_DATA?nPVK_ID=0&vST_DT=12.12.2022%2007:21:39&vEND_DT=12.12.2022%2007:31:39 HTTP/1.1" 200 4670
46.146.210.91 - - [12/Dec/2022:09:28:59 +0500] "GET /ords/api.HTP_ASPVK_DATA?nPVK_ID=0&vST_DT=12.12.2022%2009:18:58&vEND_DT=12.12.2022%2009:28:58 HTTP/1.1" 200 7979
194.226.162.30 - - [12/Dec/2022:09:29:01 +0500] "GET /i/sp/aspvk/68/91/030776891461413_lpib.jpg HTTP/1.1" 200 168004
194.226.162.30 - - [12/Dec/2022:09:29:01 +0500] "GET /i/sp/aspvk/68/91/030776891461413_dib.jpg HTTP/1.1" 200 168004
194.226.162.30 - - [12/Dec/2022:09:29:01 +0500] "GET /i/sp/aspvk/68/91/030776891461413_oib.jpg HTTP/1.1" 200 152281
194.226.162.30 - - [12/Dec/2022:09:29:01 +0500] "GET /i/sp/aspvk/68/91/030776891461413_dif.jpg HTTP/1.1" 200 36563
89.250.216.22 - - [12/Dec/2022:09:29:04 +0500] "POST /ords/wwv_flow.show HTTP/1.1" 200 14
195.222.149.195 - - [12/Dec/2022:09:29:08 +0500] "GET /ords/api.HTP_ASPVK_DATA?nPVK_ID=0&vST_DT=12.12.2022%2007:21:49&vEND_DT=12.12.2022%2007:31:49 HTTP/1.1" 200 4670
46.146.210.91 - - [12/Dec/2022:09:29:10 +0500] "GET /ords/api.HTP_ASPVK_DATA?nPVK_ID=0&vST_DT=12.12.2022%2009:19:08&vEND_DT=12.12.2022%2009:29:08 HTTP/1.1" 200 7979
194.226.162.30 - - [12/Dec/2022:09:29:16 +0500] "GET /i/sp/aspvk/72/03/030777203461421_lpib.jpg HTTP/1.1" 200 173444
194.226.162.30 - - [12/Dec/2022:09:29:16 +0500] "GET /i/sp/aspvk/72/03/030777203461421_dib.jpg HTTP/1.1" 200 173444
194.226.162.30 - - [12/Dec/2022:09:29:17 +0500] "GET /i/sp/aspvk/72/03/030777203461421_oib.jpg HTTP/1.1" 200 222325
194.226.162.30 - - [12/Dec/2022:09:29:17 +0500] "GET /i/sp/aspvk/72/03/030777203461421_dif.jpg HTTP/1.1" 200 39928
195.222.149.195 - - [12/Dec/2022:09:29:18 +0500] "GET /ords/api.HTP_ASPVK_DATA?nPVK_ID=0&vST_DT=12.12.2022%2007:21:59&vEND_DT=12.12.2022%2007:31:59 HTTP/1.1" 200 4670
46.146.210.91 - - [12/Dec/2022:09:29:20 +0500] "GET /ords/api.HTP_ASPVK_DATA?nPVK_ID=0&vST_DT=12.12.2022%2009:19:18&vEND_DT=12.12.2022%2009:29:18 HTTP/1.1" 200 7979
178.216.65.66 - - [12/Dec/2022:09:29:22 +0500] "GET /ords/f?p=137:2:15433530559097::NO:::&success_msg=xODt7fvlIOjn7OXt5e37Lg%7E%7E%2FgeU-h4oYRoj4X-kaPyR91UI4mfZX0jYlQbJQS3skicntDg3-gknf1eF4GwlgbcBLskhblyH_UKk9dnCQwUvbhg HTTP/1.1" 200 111702
178.216.65.66 - - [12/Dec/2022:09:29:22 +0500] "POST /ords/wwv_flow.ajax HTTP/1.1" 200 1551
31.162.9.49 - - [12/Dec/2022:09:29:27 +0500] "GET /ords/f?p=147:2:2343932168737::NO::P2_ID,P2_COUNT_ALL,P2_EDIT_MODE:114273,5, HTTP/1.1" 200 97576
195.222.149.195 - - [12/Dec/2022:09:29:28 +0500] "GET /ords/api.HTP_ASPVK_DATA?nPVK_ID=0&vST_DT=12.12.2022%2007:22:09&vEND_DT=12.12.2022%2007:32:09 HTTP/1.1" 200 4670
46.146.210.91 - - [12/Dec/2022:09:29:29 +0500] "GET /ords/api.HTP_ASPVK_DATA?nPVK_ID=0&vST_DT=12.12.2022%2009:19:28&vEND_DT=12.12.2022%2009:29:28 HTTP/1.1" 200 7979
89.250.216.22 - - [12/Dec/2022:09:29:37 +0500] "POST /ords/wwv_flow.accept HTTP/1.1" 302 5
195.222.149.195 - - [12/Dec/2022:09:29:38 +0500] "GET /ords/api.HTP_ASPVK_DATA?nPVK_ID=0&vST_DT=12.12.2022%2007:22:19&vEND_DT=12.12.2022%2007:32:19 HTTP/1.1" 200 4670
46.146.210.91 - - [12/Dec/2022:09:29:39 +0500] "GET /ords/api.HTP_ASPVK_DATA?nPVK_ID=0&vST_DT=12.12.2022%2009:19:38&vEND_DT=12.12.2022%2009:29:38 HTTP/1.1" 200 7979
195.222.149.195 - - [12/Dec/2022:09:29:48 +0500] "GET /ords/api.HTP_ASPVK_DATA?nPVK_ID=0&vST_DT=12.12.2022%2007:22:29&vEND_DT=12.12.2022%2007:32:29 HTTP/1.1" 200 4670
46.146.210.91 - - [12/Dec/2022:09:29:49 +0500] "GET /ords/api.HTP_ASPVK_DATA?nPVK_ID=0&vST_DT=12.12.2022%2009:19:48&vEND_DT=12.12.2022%2009:29:48 HTTP/1.1" 200 7979
178.216.65.66 - - [12/Dec/2022:09:29:53 +0500] "GET /ords/f?p=137:2:15433530559097::NO:::&success_msg=xODt7fvlIOjn7OXt5e37Lg%7E%7E%2FgeU-h4oYRoj4X-kaPyR91UI4mfZX0jYlQbJQS3skicntDg3-gknf1eF4GwlgbcBLskhblyH_UKk9dnCQwUvbhg HTTP/1.1" 200 111702
178.216.65.66 - - [12/Dec/2022:09:29:54 +0500] "POST /ords/wwv_flow.ajax HTTP/1.1" 200 1551
194.226.162.30 - - [12/Dec/2022:09:29:55 +0500] "GET /i/sp/aspvk/12/32/030781232461581_oib.jpg HTTP/1.1" 200 119013
194.226.162.30 - - [12/Dec/2022:09:29:55 +0500] "GET /i/sp/aspvk/12/32/030781232461581_lpib.jpg HTTP/1.1" 200 99916
194.226.162.30 - - [12/Dec/2022:09:29:55 +0500] "GET /i/sp/aspvk/12/32/030781232461581_dif.jpg HTTP/1.1" 200 57554
194.226.162.30 - - [12/Dec/2022:09:29:55 +0500] "GET /i/sp/aspvk/12/32/030781232461581_dib.jpg HTTP/1.1" 200 99916
195.222.149.195 - - [12/Dec/2022:09:29:58 +0500] "GET /ords/api.HTP_ASPVK_DATA?nPVK_ID=0&vST_DT=12.12.2022%2007:22:39&vEND_DT=12.12.2022%2007:32:39 HTTP/1.1" 200 4670
31.162.9.49 - - [12/Dec/2022:09:29:59 +0500] "POST /ords/wwv_flow.show HTTP/1.1" 200 12
46.146.210.91 - - [12/Dec/2022:09:29:59 +0500] "GET /ords/api.HTP_ASPVK_DATA?nPVK_ID=0&vST_DT=12.12.2022%2009:19:58&vEND_DT=12.12.2022%2009:29:58 HTTP/1.1" 200 7979
178.216.65.66 - - [12/Dec/2022:09:30:04 +0500] "GET /ords/wwv_flow.show?p_request=APPLICATION_PROCESS%3DGET_SQL_RESULT&p_flow_id=555&p_flow_step_id=0&p_instance=15433530559097&p_arg_names=F_APPLICATION_ID&p_arg_values=137&p_arg_names=F_FILTER_TEXT&p_arg_values=&p_arg_names=F_LOV_NAME&p_arg_values=%D0%A1%D0%A2%D0%90%D0%A2%D0%A3%D0%A1%D0%AB_%D0%97%D0%90%D0%AF%D0%92%D0%9E%D0%9A&p_arg_names=F_FILTER_TEXT2&p_arg_values=&p_arg_names=F_RESULT_COUNT&p_arg_values=50 HTTP/1.1" 200 147
178.216.65.66 - - [12/Dec/2022:09:30:04 +0500] "GET /ords/r/r/files/static/v74Y/ui-anim_basic_16x16.gif HTTP/1.1" 404 5
195.222.149.195 - - [12/Dec/2022:09:30:08 +0500] "GET /ords/api.HTP_ASPVK_DATA?nPVK_ID=0&vST_DT=12.12.2022%2007:22:49&vEND_DT=12.12.2022%2007:32:49 HTTP/1.1" 200 4670
46.146.210.91 - - [12/Dec/2022:09:30:09 +0500] "GET /ords/api.HTP_ASPVK_DATA?nPVK_ID=0&vST_DT=12.12.2022%2009:20:08&vEND_DT=12.12.2022%2009:30:08 HTTP/1.1" 200 7979
212.33.243.160 - - [12/Dec/2022:09:30:13 +0500] "POST /ords/wwv_flow.show HTTP/1.1" 200 14
89.250.216.22 - - [12/Dec/2022:09:30:17 +0500] "GET /ords/f?p=137:2:2930156283573::NO:::&success_msg=xODt7fvlIOjn7OXt5e37Lg%7E%7E%2FOUpUghuUOQFhucacD7bHKRxS7ho_pWS42w5eDFp8zZclpIDfAOXu_YRPJjTjTgd6rZpWl0vQ6X_VZDPeof31PQ HTTP/1.1" 200 105880
89.250.216.22 - - [12/Dec/2022:09:30:17 +0500] "POST /ords/wwv_flow.ajax HTTP/1.1" 200 1569
195.222.149.195 - - [12/Dec/2022:09:30:18 +0500] "GET /ords/api.HTP_ASPVK_DATA?nPVK_ID=0&vST_DT=12.12.2022%2007:22:59&vEND_DT=12.12.2022%2007:32:59 HTTP/1.1" 200 4670
31.162.9.49 - - [12/Dec/2022:09:30:19 +0500] "POST /ords/wwv_flow.accept HTTP/1.1" 302 5
46.146.210.91 - - [12/Dec/2022:09:30:19 +0500] "GET /ords/api.HTP_ASPVK_DATA?nPVK_ID=0&vST_DT=12.12.2022%2009:20:18&vEND_DT=12.12.2022%2009:30:18 HTTP/1.1" 200 7979
178.216.65.66 - - [12/Dec/2022:09:30:25 +0500] "GET /ords/wwv_flow.show?p_request=APPLICATION_PROCESS%3DGET_SQL_RESULT&p_flow_id=555&p_flow_step_id=0&p_instance=15433530559097&p_arg_names=F_APPLICATION_ID&p_arg_values=137&p_arg_names=F_FILTER_TEXT&p_arg_values=&p_arg_names=F_LOV_NAME&p_arg_values=%D0%A1%D0%A2%D0%90%D0%A2%D0%A3%D0%A1%D0%AB_%D0%97%D0%90%D0%AF%D0%92%D0%9E%D0%9A&p_arg_names=F_FILTER_TEXT2&p_arg_values=&p_arg_names=F_RESULT_COUNT&p_arg_values=50 HTTP/1.1" 200 147
178.216.65.66 - - [12/Dec/2022:09:30:25 +0500] "GET /ords/r/r/files/static/v74Y/ui-anim_basic_16x16.gif HTTP/1.1" 404 5
195.222.149.195 - - [12/Dec/2022:09:30:28 +0500] "GET /ords/api.HTP_ASPVK_DATA?nPVK_ID=0&vST_DT=12.12.2022%2007:23:09&vEND_DT=12.12.2022%2007:33:09 HTTP/1.1" 200 4670
46.146.210.91 - - [12/Dec/2022:09:30:29 +0500] "GET /ords/api.HTP_ASPVK_DATA?nPVK_ID=0&vST_DT=12.12.2022%2009:20:28&vEND_DT=12.12.2022%2009:30:28 HTTP/1.1" 200 7979
194.226.162.30 - - [12/Dec/2022:09:30:32 +0500] "GET /i/sp/aspvk/34/11/030783411461639_oib.jpg HTTP/1.1" 200 115460
194.226.162.30 - - [12/Dec/2022:09:30:32 +0500] "GET /i/sp/aspvk/34/11/030783411461639_dif.jpg HTTP/1.1" 200 110920
194.226.162.30 - - [12/Dec/2022:09:30:32 +0500] "GET /i/sp/aspvk/34/11/030783411461639_dib.jpg HTTP/1.1" 200 97353
194.226.162.30 - - [12/Dec/2022:09:30:32 +0500] "GET /i/sp/aspvk/34/11/030783411461639_lpib.jpg HTTP/1.1" 200 97353
89.250.216.22 - - [12/Dec/2022:09:30:38 +0500] "POST /ords/wwv_flow.show HTTP/1.1" 200 14
195.222.149.195 - - [12/Dec/2022:09:30:38 +0500] "GET /ords/api.HTP_ASPVK_DATA?nPVK_ID=0&vST_DT=12.12.2022%2007:23:19&vEND_DT=12.12.2022%2007:33:19 HTTP/1.1" 200 4670
178.216.65.66 - - [12/Dec/2022:09:30:39 +0500] "POST /ords/wwv_flow.accept HTTP/1.1" 302 5
46.146.210.91 - - [12/Dec/2022:09:30:40 +0500] "GET /ords/api.HTP_ASPVK_DATA?nPVK_ID=0&vST_DT=12.12.2022%2009:20:38&vEND_DT=12.12.2022%2009:30:38 HTTP/1.1" 200 7979
212.33.243.160 - - [12/Dec/2022:09:30:45 +0500] "POST /ords/wwv_flow.accept HTTP/1.1" 302 5
178.216.65.66 - - [12/Dec/2022:09:30:46 +0500] "GET /ords/wwv_flow.show?p_request=APPLICATION_PROCESS%3DGET_SQL_RESULT&p_flow_id=555&p_flow_step_id=0&p_instance=15433530559097&p_arg_names=F_APPLICATION_ID&p_arg_values=137&p_arg_names=F_FILTER_TEXT&p_arg_values=&p_arg_names=F_LOV_NAME&p_arg_values=%D0%A1%D0%A2%D0%90%D0%A2%D0%A3%D0%A1%D0%AB_%D0%97%D0%90%D0%AF%D0%92%D0%9E%D0%9A&p_arg_names=F_FILTER_TEXT2&p_arg_values=&p_arg_names=F_RESULT_COUNT&p_arg_values=50 HTTP/1.1" 200 147
178.216.65.66 - - [12/Dec/2022:09:30:47 +0500] "GET /ords/r/r/files/static/v74Y/ui-anim_basic_16x16.gif HTTP/1.1" 404 5
195.222.149.195 - - [12/Dec/2022:09:30:48 +0500] "GET /ords/api.HTP_ASPVK_DATA?nPVK_ID=0&vST_DT=12.12.2022%2007:23:29&vEND_DT=12.12.2022%2007:33:29 HTTP/1.1" 200 4670
46.146.210.91 - - [12/Dec/2022:09:30:50 +0500] "GET /ords/api.HTP_ASPVK_DATA?nPVK_ID=0&vST_DT=12.12.2022%2009:20:48&vEND_DT=12.12.2022%2009:30:48 HTTP/1.1" 200 6449
195.222.149.195 - - [12/Dec/2022:09:30:58 +0500] "GET /ords/api.HTP_ASPVK_DATA?nPVK_ID=0&vST_DT=12.12.2022%2007:23:39&vEND_DT=12.12.2022%2007:33:39 HTTP/1.1" 200 4670
46.146.210.91 - - [12/Dec/2022:09:30:59 +0500] "GET /ords/api.HTP_ASPVK_DATA?nPVK_ID=0&vST_DT=12.12.2022%2009:20:58&vEND_DT=12.12.2022%2009:30:58 HTTP/1.1" 200 6449
178.216.65.66 - - [12/Dec/2022:09:31:02 +0500] "POST /ords/wwv_flow.accept HTTP/1.1" 302 5
178.216.65.66 - - [12/Dec/2022:09:31:06 +0500] "GET /ords/r/r/files/static/v74Y/ui-anim_basic_16x16.gif HTTP/1.1" 404 5
178.216.65.66 - - [12/Dec/2022:09:31:07 +0500] "GET /ords/wwv_flow.show?p_request=APPLICATION_PROCESS%3DGET_SQL_RESULT&p_flow_id=555&p_flow_step_id=0&p_instance=15433530559097&p_arg_names=F_APPLICATION_ID&p_arg_values=137&p_arg_names=F_FILTER_TEXT&p_arg_values=&p_arg_names=F_LOV_NAME&p_arg_values=%D0%A1%D0%A2%D0%90%D0%A2%D0%A3%D0%A1%D0%AB_%D0%97%D0%90%D0%AF%D0%92%D0%9E%D0%9A&p_arg_names=F_FILTER_TEXT2&p_arg_values=&p_arg_names=F_RESULT_COUNT&p_arg_values=50 HTTP/1.1" 200 147
195.222.149.195 - - [12/Dec/2022:09:31:09 +0500] "GET /ords/api.HTP_ASPVK_DATA?nPVK_ID=0&vST_DT=12.12.2022%2007:23:49&vEND_DT=12.12.2022%2007:33:49 HTTP/1.1" 200 4670
46.146.210.91 - - [12/Dec/2022:09:31:10 +0500] "GET /ords/api.HTP_ASPVK_DATA?nPVK_ID=0&vST_DT=12.12.2022%2009:21:08&vEND_DT=12.12.2022%2009:31:08 HTTP/1.1" 200 6449
195.222.149.195 - - [12/Dec/2022:09:31:18 +0500] "GET /ords/api.HTP_ASPVK_DATA?nPVK_ID=0&vST_DT=12.12.2022%2007:23:59&vEND_DT=12.12.2022%2007:33:59 HTTP/1.1" 200 4670
46.146.210.91 - - [12/Dec/2022:09:31:20 +0500] "GET /ords/api.HTP_ASPVK_DATA?nPVK_ID=0&vST_DT=12.12.2022%2009:21:18&vEND_DT=12.12.2022%2009:31:18 HTTP/1.1" 200 6449
89.250.216.22 - - [12/Dec/2022:09:31:21 +0500] "POST /ords/wwv_flow.accept HTTP/1.1" 302 5
178.216.65.66 - - [12/Dec/2022:09:31:23 +0500] "GET /ords/wwv_flow.show?p_request=APPLICATION_PROCESS%3DGET_SQL_RESULT&p_flow_id=555&p_flow_step_id=0&p_instance=15433530559097&p_arg_names=F_APPLICATION_ID&p_arg_values=137&p_arg_names=F_FILTER_TEXT&p_arg_values=&p_arg_names=F_LOV_NAME&p_arg_values=%D0%A1%D0%A2%D0%90%D0%A2%D0%A3%D0%A1%D0%AB_%D0%97%D0%90%D0%AF%D0%92%D0%9E%D0%9A&p_arg_names=F_FILTER_TEXT2&p_arg_values=&p_arg_names=F_RESULT_COUNT&p_arg_values=50 HTTP/1.1" 200 147
178.216.65.66 - - [12/Dec/2022:09:31:23 +0500] "GET /ords/r/r/files/static/v74Y/ui-anim_basic_16x16.gif HTTP/1.1" 404 5
178.216.65.66 - - [12/Dec/2022:09:31:28 +0500] "GET /ords/f?p=137:2:15433530559097::NO:::&success_msg=xODt7fvlIOjn7OXt5e37Lg%7E%7E%2FgeU-h4oYRoj4X-kaPyR91UI4mfZX0jYlQbJQS3skicntDg3-gknf1eF4GwlgbcBLskhblyH_UKk9dnCQwUvbhg HTTP/1.1" 200 111690
195.222.149.195 - - [12/Dec/2022:09:31:28 +0500] "GET /ords/api.HTP_ASPVK_DATA?nPVK_ID=0&vST_DT=12.12.2022%2007:24:09&vEND_DT=12.12.2022%2007:34:09 HTTP/1.1" 200 4670
178.216.65.66 - - [12/Dec/2022:09:31:28 +0500] "POST /ords/wwv_flow.ajax HTTP/1.1" 200 1551
46.146.210.91 - - [12/Dec/2022:09:31:29 +0500] "GET /ords/api.HTP_ASPVK_DATA?nPVK_ID=0&vST_DT=12.12.2022%2009:21:28&vEND_DT=12.12.2022%2009:31:28 HTTP/1.1" 200 6449
178.216.65.66 - - [12/Dec/2022:09:31:33 +0500] "POST /ords/wwv_flow.accept HTTP/1.1" 302 5
212.33.243.160 - - [12/Dec/2022:09:31:33 +0500] "GET /ords/f?p=137:2:7581404511818::NO:::&success_msg=xODt7fvlIOjn7OXt5e37Lg%7E%7E%2FP_VJh2aylOCE8ZulwQXWtbIhoIIcChmprUcIGa3LtnSoaxMTDgioGUrQfT0YdidYm5EXespSeAcE1piWZNSpXg HTTP/1.1" 200 113419
212.33.243.160 - - [12/Dec/2022:09:31:34 +0500] "POST /ords/wwv_flow.ajax HTTP/1.1" 200 1629
31.162.9.49 - - [12/Dec/2022:09:31:35 +0500] "GET /ords/f?p=147:2:2343932168737:::::&success_msg=xODt7fvlIOjn7OXt5e37Lg%7E%7E%2Fk7A_rho3CNQqeHVXTjpdNQMh0-UFt9iLfkSx8dU5oUFgcwIE8K1o2qVuuYpk-b0WnPF4ScgJ2ATQ6JynSSpEKg HTTP/1.1" 200 97747
195.222.149.195 - - [12/Dec/2022:09:31:38 +0500] "GET /ords/api.HTP_ASPVK_DATA?nPVK_ID=0&vST_DT=12.12.2022%2007:24:19&vEND_DT=12.12.2022%2007:34:19 HTTP/1.1" 200 4670
46.146.210.91 - - [12/Dec/2022:09:31:39 +0500] "GET /ords/api.HTP_ASPVK_DATA?nPVK_ID=0&vST_DT=12.12.2022%2009:21:38&vEND_DT=12.12.2022%2009:31:38 HTTP/1.1" 200 6449
178.216.65.66 - - [12/Dec/2022:09:31:42 +0500] "GET /ords/wwv_flow.show?p_request=APPLICATION_PROCESS%3DGET_SQL_RESULT&p_flow_id=555&p_flow_step_id=0&p_instance=15433530559097&p_arg_names=F_APPLICATION_ID&p_arg_values=137&p_arg_names=F_FILTER_TEXT&p_arg_values=&p_arg_names=F_LOV_NAME&p_arg_values=%D0%A1%D0%A2%D0%90%D0%A2%D0%A3%D0%A1%D0%AB_%D0%97%D0%90%D0%AF%D0%92%D0%9E%D0%9A&p_arg_names=F_FILTER_TEXT2&p_arg_values=&p_arg_names=F_RESULT_COUNT&p_arg_values=50 HTTP/1.1" 200 147
178.216.65.66 - - [12/Dec/2022:09:31:42 +0500] "GET /ords/r/r/files/static/v74Y/ui-anim_basic_16x16.gif HTTP/1.1" 404 5
178.216.65.66 - - [12/Dec/2022:09:31:47 +0500] "POST /ords/wwv_flow.accept HTTP/1.1" 302 5
195.222.149.195 - - [12/Dec/2022:09:31:48 +0500] "GET /ords/api.HTP_ASPVK_DATA?nPVK_ID=0&vST_DT=12.12.2022%2007:24:29&vEND_DT=12.12.2022%2007:34:29 HTTP/1.1" 200 4670
46.146.210.91 - - [12/Dec/2022:09:31:49 +0500] "GET /ords/api.HTP_ASPVK_DATA?nPVK_ID=0&vST_DT=12.12.2022%2009:21:48&vEND_DT=12.12.2022%2009:31:48 HTTP/1.1" 200 6449
194.226.162.30 - - [12/Dec/2022:09:31:51 +0500] "GET /i/sp/aspvk/42/42/030784242461664_dif.jpg HTTP/1.1" 200 58457
194.226.162.30 - - [12/Dec/2022:09:31:51 +0500] "GET /i/sp/aspvk/42/42/030784242461664_dib.jpg HTTP/1.1" 200 103140
194.226.162.30 - - [12/Dec/2022:09:31:51 +0500] "GET /i/sp/aspvk/42/42/030784242461664_lpib.jpg HTTP/1.1" 200 103140
194.226.162.30 - - [12/Dec/2022:09:31:51 +0500] "GET /i/sp/aspvk/42/42/030784242461664_oib.jpg HTTP/1.1" 200 119844
31.162.9.49 - - [12/Dec/2022:09:31:54 +0500] "GET /ords/f?p=147:2:2343932168737::NO::P2_ID,P2_COUNT_ALL,P2_EDIT_MODE:114271,4, HTTP/1.1" 200 96973
195.222.149.195 - - [12/Dec/2022:09:31:58 +0500] "GET /ords/api.HTP_ASPVK_DATA?nPVK_ID=0&vST_DT=12.12.2022%2007:24:39&vEND_DT=12.12.2022%2007:34:39 HTTP/1.1" 200 4670
46.146.210.91 - - [12/Dec/2022:09:31:59 +0500] "GET /ords/api.HTP_ASPVK_DATA?nPVK_ID=0&vST_DT=12.12.2022%2009:21:58&vEND_DT=12.12.2022%2009:31:58 HTTP/1.1" 200 6449
89.250.216.22 - - [12/Dec/2022:09:32:01 +0500] "GET /ords/f?p=137:2:2930156283573::NO:::&success_msg=xODt7fvlIOjn7OXt5e37Lg%7E%7E%2FOUpUghuUOQFhucacD7bHKRxS7ho_pWS42w5eDFp8zZclpIDfAOXu_YRPJjTjTgd6rZpWl0vQ6X_VZDPeof31PQ HTTP/1.1" 200 106785
89.250.216.22 - - [12/Dec/2022:09:32:02 +0500] "POST /ords/wwv_flow.ajax HTTP/1.1" 200 1569
178.216.65.66 - - [12/Dec/2022:09:32:03 +0500] "GET /ords/f?p=137:2:15433530559097::NO:::&success_msg=xODt7fvlIOjn7OXt5e37Lg%7E%7E%2FgeU-h4oYRoj4X-kaPyR91UI4mfZX0jYlQbJQS3skicntDg3-gknf1eF4GwlgbcBLskhblyH_UKk9dnCQwUvbhg HTTP/1.1" 200 111486
178.216.65.66 - - [12/Dec/2022:09:32:04 +0500] "POST /ords/wwv_flow.ajax HTTP/1.1" 200 1551
212.33.243.160 - - [12/Dec/2022:09:32:04 +0500] "GET /ords/wwv_flow.show?p_request=APPLICATION_PROCESS%3DGET_SQL_RESULT&p_flow_id=555&p_flow_step_id=0&p_instance=7581404511818&p_arg_names=F_APPLICATION_ID&p_arg_values=137&p_arg_names=F_FILTER_TEXT&p_arg_values=&p_arg_names=F_LOV_NAME&p_arg_values=%D0%A1%D0%A2%D0%90%D0%A2%D0%A3%D0%A1%D0%AB_%D0%97%D0%90%D0%AF%D0%92%D0%9E%D0%9A&p_arg_names=F_FILTER_TEXT2&p_arg_values=&p_arg_names=F_RESULT_COUNT&p_arg_values=50 HTTP/1.1" 200 147
212.33.243.160 - - [12/Dec/2022:09:32:04 +0500] "GET /ords/r/r/files/static/v74Y/ui-anim_basic_16x16.gif HTTP/1.1" 404 5
178.216.65.66 - - [12/Dec/2022:09:32:05 +0500] "POST /ords/wwv_flow.accept HTTP/1.1" 302 5
195.222.149.195 - - [12/Dec/2022:09:32:08 +0500] "GET /ords/api.HTP_ASPVK_DATA?nPVK_ID=0&vST_DT=12.12.2022%2007:24:49&vEND_DT=12.12.2022%2007:34:49 HTTP/1.1" 200 4670
46.146.210.91 - - [12/Dec/2022:09:32:09 +0500] "GET /ords/api.HTP_ASPVK_DATA?nPVK_ID=0&vST_DT=12.12.2022%2009:22:08&vEND_DT=12.12.2022%2009:32:08 HTTP/1.1" 200 6449
178.216.65.66 - - [12/Dec/2022:09:32:12 +0500] "GET /ords/f?p=137:2:15433530559097::NO:::&success_msg=xODt7fvlIOjn7OXt5e37Lg%7E%7E%2FgeU-h4oYRoj4X-kaPyR91UI4mfZX0jYlQbJQS3skicntDg3-gknf1eF4GwlgbcBLskhblyH_UKk9dnCQwUvbhg HTTP/1.1" 200 111738
178.216.65.66 - - [12/Dec/2022:09:32:13 +0500] "POST /ords/wwv_flow.ajax HTTP/1.1" 200 1551
195.222.149.195 - - [12/Dec/2022:09:32:18 +0500] "GET /ords/api.HTP_ASPVK_DATA?nPVK_ID=0&vST_DT=12.12.2022%2007:24:59&vEND_DT=12.12.2022%2007:34:59 HTTP/1.1" 200 4670
46.146.210.91 - - [12/Dec/2022:09:32:19 +0500] "GET /ords/api.HTP_ASPVK_DATA?nPVK_ID=0&vST_DT=12.12.2022%2009:22:18&vEND_DT=12.12.2022%2009:32:18 HTTP/1.1" 200 6449
178.216.65.66 - - [12/Dec/2022:09:32:23 +0500] "POST /ords/wwv_flow.accept HTTP/1.1" 302 5
195.222.149.195 - - [12/Dec/2022:09:32:28 +0500] "GET /ords/api.HTP_ASPVK_DATA?nPVK_ID=0&vST_DT=12.12.2022%2007:25:09&vEND_DT=12.12.2022%2007:35:09 HTTP/1.1" 200 6200
46.146.210.91 - - [12/Dec/2022:09:32:30 +0500] "GET /ords/api.HTP_ASPVK_DATA?nPVK_ID=0&vST_DT=12.12.2022%2009:22:28&vEND_DT=12.12.2022%2009:32:28 HTTP/1.1" 200 6449
89.250.216.22 - - [12/Dec/2022:09:32:30 +0500] "POST /ords/wwv_flow.show HTTP/1.1" 200 14
195.222.149.195 - - [12/Dec/2022:09:32:38 +0500] "GET /ords/api.HTP_ASPVK_DATA?nPVK_ID=0&vST_DT=12.12.2022%2007:25:19&vEND_DT=12.12.2022%2007:35:19 HTTP/1.1" 200 6200
46.146.210.91 - - [12/Dec/2022:09:32:39 +0500] "GET /ords/api.HTP_ASPVK_DATA?nPVK_ID=0&vST_DT=12.12.2022%2009:22:38&vEND_DT=12.12.2022%2009:32:38 HTTP/1.1" 200 6449
212.33.243.160 - - [12/Dec/2022:09:32:41 +0500] "POST /ords/wwv_flow.accept HTTP/1.1" 302 5
195.222.149.195 - - [12/Dec/2022:09:32:48 +0500] "GET /ords/api.HTP_ASPVK_DATA?nPVK_ID=0&vST_DT=12.12.2022%2007:25:29&vEND_DT=12.12.2022%2007:35:29 HTTP/1.1" 200 6200
178.216.65.66 - - [12/Dec/2022:09:32:49 +0500] "GET /ords/f?p=137:2:15433530559097::NO:::&success_msg=xODt7fvlIOjn7OXt5e37Lg%7E%7E%2FgeU-h4oYRoj4X-kaPyR91UI4mfZX0jYlQbJQS3skicntDg3-gknf1eF4GwlgbcBLskhblyH_UKk9dnCQwUvbhg HTTP/1.1" 200 111730
178.216.65.66 - - [12/Dec/2022:09:32:49 +0500] "POST /ords/wwv_flow.ajax HTTP/1.1" 200 1551
46.146.210.91 - - [12/Dec/2022:09:32:50 +0500] "GET /ords/api.HTP_ASPVK_DATA?nPVK_ID=0&vST_DT=12.12.2022%2009:22:48&vEND_DT=12.12.2022%2009:32:48 HTTP/1.1" 200 4919
178.216.65.66 - - [12/Dec/2022:09:32:52 +0500] "GET /ords/f?p=137:2:15433530559097::NO:::&success_msg=xODt7fvlIOjn7OXt5e37Lg%7E%7E%2FgeU-h4oYRoj4X-kaPyR91UI4mfZX0jYlQbJQS3skicntDg3-gknf1eF4GwlgbcBLskhblyH_UKk9dnCQwUvbhg HTTP/1.1" 200 111730
178.216.65.66 - - [12/Dec/2022:09:32:52 +0500] "POST /ords/wwv_flow.ajax HTTP/1.1" 200 1551
195.222.149.195 - - [12/Dec/2022:09:32:58 +0500] "GET /ords/api.HTP_ASPVK_DATA?nPVK_ID=0&vST_DT=12.12.2022%2007:25:39&vEND_DT=12.12.2022%2007:35:39 HTTP/1.1" 200 6200
46.146.210.91 - - [12/Dec/2022:09:33:00 +0500] "GET /ords/api.HTP_ASPVK_DATA?nPVK_ID=0&vST_DT=12.12.2022%2009:22:58&vEND_DT=12.12.2022%2009:32:58 HTTP/1.1" 200 4919
89.250.216.22 - - [12/Dec/2022:09:33:05 +0500] "POST /ords/wwv_flow.accept HTTP/1.1" 302 5
195.222.149.195 - - [12/Dec/2022:09:33:08 +0500] "GET /ords/api.HTP_ASPVK_DATA?nPVK_ID=0&vST_DT=12.12.2022%2007:25:49&vEND_DT=12.12.2022%2007:35:49 HTTP/1.1" 200 6200
46.146.210.91 - - [12/Dec/2022:09:33:10 +0500] "GET /ords/api.HTP_ASPVK_DATA?nPVK_ID=0&vST_DT=12.12.2022%2009:23:08&vEND_DT=12.12.2022%2009:33:08 HTTP/1.1" 200 6454
195.222.149.195 - - [12/Dec/2022:09:33:18 +0500] "GET /ords/api.HTP_ASPVK_DATA?nPVK_ID=0&vST_DT=12.12.2022%2007:25:59&vEND_DT=12.12.2022%2007:35:59 HTTP/1.1" 200 6200
46.146.210.91 - - [12/Dec/2022:09:33:20 +0500] "GET /ords/api.HTP_ASPVK_DATA?nPVK_ID=0&vST_DT=12.12.2022%2009:23:18&vEND_DT=12.12.2022%2009:33:18 HTTP/1.1" 200 4924
212.33.243.160 - - [12/Dec/2022:09:33:21 +0500] "GET /ords/f?p=137:2:7581404511818::NO:::&success_msg=xODt7fvlIOjn7OXt5e37Lg%7E%7E%2FP_VJh2aylOCE8ZulwQXWtbIhoIIcChmprUcIGa3LtnSoaxMTDgioGUrQfT0YdidYm5EXespSeAcE1piWZNSpXg HTTP/1.1" 200 113414
212.33.243.160 - - [12/Dec/2022:09:33:22 +0500] "POST /ords/wwv_flow.ajax HTTP/1.1" 200 1629
178.216.65.66 - - [12/Dec/2022:09:33:25 +0500] "GET /ords/f?p=137:2:15433530559097::NO:::&success_msg=xODt7fvlIOjn7OXt5e37Lg%7E%7E%2FgeU-h4oYRoj4X-kaPyR91UI4mfZX0jYlQbJQS3skicntDg3-gknf1eF4GwlgbcBLskhblyH_UKk9dnCQwUvbhg HTTP/1.1" 200 111730
178.216.65.66 - - [12/Dec/2022:09:33:26 +0500] "POST /ords/wwv_flow.ajax HTTP/1.1" 200 1551
195.222.149.195 - - [12/Dec/2022:09:33:28 +0500] "GET /ords/api.HTP_ASPVK_DATA?nPVK_ID=0&vST_DT=12.12.2022%2007:26:09&vEND_DT=12.12.2022%2007:36:09 HTTP/1.1" 200 6200
46.146.210.91 - - [12/Dec/2022:09:33:29 +0500] "GET /ords/api.HTP_ASPVK_DATA?nPVK_ID=0&vST_DT=12.12.2022%2009:23:28&vEND_DT=12.12.2022%2009:33:28 HTTP/1.1" 200 4924
31.162.9.49 - - [12/Dec/2022:09:33:37 +0500] "GET /ords/f?p=147:2:2343932168737::NO::P2_ID,P2_COUNT_ALL,P2_EDIT_MODE:114270,4, HTTP/1.1" 200 96965
195.222.149.195 - - [12/Dec/2022:09:33:38 +0500] "GET /ords/api.HTP_ASPVK_DATA?nPVK_ID=0&vST_DT=12.12.2022%2007:26:19&vEND_DT=12.12.2022%2007:36:19 HTTP/1.1" 200 6200
46.146.210.91 - - [12/Dec/2022:09:33:40 +0500] "GET /ords/api.HTP_ASPVK_DATA?nPVK_ID=0&vST_DT=12.12.2022%2009:23:38&vEND_DT=12.12.2022%2009:33:38 HTTP/1.1" 200 4924
89.250.216.22 - - [12/Dec/2022:09:33:44 +0500] "GET /ords/f?p=137:2:2930156283573::NO:::&success_msg=xODt7fvlIOjn7OXt5e37Lg%7E%7E%2FOUpUghuUOQFhucacD7bHKRxS7ho_pWS42w5eDFp8zZclpIDfAOXu_YRPJjTjTgd6rZpWl0vQ6X_VZDPeof31PQ HTTP/1.1" 200 107419
89.250.216.22 - - [12/Dec/2022:09:33:45 +0500] "POST /ords/wwv_flow.ajax HTTP/1.1" 200 1569
195.222.149.195 - - [12/Dec/2022:09:33:48 +0500] "GET /ords/api.HTP_ASPVK_DATA?nPVK_ID=0&vST_DT=12.12.2022%2007:26:29&vEND_DT=12.12.2022%2007:36:29 HTTP/1.1" 200 6200
46.146.210.91 - - [12/Dec/2022:09:33:49 +0500] "GET /ords/api.HTP_ASPVK_DATA?nPVK_ID=0&vST_DT=12.12.2022%2009:23:48&vEND_DT=12.12.2022%2009:33:48 HTTP/1.1" 200 4924
89.250.216.22 - - [12/Dec/2022:09:33:55 +0500] "GET /ords/wwv_flow.show?p_request=APPLICATION_PROCESS%3DGET_SQL_RESULT&p_flow_id=555&p_flow_step_id=0&p_instance=2930156283573&p_arg_names=F_APPLICATION_ID&p_arg_values=137&p_arg_names=F_FILTER_TEXT&p_arg_values=&p_arg_names=F_LOV_NAME&p_arg_values=%D0%A1%D0%A2%D0%90%D0%A2%D0%A3%D0%A1%D0%AB_%D0%97%D0%90%D0%AF%D0%92%D0%9E%D0%9A&p_arg_names=F_FILTER_TEXT2&p_arg_values=&p_arg_names=F_RESULT_COUNT&p_arg_values=50 HTTP/1.1" 200 147
89.250.216.22 - - [12/Dec/2022:09:33:55 +0500] "GET /ords/r/r/files/static/v74Y/ui-anim_basic_16x16.gif HTTP/1.1" 404 5
195.222.149.195 - - [12/Dec/2022:09:33:58 +0500] "GET /ords/api.HTP_ASPVK_DATA?nPVK_ID=0&vST_DT=12.12.2022%2007:26:39&vEND_DT=12.12.2022%2007:36:39 HTTP/1.1" 200 6200
46.146.210.91 - - [12/Dec/2022:09:33:59 +0500] "GET /ords/api.HTP_ASPVK_DATA?nPVK_ID=0&vST_DT=12.12.2022%2009:23:58&vEND_DT=12.12.2022%2009:33:58 HTTP/1.1" 200 4924
195.222.149.195 - - [12/Dec/2022:09:34:08 +0500] "GET /ords/api.HTP_ASPVK_DATA?nPVK_ID=0&vST_DT=12.12.2022%2007:26:49&vEND_DT=12.12.2022%2007:36:49 HTTP/1.1" 200 6200
31.162.9.49 - - [12/Dec/2022:09:34:09 +0500] "POST /ords/wwv_flow.show HTTP/1.1" 200 12
46.146.210.91 - - [12/Dec/2022:09:34:09 +0500] "GET /ords/api.HTP_ASPVK_DATA?nPVK_ID=0&vST_DT=12.12.2022%2009:24:08&vEND_DT=12.12.2022%2009:34:08 HTTP/1.1" 200 4924
195.222.149.195 - - [12/Dec/2022:09:34:18 +0500] "GET /ords/api.HTP_ASPVK_DATA?nPVK_ID=0&vST_DT=12.12.2022%2007:26:59&vEND_DT=12.12.2022%2007:36:59 HTTP/1.1" 200 6200
46.146.210.91 - - [12/Dec/2022:09:34:19 +0500] "GET /ords/api.HTP_ASPVK_DATA?nPVK_ID=0&vST_DT=12.12.2022%2009:24:18&vEND_DT=12.12.2022%2009:34:18 HTTP/1.1" 200 4924
31.162.9.49 - - [12/Dec/2022:09:34:27 +0500] "POST /ords/wwv_flow.accept HTTP/1.1" 302 5
195.222.149.195 - - [12/Dec/2022:09:34:28 +0500] "GET /ords/api.HTP_ASPVK_DATA?nPVK_ID=0&vST_DT=12.12.2022%2007:27:09&vEND_DT=12.12.2022%2007:37:09 HTTP/1.1" 200 6200
46.146.210.91 - - [12/Dec/2022:09:34:29 +0500] "GET /ords/api.HTP_ASPVK_DATA?nPVK_ID=0&vST_DT=12.12.2022%2009:24:28&vEND_DT=12.12.2022%2009:34:28 HTTP/1.1" 200 4924
195.222.149.195 - - [12/Dec/2022:09:34:38 +0500] "GET /ords/api.HTP_ASPVK_DATA?nPVK_ID=0&vST_DT=12.12.2022%2007:27:19&vEND_DT=12.12.2022%2007:37:19 HTTP/1.1" 200 6200
46.146.210.91 - - [12/Dec/2022:09:34:39 +0500] "GET /ords/api.HTP_ASPVK_DATA?nPVK_ID=0&vST_DT=12.12.2022%2009:24:38&vEND_DT=12.12.2022%2009:34:38 HTTP/1.1" 200 4924
89.250.216.22 - - [12/Dec/2022:09:34:40 +0500] "POST /ords/wwv_flow.accept HTTP/1.1" 302 5
178.216.65.66 - - [12/Dec/2022:09:34:43 +0500] "POST /ords/wwv_flow.ajax HTTP/1.1" 200 49480
195.222.149.195 - - [12/Dec/2022:09:34:48 +0500] "GET /ords/api.HTP_ASPVK_DATA?nPVK_ID=0&vST_DT=12.12.2022%2007:27:29&vEND_DT=12.12.2022%2007:37:29 HTTP/1.1" 200 6200
46.146.210.91 - - [12/Dec/2022:09:34:49 +0500] "GET /ords/api.HTP_ASPVK_DATA?nPVK_ID=0&vST_DT=12.12.2022%2009:24:48&vEND_DT=12.12.2022%2009:34:48 HTTP/1.1" 200 4924
195.222.149.195 - - [12/Dec/2022:09:34:58 +0500] "GET /ords/api.HTP_ASPVK_DATA?nPVK_ID=0&vST_DT=12.12.2022%2007:27:39&vEND_DT=12.12.2022%2007:37:39 HTTP/1.1" 200 4667
46.146.210.91 - - [12/Dec/2022:09:35:00 +0500] "GET /ords/api.HTP_ASPVK_DATA?nPVK_ID=0&vST_DT=12.12.2022%2009:24:58&vEND_DT=12.12.2022%2009:34:58 HTTP/1.1" 200 4924
195.222.149.195 - - [12/Dec/2022:09:35:08 +0500] "GET /ords/api.HTP_ASPVK_DATA?nPVK_ID=0&vST_DT=12.12.2022%2007:27:49&vEND_DT=12.12.2022%2007:37:49 HTTP/1.1" 200 4667
46.146.210.91 - - [12/Dec/2022:09:35:09 +0500] "GET /ords/api.HTP_ASPVK_DATA?nPVK_ID=0&vST_DT=12.12.2022%2009:25:08&vEND_DT=12.12.2022%2009:35:08 HTTP/1.1" 200 4924
195.222.149.195 - - [12/Dec/2022:09:35:18 +0500] "GET /ords/api.HTP_ASPVK_DATA?nPVK_ID=0&vST_DT=12.12.2022%2007:27:59&vEND_DT=12.12.2022%2007:37:59 HTTP/1.1" 200 4667
89.250.216.22 - - [12/Dec/2022:09:35:19 +0500] "GET /ords/f?p=137:2:2930156283573::NO:::&success_msg=xODt7fvlIOjn7OXt5e37Lg%7E%7E%2FOUpUghuUOQFhucacD7bHKRxS7ho_pWS42w5eDFp8zZclpIDfAOXu_YRPJjTjTgd6rZpWl0vQ6X_VZDPeof31PQ HTTP/1.1" 200 107413
89.250.216.22 - - [12/Dec/2022:09:35:20 +0500] "POST /ords/wwv_flow.ajax HTTP/1.1" 200 1569
46.146.210.91 - - [12/Dec/2022:09:35:20 +0500] "GET /ords/api.HTP_ASPVK_DATA?nPVK_ID=0&vST_DT=12.12.2022%2009:25:18&vEND_DT=12.12.2022%2009:35:18 HTTP/1.1" 200 4924
195.222.149.195 - - [12/Dec/2022:09:35:28 +0500] "GET /ords/api.HTP_ASPVK_DATA?nPVK_ID=0&vST_DT=12.12.2022%2007:28:09&vEND_DT=12.12.2022%2007:38:09 HTTP/1.1" 200 4667
46.146.210.91 - - [12/Dec/2022:09:35:30 +0500] "GET /ords/api.HTP_ASPVK_DATA?nPVK_ID=0&vST_DT=12.12.2022%2009:25:28&vEND_DT=12.12.2022%2009:35:28 HTTP/1.1" 200 4924
31.162.9.49 - - [12/Dec/2022:09:35:35 +0500] "GET /ords/f?p=147:2:2343932168737:::::&success_msg=xODt7fvlIOjn7OXt5e37Lg%7E%7E%2Fk7A_rho3CNQqeHVXTjpdNQMh0-UFt9iLfkSx8dU5oUFgcwIE8K1o2qVuuYpk-b0WnPF4ScgJ2ATQ6JynSSpEKg HTTP/1.1" 200 97655
195.222.149.195 - - [12/Dec/2022:09:35:38 +0500] "GET /ords/api.HTP_ASPVK_DATA?nPVK_ID=0&vST_DT=12.12.2022%2007:28:19&vEND_DT=12.12.2022%2007:38:19 HTTP/1.1" 200 4667
46.146.210.91 - - [12/Dec/2022:09:35:40 +0500] "GET /ords/api.HTP_ASPVK_DATA?nPVK_ID=0&vST_DT=12.12.2022%2009:25:38&vEND_DT=12.12.2022%2009:35:38 HTTP/1.1" 200 4924
195.222.149.195 - - [12/Dec/2022:09:35:48 +0500] "GET /ords/api.HTP_ASPVK_DATA?nPVK_ID=0&vST_DT=12.12.2022%2007:28:29&vEND_DT=12.12.2022%2007:38:29 HTTP/1.1" 200 4667
178.216.65.66 - - [12/Dec/2022:09:35:49 +0500] "GET /ords/f?p=137:2:15433530559097::NO::P2_ID,P2_COUNT_ALL,P2_EDIT_MODE:114597,6, HTTP/1.1" 200 111956
46.146.210.91 - - [12/Dec/2022:09:35:50 +0500] "GET /ords/api.HTP_ASPVK_DATA?nPVK_ID=0&vST_DT=12.12.2022%2009:25:48&vEND_DT=12.12.2022%2009:35:48 HTTP/1.1" 200 4924
178.216.65.66 - - [12/Dec/2022:09:35:50 +0500] "POST /ords/wwv_flow.ajax HTTP/1.1" 200 1551
178.216.65.66 - - [12/Dec/2022:09:35:54 +0500] "GET /ords/f?p=137:2:15433530559097::NO::P2_ID,P2_COUNT_ALL,P2_EDIT_MODE:114600,6, HTTP/1.1" 200 111963
178.216.65.66 - - [12/Dec/2022:09:35:55 +0500] "POST /ords/wwv_flow.ajax HTTP/1.1" 200 1551
195.222.149.195 - - [12/Dec/2022:09:35:59 +0500] "GET /ords/api.HTP_ASPVK_DATA?nPVK_ID=0&vST_DT=12.12.2022%2007:28:39&vEND_DT=12.12.2022%2007:38:39 HTTP/1.1" 200 4667
46.146.210.91 - - [12/Dec/2022:09:36:00 +0500] "GET /ords/api.HTP_ASPVK_DATA?nPVK_ID=0&vST_DT=12.12.2022%2009:25:58&vEND_DT=12.12.2022%2009:35:58 HTTP/1.1" 200 4924
178.216.65.66 - - [12/Dec/2022:09:36:06 +0500] "GET /ords/f?p=137:2:15433530559097::NO::P2_ID,P2_COUNT_ALL,P2_EDIT_MODE:114606,6, HTTP/1.1" 200 111847
178.216.65.66 - - [12/Dec/2022:09:36:08 +0500] "POST /ords/wwv_flow.ajax HTTP/1.1" 200 1551
178.216.65.66 - - [12/Dec/2022:09:36:08 +0500] "GET /ords/f?p=137:2:15433530559097::NO::P2_ID,P2_COUNT_ALL,P2_EDIT_MODE:114604,6, HTTP/1.1" 200 111855
195.222.149.195 - - [12/Dec/2022:09:36:09 +0500] "GET /ords/api.HTP_ASPVK_DATA?nPVK_ID=0&vST_DT=12.12.2022%2007:28:49&vEND_DT=12.12.2022%2007:38:49 HTTP/1.1" 200 4667
178.216.65.66 - - [12/Dec/2022:09:36:09 +0500] "POST /ords/wwv_flow.ajax HTTP/1.1" 200 1551
46.146.210.91 - - [12/Dec/2022:09:36:10 +0500] "GET /ords/api.HTP_ASPVK_DATA?nPVK_ID=0&vST_DT=12.12.2022%2009:26:08&vEND_DT=12.12.2022%2009:36:08 HTTP/1.1" 200 9784
178.216.65.66 - - [12/Dec/2022:09:36:17 +0500] "GET /ords/f?p=137:2:15433530559097::NO::P2_ID,P2_COUNT_ALL,P2_EDIT_MODE:114610,6, HTTP/1.1" 200 111958
178.216.65.66 - - [12/Dec/2022:09:36:18 +0500] "POST /ords/wwv_flow.ajax HTTP/1.1" 200 1551
195.222.149.195 - - [12/Dec/2022:09:36:19 +0500] "GET /ords/api.HTP_ASPVK_DATA?nPVK_ID=0&vST_DT=12.12.2022%2007:28:59&vEND_DT=12.12.2022%2007:38:59 HTTP/1.1" 200 4667
46.146.210.91 - - [12/Dec/2022:09:36:20 +0500] "GET /ords/api.HTP_ASPVK_DATA?nPVK_ID=0&vST_DT=12.12.2022%2009:26:18&vEND_DT=12.12.2022%2009:36:18 HTTP/1.1" 200 6459
178.216.65.66 - - [12/Dec/2022:09:36:21 +0500] "GET /ords/f?p=137:2:15433530559097::NO::P2_ID,P2_COUNT_ALL,P2_EDIT_MODE:114609,6, HTTP/1.1" 200 112038
89.250.216.22 - - [12/Dec/2022:09:36:29 +0500] "GET /ords/f?p=137:2:2930156283573::NO::P2_ID,P2_COUNT_ALL,P2_EDIT_MODE:114663,2, HTTP/1.1" 200 103990
195.222.149.195 - - [12/Dec/2022:09:36:29 +0500] "GET /ords/api.HTP_ASPVK_DATA?nPVK_ID=0&vST_DT=12.12.2022%2007:29:09&vEND_DT=12.12.2022%2007:39:09 HTTP/1.1" 200 4667
89.250.216.22 - - [12/Dec/2022:09:36:30 +0500] "POST /ords/wwv_flow.ajax HTTP/1.1" 200 1569
46.146.210.91 - - [12/Dec/2022:09:36:30 +0500] "GET /ords/api.HTP_ASPVK_DATA?nPVK_ID=0&vST_DT=12.12.2022%2009:26:28&vEND_DT=12.12.2022%2009:36:28 HTTP/1.1" 200 6459
178.216.65.66 - - [12/Dec/2022:09:36:31 +0500] "POST /ords/wwv_flow.ajax HTTP/1.1" 200 1551
178.216.65.66 - - [12/Dec/2022:09:36:32 +0500] "GET /ords/wwv_flow.show?p_request=APPLICATION_PROCESS%3DGET_SQL_RESULT&p_flow_id=555&p_flow_step_id=0&p_instance=15433530559097&p_arg_names=F_APPLICATION_ID&p_arg_values=137&p_arg_names=F_FILTER_TEXT&p_arg_values=&p_arg_names=F_LOV_NAME&p_arg_values=%D0%A1%D0%A2%D0%90%D0%A2%D0%A3%D0%A1%D0%AB_%D0%97%D0%90%D0%AF%D0%92%D0%9E%D0%9A&p_arg_names=F_FILTER_TEXT2&p_arg_values=&p_arg_names=F_RESULT_COUNT&p_arg_values=50 HTTP/1.1" 200 147
178.216.65.66 - - [12/Dec/2022:09:36:32 +0500] "GET /ords/r/r/files/static/v74Y/ui-anim_basic_16x16.gif HTTP/1.1" 404 5
195.222.149.195 - - [12/Dec/2022:09:36:38 +0500] "GET /ords/api.HTP_ASPVK_DATA?nPVK_ID=0&vST_DT=12.12.2022%2007:29:19&vEND_DT=12.12.2022%2007:39:19 HTTP/1.1" 200 4667
46.146.210.91 - - [12/Dec/2022:09:36:40 +0500] "GET /ords/api.HTP_ASPVK_DATA?nPVK_ID=0&vST_DT=12.12.2022%2009:26:38&vEND_DT=12.12.2022%2009:36:38 HTTP/1.1" 200 6459
178.216.65.66 - - [12/Dec/2022:09:36:44 +0500] "GET /ords/f?p=137:2:15433530559097::NO::P2_ID,P2_COUNT_ALL,P2_EDIT_MODE:114612,6, HTTP/1.1" 200 111464
178.216.65.66 - - [12/Dec/2022:09:36:47 +0500] "POST /ords/wwv_flow.ajax HTTP/1.1" 200 1551
178.216.65.66 - - [12/Dec/2022:09:36:47 +0500] "GET /ords/f?p=137:2:15433530559097::NO::P2_ID,P2_COUNT_ALL,P2_EDIT_MODE:114634,6, HTTP/1.1" 200 111455
178.216.65.66 - - [12/Dec/2022:09:36:48 +0500] "POST /ords/wwv_flow.ajax HTTP/1.1" 200 1551
195.222.149.195 - - [12/Dec/2022:09:36:48 +0500] "GET /ords/api.HTP_ASPVK_DATA?nPVK_ID=0&vST_DT=12.12.2022%2007:29:29&vEND_DT=12.12.2022%2007:39:29 HTTP/1.1" 200 3135
178.216.65.66 - - [12/Dec/2022:09:36:50 +0500] "GET /ords/f?p=137:2:15433530559097::NO::P2_ID,P2_COUNT_ALL,P2_EDIT_MODE:114637,6, HTTP/1.1" 200 111457
46.146.210.91 - - [12/Dec/2022:09:36:50 +0500] "GET /ords/api.HTP_ASPVK_DATA?nPVK_ID=0&vST_DT=12.12.2022%2009:26:48&vEND_DT=12.12.2022%2009:36:48 HTTP/1.1" 200 6459
178.216.65.66 - - [12/Dec/2022:09:36:50 +0500] "POST /ords/wwv_flow.ajax HTTP/1.1" 200 1551
178.216.65.66 - - [12/Dec/2022:09:36:51 +0500] "GET /ords/f?p=137:2:15433530559097::NO::P2_ID,P2_COUNT_ALL,P2_EDIT_MODE:114635,6, HTTP/1.1" 200 111450
178.216.65.66 - - [12/Dec/2022:09:36:52 +0500] "POST /ords/wwv_flow.ajax HTTP/1.1" 200 1551
195.222.149.195 - - [12/Dec/2022:09:36:58 +0500] "GET /ords/api.HTP_ASPVK_DATA?nPVK_ID=0&vST_DT=12.12.2022%2007:29:39&vEND_DT=12.12.2022%2007:39:39 HTTP/1.1" 200 3135
46.146.210.91 - - [12/Dec/2022:09:37:00 +0500] "GET /ords/api.HTP_ASPVK_DATA?nPVK_ID=0&vST_DT=12.12.2022%2009:26:58&vEND_DT=12.12.2022%2009:36:58 HTTP/1.1" 200 6459
89.250.216.22 - - [12/Dec/2022:09:37:00 +0500] "POST /ords/wwv_flow.show HTTP/1.1" 200 14
178.216.65.66 - - [12/Dec/2022:09:37:00 +0500] "GET /ords/f?p=137:2:15433530559097::NO::P2_ID,P2_COUNT_ALL,P2_EDIT_MODE:114641,6, HTTP/1.1" 200 110879
178.216.65.66 - - [12/Dec/2022:09:37:01 +0500] "POST /ords/wwv_flow.ajax HTTP/1.1" 200 1551
178.216.65.66 - - [12/Dec/2022:09:37:02 +0500] "GET /ords/f?p=137:2:15433530559097::NO::P2_ID,P2_COUNT_ALL,P2_EDIT_MODE:114645,6, HTTP/1.1" 200 110870
178.216.65.66 - - [12/Dec/2022:09:37:03 +0500] "POST /ords/wwv_flow.ajax HTTP/1.1" 200 1551
178.216.65.66 - - [12/Dec/2022:09:37:05 +0500] "GET /ords/f?p=137:2:15433530559097::NO::P2_ID,P2_COUNT_ALL,P2_EDIT_MODE:114647,6, HTTP/1.1" 200 110839
178.216.65.66 - - [12/Dec/2022:09:37:05 +0500] "GET /ords/f?p=137:2:15433530559097::NO::P2_ID,P2_COUNT_ALL,P2_EDIT_MODE:114612,6, HTTP/1.1" 200 111466
178.216.65.66 - - [12/Dec/2022:09:37:06 +0500] "POST /ords/wwv_flow.ajax HTTP/1.1" 200 1551
178.216.65.66 - - [12/Dec/2022:09:37:06 +0500] "POST /ords/wwv_flow.ajax HTTP/1.1" 200 1551
195.222.149.195 - - [12/Dec/2022:09:37:08 +0500] "GET /ords/api.HTP_ASPVK_DATA?nPVK_ID=0&vST_DT=12.12.2022%2007:29:49&vEND_DT=12.12.2022%2007:39:49 HTTP/1.1" 200 3135
46.146.210.91 - - [12/Dec/2022:09:37:10 +0500] "GET /ords/api.HTP_ASPVK_DATA?nPVK_ID=0&vST_DT=12.12.2022%2009:27:08&vEND_DT=12.12.2022%2009:37:08 HTTP/1.1" 200 6459
31.162.9.49 - - [12/Dec/2022:09:37:10 +0500] "GET /ords/f?p=147:2:2343932168737::NO::P2_ID,P2_COUNT_ALL,P2_EDIT_MODE:114221,3, HTTP/1.1" 200 96929
178.216.65.66 - - [12/Dec/2022:09:37:11 +0500] "GET /ords/f?p=137:2:15433530559097::NO::P2_ID,P2_COUNT_ALL,P2_EDIT_MODE:114812,6, HTTP/1.1" 200 111513
178.216.65.66 - - [12/Dec/2022:09:37:11 +0500] "POST /ords/wwv_flow.ajax HTTP/1.1" 200 1551
178.216.65.66 - - [12/Dec/2022:09:37:14 +0500] "GET /ords/f?p=137:2:15433530559097::NO::P2_ID,P2_COUNT_ALL,P2_EDIT_MODE:114650,6, HTTP/1.1" 200 110848
178.216.65.66 - - [12/Dec/2022:09:37:14 +0500] "POST /ords/wwv_flow.ajax HTTP/1.1" 200 1551
178.216.65.66 - - [12/Dec/2022:09:37:18 +0500] "POST /ords/wwv_flow.accept HTTP/1.1" 302 5
195.222.149.195 - - [12/Dec/2022:09:37:18 +0500] "GET /ords/api.HTP_ASPVK_DATA?nPVK_ID=0&vST_DT=12.12.2022%2007:29:59&vEND_DT=12.12.2022%2007:39:59 HTTP/1.1" 200 3135
46.146.210.91 - - [12/Dec/2022:09:37:20 +0500] "GET /ords/api.HTP_ASPVK_DATA?nPVK_ID=0&vST_DT=12.12.2022%2009:27:18&vEND_DT=12.12.2022%2009:37:18 HTTP/1.1" 200 6459
46.146.220.195 - - [12/Dec/2022:09:37:20 +0500] "GET /ords/f?p=101:210:0:&tz=5:00 HTTP/1.1" 200 16258
46.146.220.195 - - [12/Dec/2022:09:37:23 +0500] "POST /ords/wwv_flow.accept HTTP/1.1" 302 5
46.146.220.195 - - [12/Dec/2022:09:37:24 +0500] "GET /ords/f?p=101:1:23272410731354::::: HTTP/1.1" 200 10120
178.216.65.66 - - [12/Dec/2022:09:37:25 +0500] "GET /ords/wwv_flow.show?p_request=APPLICATION_PROCESS%3DGET_SQL_RESULT&p_flow_id=555&p_flow_step_id=0&p_instance=15433530559097&p_arg_names=F_APPLICATION_ID&p_arg_values=137&p_arg_names=F_FILTER_TEXT&p_arg_values=&p_arg_names=F_LOV_NAME&p_arg_values=%D0%A1%D0%A2%D0%90%D0%A2%D0%A3%D0%A1%D0%AB_%D0%97%D0%90%D0%AF%D0%92%D0%9E%D0%9A&p_arg_names=F_FILTER_TEXT2&p_arg_values=&p_arg_names=F_RESULT_COUNT&p_arg_values=50 HTTP/1.1" 200 147
178.216.65.66 - - [12/Dec/2022:09:37:25 +0500] "GET /ords/r/r/files/static/v74Y/ui-anim_basic_16x16.gif HTTP/1.1" 404 5
195.222.149.195 - - [12/Dec/2022:09:37:28 +0500] "GET /ords/api.HTP_ASPVK_DATA?nPVK_ID=0&vST_DT=12.12.2022%2007:30:09&vEND_DT=12.12.2022%2007:40:09 HTTP/1.1" 200 1600
46.146.210.91 - - [12/Dec/2022:09:37:30 +0500] "GET /ords/api.HTP_ASPVK_DATA?nPVK_ID=0&vST_DT=12.12.2022%2009:27:28&vEND_DT=12.12.2022%2009:37:28 HTTP/1.1" 200 6459
89.250.216.22 - - [12/Dec/2022:09:37:34 +0500] "POST /ords/wwv_flow.accept HTTP/1.1" 302 5
195.222.149.195 - - [12/Dec/2022:09:37:38 +0500] "GET /ords/api.HTP_ASPVK_DATA?nPVK_ID=0&vST_DT=12.12.2022%2007:30:19&vEND_DT=12.12.2022%2007:40:19 HTTP/1.1" 200 1600
46.146.210.91 - - [12/Dec/2022:09:37:40 +0500] "GET /ords/api.HTP_ASPVK_DATA?nPVK_ID=0&vST_DT=12.12.2022%2009:27:38&vEND_DT=12.12.2022%2009:37:38 HTTP/1.1" 200 6459
195.222.149.195 - - [12/Dec/2022:09:37:48 +0500] "GET /ords/api.HTP_ASPVK_DATA?nPVK_ID=0&vST_DT=12.12.2022%2007:30:29&vEND_DT=12.12.2022%2007:40:29 HTTP/1.1" 200 1600
212.33.243.160 - - [12/Dec/2022:09:37:50 +0500] "GET /ords/f?p=137:4:7581404511818::NO::P4_ID:114814 HTTP/1.1" 200 999882
46.146.210.91 - - [12/Dec/2022:09:37:50 +0500] "GET /ords/api.HTP_ASPVK_DATA?nPVK_ID=0&vST_DT=12.12.2022%2009:27:48&vEND_DT=12.12.2022%2009:37:48 HTTP/1.1" 200 6459
31.162.9.49 - - [12/Dec/2022:09:37:53 +0500] "POST /ords/wwv_flow.show HTTP/1.1" 200 12
195.222.149.195 - - [12/Dec/2022:09:37:58 +0500] "GET /ords/api.HTP_ASPVK_DATA?nPVK_ID=0&vST_DT=12.12.2022%2007:30:39&vEND_DT=12.12.2022%2007:40:39 HTTP/1.1" 200 1600
46.146.210.91 - - [12/Dec/2022:09:38:02 +0500] "GET /ords/api.HTP_ASPVK_DATA?nPVK_ID=0&vST_DT=12.12.2022%2009:27:58&vEND_DT=12.12.2022%2009:37:58 HTTP/1.1" 200 6459
46.146.220.195 - - [12/Dec/2022:09:38:03 +0500] "GET /ords/f?p=137:38:23272410731354:::: HTTP/1.1" 200 90754
195.222.149.195 - - [12/Dec/2022:09:38:08 +0500] "GET /ords/api.HTP_ASPVK_DATA?nPVK_ID=0&vST_DT=12.12.2022%2007:30:49&vEND_DT=12.12.2022%2007:40:49 HTTP/1.1" 200 1600
46.146.210.91 - - [12/Dec/2022:09:38:10 +0500] "GET /ords/api.HTP_ASPVK_DATA?nPVK_ID=0&vST_DT=12.12.2022%2009:28:08&vEND_DT=12.12.2022%2009:38:08 HTTP/1.1" 200 6459
178.216.65.66 - - [12/Dec/2022:09:38:12 +0500] "POST /ords/wwv_flow.accept HTTP/1.1" 302 5
31.162.9.49 - - [12/Dec/2022:09:38:12 +0500] "POST /ords/wwv_flow.accept HTTP/1.1" 302 5
89.250.216.22 - - [12/Dec/2022:09:38:13 +0500] "GET /ords/f?p=137:2:2930156283573::NO:::&success_msg=xODt7fvlIOjn7OXt5e37Lg%7E%7E%2FOUpUghuUOQFhucacD7bHKRxS7ho_pWS42w5eDFp8zZclpIDfAOXu_YRPJjTjTgd6rZpWl0vQ6X_VZDPeof31PQ HTTP/1.1" 200 105430
89.250.216.22 - - [12/Dec/2022:09:38:14 +0500] "POST /ords/wwv_flow.ajax HTTP/1.1" 200 1569
178.216.65.66 - - [12/Dec/2022:09:38:15 +0500] "GET /ords/wwv_flow.show?p_request=APPLICATION_PROCESS%3DGET_SQL_RESULT&p_flow_id=555&p_flow_step_id=0&p_instance=15433530559097&p_arg_names=F_APPLICATION_ID&p_arg_values=137&p_arg_names=F_FILTER_TEXT&p_arg_values=&p_arg_names=F_LOV_NAME&p_arg_values=%D0%A1%D0%A2%D0%90%D0%A2%D0%A3%D0%A1%D0%AB_%D0%97%D0%90%D0%AF%D0%92%D0%9E%D0%9A&p_arg_names=F_FILTER_TEXT2&p_arg_values=&p_arg_names=F_RESULT_COUNT&p_arg_values=50 HTTP/1.1" 200 147
178.216.65.66 - - [12/Dec/2022:09:38:15 +0500] "GET /ords/r/r/files/static/v74Y/ui-anim_basic_16x16.gif HTTP/1.1" 404 5
195.222.149.195 - - [12/Dec/2022:09:38:19 +0500] "GET /ords/api.HTP_ASPVK_DATA?nPVK_ID=0&vST_DT=12.12.2022%2007:30:59&vEND_DT=12.12.2022%2007:40:59 HTTP/1.1" 200 1600
46.146.210.91 - - [12/Dec/2022:09:38:20 +0500] "GET /ords/api.HTP_ASPVK_DATA?nPVK_ID=0&vST_DT=12.12.2022%2009:28:18&vEND_DT=12.12.2022%2009:38:18 HTTP/1.1" 200 6459
178.216.65.66 - - [12/Dec/2022:09:38:21 +0500] "GET /ords/f?p=137:2:15433530559097::NO:::&success_msg=xODt7fvlIOjn7OXt5e37Lg%7E%7E%2FgeU-h4oYRoj4X-kaPyR91UI4mfZX0jYlQbJQS3skicntDg3-gknf1eF4GwlgbcBLskhblyH_UKk9dnCQwUvbhg HTTP/1.1" 200 112115
195.222.149.195 - - [12/Dec/2022:09:38:28 +0500] "GET /ords/api.HTP_ASPVK_DATA?nPVK_ID=0&vST_DT=12.12.2022%2007:31:09&vEND_DT=12.12.2022%2007:41:09 HTTP/1.1" 200 1600
46.146.210.91 - - [12/Dec/2022:09:38:30 +0500] "GET /ords/api.HTP_ASPVK_DATA?nPVK_ID=0&vST_DT=12.12.2022%2009:28:28&vEND_DT=12.12.2022%2009:38:28 HTTP/1.1" 200 6459
195.222.149.195 - - [12/Dec/2022:09:38:38 +0500] "GET /ords/api.HTP_ASPVK_DATA?nPVK_ID=0&vST_DT=12.12.2022%2007:31:19&vEND_DT=12.12.2022%2007:41:19 HTTP/1.1" 200 1600
46.146.210.91 - - [12/Dec/2022:09:38:40 +0500] "GET /ords/api.HTP_ASPVK_DATA?nPVK_ID=0&vST_DT=12.12.2022%2009:28:38&vEND_DT=12.12.2022%2009:38:38 HTTP/1.1" 200 6459
178.216.65.66 - - [12/Dec/2022:09:38:41 +0500] "POST /ords/wwv_flow.ajax HTTP/1.1" 200 1551
178.216.65.66 - - [12/Dec/2022:09:38:43 +0500] "GET /ords/wwv_flow.show?p_request=APPLICATION_PROCESS%3DGET_SQL_RESULT&p_flow_id=555&p_flow_step_id=0&p_instance=15433530559097&p_arg_names=F_APPLICATION_ID&p_arg_values=137&p_arg_names=F_FILTER_TEXT&p_arg_values=&p_arg_names=F_LOV_NAME&p_arg_values=%D0%A1%D0%A2%D0%90%D0%A2%D0%A3%D0%A1%D0%AB_%D0%97%D0%90%D0%AF%D0%92%D0%9E%D0%9A&p_arg_names=F_FILTER_TEXT2&p_arg_values=&p_arg_names=F_RESULT_COUNT&p_arg_values=50 HTTP/1.1" 200 147
178.216.65.66 - - [12/Dec/2022:09:38:43 +0500] "GET /ords/r/r/files/static/v74Y/ui-anim_basic_16x16.gif HTTP/1.1" 404 5
46.146.220.195 - - [12/Dec/2022:09:38:47 +0500] "POST /ords/wwv_flow.ajax HTTP/1.1" 200 276190
195.222.149.195 - - [12/Dec/2022:09:38:48 +0500] "GET /ords/api.HTP_ASPVK_DATA?nPVK_ID=0&vST_DT=12.12.2022%2007:31:29&vEND_DT=12.12.2022%2007:41:29 HTTP/1.1" 200 1600
46.146.210.91 - - [12/Dec/2022:09:38:50 +0500] "GET /ords/api.HTP_ASPVK_DATA?nPVK_ID=0&vST_DT=12.12.2022%2009:28:48&vEND_DT=12.12.2022%2009:38:48 HTTP/1.1" 200 6459
178.216.65.66 - - [12/Dec/2022:09:38:53 +0500] "POST /ords/wwv_flow.accept HTTP/1.1" 302 5
195.222.149.195 - - [12/Dec/2022:09:38:58 +0500] "GET /ords/api.HTP_ASPVK_DATA?nPVK_ID=0&vST_DT=12.12.2022%2007:31:39&vEND_DT=12.12.2022%2007:41:39 HTTP/1.1" 200 1600
178.216.65.66 - - [12/Dec/2022:09:38:59 +0500] "GET /ords/f?p=137:2:15433530559097::NO:::&success_msg=xODt7fvlIOjn7OXt5e37Lg%7E%7E%2FgeU-h4oYRoj4X-kaPyR91UI4mfZX0jYlQbJQS3skicntDg3-gknf1eF4GwlgbcBLskhblyH_UKk9dnCQwUvbhg HTTP/1.1" 200 112122
46.146.210.91 - - [12/Dec/2022:09:39:00 +0500] "GET /ords/api.HTP_ASPVK_DATA?nPVK_ID=0&vST_DT=12.12.2022%2009:28:58&vEND_DT=12.12.2022%2009:38:58 HTTP/1.1" 200 6459
178.216.65.66 - - [12/Dec/2022:09:39:03 +0500] "POST /ords/wwv_flow.ajax HTTP/1.1" 200 1551
195.222.149.195 - - [12/Dec/2022:09:39:08 +0500] "GET /ords/api.HTP_ASPVK_DATA?nPVK_ID=0&vST_DT=12.12.2022%2007:31:49&vEND_DT=12.12.2022%2007:41:49 HTTP/1.1" 200 1600
178.216.65.66 - - [12/Dec/2022:09:39:10 +0500] "GET /ords/wwv_flow.show?p_request=APPLICATION_PROCESS%3DGET_SQL_RESULT&p_flow_id=555&p_flow_step_id=0&p_instance=15433530559097&p_arg_names=F_APPLICATION_ID&p_arg_values=137&p_arg_names=F_FILTER_TEXT&p_arg_values=&p_arg_names=F_LOV_NAME&p_arg_values=%D0%A1%D0%A2%D0%90%D0%A2%D0%A3%D0%A1%D0%AB_%D0%97%D0%90%D0%AF%D0%92%D0%9E%D0%9A&p_arg_names=F_FILTER_TEXT2&p_arg_values=&p_arg_names=F_RESULT_COUNT&p_arg_values=50 HTTP/1.1" 200 147
178.216.65.66 - - [12/Dec/2022:09:39:10 +0500] "GET /ords/r/r/files/static/v74Y/ui-anim_basic_16x16.gif HTTP/1.1" 404 5
46.146.210.91 - - [12/Dec/2022:09:39:10 +0500] "GET /ords/api.HTP_ASPVK_DATA?nPVK_ID=0&vST_DT=12.12.2022%2009:29:08&vEND_DT=12.12.2022%2009:39:08 HTTP/1.1" 200 7990
212.33.243.160 - - [12/Dec/2022:09:39:17 +0500] "GET /ords/f?p=137:2:7581404511818::NO::: HTTP/1.1" 200 113251
31.162.9.49 - - [12/Dec/2022:09:39:18 +0500] "GET /ords/f?p=147:2:2343932168737:::::&success_msg=xODt7fvlIOjn7OXt5e37Lg%7E%7E%2Fk7A_rho3CNQqeHVXTjpdNQMh0-UFt9iLfkSx8dU5oUFgcwIE8K1o2qVuuYpk-b0WnPF4ScgJ2ATQ6JynSSpEKg HTTP/1.1" 200 97645
212.33.243.160 - - [12/Dec/2022:09:39:18 +0500] "POST /ords/wwv_flow.ajax HTTP/1.1" 200 1629
195.222.149.195 - - [12/Dec/2022:09:39:18 +0500] "GET /ords/api.HTP_ASPVK_DATA?nPVK_ID=0&vST_DT=12.12.2022%2007:31:59&vEND_DT=12.12.2022%2007:41:59 HTTP/1.1" 200 1600
