194.226.162.30 - - [20/Dec/2022:09:39:04 +0500] "GET /ords/f?p=101:1:6002046056955:::::&tz=5:00 HTTP/1.1" 503 12947
195.222.149.195 - - [20/Dec/2022:09:39:07 +0500] "GET /ords/api.HTP_ASPVK_DATA?nPVK_ID=0&vST_DT=20.12.2022%2007:31:35&vEND_DT=20.12.2022%2007:41:35 HTTP/1.1" 503 12947
46.146.210.91 - - [20/Dec/2022:09:39:31 +0500] "GET /ords/api.HTP_ASPVK_DATA?nPVK_ID=0&vST_DT=20.12.2022%2009:29:14&vEND_DT=20.12.2022%2009:39:14 HTTP/1.1" 503 12947
195.222.149.195 - - [20/Dec/2022:09:39:31 +0500] "GET /ords/api.HTP_ASPVK_DATA?nPVK_ID=0&vST_DT=20.12.2022%2007:32:15&vEND_DT=20.12.2022%2007:42:15 HTTP/1.1" 503 12947
85.140.12.222 - - [20/Dec/2022:09:39:42 +0500] "GET /ords/f?p=101:210 HTTP/1.1" 503 12947
46.146.210.91 - - [20/Dec/2022:09:40:11 +0500] "GET /ords/api.HTP_ASPVK_DATA?nPVK_ID=0&vST_DT=20.12.2022%2009:29:54&vEND_DT=20.12.2022%2009:39:54 HTTP/1.1" 503 12947
195.222.149.195 - - [20/Dec/2022:09:40:14 +0500] "GET /ords/api.HTP_ASPVK_DATA?nPVK_ID=0&vST_DT=20.12.2022%2007:32:45&vEND_DT=20.12.2022%2007:42:45 HTTP/1.1" 503 12947
46.146.210.91 - - [20/Dec/2022:09:40:40 +0500] "GET /ords/api.HTP_ASPVK_DATA?nPVK_ID=0&vST_DT=20.12.2022%2009:30:34&vEND_DT=20.12.2022%2009:40:34 HTTP/1.1" 503 12947
195.222.149.195 - - [20/Dec/2022:09:40:43 +0500] "GET /ords/api.HTP_ASPVK_DATA?nPVK_ID=0&vST_DT=20.12.2022%2007:33:25&vEND_DT=20.12.2022%2007:43:25 HTTP/1.1" 503 12947
194.226.162.30 - - [20/Dec/2022:09:41:13 +0500] "GET /ords/f?p=101:1:6002046056955:::::&tz=5:00 HTTP/1.1" 503 12947
46.146.210.91 - - [20/Dec/2022:09:41:22 +0500] "GET /ords/api.HTP_ASPVK_DATA?nPVK_ID=0&vST_DT=20.12.2022%2009:31:04&vEND_DT=20.12.2022%2009:41:04 HTTP/1.1" 503 12947
194.226.162.30 - - [20/Dec/2022:09:41:25 +0500] "GET /ords/f?p=101:210:0:&tz=5:00 HTTP/1.1" 503 12947
195.222.149.195 - - [20/Dec/2022:09:42:11 +0500] "GET /ords/api.HTP_ASPVK_DATA?nPVK_ID=0&vST_DT=20.12.2022%2007:33:55&vEND_DT=20.12.2022%2007:43:55 HTTP/1.1" 503 12947
46.146.210.91 - - [20/Dec/2022:09:42:18 +0500] "GET /ords/api.HTP_ASPVK_DATA?nPVK_ID=0&vST_DT=20.12.2022%2009:31:44&vEND_DT=20.12.2022%2009:41:44 HTTP/1.1" 503 12947
195.222.149.195 - - [20/Dec/2022:09:42:41 +0500] "GET /ords/api.HTP_ASPVK_DATA?nPVK_ID=0&vST_DT=20.12.2022%2007:35:25&vEND_DT=20.12.2022%2007:45:25 HTTP/1.1" 503 12947
46.146.210.91 - - [20/Dec/2022:09:42:51 +0500] "GET /ords/api.HTP_ASPVK_DATA?nPVK_ID=0&vST_DT=20.12.2022%2009:32:45&vEND_DT=20.12.2022%2009:42:45 HTTP/1.1" 503 12947
81.4.234.170 - - [20/Dec/2022:09:42:55 +0500] "GET / HTTP/1.1" 302 -
194.226.162.30 - - [20/Dec/2022:09:43:01 +0500] "GET /ords/f?p=101:1:6002046056955:::::&tz=5:00 HTTP/1.1" 503 12947
81.4.234.170 - - [20/Dec/2022:09:43:04 +0500] "GET /ords/f?p=101:210 HTTP/1.1" 503 12947
195.222.149.195 - - [20/Dec/2022:09:43:13 +0500] "GET /ords/api.HTP_ASPVK_DATA?nPVK_ID=0&vST_DT=20.12.2022%2007:35:55&vEND_DT=20.12.2022%2007:45:55 HTTP/1.1" 503 12947
46.146.210.91 - - [20/Dec/2022:09:43:19 +0500] "GET /ords/api.HTP_ASPVK_DATA?nPVK_ID=0&vST_DT=20.12.2022%2009:33:15&vEND_DT=20.12.2022%2009:43:15 HTTP/1.1" 503 12947
194.226.162.30 - - [20/Dec/2022:09:43:27 +0500] "GET /ords/f?p=101:1:6002046056955:::::&tz=5:00 HTTP/1.1" 503 12947
195.222.149.195 - - [20/Dec/2022:09:44:10 +0500] "GET /ords/api.HTP_ASPVK_DATA?nPVK_ID=0&vST_DT=20.12.2022%2007:36:25&vEND_DT=20.12.2022%2007:46:25 HTTP/1.1" 503 12947
46.146.210.91 - - [20/Dec/2022:09:44:18 +0500] "GET /ords/api.HTP_ASPVK_DATA?nPVK_ID=0&vST_DT=20.12.2022%2009:33:45&vEND_DT=20.12.2022%2009:43:45 HTTP/1.1" 503 12947
195.222.149.195 - - [20/Dec/2022:09:44:43 +0500] "GET /ords/api.HTP_ASPVK_DATA?nPVK_ID=0&vST_DT=20.12.2022%2007:37:25&vEND_DT=20.12.2022%2007:47:25 HTTP/1.1" 503 12947
46.146.210.91 - - [20/Dec/2022:09:44:49 +0500] "GET /ords/api.HTP_ASPVK_DATA?nPVK_ID=0&vST_DT=20.12.2022%2009:34:45&vEND_DT=20.12.2022%2009:44:45 HTTP/1.1" 503 12947
194.226.162.30 - - [20/Dec/2022:09:45:02 +0500] "GET /ords/f?p=101:1:6002046056955:::::&tz=5:00 HTTP/1.1" 503 12947
195.222.149.195 - - [20/Dec/2022:09:45:13 +0500] "GET /ords/api.HTP_ASPVK_DATA?nPVK_ID=0&vST_DT=20.12.2022%2007:37:55&vEND_DT=20.12.2022%2007:47:55 HTTP/1.1" 503 12947
46.146.210.91 - - [20/Dec/2022:09:45:21 +0500] "GET /ords/api.HTP_ASPVK_DATA?nPVK_ID=0&vST_DT=20.12.2022%2009:35:15&vEND_DT=20.12.2022%2009:45:15 HTTP/1.1" 503 12947
195.222.149.195 - - [20/Dec/2022:09:45:41 +0500] "GET /ords/api.HTP_ASPVK_DATA?nPVK_ID=0&vST_DT=20.12.2022%2007:38:25&vEND_DT=20.12.2022%2007:48:25 HTTP/1.1" 503 12947
121.150.132.142 - - [20/Dec/2022:09:45:45 +0500] "POST /tmUnblock.cgi HTTP/1.1" 404 1020
46.146.210.91 - - [20/Dec/2022:09:45:49 +0500] "GET /ords/api.HTP_ASPVK_DATA?nPVK_ID=0&vST_DT=20.12.2022%2009:35:45&vEND_DT=20.12.2022%2009:45:45 HTTP/1.1" 503 12947
194.226.162.30 - - [20/Dec/2022:09:46:04 +0500] "GET /ords/f?p=101:210:0:&tz=5:00 HTTP/1.1" 503 12947
46.146.210.91 - - [20/Dec/2022:09:46:20 +0500] "GET /ords/api.HTP_ASPVK_DATA?nPVK_ID=0&vST_DT=20.12.2022%2009:36:15&vEND_DT=20.12.2022%2009:46:15 HTTP/1.1" 503 12947
195.222.149.195 - - [20/Dec/2022:09:46:24 +0500] "GET /ords/api.HTP_ASPVK_DATA?nPVK_ID=0&vST_DT=20.12.2022%2007:38:55&vEND_DT=20.12.2022%2007:48:55 HTTP/1.1" 503 12947
194.226.162.30 - - [20/Dec/2022:09:46:32 +0500] "GET /ords/f?p=101:210:0:&tz=5:00 HTTP/1.1" 503 12947
46.146.210.91 - - [20/Dec/2022:09:46:51 +0500] "GET /ords/api.HTP_ASPVK_DATA?nPVK_ID=0&vST_DT=20.12.2022%2009:36:45&vEND_DT=20.12.2022%2009:46:45 HTTP/1.1" 503 12947
194.226.162.30 - - [20/Dec/2022:09:47:36 +0500] "GET /ords/f?p=101:1:6002046056955:::::&tz=5:00 HTTP/1.1" 503 12947
91.218.103.75 - - [20/Dec/2022:09:47:39 +0500] "GET / HTTP/1.1" 302 -
91.218.103.75 - - [20/Dec/2022:09:47:44 +0500] "GET /ords/f?p=101:210 HTTP/1.1" 503 12947
46.146.210.91 - - [20/Dec/2022:09:47:50 +0500] "GET /ords/api.HTP_ASPVK_DATA?nPVK_ID=0&vST_DT=20.12.2022%2009:37:15&vEND_DT=20.12.2022%2009:47:15 HTTP/1.1" 503 12947
195.222.149.195 - - [20/Dec/2022:09:47:51 +0500] "GET /ords/api.HTP_ASPVK_DATA?nPVK_ID=0&vST_DT=20.12.2022%2007:39:35&vEND_DT=20.12.2022%2007:49:35 HTTP/1.1" 503 12947
194.226.162.30 - - [20/Dec/2022:09:47:53 +0500] "GET /ords/f?p=101:1:6002046056955:::::&tz=5:00 HTTP/1.1" 503 12947
81.4.234.170 - - [20/Dec/2022:09:48:02 +0500] "GET / HTTP/1.1" 302 -
81.4.234.170 - - [20/Dec/2022:09:48:04 +0500] "GET / HTTP/1.1" 302 -
46.146.202.91 - - [20/Dec/2022:09:48:04 +0500] "GET / HTTP/1.1" 302 -
81.4.234.170 - - [20/Dec/2022:09:48:07 +0500] "GET /ords/f?p=101:210 HTTP/1.1" 503 12947
46.146.202.91 - - [20/Dec/2022:09:48:10 +0500] "GET /ords/f?p=101:210 HTTP/1.1" 503 12947
81.4.234.170 - - [20/Dec/2022:09:48:10 +0500] "GET /ords/f?p=101:210 HTTP/1.1" 503 12947
46.146.202.91 - - [20/Dec/2022:09:48:10 +0500] "GET /favicon.ico HTTP/1.1" 200 21630
46.146.210.91 - - [20/Dec/2022:09:48:21 +0500] "GET /ords/api.HTP_ASPVK_DATA?nPVK_ID=0&vST_DT=20.12.2022%2009:38:15&vEND_DT=20.12.2022%2009:48:15 HTTP/1.1" 503 12947
194.226.162.30 - - [20/Dec/2022:09:48:47 +0500] "GET /ords/f?p=101:1:6002046056955:::::&tz=5:00 HTTP/1.1" 503 12947
46.146.210.91 - - [20/Dec/2022:09:48:50 +0500] "GET /ords/api.HTP_ASPVK_DATA?nPVK_ID=0&vST_DT=20.12.2022%2009:38:45&vEND_DT=20.12.2022%2009:48:45 HTTP/1.1" 503 12947
194.226.162.30 - - [20/Dec/2022:09:49:02 +0500] "GET /ords/f?p=101:1:6002046056955:::::&tz=5:00 HTTP/1.1" 503 12947
46.146.210.91 - - [20/Dec/2022:09:49:21 +0500] "GET /ords/api.HTP_ASPVK_DATA?nPVK_ID=0&vST_DT=20.12.2022%2009:39:15&vEND_DT=20.12.2022%2009:49:15 HTTP/1.1" 503 12947
195.222.149.195 - - [20/Dec/2022:09:49:24 +0500] "GET /ords/api.HTP_ASPVK_DATA?nPVK_ID=0&vST_DT=20.12.2022%2007:41:05&vEND_DT=20.12.2022%2007:51:05 HTTP/1.1" 503 12947
195.222.149.195 - - [20/Dec/2022:09:50:22 +0500] "GET /ords/api.HTP_ASPVK_DATA?nPVK_ID=0&vST_DT=20.12.2022%2007:42:36&vEND_DT=20.12.2022%2007:52:36 HTTP/1.1" 503 12947
46.146.220.195 - - [20/Dec/2022:09:50:25 +0500] "GET /ords/f?p=101:210:0:&tz=5:00 HTTP/1.1" 503 12947
194.226.162.30 - - [20/Dec/2022:09:50:48 +0500] "GET /ords/f?p=101:210:0:&tz=5:00 HTTP/1.1" 503 12947
46.146.210.91 - - [20/Dec/2022:09:50:51 +0500] "GET /ords/api.HTP_ASPVK_DATA?nPVK_ID=0&vST_DT=20.12.2022%2009:39:45&vEND_DT=20.12.2022%2009:49:45 HTTP/1.1" 503 12947
46.146.222.133 - - [20/Dec/2022:09:51:02 +0500] "GET /ords/f?p=101:210:0:&tz=5:00 HTTP/1.1" 503 12947
194.226.162.30 - - [20/Dec/2022:09:51:05 +0500] "GET /ords/f?p=101:1:6002046056955:::::&tz=5:00 HTTP/1.1" 503 12947
5.140.77.159 - - [20/Dec/2022:09:51:09 +0500] "GET /ords/f?p=101:210:0:::::&tz=5:00 HTTP/1.1" 503 12947
46.146.210.91 - - [20/Dec/2022:09:51:20 +0500] "GET /ords/api.HTP_ASPVK_DATA?nPVK_ID=0&vST_DT=20.12.2022%2009:41:15&vEND_DT=20.12.2022%2009:51:15 HTTP/1.1" 503 12947
46.146.222.133 - - [20/Dec/2022:09:51:38 +0500] "GET /ords/f?p=101:210:0:&tz=5:00 HTTP/1.1" 503 12947
46.146.210.91 - - [20/Dec/2022:09:51:52 +0500] "GET /ords/api.HTP_ASPVK_DATA?nPVK_ID=0&vST_DT=20.12.2022%2009:41:45&vEND_DT=20.12.2022%2009:51:45 HTTP/1.1" 503 12947
195.222.149.195 - - [20/Dec/2022:09:51:54 +0500] "GET /ords/api.HTP_ASPVK_DATA?nPVK_ID=0&vST_DT=20.12.2022%2007:43:36&vEND_DT=20.12.2022%2007:53:36 HTTP/1.1" 503 12947
46.146.210.91 - - [20/Dec/2022:09:52:19 +0500] "GET /ords/api.HTP_ASPVK_DATA?nPVK_ID=0&vST_DT=20.12.2022%2009:42:15&vEND_DT=20.12.2022%2009:52:15 HTTP/1.1" 503 12947
195.222.149.195 - - [20/Dec/2022:09:52:35 +0500] "GET /ords/api.HTP_ASPVK_DATA?nPVK_ID=0&vST_DT=20.12.2022%2007:45:06&vEND_DT=20.12.2022%2007:55:06 HTTP/1.1" 503 12947
183.107.70.172 - - [20/Dec/2022:09:53:01 +0500] "POST /tmUnblock.cgi HTTP/1.1" 404 1020
195.222.149.195 - - [20/Dec/2022:09:53:04 +0500] "GET /ords/api.HTP_ASPVK_DATA?nPVK_ID=0&vST_DT=20.12.2022%2007:45:46&vEND_DT=20.12.2022%2007:55:46 HTTP/1.1" 503 12947
46.146.210.91 - - [20/Dec/2022:09:53:18 +0500] "GET /ords/api.HTP_ASPVK_DATA?nPVK_ID=0&vST_DT=20.12.2022%2009:42:45&vEND_DT=20.12.2022%2009:52:45 HTTP/1.1" 503 12947
194.226.162.30 - - [20/Dec/2022:09:53:24 +0500] "GET /ords/f?p=101:210:0:&tz=5:00 HTTP/1.1" 503 12947
195.222.149.195 - - [20/Dec/2022:09:53:32 +0500] "GET /ords/api.HTP_ASPVK_DATA?nPVK_ID=0&vST_DT=20.12.2022%2007:46:16&vEND_DT=20.12.2022%2007:56:16 HTTP/1.1" 503 12947
46.146.210.91 - - [20/Dec/2022:09:53:51 +0500] "GET /ords/api.HTP_ASPVK_DATA?nPVK_ID=0&vST_DT=20.12.2022%2009:43:45&vEND_DT=20.12.2022%2009:53:45 HTTP/1.1" 503 12947
195.222.149.195 - - [20/Dec/2022:09:54:02 +0500] "GET /ords/api.HTP_ASPVK_DATA?nPVK_ID=0&vST_DT=20.12.2022%2007:46:46&vEND_DT=20.12.2022%2007:56:46 HTTP/1.1" 503 12947
212.33.242.226 - - [20/Dec/2022:09:54:05 +0500] "GET /ords/f?p=101:210:0:::::&tz=5:00 HTTP/1.1" 503 12947
46.146.210.91 - - [20/Dec/2022:09:54:19 +0500] "GET /ords/api.HTP_ASPVK_DATA?nPVK_ID=0&vST_DT=20.12.2022%2009:44:15&vEND_DT=20.12.2022%2009:54:15 HTTP/1.1" 503 12947
46.146.210.91 - - [20/Dec/2022:09:54:51 +0500] "GET /ords/api.HTP_ASPVK_DATA?nPVK_ID=0&vST_DT=20.12.2022%2009:44:45&vEND_DT=20.12.2022%2009:54:45 HTTP/1.1" 503 12947
212.33.229.110 - - [20/Dec/2022:09:55:08 +0500] "GET / HTTP/1.1" 302 -
194.226.162.30 - - [20/Dec/2022:09:55:10 +0500] "GET /ords/f?p=101:1:6002046056955:::::&tz=5:00 HTTP/1.1" 503 12947
46.146.210.91 - - [20/Dec/2022:09:55:21 +0500] "GET /ords/api.HTP_ASPVK_DATA?nPVK_ID=0&vST_DT=20.12.2022%2009:45:15&vEND_DT=20.12.2022%2009:55:15 HTTP/1.1" 503 12947
195.222.149.195 - - [20/Dec/2022:09:55:32 +0500] "GET /ords/api.HTP_ASPVK_DATA?nPVK_ID=0&vST_DT=20.12.2022%2007:47:16&vEND_DT=20.12.2022%2007:57:16 HTTP/1.1" 503 12947
212.33.229.110 - - [20/Dec/2022:09:55:40 +0500] "GET /ords/f?p=101:210 HTTP/1.1" 503 12947
46.146.210.91 - - [20/Dec/2022:09:55:51 +0500] "GET /ords/api.HTP_ASPVK_DATA?nPVK_ID=0&vST_DT=20.12.2022%2009:45:45&vEND_DT=20.12.2022%2009:55:45 HTTP/1.1" 503 12947
195.222.149.195 - - [20/Dec/2022:09:56:02 +0500] "GET /ords/api.HTP_ASPVK_DATA?nPVK_ID=0&vST_DT=20.12.2022%2007:48:46&vEND_DT=20.12.2022%2007:58:46 HTTP/1.1" 503 12947
93.159.230.87 - - [20/Dec/2022:09:56:14 +0500] "GET / HTTP/1.1" 302 -
178.46.184.35 - - [20/Dec/2022:09:56:21 +0500] "GET / HTTP/1.1" 302 -
178.46.184.35 - - [20/Dec/2022:09:56:25 +0500] "GET /ords/f?p=101:210 HTTP/1.1" 503 12947
195.222.149.195 - - [20/Dec/2022:09:56:32 +0500] "GET /ords/api.HTP_ASPVK_DATA?nPVK_ID=0&vST_DT=20.12.2022%2007:49:16&vEND_DT=20.12.2022%2007:59:16 HTTP/1.1" 503 12947
93.159.230.83 - - [20/Dec/2022:09:56:34 +0500] "GET / HTTP/1.1" 302 -
93.159.230.83 - - [20/Dec/2022:09:56:49 +0500] "GET /ords/f?p=101:210 HTTP/1.1" 503 12947
46.146.220.195 - - [20/Dec/2022:09:56:56 +0500] "GET /ords/f?p=101:210:0:&tz=5:00 HTTP/1.1" 503 12947
195.222.149.195 - - [20/Dec/2022:09:57:04 +0500] "GET /ords/api.HTP_ASPVK_DATA?nPVK_ID=0&vST_DT=20.12.2022%2007:49:46&vEND_DT=20.12.2022%2007:59:46 HTTP/1.1" 503 12947
31.162.58.3 - - [20/Dec/2022:09:57:07 +0500] "GET /ords/f?p=101:210:0:&tz=5:00 HTTP/1.1" 503 12947
93.159.230.87 - - [20/Dec/2022:09:57:19 +0500] "GET /ords/f?p=101:210 HTTP/1.1" 503 12947
46.146.210.91 - - [20/Dec/2022:09:57:22 +0500] "GET /ords/api.HTP_ASPVK_DATA?nPVK_ID=0&vST_DT=20.12.2022%2009:46:15&vEND_DT=20.12.2022%2009:56:15 HTTP/1.1" 503 12947
31.162.58.3 - - [20/Dec/2022:09:57:27 +0500] "GET /ords/f?p=101:210:0:&tz=5:00 HTTP/1.1" 503 12947
195.222.149.195 - - [20/Dec/2022:09:57:34 +0500] "GET /ords/api.HTP_ASPVK_DATA?nPVK_ID=0&vST_DT=20.12.2022%2007:50:16&vEND_DT=20.12.2022%2008:00:16 HTTP/1.1" 503 12947
46.146.210.91 - - [20/Dec/2022:09:57:49 +0500] "GET /ords/api.HTP_ASPVK_DATA?nPVK_ID=0&vST_DT=20.12.2022%2009:47:45&vEND_DT=20.12.2022%2009:57:45 HTTP/1.1" 503 12947
195.222.149.195 - - [20/Dec/2022:09:58:02 +0500] "GET /ords/api.HTP_ASPVK_DATA?nPVK_ID=0&vST_DT=20.12.2022%2007:50:46&vEND_DT=20.12.2022%2008:00:46 HTTP/1.1" 503 12947
195.222.149.195 - - [20/Dec/2022:09:58:32 +0500] "GET /ords/api.HTP_ASPVK_DATA?nPVK_ID=0&vST_DT=20.12.2022%2007:51:16&vEND_DT=20.12.2022%2008:01:16 HTTP/1.1" 503 12947
81.4.234.72 - - [20/Dec/2022:09:59:00 +0500] "GET /ords/f?p=101:1:9144640973399:::::&tz=5%3A00 HTTP/1.1" 503 12947
81.4.234.72 - - [20/Dec/2022:09:59:01 +0500] "GET /favicon.ico HTTP/1.1" 200 21630
195.222.149.195 - - [20/Dec/2022:09:59:05 +0500] "GET /ords/api.HTP_ASPVK_DATA?nPVK_ID=0&vST_DT=20.12.2022%2007:51:46&vEND_DT=20.12.2022%2008:01:46 HTTP/1.1" 503 12947
46.146.210.91 - - [20/Dec/2022:09:59:19 +0500] "GET /ords/api.HTP_ASPVK_DATA?nPVK_ID=0&vST_DT=20.12.2022%2009:48:15&vEND_DT=20.12.2022%2009:58:15 HTTP/1.1" 503 12947
89.185.71.78 - - [20/Dec/2022:09:59:24 +0500] "GET /ords/f?p=137:38:904471123886:::: HTTP/1.1" 503 12947
195.222.149.195 - - [20/Dec/2022:09:59:34 +0500] "GET /ords/api.HTP_ASPVK_DATA?nPVK_ID=0&vST_DT=20.12.2022%2007:52:16&vEND_DT=20.12.2022%2008:02:16 HTTP/1.1" 503 12947
46.146.210.91 - - [20/Dec/2022:10:00:22 +0500] "GET /ords/api.HTP_ASPVK_DATA?nPVK_ID=0&vST_DT=20.12.2022%2009:49:45&vEND_DT=20.12.2022%2009:59:45 HTTP/1.1" 503 12947
46.146.220.195 - - [20/Dec/2022:10:00:25 +0500] "GET /ords/f?p=101:210:0:&tz=5:00 HTTP/1.1" 503 12947
212.73.101.200 - - [20/Dec/2022:10:00:34 +0500] "GET /ords/f?p=101:1:17206397631846:::::&tz=5:00 HTTP/1.1" 503 12947
212.73.101.200 - - [20/Dec/2022:10:00:35 +0500] "GET /favicon.ico HTTP/1.1" 200 21630
194.226.162.30 - - [20/Dec/2022:10:00:48 +0500] "GET /ords/f?p=101:1:6002046056955:::::&tz=5:00 HTTP/1.1" 503 12947
46.146.210.91 - - [20/Dec/2022:10:00:51 +0500] "GET /ords/api.HTP_ASPVK_DATA?nPVK_ID=0&vST_DT=20.12.2022%2009:50:46&vEND_DT=20.12.2022%2010:00:46 HTTP/1.1" 503 12947
89.185.71.78 - - [20/Dec/2022:10:00:54 +0500] "GET /ords/f?p=101:1:904471123886::::: HTTP/1.1" 503 12947
212.73.101.200 - - [20/Dec/2022:10:00:57 +0500] "GET /ords/f?p=101:1:17206397631846:::::&tz=5:00 HTTP/1.1" 503 12947
195.222.149.195 - - [20/Dec/2022:10:01:04 +0500] "GET /ords/api.HTP_ASPVK_DATA?nPVK_ID=0&vST_DT=20.12.2022%2007:52:46&vEND_DT=20.12.2022%2008:02:46 HTTP/1.1" 503 12947
89.185.71.78 - - [20/Dec/2022:10:01:08 +0500] "GET /ords/f?p=101:210:0:::::&tz=5:00 HTTP/1.1" 503 12947
89.185.71.78 - - [20/Dec/2022:10:01:26 +0500] "GET /ords/f?p=101:210:0:::::&tz=5:00 HTTP/1.1" 503 12947
195.222.149.195 - - [20/Dec/2022:10:01:34 +0500] "GET /ords/api.HTP_ASPVK_DATA?nPVK_ID=0&vST_DT=20.12.2022%2007:54:16&vEND_DT=20.12.2022%2008:04:16 HTTP/1.1" 503 12947
81.4.234.170 - - [20/Dec/2022:10:01:49 +0500] "GET / HTTP/1.1" 302 -
81.4.234.170 - - [20/Dec/2022:10:01:53 +0500] "GET /ords/f?p=101:210 HTTP/1.1" 503 12947
192.241.210.164 - - [20/Dec/2022:10:02:00 +0500] "GET / HTTP/1.1" 302 -
195.222.149.195 - - [20/Dec/2022:10:02:05 +0500] "GET /ords/api.HTP_ASPVK_DATA?nPVK_ID=0&vST_DT=20.12.2022%2007:54:46&vEND_DT=20.12.2022%2008:04:46 HTTP/1.1" 503 12947
46.146.210.91 - - [20/Dec/2022:10:02:20 +0500] "GET /ords/api.HTP_ASPVK_DATA?nPVK_ID=0&vST_DT=20.12.2022%2009:51:16&vEND_DT=20.12.2022%2010:01:16 HTTP/1.1" 503 12947
5.255.253.172 - - [20/Dec/2022:10:02:20 +0500] "GET /robots.txt HTTP/1.1" 404 1014
5.255.253.172 - - [20/Dec/2022:10:02:28 +0500] "GET /ords/f?p=101:210 HTTP/1.1" 503 12947
95.108.213.65 - - [20/Dec/2022:10:02:31 +0500] "GET /ords/f?p=101:210 HTTP/1.1" 503 12947
195.222.149.195 - - [20/Dec/2022:10:02:34 +0500] "GET /ords/api.HTP_ASPVK_DATA?nPVK_ID=0&vST_DT=20.12.2022%2007:55:16&vEND_DT=20.12.2022%2008:05:16 HTTP/1.1" 503 12947
95.108.213.65 - - [20/Dec/2022:10:02:37 +0500] "GET /ords/f?p=101:210 HTTP/1.1" 503 12947
212.73.101.200 - - [20/Dec/2022:10:02:37 +0500] "GET /ords/f?p=101:1:17206397631846:::::&tz=5:00 HTTP/1.1" 503 12947
46.146.210.91 - - [20/Dec/2022:10:03:04 +0500] "GET /ords/api.HTP_ASPVK_DATA?nPVK_ID=0&vST_DT=20.12.2022%2009:52:46&vEND_DT=20.12.2022%2010:02:46 HTTP/1.1" 503 12947
46.146.210.91 - - [20/Dec/2022:10:03:31 +0500] "GET /ords/api.HTP_ASPVK_DATA?nPVK_ID=0&vST_DT=20.12.2022%2009:53:26&vEND_DT=20.12.2022%2010:03:26 HTTP/1.1" 503 12947
194.226.162.30 - - [20/Dec/2022:10:03:50 +0500] "GET /ords/f?p=101:1:6002046056955:::::&tz=5:00 HTTP/1.1" 503 12947
46.146.210.91 - - [20/Dec/2022:10:04:01 +0500] "GET /ords/api.HTP_ASPVK_DATA?nPVK_ID=0&vST_DT=20.12.2022%2009:53:56&vEND_DT=20.12.2022%2010:03:56 HTTP/1.1" 503 12947
195.222.149.195 - - [20/Dec/2022:10:04:04 +0500] "GET /ords/api.HTP_ASPVK_DATA?nPVK_ID=0&vST_DT=20.12.2022%2007:55:46&vEND_DT=20.12.2022%2008:05:46 HTTP/1.1" 503 12947
188.17.152.148 - - [20/Dec/2022:10:04:12 +0500] "GET /ords/f?p=101:210:0:&tz=3:00 HTTP/1.1" 503 12947
188.17.152.148 - - [20/Dec/2022:10:04:16 +0500] "GET /ords/f?p=101:210:0:&tz=3:00 HTTP/1.1" 503 12947
188.17.152.148 - - [20/Dec/2022:10:04:31 +0500] "GET /ords/f?p=101:210:0:&tz=3:00 HTTP/1.1" 503 12947
178.161.254.155 - - [20/Dec/2022:10:04:32 +0500] "GET / HTTP/1.1" 302 -
178.161.254.155 - - [20/Dec/2022:10:04:37 +0500] "GET /ords/f?p=101:210 HTTP/1.1" 503 12947
195.222.149.195 - - [20/Dec/2022:10:04:40 +0500] "GET /ords/api.HTP_ASPVK_DATA?nPVK_ID=0&vST_DT=20.12.2022%2007:57:16&vEND_DT=20.12.2022%2008:07:16 HTTP/1.1" 503 12947
46.146.210.91 - - [20/Dec/2022:10:04:43 +0500] "GET /ords/api.HTP_ASPVK_DATA?nPVK_ID=0&vST_DT=20.12.2022%2009:54:26&vEND_DT=20.12.2022%2010:04:26 HTTP/1.1" 503 12947
89.185.71.78 - - [20/Dec/2022:10:04:43 +0500] "GET /ords/f?p=101:1:1952608523978::::: HTTP/1.1" 503 12947
89.185.71.78 - - [20/Dec/2022:10:05:03 +0500] "GET / HTTP/1.1" 302 -
195.222.149.195 - - [20/Dec/2022:10:05:16 +0500] "GET /ords/api.HTP_ASPVK_DATA?nPVK_ID=0&vST_DT=20.12.2022%2007:57:56&vEND_DT=20.12.2022%2008:07:56 HTTP/1.1" 503 12947
89.185.71.78 - - [20/Dec/2022:10:05:16 +0500] "GET /ords/f?p=137:38:5888795284655::NO::: HTTP/1.1" 503 12947
89.185.71.78 - - [20/Dec/2022:10:05:21 +0500] "GET /ords/f?p=101:210 HTTP/1.1" 503 12947
195.222.149.195 - - [20/Dec/2022:10:05:44 +0500] "GET /ords/api.HTP_ASPVK_DATA?nPVK_ID=0&vST_DT=20.12.2022%2007:58:26&vEND_DT=20.12.2022%2008:08:26 HTTP/1.1" 503 12947
46.146.210.91 - - [20/Dec/2022:10:06:10 +0500] "GET /ords/api.HTP_ASPVK_DATA?nPVK_ID=0&vST_DT=20.12.2022%2009:55:06&vEND_DT=20.12.2022%2010:05:06 HTTP/1.1" 503 12947
195.222.149.195 - - [20/Dec/2022:10:06:12 +0500] "GET /ords/api.HTP_ASPVK_DATA?nPVK_ID=0&vST_DT=20.12.2022%2007:58:57&vEND_DT=20.12.2022%2008:08:57 HTTP/1.1" 503 12947
194.226.162.30 - - [20/Dec/2022:10:06:36 +0500] "GET /ords/f?p=101:1:6002046056955:::::&tz=5:00 HTTP/1.1" 503 12947
46.146.210.91 - - [20/Dec/2022:10:06:54 +0500] "GET /ords/api.HTP_ASPVK_DATA?nPVK_ID=0&vST_DT=20.12.2022%2009:56:36&vEND_DT=20.12.2022%2010:06:36 HTTP/1.1" 503 12947
37.79.12.161 - - [20/Dec/2022:10:07:04 +0500] "GET /ords/f?p=101:210:0:::::&tz=5:00 HTTP/1.1" 503 12947
37.79.12.161 - - [20/Dec/2022:10:07:07 +0500] "GET /favicon.ico HTTP/1.1" 200 21630
46.146.210.91 - - [20/Dec/2022:10:07:20 +0500] "GET /ords/api.HTP_ASPVK_DATA?nPVK_ID=0&vST_DT=20.12.2022%2009:57:16&vEND_DT=20.12.2022%2010:07:16 HTTP/1.1" 503 12947
46.146.202.91 - - [20/Dec/2022:10:07:38 +0500] "GET / HTTP/1.1" 302 -
195.222.149.195 - - [20/Dec/2022:10:07:42 +0500] "GET /ords/api.HTP_ASPVK_DATA?nPVK_ID=0&vST_DT=20.12.2022%2007:59:27&vEND_DT=20.12.2022%2008:09:27 HTTP/1.1" 503 12947
46.146.210.91 - - [20/Dec/2022:10:07:51 +0500] "GET /ords/api.HTP_ASPVK_DATA?nPVK_ID=0&vST_DT=20.12.2022%2009:57:46&vEND_DT=20.12.2022%2010:07:46 HTTP/1.1" 503 12947
194.226.162.30 - - [20/Dec/2022:10:08:01 +0500] "GET /ords/f?p=101:210:0:&tz=5:00 HTTP/1.1" 503 12947
195.222.149.195 - - [20/Dec/2022:10:08:15 +0500] "GET /ords/api.HTP_ASPVK_DATA?nPVK_ID=0&vST_DT=20.12.2022%2008:00:57&vEND_DT=20.12.2022%2008:10:57 HTTP/1.1" 503 12947
46.146.210.91 - - [20/Dec/2022:10:08:21 +0500] "GET /ords/api.HTP_ASPVK_DATA?nPVK_ID=0&vST_DT=20.12.2022%2009:58:16&vEND_DT=20.12.2022%2010:08:16 HTTP/1.1" 503 12947
188.17.152.148 - - [20/Dec/2022:10:08:32 +0500] "GET /ords/f?p=101:210:0:&tz=3:00 HTTP/1.1" 503 12947
46.146.202.91 - - [20/Dec/2022:10:08:41 +0500] "GET /ords/f?p=101:210 HTTP/1.1" 503 12947
46.146.202.91 - - [20/Dec/2022:10:08:41 +0500] "GET /favicon.ico HTTP/1.1" 200 21630
195.222.149.195 - - [20/Dec/2022:10:08:43 +0500] "GET /ords/api.HTP_ASPVK_DATA?nPVK_ID=0&vST_DT=20.12.2022%2008:01:27&vEND_DT=20.12.2022%2008:11:27 HTTP/1.1" 503 12947
188.17.152.148 - - [20/Dec/2022:10:08:46 +0500] "GET /ords/f?p=101:210:0:&tz=3:00 HTTP/1.1" 503 12947
188.17.152.148 - - [20/Dec/2022:10:08:46 +0500] "GET /ords/f?p=101:210:0:&tz=3:00 HTTP/1.1" 503 12947
188.17.152.148 - - [20/Dec/2022:10:08:52 +0500] "GET /ords/f?p=101:210:0:&tz=3:00 HTTP/1.1" 503 12947
194.226.162.30 - - [20/Dec/2022:10:08:52 +0500] "GET /ords/f?p=101:1:6002046056955:::::&tz=5:00 HTTP/1.1" 503 12947
37.79.12.161 - - [20/Dec/2022:10:08:55 +0500] "GET /ords/f?p=101:210:0:::::&tz=5:00 HTTP/1.1" 503 12947
46.146.210.91 - - [20/Dec/2022:10:08:58 +0500] "GET /ords/api.HTP_ASPVK_DATA?nPVK_ID=0&vST_DT=20.12.2022%2009:58:46&vEND_DT=20.12.2022%2010:08:46 HTTP/1.1" 503 12947
195.222.149.195 - - [20/Dec/2022:10:09:14 +0500] "GET /ords/api.HTP_ASPVK_DATA?nPVK_ID=0&vST_DT=20.12.2022%2008:01:57&vEND_DT=20.12.2022%2008:11:57 HTTP/1.1" 503 12947
46.146.202.91 - - [20/Dec/2022:10:09:23 +0500] "GET / HTTP/1.1" 302 -
46.146.202.91 - - [20/Dec/2022:10:09:23 +0500] "GET / HTTP/1.1" 302 -
1.223.103.77 - - [20/Dec/2022:10:09:31 +0500] "POST /tmUnblock.cgi HTTP/1.1" 404 1020
195.222.149.195 - - [20/Dec/2022:10:09:43 +0500] "GET /ords/api.HTP_ASPVK_DATA?nPVK_ID=0&vST_DT=20.12.2022%2008:02:27&vEND_DT=20.12.2022%2008:12:27 HTTP/1.1" 503 12947
194.226.162.30 - - [20/Dec/2022:10:09:58 +0500] "GET /ords/f?p=101:210:0:&tz=5:00 HTTP/1.1" 503 12947
46.146.210.91 - - [20/Dec/2022:10:09:58 +0500] "GET /ords/api.HTP_ASPVK_DATA?nPVK_ID=0&vST_DT=20.12.2022%2009:59:26&vEND_DT=20.12.2022%2010:09:26 HTTP/1.1" 503 12947
195.222.149.195 - - [20/Dec/2022:10:10:13 +0500] "GET /ords/api.HTP_ASPVK_DATA?nPVK_ID=0&vST_DT=20.12.2022%2008:02:57&vEND_DT=20.12.2022%2008:12:57 HTTP/1.1" 503 12947
46.146.202.91 - - [20/Dec/2022:10:10:26 +0500] "GET /ords/f?p=101:210 HTTP/1.1" 503 12947
46.146.202.91 - - [20/Dec/2022:10:10:27 +0500] "GET /favicon.ico HTTP/1.1" 200 21630
46.146.210.91 - - [20/Dec/2022:10:10:31 +0500] "GET /ords/api.HTP_ASPVK_DATA?nPVK_ID=0&vST_DT=20.12.2022%2010:00:26&vEND_DT=20.12.2022%2010:10:26 HTTP/1.1" 503 12947
188.17.152.148 - - [20/Dec/2022:10:10:39 +0500] "GET /ords/f?p=101:210:0:&tz=3:00 HTTP/1.1" 503 12947
188.17.152.148 - - [20/Dec/2022:10:10:46 +0500] "GET /ords/f?p=101:210:0:&tz=3:00 HTTP/1.1" 503 12947
46.146.210.91 - - [20/Dec/2022:10:11:00 +0500] "GET /ords/api.HTP_ASPVK_DATA?nPVK_ID=0&vST_DT=20.12.2022%2010:00:56&vEND_DT=20.12.2022%2010:10:56 HTTP/1.1" 503 12947
195.222.149.195 - - [20/Dec/2022:10:11:11 +0500] "GET /ords/api.HTP_ASPVK_DATA?nPVK_ID=0&vST_DT=20.12.2022%2008:03:27&vEND_DT=20.12.2022%2008:13:27 HTTP/1.1" 503 12947
46.146.202.91 - - [20/Dec/2022:10:11:22 +0500] "GET / HTTP/1.1" 302 -
46.146.210.91 - - [20/Dec/2022:10:11:35 +0500] "GET /ords/api.HTP_ASPVK_DATA?nPVK_ID=0&vST_DT=20.12.2022%2010:01:26&vEND_DT=20.12.2022%2010:11:26 HTTP/1.1" 503 12947
46.146.210.91 - - [20/Dec/2022:10:12:15 +0500] "GET /ords/api.HTP_ASPVK_DATA?nPVK_ID=0&vST_DT=20.12.2022%2010:01:56&vEND_DT=20.12.2022%2010:11:56 HTTP/1.1" 503 12947
46.146.210.91 - - [20/Dec/2022:10:12:40 +0500] "GET /ords/api.HTP_ASPVK_DATA?nPVK_ID=0&vST_DT=20.12.2022%2010:02:36&vEND_DT=20.12.2022%2010:12:36 HTTP/1.1" 503 12947
195.222.149.195 - - [20/Dec/2022:10:12:45 +0500] "GET /ords/api.HTP_ASPVK_DATA?nPVK_ID=0&vST_DT=20.12.2022%2008:04:27&vEND_DT=20.12.2022%2008:14:27 HTTP/1.1" 503 12947
46.146.202.91 - - [20/Dec/2022:10:12:46 +0500] "GET /ords/f?p=101:210 HTTP/1.1" 503 12947
46.146.210.91 - - [20/Dec/2022:10:13:10 +0500] "GET /ords/api.HTP_ASPVK_DATA?nPVK_ID=0&vST_DT=20.12.2022%2010:03:06&vEND_DT=20.12.2022%2010:13:06 HTTP/1.1" 503 12947
195.222.149.195 - - [20/Dec/2022:10:13:13 +0500] "GET /ords/api.HTP_ASPVK_DATA?nPVK_ID=0&vST_DT=20.12.2022%2008:05:57&vEND_DT=20.12.2022%2008:15:57 HTTP/1.1" 503 12947
46.146.210.91 - - [20/Dec/2022:10:13:36 +0500] "GET /ords/api.HTP_ASPVK_DATA?nPVK_ID=0&vST_DT=19.12.2022%2010:13:18&vEND_DT=20.12.2022%2010:13:18 HTTP/1.1" 503 12947
195.222.149.195 - - [20/Dec/2022:10:13:45 +0500] "GET /ords/api.HTP_ASPVK_DATA?nPVK_ID=0&vST_DT=20.12.2022%2008:06:27&vEND_DT=20.12.2022%2008:16:27 HTTP/1.1" 503 12947
194.226.162.30 - - [20/Dec/2022:10:14:04 +0500] "GET /ords/f?p=101:1:6002046056955:::::&tz=5:00 HTTP/1.1" 503 12947
195.222.149.195 - - [20/Dec/2022:10:14:15 +0500] "GET /ords/api.HTP_ASPVK_DATA?nPVK_ID=0&vST_DT=20.12.2022%2008:06:57&vEND_DT=20.12.2022%2008:16:57 HTTP/1.1" 503 12947
46.146.210.91 - - [20/Dec/2022:10:14:42 +0500] "GET /ords/api.HTP_ASPVK_DATA?nPVK_ID=0&vST_DT=20.12.2022%2010:03:36&vEND_DT=20.12.2022%2010:13:36 HTTP/1.1" 503 12947
195.222.149.195 - - [20/Dec/2022:10:14:43 +0500] "GET /ords/api.HTP_ASPVK_DATA?nPVK_ID=0&vST_DT=20.12.2022%2008:07:27&vEND_DT=20.12.2022%2008:17:27 HTTP/1.1" 503 12947
81.4.234.170 - - [20/Dec/2022:10:14:59 +0500] "GET / HTTP/1.1" 302 -
195.222.149.195 - - [20/Dec/2022:10:15:15 +0500] "GET /ords/api.HTP_ASPVK_DATA?nPVK_ID=0&vST_DT=20.12.2022%2008:07:57&vEND_DT=20.12.2022%2008:17:57 HTTP/1.1" 503 12947
81.4.234.170 - - [20/Dec/2022:10:15:15 +0500] "GET /ords/f?p=101:210 HTTP/1.1" 503 12947
46.146.210.91 - - [20/Dec/2022:10:15:26 +0500] "GET /ords/api.HTP_ASPVK_DATA?nPVK_ID=0&vST_DT=20.12.2022%2010:05:06&vEND_DT=20.12.2022%2010:15:06 HTTP/1.1" 503 12947
195.222.149.195 - - [20/Dec/2022:10:15:43 +0500] "GET /ords/api.HTP_ASPVK_DATA?nPVK_ID=0&vST_DT=20.12.2022%2008:08:27&vEND_DT=20.12.2022%2008:18:27 HTTP/1.1" 503 12947
46.146.210.91 - - [20/Dec/2022:10:15:51 +0500] "GET /ords/api.HTP_ASPVK_DATA?nPVK_ID=0&vST_DT=20.12.2022%2010:05:46&vEND_DT=20.12.2022%2010:15:46 HTTP/1.1" 503 12947
195.222.149.195 - - [20/Dec/2022:10:16:13 +0500] "GET /ords/api.HTP_ASPVK_DATA?nPVK_ID=0&vST_DT=20.12.2022%2008:08:57&vEND_DT=20.12.2022%2008:18:57 HTTP/1.1" 503 12947
46.146.210.91 - - [20/Dec/2022:10:16:21 +0500] "GET /ords/api.HTP_ASPVK_DATA?nPVK_ID=0&vST_DT=20.12.2022%2010:06:16&vEND_DT=20.12.2022%2010:16:16 HTTP/1.1" 503 12947
195.222.149.195 - - [20/Dec/2022:10:16:43 +0500] "GET /ords/api.HTP_ASPVK_DATA?nPVK_ID=0&vST_DT=20.12.2022%2008:09:27&vEND_DT=20.12.2022%2008:19:27 HTTP/1.1" 503 12947
46.146.210.91 - - [20/Dec/2022:10:16:51 +0500] "GET /ords/api.HTP_ASPVK_DATA?nPVK_ID=0&vST_DT=20.12.2022%2010:06:47&vEND_DT=20.12.2022%2010:16:47 HTTP/1.1" 503 12947
195.222.149.195 - - [20/Dec/2022:10:17:10 +0500] "GET /ords/api.HTP_ASPVK_DATA?nPVK_ID=0&vST_DT=20.12.2022%2008:09:57&vEND_DT=20.12.2022%2008:19:57 HTTP/1.1" 503 12947
46.146.210.91 - - [20/Dec/2022:10:17:40 +0500] "GET /ords/api.HTP_ASPVK_DATA?nPVK_ID=0&vST_DT=20.12.2022%2010:07:17&vEND_DT=20.12.2022%2010:17:17 HTTP/1.1" 200 121
195.222.149.195 - - [20/Dec/2022:10:17:43 +0500] "GET /ords/api.HTP_ASPVK_DATA?nPVK_ID=0&vST_DT=20.12.2022%2008:10:27&vEND_DT=20.12.2022%2008:20:27 HTTP/1.1" 200 121
46.146.210.91 - - [20/Dec/2022:10:17:50 +0500] "GET /ords/api.HTP_ASPVK_DATA?nPVK_ID=0&vST_DT=20.12.2022%2010:07:47&vEND_DT=20.12.2022%2010:17:47 HTTP/1.1" 200 121
195.222.149.195 - - [20/Dec/2022:10:17:51 +0500] "GET /ords/api.HTP_ASPVK_DATA?nPVK_ID=0&vST_DT=20.12.2022%2008:10:37&vEND_DT=20.12.2022%2008:20:37 HTTP/1.1" 200 121
46.146.210.91 - - [20/Dec/2022:10:17:59 +0500] "GET /ords/api.HTP_ASPVK_DATA?nPVK_ID=0&vST_DT=20.12.2022%2010:07:57&vEND_DT=20.12.2022%2010:17:57 HTTP/1.1" 200 121
195.222.149.195 - - [20/Dec/2022:10:18:02 +0500] "GET /ords/api.HTP_ASPVK_DATA?nPVK_ID=0&vST_DT=20.12.2022%2008:10:47&vEND_DT=20.12.2022%2008:20:47 HTTP/1.1" 200 121
46.146.210.91 - - [20/Dec/2022:10:18:09 +0500] "GET /ords/api.HTP_ASPVK_DATA?nPVK_ID=0&vST_DT=20.12.2022%2010:08:07&vEND_DT=20.12.2022%2010:18:07 HTTP/1.1" 200 121
194.226.162.30 - - [20/Dec/2022:10:18:10 +0500] "GET /ords/f?p=101:1:6002046056955:::::&tz=5:00 HTTP/1.1" 302 5
195.222.149.195 - - [20/Dec/2022:10:18:11 +0500] "GET /ords/api.HTP_ASPVK_DATA?nPVK_ID=0&vST_DT=20.12.2022%2008:10:57&vEND_DT=20.12.2022%2008:20:57 HTTP/1.1" 200 121
194.226.162.30 - - [20/Dec/2022:10:18:16 +0500] "GET /ords/f?p=101:210:::::: HTTP/1.1" 200 16251
46.146.210.91 - - [20/Dec/2022:10:18:19 +0500] "GET /ords/api.HTP_ASPVK_DATA?nPVK_ID=0&vST_DT=20.12.2022%2010:08:17&vEND_DT=20.12.2022%2010:18:17 HTTP/1.1" 200 121
195.222.149.195 - - [20/Dec/2022:10:18:22 +0500] "GET /ords/api.HTP_ASPVK_DATA?nPVK_ID=0&vST_DT=20.12.2022%2008:11:07&vEND_DT=20.12.2022%2008:21:07 HTTP/1.1" 200 121
194.226.162.30 - - [20/Dec/2022:10:18:27 +0500] "POST /ords/wwv_flow.accept HTTP/1.1" 302 5
46.146.210.91 - - [20/Dec/2022:10:18:29 +0500] "GET /ords/api.HTP_ASPVK_DATA?nPVK_ID=0&vST_DT=20.12.2022%2010:08:27&vEND_DT=20.12.2022%2010:18:27 HTTP/1.1" 200 121
194.226.162.30 - - [20/Dec/2022:10:18:30 +0500] "GET /ords/f?p=101:1:6862131391690:::::&tz=5%3A00 HTTP/1.1" 200 15246
195.222.149.195 - - [20/Dec/2022:10:18:31 +0500] "GET /ords/api.HTP_ASPVK_DATA?nPVK_ID=0&vST_DT=20.12.2022%2008:11:17&vEND_DT=20.12.2022%2008:21:17 HTTP/1.1" 200 121
194.226.162.30 - - [20/Dec/2022:10:18:37 +0500] "GET /ords/f?p=101:210:0:&tz=5:00 HTTP/1.1" 200 16229
194.226.162.30 - - [20/Dec/2022:10:18:37 +0500] "GET /i/themes/theme_15/theme_4_0.css HTTP/1.1" 200 38280
194.226.162.30 - - [20/Dec/2022:10:18:37 +0500] "GET /i/app_ui/css/Core.min.css?v=18.2.0.00.12 HTTP/1.1" 200 127295
194.226.162.30 - - [20/Dec/2022:10:18:37 +0500] "GET /i/app_ui/css/Theme-Standard.min.css?v=18.2.0.00.12 HTTP/1.1" 200 25242
194.226.162.30 - - [20/Dec/2022:10:18:37 +0500] "GET /i/legacy_ui/css/5.0.min.css?v=18.2.0.00.12 HTTP/1.1" 200 26003
194.226.162.30 - - [20/Dec/2022:10:18:37 +0500] "GET /i/libraries/jquery-ui/1.12.0/jquery-ui-apex.min.css?v=18.2.0.00.12 HTTP/1.1" 200 29497
194.226.162.30 - - [20/Dec/2022:10:18:37 +0500] "GET /i/libraries/apex/minified/desktop.min.js?v=18.2.0.00.12 HTTP/1.1" 200 353354
194.226.162.30 - - [20/Dec/2022:10:18:38 +0500] "GET /i/libraries/apex/minified/legacy_18.min.js?v=18.2.0.00.12 HTTP/1.1" 200 17611
194.226.162.30 - - [20/Dec/2022:10:18:38 +0500] "GET /i/libraries/apex/minified/legacy_pre18.min.js?v=18.2.0.00.12 HTTP/1.1" 200 17984
46.146.210.91 - - [20/Dec/2022:10:18:39 +0500] "GET /ords/api.HTP_ASPVK_DATA?nPVK_ID=0&vST_DT=20.12.2022%2010:08:37&vEND_DT=20.12.2022%2010:18:37 HTTP/1.1" 200 121
194.226.162.30 - - [20/Dec/2022:10:18:40 +0500] "GET /ords/r/r/files/static/v74Y/bsn.AutoSuggest_2.1.3.js HTTP/1.1" 503 13127
194.226.162.30 - - [20/Dec/2022:10:18:40 +0500] "GET /ords/r/r/files/static/v74Y/autosuggest_inquisitor.css HTTP/1.1" 503 13127
194.226.162.30 - - [20/Dec/2022:10:18:40 +0500] "GET /ords/r/r/files/static/v74Y/esia_auth.js HTTP/1.1" 503 13127
195.222.149.195 - - [20/Dec/2022:10:18:41 +0500] "GET /ords/api.HTP_ASPVK_DATA?nPVK_ID=0&vST_DT=20.12.2022%2008:11:27&vEND_DT=20.12.2022%2008:21:27 HTTP/1.1" 200 121
194.226.162.30 - - [20/Dec/2022:10:18:41 +0500] "GET /ords/r/r/files/static/v74Y/Z_TECHNO_LOGO_white.png HTTP/1.1" 200 22182
194.226.162.30 - - [20/Dec/2022:10:18:41 +0500] "GET /ords/r/r/files/static/v74Y/softplus_101.js HTTP/1.1" 200 23382
194.226.162.30 - - [20/Dec/2022:10:18:41 +0500] "GET /i/f_spacer.gif HTTP/1.1" 200 49
194.226.162.30 - - [20/Dec/2022:10:18:43 +0500] "GET /ords/r/r/files/static/v74Y/bg_perm_road.jpg HTTP/1.1" 200 976540
194.226.162.30 - - [20/Dec/2022:10:18:44 +0500] "GET /ords/r/r/files/static/v74Y/Z_TECHNO_FAV.ico HTTP/1.1" 200 15107
46.146.210.91 - - [20/Dec/2022:10:18:48 +0500] "GET /ords/api.HTP_ASPVK_DATA?nPVK_ID=0&vST_DT=20.12.2022%2010:08:47&vEND_DT=20.12.2022%2010:18:47 HTTP/1.1" 200 121
194.226.162.30 - - [20/Dec/2022:10:18:50 +0500] "POST /ords/wwv_flow.accept HTTP/1.1" 302 5
195.222.149.195 - - [20/Dec/2022:10:18:51 +0500] "GET /ords/api.HTP_ASPVK_DATA?nPVK_ID=0&vST_DT=20.12.2022%2008:11:37&vEND_DT=20.12.2022%2008:21:37 HTTP/1.1" 200 121
194.226.162.30 - - [20/Dec/2022:10:18:53 +0500] "GET /ords/f?p=101:1:10670722199571::::: HTTP/1.1" 200 15263
194.226.162.30 - - [20/Dec/2022:10:18:53 +0500] "GET /i/libraries/apex/minified/desktop.min.js?v=4.2.2.00.11 HTTP/1.1" 200 353354
194.226.162.30 - - [20/Dec/2022:10:18:53 +0500] "GET /i/libraries/apex/minified/legacy.min.js?v=4.2.2.00.11 HTTP/1.1" 200 18268
194.226.162.30 - - [20/Dec/2022:10:18:54 +0500] "GET /ords/f?p=137:39:6862131391690::::P39_BEG_DATE,P39_END_DATE: HTTP/1.1" 200 210879
194.226.162.30 - - [20/Dec/2022:10:18:54 +0500] "GET /ords/r/r/files/static/v74Y/autosuggest_inquisitor.css HTTP/1.1" 200 2786
194.226.162.30 - - [20/Dec/2022:10:18:54 +0500] "GET /i/themes/theme_15/page_line_center.gif HTTP/1.1" 200 92
194.226.162.30 - - [20/Dec/2022:10:18:54 +0500] "GET /ords/r/r/files/static/v74Y/bsn.AutoSuggest_2.1.3.js HTTP/1.1" 200 36099
194.226.162.30 - - [20/Dec/2022:10:18:54 +0500] "GET /i/fndtip11.gif HTTP/1.1" 200 218
194.226.162.30 - - [20/Dec/2022:10:18:54 +0500] "GET /i/menu/memo_32.gif HTTP/1.1" 200 1535
194.226.162.30 - - [20/Dec/2022:10:18:54 +0500] "GET /i/menu/ui_32.gif HTTP/1.1" 200 1505
194.226.162.30 - - [20/Dec/2022:10:18:54 +0500] "GET /i/menu/client_32.gif HTTP/1.1" 200 1551
194.226.162.30 - - [20/Dec/2022:10:18:56 +0500] "GET /i/sp/aspvk/05/93/0308605935414627_oi.jpg HTTP/1.1" 200 63655
194.226.162.30 - - [20/Dec/2022:10:18:56 +0500] "GET /i/sp/aspvk/05/93/0308605935414627_lpif.jpg HTTP/1.1" 200 2198
194.226.162.30 - - [20/Dec/2022:10:18:57 +0500] "GET /i/sp/aspvk/06/15/0308606155414638_lpif.jpg HTTP/1.1" 200 2216
194.226.162.30 - - [20/Dec/2022:10:18:57 +0500] "GET /i/sp/aspvk/06/15/0308606155414638_oi.jpg HTTP/1.1" 200 78757
194.226.162.30 - - [20/Dec/2022:10:18:57 +0500] "GET /i/sp/aspvk/06/42/0308606425414648_lpif.jpg HTTP/1.1" 200 2139
194.226.162.30 - - [20/Dec/2022:10:18:58 +0500] "GET /ords/DISPLAY_IMAGE?inID=19 HTTP/1.1" 200 3657
194.226.162.30 - - [20/Dec/2022:10:18:58 +0500] "GET /i/sp/aspvk/06/42/0308606425414648_oi.jpg HTTP/1.1" 200 92135
194.226.162.30 - - [20/Dec/2022:10:18:58 +0500] "GET /ords/DISPLAY_IMAGE?inID=25 HTTP/1.1" 200 5175
194.226.162.30 - - [20/Dec/2022:10:18:58 +0500] "GET /i/sp/aspvk/06/62/0308606625414656_oi.jpg HTTP/1.1" 200 65138
194.226.162.30 - - [20/Dec/2022:10:18:58 +0500] "GET /i/sp/aspvk/06/62/0308606625414656_lpif.jpg HTTP/1.1" 200 2176
194.226.162.30 - - [20/Dec/2022:10:18:58 +0500] "GET /ords/r/r/files/static/v74Y/FixedHeader.js?_=1671513536969 HTTP/1.1" 200 28172
194.226.162.30 - - [20/Dec/2022:10:18:58 +0500] "GET /i/sp/aspvk/07/40/0308607405414695_lpif.jpg HTTP/1.1" 200 151521
194.226.162.30 - - [20/Dec/2022:10:18:58 +0500] "GET /ords/DISPLAY_IMAGE?inID=7 HTTP/1.1" 200 4461
194.226.162.30 - - [20/Dec/2022:10:18:58 +0500] "GET /i/sp/aspvk/07/40/0308607405414695_oi.jpg HTTP/1.1" 200 55224
194.226.162.30 - - [20/Dec/2022:10:18:59 +0500] "GET /i/sp/aspvk/08/41/0308608415414750_lpif.jpg HTTP/1.1" 200 2332
194.226.162.30 - - [20/Dec/2022:10:18:59 +0500] "GET /ords/DISPLAY_IMAGE?inID=5 HTTP/1.1" 200 3013
194.226.162.30 - - [20/Dec/2022:10:18:59 +0500] "GET /i/sp/aspvk/08/41/0308608415414750_oi.jpg HTTP/1.1" 200 92400
46.146.210.91 - - [20/Dec/2022:10:18:59 +0500] "GET /ords/api.HTP_ASPVK_DATA?nPVK_ID=0&vST_DT=20.12.2022%2010:08:57&vEND_DT=20.12.2022%2010:18:57 HTTP/1.1" 200 121
194.226.162.30 - - [20/Dec/2022:10:19:00 +0500] "GET /ords/DISPLAY_IMAGE?inID=18 HTTP/1.1" 200 4438
195.222.149.195 - - [20/Dec/2022:10:19:01 +0500] "GET /ords/api.HTP_ASPVK_DATA?nPVK_ID=0&vST_DT=20.12.2022%2008:11:47&vEND_DT=20.12.2022%2008:21:47 HTTP/1.1" 200 121
46.146.202.91 - - [20/Dec/2022:10:19:01 +0500] "GET /ords/f?p=101:210 HTTP/1.1" 200 453
194.226.162.30 - - [20/Dec/2022:10:19:02 +0500] "GET /i/sp/aspvk/08/62/0308608625414762_lpif.jpg HTTP/1.1" 200 2268
194.226.162.30 - - [20/Dec/2022:10:19:02 +0500] "GET /i/sp/aspvk/ HTTP/1.1" 404 1016
194.226.162.30 - - [20/Dec/2022:10:19:02 +0500] "GET /i/sp/aspvk/08/62/0308608625414762_oi.jpg HTTP/1.1" 200 103314
194.226.162.30 - - [20/Dec/2022:10:19:02 +0500] "GET /ords/DISPLAY_IMAGE?inID=2 HTTP/1.1" 200 1646
194.226.162.30 - - [20/Dec/2022:10:19:03 +0500] "GET /i/sp/aspvk/08/83/0308608835414773_lpif.jpg HTTP/1.1" 200 1959
194.226.162.30 - - [20/Dec/2022:10:19:03 +0500] "GET /i/sp/aspvk/08/83/0308608835414773_oi.jpg HTTP/1.1" 200 74035
46.146.202.91 - - [20/Dec/2022:10:19:03 +0500] "GET /ords/f?p=101:210:0:&tz=5:00 HTTP/1.1" 200 16250
194.226.162.30 - - [20/Dec/2022:10:19:03 +0500] "GET /i/sp/aspvk/10/50/0308610505414856_lpif.jpg HTTP/1.1" 200 36015
46.146.202.91 - - [20/Dec/2022:10:19:04 +0500] "GET /ords/r/r/files/static/v74Y/Z_TECHNO_FAV.ico HTTP/1.1" 200 15107
194.226.162.30 - - [20/Dec/2022:10:19:05 +0500] "GET /i/sp/aspvk/10/50/0308610505414856_oi.jpg HTTP/1.1" 200 80480
194.226.162.30 - - [20/Dec/2022:10:19:06 +0500] "GET /i/sp/aspvk/10/68/0308610685414863_lpif.jpg HTTP/1.1" 200 2187
194.226.162.30 - - [20/Dec/2022:10:19:06 +0500] "GET /i/sp/aspvk/10/68/0308610685414863_oi.jpg HTTP/1.1" 200 72828
194.226.162.30 - - [20/Dec/2022:10:19:07 +0500] "GET /i/sp/aspvk/11/03/0308611035414882_lpif.jpg HTTP/1.1" 200 37932
194.226.162.30 - - [20/Dec/2022:10:19:07 +0500] "GET /i/sp/aspvk/11/03/0308611035414882_oi.jpg HTTP/1.1" 200 87906
46.146.202.91 - - [20/Dec/2022:10:19:07 +0500] "POST /ords/wwv_flow.accept HTTP/1.1" 302 5
194.226.162.30 - - [20/Dec/2022:10:19:07 +0500] "GET /i/sp/aspvk/11/51/0308611515414906_lpif.jpg HTTP/1.1" 200 2021
194.226.162.30 - - [20/Dec/2022:10:19:07 +0500] "GET /i/sp/aspvk/11/51/0308611515414906_oi.jpg HTTP/1.1" 200 64451
46.146.202.91 - - [20/Dec/2022:10:19:07 +0500] "GET /ords/f?p=101:1:13914631900538::::: HTTP/1.1" 200 504
194.226.162.30 - - [20/Dec/2022:10:19:08 +0500] "GET /i/sp/aspvk/11/54/0308611545414909_lpif.jpg HTTP/1.1" 200 38330
194.226.162.30 - - [20/Dec/2022:10:19:08 +0500] "GET /i/sp/aspvk/11/54/0308611545414909_oi.jpg HTTP/1.1" 200 87547
194.226.162.30 - - [20/Dec/2022:10:19:08 +0500] "GET /i/sp/aspvk/11/68/0308611681714363_lpif.jpg HTTP/1.1" 200 1444433
46.146.210.91 - - [20/Dec/2022:10:19:09 +0500] "GET /ords/api.HTP_ASPVK_DATA?nPVK_ID=0&vST_DT=20.12.2022%2010:09:07&vEND_DT=20.12.2022%2010:19:07 HTTP/1.1" 200 121
194.226.162.30 - - [20/Dec/2022:10:19:09 +0500] "GET /ords/f?p=137:47:6862131391690:::: HTTP/1.1" 200 1054887
194.226.162.30 - - [20/Dec/2022:10:19:10 +0500] "GET /i/sp/aspvk/11/68/0308611681714363_oi.jpg HTTP/1.1" 200 170336
46.146.202.91 - - [20/Dec/2022:10:19:10 +0500] "GET /ords/f?p=101:1:13914631900538:::::&tz=5:00 HTTP/1.1" 200 26162
194.226.162.30 - - [20/Dec/2022:10:19:11 +0500] "GET /i/sp/aspvk/11/89/0308611895414926_lpif.jpg HTTP/1.1" 200 2268
194.226.162.30 - - [20/Dec/2022:10:19:11 +0500] "GET /i/sp/aspvk/11/89/0308611895414926_oi.jpg HTTP/1.1" 200 75555
195.222.149.195 - - [20/Dec/2022:10:19:11 +0500] "GET /ords/api.HTP_ASPVK_DATA?nPVK_ID=0&vST_DT=20.12.2022%2008:11:57&vEND_DT=20.12.2022%2008:21:57 HTTP/1.1" 200 121
194.226.162.30 - - [20/Dec/2022:10:19:13 +0500] "GET /i/libraries/apex/minified/desktop_all.min.js?v=18.2.0.00.12 HTTP/1.1" 200 460792
194.226.162.30 - - [20/Dec/2022:10:19:14 +0500] "GET /ords/wwv_flow.js_messages?p_app_id=137&p_lang=ru&p_version=18.2.0.00.12-1185418106 HTTP/1.1" 200 80763
194.226.162.30 - - [20/Dec/2022:10:19:14 +0500] "GET /i/libraries/jquery-migrate/3.0.0/jquery-migrate-3.0.0.min.js?v=18.2.0.00.12 HTTP/1.1" 200 7083
194.226.162.30 - - [20/Dec/2022:10:19:14 +0500] "GET /ords/r/r/files/static/v74Y/jquery.ui.shuttle.css HTTP/1.1" 200 2458
194.226.162.30 - - [20/Dec/2022:10:19:15 +0500] "GET /ords/r/r/files/static/v74Y/jquery.noty.packaged.js HTTP/1.1" 200 36387
194.226.162.30 - - [20/Dec/2022:10:19:15 +0500] "GET /ords/r/r/files/static/v74Y/jquery.ui.shuttle.js HTTP/1.1" 200 24278
194.226.162.30 - - [20/Dec/2022:10:19:15 +0500] "GET /i/themes/theme_15/button-l.gif HTTP/1.1" 200 286
194.226.162.30 - - [20/Dec/2022:10:19:15 +0500] "GET /i/themes/theme_15/button-r.gif HTTP/1.1" 200 288
194.226.162.30 - - [20/Dec/2022:10:19:15 +0500] "GET /i/jtfunexe.gif HTTP/1.1" 200 603
194.226.162.30 - - [20/Dec/2022:10:19:15 +0500] "GET /i/sp/aspvk/05/93/0308605935414627_lpif.jpg HTTP/1.1" 200 2198
194.226.162.30 - - [20/Dec/2022:10:19:16 +0500] "GET /i/sp/aspvk/05/93/0308605935414627_oi.jpg HTTP/1.1" 200 63655
194.226.162.30 - - [20/Dec/2022:10:19:16 +0500] "GET /i/sp/aspvk/06/15/0308606155414638_lpif.jpg HTTP/1.1" 200 2216
194.226.162.30 - - [20/Dec/2022:10:19:16 +0500] "GET /i/sp/aspvk/06/15/0308606155414638_oi.jpg HTTP/1.1" 200 78757
194.226.162.30 - - [20/Dec/2022:10:19:16 +0500] "GET /ords/DISPLAY_IMAGE?inID=25 HTTP/1.1" 200 5175
194.226.162.30 - - [20/Dec/2022:10:19:16 +0500] "GET /i/sp/aspvk/06/42/0308606425414648_lpif.jpg HTTP/1.1" 200 2139
194.226.162.30 - - [20/Dec/2022:10:19:17 +0500] "GET /ords/DISPLAY_IMAGE?inID=18 HTTP/1.1" 200 4438
194.226.162.30 - - [20/Dec/2022:10:19:17 +0500] "GET / HTTP/1.1" 302 -
194.226.162.30 - - [20/Dec/2022:10:19:17 +0500] "GET /i/sp/aspvk/06/42/0308606425414648_oi.jpg HTTP/1.1" 200 92135
194.226.162.30 - - [20/Dec/2022:10:19:17 +0500] "GET /ords/DISPLAY_IMAGE?inID=19 HTTP/1.1" 200 3657
194.226.162.30 - - [20/Dec/2022:10:19:17 +0500] "GET / HTTP/1.1" 302 -
194.226.162.30 - - [20/Dec/2022:10:19:17 +0500] "GET /i/sp/aspvk/06/62/0308606625414656_lpif.jpg HTTP/1.1" 200 2176
194.226.162.30 - - [20/Dec/2022:10:19:17 +0500] "GET /i/sp/aspvk/06/62/0308606625414656_oi.jpg HTTP/1.1" 200 65138
194.226.162.30 - - [20/Dec/2022:10:19:17 +0500] "GET /ords/f?p=101:210 HTTP/1.1" 200 453
194.226.162.30 - - [20/Dec/2022:10:19:18 +0500] "GET /i/sp/aspvk/11/93/0308611931714378_lpif.jpg HTTP/1.1" 200 1445982
46.146.210.91 - - [20/Dec/2022:10:19:18 +0500] "GET /ords/api.HTP_ASPVK_DATA?nPVK_ID=0&vST_DT=20.12.2022%2010:09:17&vEND_DT=20.12.2022%2010:19:17 HTTP/1.1" 200 121
194.226.162.30 - - [20/Dec/2022:10:19:19 +0500] "GET /i/sp/aspvk/07/40/0308607405414695_lpif.jpg HTTP/1.1" 200 151521
194.226.162.30 - - [20/Dec/2022:10:19:19 +0500] "GET /ords/f?p=137:39:10670722199571::::P39_BEG_DATE,P39_END_DATE: HTTP/1.1" 200 210933
194.226.162.30 - - [20/Dec/2022:10:19:20 +0500] "GET /ords/f?p=101:210:0:&tz=5:00 HTTP/1.1" 200 16254
194.226.162.30 - - [20/Dec/2022:10:19:20 +0500] "GET /ords/DISPLAY_IMAGE?inID=7 HTTP/1.1" 200 4461
194.226.162.30 - - [20/Dec/2022:10:19:20 +0500] "GET /i/libraries/jquery-ui/1.12.0/ui/i18n/oracle/jquery.ui.datepicker-ru.js?v=18.2.0.00.12 HTTP/1.1" 200 1041
194.226.162.30 - - [20/Dec/2022:10:19:20 +0500] "GET /i/libraries/apex/minified/widget.timepicker.min.js?v=18.2.0.00.12 HTTP/1.1" 200 25373
194.226.162.30 - - [20/Dec/2022:10:19:20 +0500] "GET /i/libraries/apex/minified/widget.report.min.js?v=18.2.0.00.12 HTTP/1.1" 200 2085
194.226.162.30 - - [20/Dec/2022:10:19:20 +0500] "GET /i/libraries/apex/minified/widget.tabular.min.js?v=18.2.0.00.12 HTTP/1.1" 200 4115
194.226.162.30 - - [20/Dec/2022:10:19:20 +0500] "GET /i/sp/aspvk/07/40/0308607405414695_oi.jpg HTTP/1.1" 200 55224
194.226.162.30 - - [20/Dec/2022:10:19:21 +0500] "GET /i/sp/aspvk/11/93/0308611931714378_oi.jpg HTTP/1.1" 200 167093
194.226.162.30 - - [20/Dec/2022:10:19:21 +0500] "GET /i/app_ui/font/apex-5-icon-font.woff2 HTTP/1.1" 200 35572
194.226.162.30 - - [20/Dec/2022:10:19:21 +0500] "GET /i/themes/theme_15/button-m.gif HTTP/1.1" 200 236
195.222.149.195 - - [20/Dec/2022:10:19:21 +0500] "GET /ords/api.HTP_ASPVK_DATA?nPVK_ID=0&vST_DT=20.12.2022%2008:12:07&vEND_DT=20.12.2022%2008:22:07 HTTP/1.1" 200 121
194.226.162.30 - - [20/Dec/2022:10:19:21 +0500] "GET /i/sp/aspvk/08/41/0308608415414750_lpif.jpg HTTP/1.1" 200 2332
194.226.162.30 - - [20/Dec/2022:10:19:21 +0500] "GET /i/sp/aspvk/08/41/0308608415414750_oi.jpg HTTP/1.1" 200 92400
194.226.162.30 - - [20/Dec/2022:10:19:21 +0500] "GET /i/sp/aspvk/12/88/0308612885414976_lpif.jpg HTTP/1.1" 200 2188
194.226.162.30 - - [20/Dec/2022:10:19:21 +0500] "GET /i/sp/aspvk/ HTTP/1.1" 404 1016
194.226.162.30 - - [20/Dec/2022:10:19:22 +0500] "GET /i/sp/aspvk/12/88/0308612885414976_oi.jpg HTTP/1.1" 200 65049
194.226.162.30 - - [20/Dec/2022:10:19:22 +0500] "GET /i/sp/aspvk/08/62/0308608625414762_lpif.jpg HTTP/1.1" 200 2268
194.226.162.30 - - [20/Dec/2022:10:19:22 +0500] "GET /i/sp/aspvk/08/62/0308608625414762_oi.jpg HTTP/1.1" 200 103314
194.226.162.30 - - [20/Dec/2022:10:19:22 +0500] "GET /ords/DISPLAY_IMAGE?inID=5 HTTP/1.1" 200 3013
194.226.162.30 - - [20/Dec/2022:10:19:22 +0500] "GET /i/sp/aspvk/12/95/0308612955414978_lpif.jpg HTTP/1.1" 200 2213
194.226.162.30 - - [20/Dec/2022:10:19:22 +0500] "GET /ords/DISPLAY_IMAGE?inID=2 HTTP/1.1" 200 1646
194.226.162.30 - - [20/Dec/2022:10:19:22 +0500] "GET /i/sp/aspvk/08/83/0308608835414773_lpif.jpg HTTP/1.1" 200 1959
194.226.162.30 - - [20/Dec/2022:10:19:22 +0500] "GET /i/sp/aspvk/12/95/0308612955414978_oi.jpg HTTP/1.1" 200 82818
194.226.162.30 - - [20/Dec/2022:10:19:22 +0500] "GET /i/sp/aspvk/08/83/0308608835414773_oi.jpg HTTP/1.1" 200 74035
194.226.162.30 - - [20/Dec/2022:10:19:22 +0500] "GET /i/sp/aspvk/10/50/0308610505414856_lpif.jpg HTTP/1.1" 200 36015
194.226.162.30 - - [20/Dec/2022:10:19:22 +0500] "GET /i/sp/aspvk/10/50/0308610505414856_oi.jpg HTTP/1.1" 200 80480
194.226.162.30 - - [20/Dec/2022:10:19:22 +0500] "GET /ords/r/r/files/static/v74Y/FixedHeader.js?_=1671513560278 HTTP/1.1" 200 28172
194.226.162.30 - - [20/Dec/2022:10:19:22 +0500] "GET /i/sp/aspvk/10/68/0308610685414863_lpif.jpg HTTP/1.1" 200 2187
194.226.162.30 - - [20/Dec/2022:10:19:22 +0500] "GET /i/sp/aspvk/10/68/0308610685414863_oi.jpg HTTP/1.1" 200 72828
194.226.162.30 - - [20/Dec/2022:10:19:22 +0500] "GET /i/sp/aspvk/11/03/0308611035414882_lpif.jpg HTTP/1.1" 200 37932
194.226.162.30 - - [20/Dec/2022:10:19:22 +0500] "GET /i/sp/aspvk/11/03/0308611035414882_oi.jpg HTTP/1.1" 200 87906
194.226.162.30 - - [20/Dec/2022:10:19:22 +0500] "GET /i/sp/aspvk/13/15/0308613155414982_oi.jpg HTTP/1.1" 200 98462
194.226.162.30 - - [20/Dec/2022:10:19:22 +0500] "GET /i/sp/aspvk/11/51/0308611515414906_lpif.jpg HTTP/1.1" 200 2021
194.226.162.30 - - [20/Dec/2022:10:19:22 +0500] "GET /i/sp/aspvk/11/51/0308611515414906_oi.jpg HTTP/1.1" 200 64451
194.226.162.30 - - [20/Dec/2022:10:19:23 +0500] "GET /i/sp/aspvk/13/15/0308613155414982_lpif.jpg HTTP/1.1" 200 39187
194.226.162.30 - - [20/Dec/2022:10:19:23 +0500] "GET /i/sp/aspvk/11/54/0308611545414909_lpif.jpg HTTP/1.1" 200 38330
194.226.162.30 - - [20/Dec/2022:10:19:23 +0500] "GET /i/sp/aspvk/11/54/0308611545414909_oi.jpg HTTP/1.1" 200 87547
194.226.162.30 - - [20/Dec/2022:10:19:24 +0500] "GET /i/sp/aspvk/11/68/0308611681714363_lpif.jpg HTTP/1.1" 200 1444433
194.226.162.30 - - [20/Dec/2022:10:19:25 +0500] "GET /i/sp/aspvk/11/68/0308611681714363_oi.jpg HTTP/1.1" 200 170336
194.226.162.30 - - [20/Dec/2022:10:19:25 +0500] "GET /i/sp/aspvk/11/89/0308611895414926_lpif.jpg HTTP/1.1" 200 2268
194.226.162.30 - - [20/Dec/2022:10:19:26 +0500] "GET /i/sp/aspvk/11/89/0308611895414926_oi.jpg HTTP/1.1" 200 75555
194.226.162.30 - - [20/Dec/2022:10:19:26 +0500] "GET /i/sp/aspvk/11/93/0308611931714378_lpif.jpg HTTP/1.1" 200 1445982
194.226.162.30 - - [20/Dec/2022:10:19:27 +0500] "GET /i/sp/aspvk/11/93/0308611931714378_oi.jpg HTTP/1.1" 200 167093
194.226.162.30 - - [20/Dec/2022:10:19:28 +0500] "GET /i/sp/aspvk/12/88/0308612885414976_lpif.jpg HTTP/1.1" 200 2188
194.226.162.30 - - [20/Dec/2022:10:19:28 +0500] "GET /i/sp/aspvk/12/88/0308612885414976_oi.jpg HTTP/1.1" 200 65049
194.226.162.30 - - [20/Dec/2022:10:19:28 +0500] "GET /i/sp/aspvk/12/95/0308612955414978_lpif.jpg HTTP/1.1" 200 2213
194.226.162.30 - - [20/Dec/2022:10:19:28 +0500] "GET /i/sp/aspvk/12/95/0308612955414978_oi.jpg HTTP/1.1" 200 82818
46.146.210.91 - - [20/Dec/2022:10:19:28 +0500] "GET /ords/api.HTP_ASPVK_DATA?nPVK_ID=0&vST_DT=20.12.2022%2010:09:27&vEND_DT=20.12.2022%2010:19:27 HTTP/1.1" 200 121
194.226.162.30 - - [20/Dec/2022:10:19:29 +0500] "GET /i/sp/aspvk/13/15/0308613155414982_lpif.jpg HTTP/1.1" 200 39187
194.226.162.30 - - [20/Dec/2022:10:19:29 +0500] "GET /i/sp/aspvk/13/15/0308613155414982_oi.jpg HTTP/1.1" 200 98462
194.226.162.30 - - [20/Dec/2022:10:19:29 +0500] "POST /ords/wwv_flow.accept HTTP/1.1" 302 5
194.226.162.30 - - [20/Dec/2022:10:19:30 +0500] "GET /ords/f?p=101:1:16035146788191::::: HTTP/1.1" 200 504
195.222.149.195 - - [20/Dec/2022:10:19:31 +0500] "GET /ords/api.HTP_ASPVK_DATA?nPVK_ID=0&vST_DT=20.12.2022%2008:12:17&vEND_DT=20.12.2022%2008:22:17 HTTP/1.1" 200 121
194.226.162.30 - - [20/Dec/2022:10:19:31 +0500] "GET /ords/f?p=101:1:16035146788191:::::&tz=5:00 HTTP/1.1" 200 15265
46.146.210.91 - - [20/Dec/2022:10:19:38 +0500] "GET /ords/api.HTP_ASPVK_DATA?nPVK_ID=0&vST_DT=20.12.2022%2010:09:37&vEND_DT=20.12.2022%2010:19:37 HTTP/1.1" 200 121
